Archive member included because of file (symbol)

c:/program files (x86)/gnu tools arm embedded/4.6 2012q2/bin/../lib/gcc/arm-none-eabi/4.6.2/armv7e-m/fpu\libgcc.a(_aeabi_uldivmod.o)
                              ..\obj\bsp.o (__aeabi_uldivmod)
c:/program files (x86)/gnu tools arm embedded/4.6 2012q2/bin/../lib/gcc/arm-none-eabi/4.6.2/armv7e-m/fpu\libgcc.a(bpabi.o)
                              c:/program files (x86)/gnu tools arm embedded/4.6 2012q2/bin/../lib/gcc/arm-none-eabi/4.6.2/armv7e-m/fpu\libgcc.a(_aeabi_uldivmod.o) (__gnu_uldivmod_helper)
c:/program files (x86)/gnu tools arm embedded/4.6 2012q2/bin/../lib/gcc/arm-none-eabi/4.6.2/armv7e-m/fpu\libgcc.a(unwind-arm.o)
                              c:/program files (x86)/gnu tools arm embedded/4.6 2012q2/bin/../lib/gcc/arm-none-eabi/4.6.2/armv7e-m/fpu\libgcc.a(bpabi.o) (__aeabi_unwind_cpp_pr0)
c:/program files (x86)/gnu tools arm embedded/4.6 2012q2/bin/../lib/gcc/arm-none-eabi/4.6.2/armv7e-m/fpu\libgcc.a(libunwind.o)
                              c:/program files (x86)/gnu tools arm embedded/4.6 2012q2/bin/../lib/gcc/arm-none-eabi/4.6.2/armv7e-m/fpu\libgcc.a(unwind-arm.o) (restore_core_regs)
c:/program files (x86)/gnu tools arm embedded/4.6 2012q2/bin/../lib/gcc/arm-none-eabi/4.6.2/armv7e-m/fpu\libgcc.a(pr-support.o)
                              c:/program files (x86)/gnu tools arm embedded/4.6 2012q2/bin/../lib/gcc/arm-none-eabi/4.6.2/armv7e-m/fpu\libgcc.a(unwind-arm.o) (__gnu_unwind_execute)
c:/program files (x86)/gnu tools arm embedded/4.6 2012q2/bin/../lib/gcc/arm-none-eabi/4.6.2/armv7e-m/fpu\libgcc.a(_dvmd_tls.o)
                              c:/program files (x86)/gnu tools arm embedded/4.6 2012q2/bin/../lib/gcc/arm-none-eabi/4.6.2/armv7e-m/fpu\libgcc.a(_aeabi_uldivmod.o) (__aeabi_ldiv0)
c:/program files (x86)/gnu tools arm embedded/4.6 2012q2/bin/../lib/gcc/arm-none-eabi/4.6.2/armv7e-m/fpu\libgcc.a(_divdi3.o)
                              c:/program files (x86)/gnu tools arm embedded/4.6 2012q2/bin/../lib/gcc/arm-none-eabi/4.6.2/armv7e-m/fpu\libgcc.a(bpabi.o) (__divdi3)
c:/program files (x86)/gnu tools arm embedded/4.6 2012q2/bin/../lib/gcc/arm-none-eabi/4.6.2/armv7e-m/fpu\libgcc.a(_udivdi3.o)
                              c:/program files (x86)/gnu tools arm embedded/4.6 2012q2/bin/../lib/gcc/arm-none-eabi/4.6.2/armv7e-m/fpu\libgcc.a(bpabi.o) (__udivdi3)
C:\Program Files (x86)\GNU Tools ARM Embedded\4.6 2012q2\arm-none-eabi\lib\armv7e-m\fpu\libg.a(lib_a-atexit.o)
                              c:/program files (x86)/gnu tools arm embedded/4.6 2012q2/bin/../lib/gcc/arm-none-eabi/4.6.2/../../../../arm-none-eabi/lib/armv7e-m/fpu/crt0.o (atexit)
C:\Program Files (x86)\GNU Tools ARM Embedded\4.6 2012q2\arm-none-eabi\lib\armv7e-m\fpu\libg.a(lib_a-exit.o)
                              c:/program files (x86)/gnu tools arm embedded/4.6 2012q2/bin/../lib/gcc/arm-none-eabi/4.6.2/../../../../arm-none-eabi/lib/armv7e-m/fpu/crt0.o (exit)
C:\Program Files (x86)\GNU Tools ARM Embedded\4.6 2012q2\arm-none-eabi\lib\armv7e-m\fpu\libg.a(lib_a-fini.o)
                              c:/program files (x86)/gnu tools arm embedded/4.6 2012q2/bin/../lib/gcc/arm-none-eabi/4.6.2/../../../../arm-none-eabi/lib/armv7e-m/fpu/crt0.o (__libc_fini_array)
C:\Program Files (x86)\GNU Tools ARM Embedded\4.6 2012q2\arm-none-eabi\lib\armv7e-m\fpu\libg.a(lib_a-impure.o)
                              C:\Program Files (x86)\GNU Tools ARM Embedded\4.6 2012q2\arm-none-eabi\lib\armv7e-m\fpu\libg.a(lib_a-exit.o) (_global_impure_ptr)
C:\Program Files (x86)\GNU Tools ARM Embedded\4.6 2012q2\arm-none-eabi\lib\armv7e-m\fpu\libg.a(lib_a-init.o)
                              c:/program files (x86)/gnu tools arm embedded/4.6 2012q2/bin/../lib/gcc/arm-none-eabi/4.6.2/../../../../arm-none-eabi/lib/armv7e-m/fpu/crt0.o (__libc_init_array)
C:\Program Files (x86)\GNU Tools ARM Embedded\4.6 2012q2\arm-none-eabi\lib\armv7e-m\fpu\libg.a(lib_a-memcpy.o)
                              c:/program files (x86)/gnu tools arm embedded/4.6 2012q2/bin/../lib/gcc/arm-none-eabi/4.6.2/armv7e-m/fpu\libgcc.a(unwind-arm.o) (memcpy)
C:\Program Files (x86)\GNU Tools ARM Embedded\4.6 2012q2\arm-none-eabi\lib\armv7e-m\fpu\libg.a(lib_a-memset.o)
                              c:/program files (x86)/gnu tools arm embedded/4.6 2012q2/bin/../lib/gcc/arm-none-eabi/4.6.2/../../../../arm-none-eabi/lib/armv7e-m/fpu/crt0.o (memset)
C:\Program Files (x86)\GNU Tools ARM Embedded\4.6 2012q2\arm-none-eabi\lib\armv7e-m\fpu\libg.a(lib_a-__atexit.o)
                              C:\Program Files (x86)\GNU Tools ARM Embedded\4.6 2012q2\arm-none-eabi\lib\armv7e-m\fpu\libg.a(lib_a-atexit.o) (__register_exitproc)
C:\Program Files (x86)\GNU Tools ARM Embedded\4.6 2012q2\arm-none-eabi\lib\armv7e-m\fpu\libg.a(lib_a-__call_atexit.o)
                              C:\Program Files (x86)\GNU Tools ARM Embedded\4.6 2012q2\arm-none-eabi\lib\armv7e-m\fpu\libg.a(lib_a-exit.o) (__call_exitprocs)

Allocating common symbols
[...]
Memory Configuration

Name             Origin             Length             Attributes
rom              0x08000000         0x00100000         xr
ram              0x20000000         0x00020000         xrw
ram1             0x10000000         0x00010000         xrw
*default*        0x00000000         0xffffffff

Linker script and memory map

LOAD c:/program files (x86)/gnu tools arm embedded/4.6 2012q2/bin/../lib/gcc/arm-none-eabi/4.6.2/armv7e-m/fpu/crti.o
LOAD c:/program files (x86)/gnu tools arm embedded/4.6 2012q2/bin/../lib/gcc/arm-none-eabi/4.6.2/armv7e-m/fpu/crtbegin.o
LOAD c:/program files (x86)/gnu tools arm embedded/4.6 2012q2/bin/../lib/gcc/arm-none-eabi/4.6.2/../../../../arm-none-eabi/lib/armv7e-m/fpu/crt0.o
                0x20020000                _eram = 0x20020000

.text           0x08000000     0x4d2c
 *(.isr_vector .isr_vector.*)
 .isr_vector    0x08000000      0x188 ..\obj\cstartup.o
                0x08000000                g_pfnVectors
 *(.text .text.* .gnu.linkonce.t.*)
 .text          0x08000188       0x34 ..\obj\cpu_a.o
                0x08000188                CPU_IntDis
                0x0800018c                CPU_IntEn
                0x08000190                CPU_SR_Save
                0x08000198                CPU_SR_Restore
                0x0800019e                CPU_WaitForInt
                0x080001a2                CPU_WaitForExcept
                0x080001a6                CPU_CntLeadZeros
                0x080001ac                CPU_CntTrailZeros
                0x080001b6                CPU_RevBits
 .text.OSTimeDly
                0x080001bc      0x100 ..\obj\os_time.o
                0x080001bc                OSTimeDly
 .text.OSTimeTick
                0x080002bc       0x78 ..\obj\os_time.o
                0x080002bc                OSTimeTick
 .text          0x08000334       0x98 ..\obj\os_cpu_a.o
                0x08000334                OSStartHighRdy
                0x08000352                OSCtxSw
                0x0800035a                OSIntCtxSw
                0x08000362                OS_CPU_PendSVHandler
 .text.BSP_IntDisAll
                0x080003cc        0xc ..\obj\bsp_int.o
                0x080003cc                BSP_IntDisAll
 .text.BSP_IntHandlerWWDG
                0x080003d8       0x10 ..\obj\bsp_int.o
                0x080003d8                BSP_IntHandlerWWDG
 .text.BSP_IntHandlerPVD
                0x080003e8       0x10 ..\obj\bsp_int.o
                0x080003e8                BSP_IntHandlerPVD
 .text.BSP_IntHandlerTAMP_STAMP
                0x080003f8       0x10 ..\obj\bsp_int.o
                0x080003f8                BSP_IntHandlerTAMP_STAMP
 .text.BSP_IntHandlerRTC_WKUP
                0x08000408       0x10 ..\obj\bsp_int.o
                0x08000408                BSP_IntHandlerRTC_WKUP
 .text.BSP_IntHandlerFLASH
                0x08000418       0x10 ..\obj\bsp_int.o
                0x08000418                BSP_IntHandlerFLASH
 .text.BSP_IntHandlerRCC
                0x08000428       0x10 ..\obj\bsp_int.o
                0x08000428                BSP_IntHandlerRCC
 .text.BSP_IntHandlerEXTI0
                0x08000438       0x10 ..\obj\bsp_int.o
                0x08000438                BSP_IntHandlerEXTI0
 .text.BSP_IntHandlerEXTI1
                0x08000448       0x10 ..\obj\bsp_int.o
                0x08000448                BSP_IntHandlerEXTI1
 .text.BSP_IntHandlerEXTI2
                0x08000458       0x10 ..\obj\bsp_int.o
                0x08000458                BSP_IntHandlerEXTI2
 .text.BSP_IntHandlerEXTI3
                0x08000468       0x10 ..\obj\bsp_int.o
                0x08000468                BSP_IntHandlerEXTI3
 .text.BSP_IntHandlerEXTI4
                0x08000478       0x10 ..\obj\bsp_int.o
                0x08000478                BSP_IntHandlerEXTI4
 .text.BSP_IntHandlerDMA1_CH0
                0x08000488       0x10 ..\obj\bsp_int.o
                0x08000488                BSP_IntHandlerDMA1_CH0
 .text.BSP_IntHandlerDMA1_CH1
                0x08000498       0x10 ..\obj\bsp_int.o
                0x08000498                BSP_IntHandlerDMA1_CH1
 .text.BSP_IntHandlerDMA1_CH2
                0x080004a8       0x10 ..\obj\bsp_int.o
                0x080004a8                BSP_IntHandlerDMA1_CH2
 .text.BSP_IntHandlerDMA1_CH3
                0x080004b8       0x10 ..\obj\bsp_int.o
                0x080004b8                BSP_IntHandlerDMA1_CH3
 .text.BSP_IntHandlerDMA1_CH4
                0x080004c8       0x10 ..\obj\bsp_int.o
                0x080004c8                BSP_IntHandlerDMA1_CH4
 .text.BSP_IntHandlerDMA1_CH5
                0x080004d8       0x10 ..\obj\bsp_int.o
                0x080004d8                BSP_IntHandlerDMA1_CH5
 .text.BSP_IntHandlerDMA1_CH6
                0x080004e8       0x10 ..\obj\bsp_int.o
                0x080004e8                BSP_IntHandlerDMA1_CH6
 .text.BSP_IntHandlerADC
                0x080004f8       0x10 ..\obj\bsp_int.o
                0x080004f8                BSP_IntHandlerADC
 .text.BSP_IntHandlerCAN1_TX
                0x08000508       0x10 ..\obj\bsp_int.o
                0x08000508                BSP_IntHandlerCAN1_TX
 .text.BSP_IntHandlerCAN1_RX0
                0x08000518       0x10 ..\obj\bsp_int.o
                0x08000518                BSP_IntHandlerCAN1_RX0
 .text.BSP_IntHandlerCAN1_RX1
                0x08000528       0x10 ..\obj\bsp_int.o
                0x08000528                BSP_IntHandlerCAN1_RX1
 .text.BSP_IntHandlerCAN1_SCE
                0x08000538       0x10 ..\obj\bsp_int.o
                0x08000538                BSP_IntHandlerCAN1_SCE
 .text.BSP_IntHandlerEXTI9_5
                0x08000548       0x10 ..\obj\bsp_int.o
                0x08000548                BSP_IntHandlerEXTI9_5
 .text.BSP_IntHandlerTIM1_BRK_TIM9
                0x08000558       0x10 ..\obj\bsp_int.o
                0x08000558                BSP_IntHandlerTIM1_BRK_TIM9
 .text.BSP_IntHandlerTIM1_UP_TIM10
                0x08000568       0x10 ..\obj\bsp_int.o
                0x08000568                BSP_IntHandlerTIM1_UP_TIM10
 .text.BSP_IntHandlerTIM1_TRG_COM_TIM11
                0x08000578       0x10 ..\obj\bsp_int.o
                0x08000578                BSP_IntHandlerTIM1_TRG_COM_TIM11
 .text.BSP_IntHandlerTIM1_CC
                0x08000588       0x10 ..\obj\bsp_int.o
                0x08000588                BSP_IntHandlerTIM1_CC
 .text.BSP_IntHandlerTIM2
                0x08000598       0x10 ..\obj\bsp_int.o
                0x08000598                BSP_IntHandlerTIM2
 .text.BSP_IntHandlerTIM3
                0x080005a8       0x10 ..\obj\bsp_int.o
                0x080005a8                BSP_IntHandlerTIM3
 .text.BSP_IntHandlerTIM4
                0x080005b8       0x10 ..\obj\bsp_int.o
                0x080005b8                BSP_IntHandlerTIM4
 .text.BSP_IntHandlerI2C1_EV
                0x080005c8       0x10 ..\obj\bsp_int.o
                0x080005c8                BSP_IntHandlerI2C1_EV
 .text.BSP_IntHandlerI2C1_ER
                0x080005d8       0x10 ..\obj\bsp_int.o
                0x080005d8                BSP_IntHandlerI2C1_ER
 .text.BSP_IntHandlerI2C2_EV
                0x080005e8       0x10 ..\obj\bsp_int.o
                0x080005e8                BSP_IntHandlerI2C2_EV
 .text.BSP_IntHandlerI2C2_ER
                0x080005f8       0x10 ..\obj\bsp_int.o
                0x080005f8                BSP_IntHandlerI2C2_ER
 .text.BSP_IntHandlerSPI1
                0x08000608       0x10 ..\obj\bsp_int.o
                0x08000608                BSP_IntHandlerSPI1
 .text.BSP_IntHandlerSPI2
                0x08000618       0x10 ..\obj\bsp_int.o
                0x08000618                BSP_IntHandlerSPI2
 .text.BSP_IntHandlerUSART1
                0x08000628       0x10 ..\obj\bsp_int.o
                0x08000628                BSP_IntHandlerUSART1
 .text.BSP_IntHandlerUSART2
                0x08000638       0x10 ..\obj\bsp_int.o
                0x08000638                BSP_IntHandlerUSART2
 .text.BSP_IntHandlerUSART3
                0x08000648       0x10 ..\obj\bsp_int.o
                0x08000648                BSP_IntHandlerUSART3
 .text.BSP_IntHandlerEXTI15_10
                0x08000658       0x10 ..\obj\bsp_int.o
                0x08000658                BSP_IntHandlerEXTI15_10
 .text.BSP_IntHandlerRTCAlarm
                0x08000668       0x10 ..\obj\bsp_int.o
                0x08000668                BSP_IntHandlerRTCAlarm
 .text.BSP_IntHandlerOTG_FS_WKUP
                0x08000678       0x10 ..\obj\bsp_int.o
                0x08000678                BSP_IntHandlerOTG_FS_WKUP
 .text.BSP_IntHandlerTIM8_BRK_TIM12
                0x08000688       0x10 ..\obj\bsp_int.o
                0x08000688                BSP_IntHandlerTIM8_BRK_TIM12
 .text.BSP_IntHandlerTIM8_UP_TIM13
                0x08000698       0x10 ..\obj\bsp_int.o
                0x08000698                BSP_IntHandlerTIM8_UP_TIM13
 .text.BSP_IntHandlerTIM8_TRG_COM_TIM14
                0x080006a8       0x10 ..\obj\bsp_int.o
                0x080006a8                BSP_IntHandlerTIM8_TRG_COM_TIM14
 .text.BSP_IntHandlerTIM8_CC
                0x080006b8       0x10 ..\obj\bsp_int.o
                0x080006b8                BSP_IntHandlerTIM8_CC
 .text.BSP_IntHandlerDMA1_STREAM7
                0x080006c8       0x10 ..\obj\bsp_int.o
                0x080006c8                BSP_IntHandlerDMA1_STREAM7
 .text.BSP_IntHandlerFSMC
                0x080006d8       0x10 ..\obj\bsp_int.o
                0x080006d8                BSP_IntHandlerFSMC
 .text.BSP_IntHandlerSDIO
                0x080006e8       0x10 ..\obj\bsp_int.o
                0x080006e8                BSP_IntHandlerSDIO
 .text.BSP_IntHandlerTIM5
                0x080006f8       0x10 ..\obj\bsp_int.o
                0x080006f8                BSP_IntHandlerTIM5
 .text.BSP_IntHandlerSPI3
                0x08000708       0x10 ..\obj\bsp_int.o
                0x08000708                BSP_IntHandlerSPI3
 .text.BSP_IntHandlerUSART4
                0x08000718       0x10 ..\obj\bsp_int.o
                0x08000718                BSP_IntHandlerUSART4
 .text.BSP_IntHandlerUSART5
                0x08000728       0x10 ..\obj\bsp_int.o
                0x08000728                BSP_IntHandlerUSART5
 .text.BSP_IntHandlerTIM6_DAC
                0x08000738       0x10 ..\obj\bsp_int.o
                0x08000738                BSP_IntHandlerTIM6_DAC
 .text.BSP_IntHandlerTIM7
                0x08000748       0x10 ..\obj\bsp_int.o
                0x08000748                BSP_IntHandlerTIM7
 .text.BSP_IntHandlerDMA2_CH0
                0x08000758       0x10 ..\obj\bsp_int.o
                0x08000758                BSP_IntHandlerDMA2_CH0
 .text.BSP_IntHandlerDMA2_CH1
                0x08000768       0x10 ..\obj\bsp_int.o
                0x08000768                BSP_IntHandlerDMA2_CH1
 .text.BSP_IntHandlerDMA2_CH2
                0x08000778       0x10 ..\obj\bsp_int.o
                0x08000778                BSP_IntHandlerDMA2_CH2
 .text.BSP_IntHandlerDMA2_CH3
                0x08000788       0x10 ..\obj\bsp_int.o
                0x08000788                BSP_IntHandlerDMA2_CH3
 .text.BSP_IntHandlerDMA2_CH4
                0x08000798       0x10 ..\obj\bsp_int.o
                0x08000798                BSP_IntHandlerDMA2_CH4
 .text.BSP_IntHandlerETH
                0x080007a8       0x10 ..\obj\bsp_int.o
                0x080007a8                BSP_IntHandlerETH
 .text.BSP_IntHandlerETHWakeup
                0x080007b8       0x10 ..\obj\bsp_int.o
                0x080007b8                BSP_IntHandlerETHWakeup
 .text.BSP_IntHandlerCAN2_TX
                0x080007c8       0x10 ..\obj\bsp_int.o
                0x080007c8                BSP_IntHandlerCAN2_TX
 .text.BSP_IntHandlerCAN2_RX0
                0x080007d8       0x10 ..\obj\bsp_int.o
                0x080007d8                BSP_IntHandlerCAN2_RX0
 .text.BSP_IntHandlerCAN2_RX1
                0x080007e8       0x10 ..\obj\bsp_int.o
                0x080007e8                BSP_IntHandlerCAN2_RX1
 .text.BSP_IntHandlerCAN2_SCE
                0x080007f8       0x10 ..\obj\bsp_int.o
                0x080007f8                BSP_IntHandlerCAN2_SCE
 .text.BSP_IntHandlerOTG_FS
                0x08000808       0x10 ..\obj\bsp_int.o
                0x08000808                BSP_IntHandlerOTG_FS
 .text.BSP_IntHandlerDMA2_CH5
                0x08000818       0x10 ..\obj\bsp_int.o
                0x08000818                BSP_IntHandlerDMA2_CH5
 .text.BSP_IntHandlerDMA2_CH6
                0x08000828       0x10 ..\obj\bsp_int.o
                0x08000828                BSP_IntHandlerDMA2_CH6
 .text.BSP_IntHandlerDMA2_CH7
                0x08000838       0x10 ..\obj\bsp_int.o
                0x08000838                BSP_IntHandlerDMA2_CH7
 .text.BSP_IntHandlerUSART6
                0x08000848       0x10 ..\obj\bsp_int.o
                0x08000848                BSP_IntHandlerUSART6
 .text.BSP_IntHandlerI2C3_EV
                0x08000858       0x10 ..\obj\bsp_int.o
                0x08000858                BSP_IntHandlerI2C3_EV
 .text.BSP_IntHandlerI2C3_ER
                0x08000868       0x10 ..\obj\bsp_int.o
                0x08000868                BSP_IntHandlerI2C3_ER
 .text.BSP_IntHandlerOTG_HS_EP1_OUT
                0x08000878       0x10 ..\obj\bsp_int.o
                0x08000878                BSP_IntHandlerOTG_HS_EP1_OUT
 .text.BSP_IntHandlerOTG_HS_EP1_IN
                0x08000888       0x10 ..\obj\bsp_int.o
                0x08000888                BSP_IntHandlerOTG_HS_EP1_IN
 .text.BSP_IntHandlerOTG_HS_WKUP
                0x08000898       0x10 ..\obj\bsp_int.o
                0x08000898                BSP_IntHandlerOTG_HS_WKUP
 .text.BSP_IntHandlerOTG_HS
                0x080008a8       0x10 ..\obj\bsp_int.o
                0x080008a8                BSP_IntHandlerOTG_HS
 .text.BSP_IntHandlerDCMI
                0x080008b8       0x10 ..\obj\bsp_int.o
                0x080008b8                BSP_IntHandlerDCMI
 .text.BSP_IntHandlerCRYP
                0x080008c8       0x10 ..\obj\bsp_int.o
                0x080008c8                BSP_IntHandlerCRYP
 .text.BSP_IntHandlerHASH_RNG
                0x080008d8       0x10 ..\obj\bsp_int.o
                0x080008d8                BSP_IntHandlerHASH_RNG
 .text.BSP_IntHandlerFPU
                0x080008e8       0x10 ..\obj\bsp_int.o
                0x080008e8                BSP_IntHandlerFPU
 .text.BSP_IntHandler
                0x080008f8       0x4c ..\obj\bsp_int.o
 .text.OSIdleTaskHook
                0x08000944       0x20 ..\obj\os_cpu_c.o
                0x08000944                OSIdleTaskHook
 .text.OSInitHook
                0x08000964       0x48 ..\obj\os_cpu_c.o
                0x08000964                OSInitHook
 .text.OSStatTaskHook
                0x080009ac       0x20 ..\obj\os_cpu_c.o
                0x080009ac                OSStatTaskHook
 .text.OSTaskCreateHook
                0x080009cc       0x2c ..\obj\os_cpu_c.o
                0x080009cc                OSTaskCreateHook
 .text.OSTaskDelHook
                0x080009f8       0x2c ..\obj\os_cpu_c.o
                0x080009f8                OSTaskDelHook
 .text.OSTaskReturnHook
                0x08000a24       0x2c ..\obj\os_cpu_c.o
                0x08000a24                OSTaskReturnHook
 .text.OSTaskStkInit
                0x08000a50      0x130 ..\obj\os_cpu_c.o
                0x08000a50                OSTaskStkInit
 .text.OSTaskSwHook
                0x08000b80       0xa4 ..\obj\os_cpu_c.o
                0x08000b80                OSTaskSwHook
 .text.OSTimeTickHook
                0x08000c24       0x20 ..\obj\os_cpu_c.o
                0x08000c24                OSTimeTickHook
 .text.OS_CPU_SysTickHandler
                0x08000c44       0x44 ..\obj\os_cpu_c.o
                0x08000c44                OS_CPU_SysTickHandler
 .text.OS_FlagInit
                0x08000c88       0x38 ..\obj\os_flag.o
                0x08000c88                OS_FlagInit
 .text.OS_TickTask
                0x08000cc0       0x3c ..\obj\os_tick.o
                0x08000cc0                OS_TickTask
 .text.OS_TickTaskInit
                0x08000cfc       0xf0 ..\obj\os_tick.o
                0x08000cfc                OS_TickTaskInit
 .text.OS_TickListInit
                0x08000dec       0x5c ..\obj\os_tick.o
                0x08000dec                OS_TickListInit
 .text.OS_TickListInsert
                0x08000e48      0x23c ..\obj\os_tick.o
                0x08000e48                OS_TickListInsert
 .text.OS_TickListRemove
                0x08001084       0x98 ..\obj\os_tick.o
                0x08001084                OS_TickListRemove
 .text.OS_TickListResetPeak
                0x0800111c       0x4c ..\obj\os_tick.o
                0x0800111c                OS_TickListResetPeak
 .text.OS_TickListUpdate
                0x08001168      0x26c ..\obj\os_tick.o
                0x08001168                OS_TickListUpdate
 .text.OS_MsgPoolInit
                0x080013d4      0x124 ..\obj\os_msg.o
                0x080013d4                OS_MsgPoolInit
 .text.OS_MsgQFreeAll
                0x080014f8       0xa0 ..\obj\os_msg.o
                0x080014f8                OS_MsgQFreeAll
 .text.OS_MsgQInit
                0x08001598       0x3c ..\obj\os_msg.o
                0x08001598                OS_MsgQInit
 .text.main     0x080015d4       0xdc ..\obj\main.o
                0x080015d4                main
 .text.InitGPIO
                0x080016b0       0x48 ..\obj\main.o
 .text.RCC_AHB1PeriphClockCmd
                0x080016f8       0x98 ..\obj\stm32f4xx_rcc.o
                0x080016f8                RCC_AHB1PeriphClockCmd
 .text.OS_Dbg_Init
                0x08001790      0x2cc ..\obj\os_dbg.o
                0x08001790                OS_Dbg_Init
 .text.OS_SemInit
                0x08001a5c       0x38 ..\obj\os_sem.o
                0x08001a5c                OS_SemInit
 .text.OS_PrioInit
                0x08001a94       0x38 ..\obj\os_prio.o
                0x08001a94                OS_PrioInit
 .text.OS_PrioGetHighest
                0x08001acc       0x50 ..\obj\os_prio.o
                0x08001acc                OS_PrioGetHighest
 .text.OS_PrioInsert
                0x08001b1c       0x58 ..\obj\os_prio.o
                0x08001b1c                OS_PrioInsert
 .text.OS_PrioRemove
                0x08001b74       0x5c ..\obj\os_prio.o
                0x08001b74                OS_PrioRemove
 .text.OSInit   0x08001bd0      0x218 ..\obj\os_core.o
                0x08001bd0                OSInit
 .text.OSIntEnter
                0x08001de8       0x48 ..\obj\os_core.o
                0x08001de8                OSIntEnter
 .text.OSIntExit
                0x08001e30      0x124 ..\obj\os_core.o
                0x08001e30                OSIntExit
 .text.OSSched  0x08001f54       0xd8 ..\obj\os_core.o
                0x08001f54                OSSched
 .text.OSSchedLock
                0x0800202c       0x90 ..\obj\os_core.o
                0x0800202c                OSSchedLock
 .text.OSSchedUnlock
                0x080020bc       0xb0 ..\obj\os_core.o
                0x080020bc                OSSchedUnlock
 .text.OSStart  0x0800216c       0xac ..\obj\os_core.o
                0x0800216c                OSStart
 .text.OS_IdleTask
                0x08002218       0x54 ..\obj\os_core.o
                0x08002218                OS_IdleTask
 .text.OS_IdleTaskInit
                0x0800226c       0x84 ..\obj\os_core.o
                0x0800226c                OS_IdleTaskInit
 .text.OS_Pend  0x080022f0       0xb4 ..\obj\os_core.o
                0x080022f0                OS_Pend
 .text.OS_PendDataInit
                0x080023a4       0x7c ..\obj\os_core.o
                0x080023a4                OS_PendDataInit
 .text.OS_PendDbgNameAdd
                0x08002420       0x84 ..\obj\os_core.o
                0x08002420                OS_PendDbgNameAdd
 .text.OS_PendDbgNameRemove
                0x080024a4       0x54 ..\obj\os_core.o
                0x080024a4                OS_PendDbgNameRemove
 .text.OS_PendListInsertPrio
                0x080024f8       0xf4 ..\obj\os_core.o
                0x080024f8                OS_PendListInsertPrio
 .text.OS_PendListRemove
                0x080025ec       0x5c ..\obj\os_core.o
                0x080025ec                OS_PendListRemove
 .text.OS_PendListRemove1
                0x08002648       0xa0 ..\obj\os_core.o
                0x08002648                OS_PendListRemove1
 .text.OS_Post  0x080026e8      0x11c ..\obj\os_core.o
                0x080026e8                OS_Post
 .text.OS_Post1
                0x08002804       0x60 ..\obj\os_core.o
                0x08002804                OS_Post1
 .text.OS_RdyListInit
                0x08002864       0x5c ..\obj\os_core.o
                0x08002864                OS_RdyListInit
 .text.OS_RdyListInsert
                0x080028c0       0x40 ..\obj\os_core.o
                0x080028c0                OS_RdyListInsert
 .text.OS_RdyListInsertHead
                0x08002900       0x94 ..\obj\os_core.o
                0x08002900                OS_RdyListInsertHead
 .text.OS_RdyListInsertTail
                0x08002994       0x90 ..\obj\os_core.o
                0x08002994                OS_RdyListInsertTail
 .text.OS_RdyListRemove
                0x08002a24       0xc8 ..\obj\os_core.o
                0x08002a24                OS_RdyListRemove
 .text.OS_TaskBlock
                0x08002aec       0x58 ..\obj\os_core.o
                0x08002aec                OS_TaskBlock
 .text.OS_TaskRdy
                0x08002b44       0x2c ..\obj\os_core.o
                0x08002b44                OS_TaskRdy
 .text.OSStatReset
                0x08002b70      0x158 ..\obj\os_stat.o
                0x08002b70                OSStatReset
 .text.OS_StatTask
                0x08002cc8      0x404 ..\obj\os_stat.o
                0x08002cc8                OS_StatTask
 .text.OS_StatTaskInit
                0x080030cc      0x114 ..\obj\os_stat.o
                0x080030cc                OS_StatTaskInit
 .text.OS_MemInit
                0x080031e0       0x38 ..\obj\os_mem.o
                0x080031e0                OS_MemInit
 .text.GPIO_Init
                0x08003218      0x2c0 ..\obj\stm32f4xx_gpio.o
                0x08003218                GPIO_Init
 .text.SystemInit
                0x080034d8       0xb0 ..\obj\system_stm32f4xx.o
                0x080034d8                SystemInit
 .text.SetSysClock
                0x08003588      0x1e0 ..\obj\system_stm32f4xx.o
 .text.OSCfg_Init
                0x08003768        0xc ..\obj\os_cfg_app.o
                0x08003768                OSCfg_Init
 .text.OS_QInit
                0x08003774       0x38 ..\obj\os_q.o
                0x08003774                OS_QInit
 .text.OSTaskCreate
                0x080037ac      0x22c ..\obj\os_task.o
                0x080037ac                OSTaskCreate
 .text.OSTaskDel
                0x080039d8      0x150 ..\obj\os_task.o
                0x080039d8                OSTaskDel
 .text.OSTaskSemPend
                0x08003b28      0x278 ..\obj\os_task.o
                0x08003b28                OSTaskSemPend
 .text.OSTaskSemPost
                0x08003da0       0x50 ..\obj\os_task.o
                0x08003da0                OSTaskSemPost
 .text.OSTaskStkChk
                0x08003df0      0x108 ..\obj\os_task.o
                0x08003df0                OSTaskStkChk
 .text.OS_TaskDbgListAdd
                0x08003ef8       0x64 ..\obj\os_task.o
                0x08003ef8                OS_TaskDbgListAdd
 .text.OS_TaskDbgListRemove
                0x08003f5c       0x90 ..\obj\os_task.o
                0x08003f5c                OS_TaskDbgListRemove
 .text.OS_TaskInit
                0x08003fec       0x44 ..\obj\os_task.o
                0x08003fec                OS_TaskInit
 .text.OS_TaskInitTCB
                0x08004030      0x204 ..\obj\os_task.o
                0x08004030                OS_TaskInitTCB
 .text.OS_TaskReturn
                0x08004234       0x2c ..\obj\os_task.o
                0x08004234                OS_TaskReturn
 .text.OS_TaskSemPost
                0x08004260      0x134 ..\obj\os_task.o
                0x08004260                OS_TaskSemPost
 .text.Reset_Handler
                0x08004394       0x48 ..\obj\cstartup.o
                0x08004394                Reset_Handler
 .text.App_NMI_ISR
                0x080043dc        0x2 ..\obj\cstartup.o
 .text.App_Fault_ISR
                0x080043de        0x2 ..\obj\cstartup.o
 .text.App_MemFault_ISR
                0x080043e0        0x2 ..\obj\cstartup.o
 .text.App_BusFault_ISR
                0x080043e2        0x2 ..\obj\cstartup.o
 .text.App_UsageFault_ISR
                0x080043e4        0x2 ..\obj\cstartup.o
 .text.App_Spurious_ISR
                0x080043e6        0x2 ..\obj\cstartup.o
 .text.OS_MutexInit
                0x080043e8       0x38 ..\obj\os_mutex.o
                0x080043e8                OS_MutexInit
 .text.CPU_TS_TmrRd
                0x08004420       0x20 ..\obj\bsp.o
                0x08004420                CPU_TS_TmrRd
 .text.OS_TmrInit
                0x08004440      0x1ac ..\obj\os_tmr.o
                0x08004440                OS_TmrInit
 .text.OS_TmrLink
                0x080045ec      0x19c ..\obj\os_tmr.o
                0x080045ec                OS_TmrLink
 .text.OS_TmrResetPeak
                0x08004788       0x4c ..\obj\os_tmr.o
                0x08004788                OS_TmrResetPeak
 .text.OS_TmrUnlink
                0x080047d4       0xac ..\obj\os_tmr.o
                0x080047d4                OS_TmrUnlink
 .text.OS_TmrTask
                0x08004880      0x13c ..\obj\os_tmr.o
                0x08004880                OS_TmrTask
 .text.__libc_init_array
                0x080049bc       0x48 C:\Program Files (x86)\GNU Tools ARM Embedded\4.6 2012q2\arm-none-eabi\lib\armv7e-m\fpu\libg.a(lib_a-init.o)
                0x080049bc                __libc_init_array
 *(.glue_7t)
 .glue_7t       0x00000000        0x0 linker stubs
 *(.glue_7)
 .glue_7        0x00000000        0x0 linker stubs
 *(.rodata .rodata* .gnu.linkonce.r.*)
 .rodata        0x08004a04       0x14 ..\obj\os_tick.o
 .rodata        0x08004a18        0xc ..\obj\main.o
 .rodata        0x08004a24       0x44 ..\obj\stm32f4xx_rcc.o
 .rodata        0x08004a68      0x16c ..\obj\os_dbg.o
                0x08004a68                OSDbg_DbgEn
                0x08004a69                OSDbg_ArgChkEn
                0x08004a6a                OSDbg_AppHooksEn
                0x08004a6c                OSDbg_EndiannessTest
                0x08004a70                OSDbg_CalledFromISRChkEn
                0x08004a71                OSDbg_FlagEn
                0x08004a74                OSDbg_FlagGrp
                0x08004a9c                OSDbg_FlagDelEn
                0x08004a9d                OSDbg_FlagModeClrEn
                0x08004a9e                OSDbg_FlagPendAbortEn
                0x08004aa0                OSDbg_FlagGrpSize
                0x08004aa2                OSDbg_FlagWidth
                0x08004aa4                OSDbg_IntQ
                0x08004aa6                OSDbg_ISRPostDeferredEn
                0x08004aa8                OSDbg_Mem
                0x08004ac8                OSDbg_MemEn
                0x08004aca                OSDbg_MemSize
                0x08004acc                OSDbg_MsgEn
                0x08004ace                OSDbg_MsgSize
                0x08004ad0                OSDbg_MsgPoolSize
                0x08004ad2                OSDbg_MsgQSize
                0x08004ad4                OSDbg_Mutex
                0x08004b00                OSDbg_MutexEn
                0x08004b01                OSDbg_MutexDelEn
                0x08004b02                OSDbg_MutexPendAbortEn
                0x08004b04                OSDbg_MutexSize
                0x08004b06                OSDbg_ObjTypeChkEn
                0x08004b07                OSDbg_PendMultiEn
                0x08004b08                OSDbg_PendDataSize
                0x08004b0a                OSDbg_PendListSize
                0x08004b0c                OSDbg_PendObjSize
                0x08004b0e                OSDbg_PrioMax
                0x08004b10                OSDbg_PrioTblSize
                0x08004b12                OSDbg_PtrSize
                0x08004b14                OSDbg_Q
                0x08004b44                OSDbg_QEn
                0x08004b45                OSDbg_QDelEn
                0x08004b46                OSDbg_QFlushEn
                0x08004b47                OSDbg_QPendAbortEn
                0x08004b48                OSDbg_QSize
                0x08004b4a                OSDbg_SchedRoundRobinEn
                0x08004b4c                OSDbg_Sem
                0x08004b74                OSDbg_SemEn
                0x08004b75                OSDbg_SemDelEn
                0x08004b76                OSDbg_SemPendAbortEn
                0x08004b77                OSDbg_SemSetEn
                0x08004b78                OSDbg_SemSize
                0x08004b7a                OSDbg_RdyList
                0x08004b7c                OSDbg_RdyListSize
                0x08004b80                OSDbg_StkWidth
                0x08004b81                OSDbg_StatTaskEn
                0x08004b82                OSDbg_StatTaskStkChkEn
                0x08004b83                OSDbg_TaskChangePrioEn
                0x08004b84                OSDbg_TaskDelEn
                0x08004b85                OSDbg_TaskQEn
                0x08004b86                OSDbg_TaskQPendAbortEn
                0x08004b87                OSDbg_TaskProfileEn
                0x08004b88                OSDbg_TaskRegTblSize
                0x08004b8a                OSDbg_TaskSemPendAbortEn
                0x08004b8b                OSDbg_TaskSuspendEn
                0x08004b8c                OSDbg_TCBSize
                0x08004b8e                OSDbg_TickSpokeSize
                0x08004b90                OSDbg_TimeDlyHMSMEn
                0x08004b91                OSDbg_TimeDlyResumeEn
                0x08004b92                OSDbg_TLS_TblSize
                0x08004b94                OSDbg_Tmr
                0x08004bc8                OSDbg_TmrEn
                0x08004bc9                OSDbg_TmrDelEn
                0x08004bca                OSDbg_TmrSize
                0x08004bcc                OSDbg_TmrSpokeSize
                0x08004bce                OSDbg_VersionNbr
                0x08004bd0                OSDbg_DataSize
 .rodata        0x08004bd4       0x2c ..\obj\os_core.o
 .rodata        0x08004c00       0x14 ..\obj\os_stat.o
 .rodata        0x08004c14       0x48 ..\obj\stm32f4xx_gpio.o
 .rodata        0x08004c5c       0xa4 ..\obj\os_cfg_app.o
                0x08004c5c                OSCfg_IdleTaskStkBasePtr
                0x08004c60                OSCfg_IdleTaskStkLimit
                0x08004c64                OSCfg_IdleTaskStkSize
                0x08004c68                OSCfg_IdleTaskStkSizeRAM
                0x08004c6c                OSCfg_IntQBasePtr
                0x08004c70                OSCfg_IntQSize
                0x08004c74                OSCfg_IntQSizeRAM
                0x08004c78                OSCfg_IntQTaskStkBasePtr
                0x08004c7c                OSCfg_IntQTaskStkLimit
                0x08004c80                OSCfg_IntQTaskStkSize
                0x08004c84                OSCfg_IntQTaskStkSizeRAM
                0x08004c88                OSCfg_ISRStkBasePtr
                0x08004c8c                OSCfg_ISRStkSize
                0x08004c90                OSCfg_ISRStkSizeRAM
                0x08004c94                OSCfg_MsgPoolSize
                0x08004c98                OSCfg_MsgPoolSizeRAM
                0x08004c9c                OSCfg_MsgPoolBasePtr
                0x08004ca0                OSCfg_StatTaskPrio
                0x08004ca4                OSCfg_StatTaskRate_Hz
                0x08004ca8                OSCfg_StatTaskStkBasePtr
                0x08004cac                OSCfg_StatTaskStkLimit
                0x08004cb0                OSCfg_StatTaskStkSize
                0x08004cb4                OSCfg_StatTaskStkSizeRAM
                0x08004cb8                OSCfg_StkSizeMin
                0x08004cbc                OSCfg_TickRate_Hz
                0x08004cc0                OSCfg_TickTaskPrio
                0x08004cc4                OSCfg_TickTaskStkBasePtr
                0x08004cc8                OSCfg_TickTaskStkLimit
                0x08004ccc                OSCfg_TickTaskStkSize
                0x08004cd0                OSCfg_TickTaskStkSizeRAM
                0x08004cd4                OSCfg_TickWheelSize
                0x08004cd8                OSCfg_TickWheelSizeRAM
                0x08004cdc                OSCfg_TmrTaskPrio
                0x08004ce0                OSCfg_TmrTaskRate_Hz
                0x08004ce4                OSCfg_TmrTaskStkBasePtr
                0x08004ce8                OSCfg_TmrTaskStkLimit
                0x08004cec                OSCfg_TmrTaskStkSize
                0x08004cf0                OSCfg_TmrTaskStkSizeRAM
                0x08004cf4                OSCfg_TmrWheelSize
                0x08004cf8                OSCfg_TmrWheelSizeRAM
                0x08004cfc                OSCfg_DataSizeRAM
 .rodata        0x08004d00        0xc ..\obj\os_task.o
 .rodata        0x08004d0c       0x20 ..\obj\os_tmr.o

.vfp11_veneer   0x08004d2c        0x0
 .vfp11_veneer  0x00000000        0x0 linker stubs

.v4_bx          0x08004d2c        0x0
 .v4_bx         0x00000000        0x0 linker stubs

.init           0x08004d2c        0x4
 .init          0x08004d2c        0x4 c:/program files (x86)/gnu tools arm embedded/4.6 2012q2/bin/../lib/gcc/arm-none-eabi/4.6.2/armv7e-m/fpu/crti.o
                0x08004d2c                _init

.ARM.extab
 *(.ARM.extab* .gnu.linkonce.armextab.*)
                0x08004d30                __exidx_start = .

.ARM.exidx
 *(.ARM.exidx* .gnu.linkonce.armexidx.*)
                0x08004d30                __exidx_end = .
                0x08004d30                . = ALIGN (0x4)
                0x08004d30                _etext = .
                0x08004d30                _sidata = .

.data           0x20000000        0x0 load address 0x08004d30
                0x20000000                _sdata = .
 *(.data .data.*)
                0x20000000                . = ALIGN (0x4)
                0x20000000                _edata = .

.bss            0x20000000     0x200c
                0x20000000                _sbss = .
 *(.bss .bss.*)
 .bss           0x20000000      0x148 ..\obj\bsp_int.o
 .bss           0x20000148      0x4c0 ..\obj\main.o
 *(COMMON)
 COMMON         0x20000608        0x4 ..\obj\os_cpu_c.o
                0x20000608                OS_CPU_ExceptStkBase
 COMMON         0x2000060c      0x6b0 ..\obj\os_var.o
                0x2000060c                OSSchedLockNestingCtr
                0x20000610                OS_AppTaskReturnHookPtr
                0x20000614                OSStatTaskTimeMax
                0x20000618                OSStatTaskCtr
                0x2000061c                OSTaskRegNextAvailID
                0x2000061d                OSRunning
                0x20000620                OSRdyList
                0x20000920                OSPrioHighRdy
                0x20000921                OSStatTaskRdy
                0x20000924                OSSemDbgListPtr
                0x20000928                OS_AppTaskCreateHookPtr
                0x2000092c                OSPrioCur
                0x20000930                OSTickTaskTCB
                0x200009f0                OSTmrTickCtr
                0x200009f4                OSTCBCurPtr
                0x200009f8                OSQQty
                0x200009fa                OSStatTaskCPUUsageMax
                0x200009fc                OSPrioSaved
                0x20000a00                OSTCBHighRdyPtr
                0x20000a04                OSTaskDbgListPtr
                0x20000a08                OSTmrTaskTimeMax
                0x20000a0c                OS_AppTaskDelHookPtr
                0x20000a10                OS_AppTimeTickHookPtr
                0x20000a14                OSTaskCtxSwCtr
                0x20000a18                OSStatTaskCPUUsage
                0x20000a1a                OSIntNestingCtr
                0x20000a1c                OSTaskQty
                0x20000a20                OSTmrTaskTCB
                0x20000ae0                OSMsgPool
                0x20000aec                OSIdleTaskTCB
                0x20000bac                OSQDbgListPtr
                0x20000bb0                OSSemQty
                0x20000bb4                OSMemDbgListPtr
                0x20000bb8                OS_AppIdleTaskHookPtr
                0x20000bbc                OSStatTaskCtrMax
                0x20000bc0                OSTickCtr
                0x20000bc4                OS_AppTaskSwHookPtr
                0x20000bc8                OSTmrQty
                0x20000bcc                OSIdleTaskCtr
                0x20000bd0                OSStatTaskCtrRun
                0x20000bd4                OS_AppStatTaskHookPtr
                0x20000bd8                OSFlagQty
                0x20000bdc                OSFlagDbgListPtr
                0x20000be0                OSStatResetFlag
                0x20000be2                OSMemQty
                0x20000be4                OSMutexQty
                0x20000be8                OSStatTaskTCB
                0x20000ca8                OSTmrDbgListPtr
                0x20000cac                OSTickTaskTimeMax
                0x20000cb0                OSTmrUpdateCnt
                0x20000cb4                OSMutexDbgListPtr
                0x20000cb8                OSTmrUpdateCtr
 COMMON         0x20000cbc        0x8 ..\obj\os_prio.o
                0x20000cbc                OSPrioTbl
 COMMON         0x20000cc4     0x1348 ..\obj\os_cfg_app.o
                0x20000cc4                OSCfg_StatTaskStk
                0x20000ec4                OSCfg_TickWheel
                0x20000f44                OSCfg_MsgPool
                0x20001584                OSCfg_TmrTaskStk
                0x20001784                OSCfg_TmrWheel
                0x2000180c                OSCfg_ISRStk
                0x20001c0c                OSCfg_TickTaskStk
                0x20001e0c                OSCfg_IdleTaskStk
                0x2000200c                . = ALIGN (0x4)
                0x2000200c                _ebss = .

.co_stack       0x2000200c        0x4
                0x20002010                . = ALIGN (0x8)
 *fill*         0x2000200c        0x4 00
 *(.co_stack .co_stack.*)
                0x20002010                . = ALIGN (0x4)
                0x20002010                _end = .
LOAD ..\obj\os_pend_multi.o
LOAD ..\obj\stm32f4xx_syscfg.o
LOAD ..\obj\cpu_a.o
LOAD ..\obj\os_time.o
LOAD ..\obj\os_cpu_a.o
LOAD ..\obj\stm32f4xx_sdio.o
LOAD ..\obj\bsp_int.o
LOAD ..\obj\stm32f4xx_cryp_aes.o
LOAD ..\obj\cpu_c.o
LOAD ..\obj\stm32f4xx_hash.o
LOAD ..\obj\stm32f4xx_dma2d.o
LOAD ..\obj\lib_mem.o
LOAD ..\obj\stm32f4xx_hash_sha1.o
LOAD ..\obj\os_cpu_c.o
LOAD ..\obj\cpu_core.o
LOAD ..\obj\stm32f4xx_usart.o
LOAD ..\obj\stm32f4xx_pwr.o
LOAD ..\obj\os_flag.o
LOAD ..\obj\stm32f4xx_can.o
LOAD ..\obj\os_tick.o
LOAD ..\obj\stm32f4xx_wwdg.o
LOAD ..\obj\stm32f4xx_hash_md5.o
LOAD ..\obj\stm32f4xx_dac.o
LOAD ..\obj\stm32f4xx_ltdc.o
LOAD ..\obj\os_var.o
LOAD ..\obj\os_msg.o
LOAD ..\obj\lib_str.o
LOAD ..\obj\stm32f4xx_crc.o
LOAD ..\obj\stm32f4xx_iwdg.o
LOAD ..\obj\main.o
LOAD ..\obj\stm32f4xx_rcc.o
LOAD ..\obj\serial_drv_stm32.o
LOAD ..\obj\lib_ascii.o
LOAD ..\obj\stm32f4xx_adc.o
LOAD ..\obj\os_dbg.o
LOAD ..\obj\stm32f4xx_dcmi.o
LOAD ..\obj\serial_line_tty.o
LOAD ..\obj\os_sem.o
LOAD ..\obj\serial_buf.o
LOAD ..\obj\os_prio.o
LOAD ..\obj\bsp_os.o
LOAD ..\obj\os_core.o
LOAD ..\obj\stm32f4xx_cryp_des.o
LOAD ..\obj\os_stat.o
LOAD ..\obj\stm32f4xx_cryp.o
LOAD ..\obj\stm32f4xx_fsmc.o
LOAD ..\obj\serial_os.o
LOAD ..\obj\os_mem.o
LOAD ..\obj\bsp_periph.o
LOAD ..\obj\stm32f4xx_gpio.o
LOAD ..\obj\stm32f4xx_flash.o
LOAD ..\obj\lib_math.o
LOAD ..\obj\stm32f4xx_sai.o
LOAD ..\obj\system_stm32f4xx.o
LOAD ..\obj\syscalls.o
LOAD ..\obj\stm32f4xx_dma.o
LOAD ..\obj\serial_line_probe.o
LOAD ..\obj\os_cfg_app.o
LOAD ..\obj\os_q.o
LOAD ..\obj\os_task.o
LOAD ..\obj\os_app_hooks.o
LOAD ..\obj\cstartup.o
LOAD ..\obj\os_mutex.o
LOAD ..\obj\stm32f4xx_spi.o
LOAD ..\obj\bsp.o
LOAD ..\obj\stm32f4xx_i2c.o
LOAD ..\obj\serial_bsp_stm3240x.o
LOAD ..\obj\stm32f4xx_rng.o
LOAD ..\obj\stm32f4xx_exti.o
LOAD ..\obj\os_tmr.o
LOAD ..\obj\misc.o
LOAD ..\obj\serial.o
LOAD ..\obj\os_int.o
LOAD ..\obj\serial_line_dflt.o
LOAD ..\obj\stm32f4xx_rtc.o
LOAD ..\obj\lib_mem_a.o
LOAD ..\obj\stm32f4xx_cryp_tdes.o
LOAD ..\obj\stm32f4xx_tim.o
LOAD ..\obj\stm32f4xx_dbgmcu.o
LOAD C:\Program Files (x86)\GNU Tools ARM Embedded\4.6 2012q2\arm-none-eabi\lib\armv7e-m\fpu\libm.a
START GROUP
LOAD c:/program files (x86)/gnu tools arm embedded/4.6 2012q2/bin/../lib/gcc/arm-none-eabi/4.6.2/armv7e-m/fpu\libgcc.a
LOAD C:\Program Files (x86)\GNU Tools ARM Embedded\4.6 2012q2\arm-none-eabi\lib\armv7e-m\fpu\libg.a
LOAD C:\Program Files (x86)\GNU Tools ARM Embedded\4.6 2012q2\arm-none-eabi\lib\armv7e-m\fpu\libc.a
END GROUP
LOAD c:/program files (x86)/gnu tools arm embedded/4.6 2012q2/bin/../lib/gcc/arm-none-eabi/4.6.2/armv7e-m/fpu/crtend.o
LOAD c:/program files (x86)/gnu tools arm embedded/4.6 2012q2/bin/../lib/gcc/arm-none-eabi/4.6.2/armv7e-m/fpu/crtn.o
OUTPUT(Project.elf elf32-littlearm)

.ARM.attributes
                0x00000000       0x32
 .ARM.attributes
                0x00000000       0x24 c:/program files (x86)/gnu tools arm embedded/4.6 2012q2/bin/../lib/gcc/arm-none-eabi/4.6.2/armv7e-m/fpu/crti.o
 .ARM.attributes
                0x00000024       0x36 c:/program files (x86)/gnu tools arm embedded/4.6 2012q2/bin/../lib/gcc/arm-none-eabi/4.6.2/armv7e-m/fpu/crtbegin.o
 .ARM.attributes
                0x0000005a       0x22 c:/program files (x86)/gnu tools arm embedded/4.6 2012q2/bin/../lib/gcc/arm-none-eabi/4.6.2/../../../../arm-none-eabi/lib/armv7e-m/fpu/crt0.o
 .ARM.attributes
                0x0000007c       0x3b ..\obj\os_pend_multi.o
 .ARM.attributes
                0x000000b7       0x3b ..\obj\stm32f4xx_syscfg.o
 .ARM.attributes
                0x000000f2       0x27 ..\obj\cpu_a.o
 .ARM.attributes
                0x00000119       0x3b ..\obj\os_time.o
 .ARM.attributes
                0x00000154       0x27 ..\obj\os_cpu_a.o
 .ARM.attributes
                0x0000017b       0x3b ..\obj\stm32f4xx_sdio.o
 .ARM.attributes
                0x000001b6       0x3b ..\obj\bsp_int.o
 .ARM.attributes
                0x000001f1       0x3b ..\obj\stm32f4xx_cryp_aes.o
 .ARM.attributes
                0x0000022c       0x3b ..\obj\cpu_c.o
 .ARM.attributes
                0x00000267       0x3b ..\obj\stm32f4xx_hash.o
 .ARM.attributes
                0x000002a2       0x3b ..\obj\stm32f4xx_dma2d.o
 .ARM.attributes
                0x000002dd       0x3b ..\obj\lib_mem.o
 .ARM.attributes
                0x00000318       0x3b ..\obj\stm32f4xx_hash_sha1.o
 .ARM.attributes
                0x00000353       0x3b ..\obj\os_cpu_c.o
 .ARM.attributes
                0x0000038e       0x3b ..\obj\cpu_core.o
 .ARM.attributes
                0x000003c9       0x3b ..\obj\stm32f4xx_usart.o
 .ARM.attributes
                0x00000404       0x3b ..\obj\stm32f4xx_pwr.o
 .ARM.attributes
                0x0000043f       0x3b ..\obj\os_flag.o
 .ARM.attributes
                0x0000047a       0x3b ..\obj\stm32f4xx_can.o
 .ARM.attributes
                0x000004b5       0x3b ..\obj\os_tick.o
 .ARM.attributes
                0x000004f0       0x3b ..\obj\stm32f4xx_wwdg.o
 .ARM.attributes
                0x0000052b       0x3b ..\obj\stm32f4xx_hash_md5.o
 .ARM.attributes
                0x00000566       0x3b ..\obj\stm32f4xx_dac.o
 .ARM.attributes
                0x000005a1       0x3b ..\obj\stm32f4xx_ltdc.o
 .ARM.attributes
                0x000005dc       0x3b ..\obj\os_var.o
 .ARM.attributes
                0x00000617       0x3b ..\obj\os_msg.o
 .ARM.attributes
                0x00000652       0x3b ..\obj\lib_str.o
 .ARM.attributes
                0x0000068d       0x3b ..\obj\stm32f4xx_crc.o
 .ARM.attributes
                0x000006c8       0x3b ..\obj\stm32f4xx_iwdg.o
 .ARM.attributes
                0x00000703       0x3b ..\obj\main.o
 .ARM.attributes
                0x0000073e       0x3b ..\obj\stm32f4xx_rcc.o
 .ARM.attributes
                0x00000779       0x3b ..\obj\serial_drv_stm32.o
 .ARM.attributes
                0x000007b4       0x3b ..\obj\lib_ascii.o
 .ARM.attributes
                0x000007ef       0x3b ..\obj\stm32f4xx_adc.o
 .ARM.attributes
                0x0000082a       0x3b ..\obj\os_dbg.o
 .ARM.attributes
                0x00000865       0x3b ..\obj\stm32f4xx_dcmi.o
 .ARM.attributes
                0x000008a0       0x3b ..\obj\serial_line_tty.o
 .ARM.attributes
                0x000008db       0x3b ..\obj\os_sem.o
 .ARM.attributes
                0x00000916       0x3b ..\obj\serial_buf.o
 .ARM.attributes
                0x00000951       0x3b ..\obj\os_prio.o
 .ARM.attributes
                0x0000098c       0x3b ..\obj\bsp_os.o
 .ARM.attributes
                0x000009c7       0x3b ..\obj\os_core.o
 .ARM.attributes
                0x00000a02       0x3b ..\obj\stm32f4xx_cryp_des.o
 .ARM.attributes
                0x00000a3d       0x3b ..\obj\os_stat.o
 .ARM.attributes
                0x00000a78       0x3b ..\obj\stm32f4xx_cryp.o
 .ARM.attributes
                0x00000ab3       0x3b ..\obj\stm32f4xx_fsmc.o
 .ARM.attributes
                0x00000aee       0x3b ..\obj\serial_os.o
 .ARM.attributes
                0x00000b29       0x3b ..\obj\os_mem.o
 .ARM.attributes
                0x00000b64       0x3b ..\obj\bsp_periph.o
 .ARM.attributes
                0x00000b9f       0x3b ..\obj\stm32f4xx_gpio.o
 .ARM.attributes
                0x00000bda       0x3b ..\obj\stm32f4xx_flash.o
 .ARM.attributes
                0x00000c15       0x3b ..\obj\lib_math.o
 .ARM.attributes
                0x00000c50       0x3b ..\obj\stm32f4xx_sai.o
 .ARM.attributes
                0x00000c8b       0x3b ..\obj\system_stm32f4xx.o
 .ARM.attributes
                0x00000cc6       0x3b ..\obj\syscalls.o
 .ARM.attributes
                0x00000d01       0x3b ..\obj\stm32f4xx_dma.o
 .ARM.attributes
                0x00000d3c       0x3b ..\obj\serial_line_probe.o
 .ARM.attributes
                0x00000d77       0x3b ..\obj\os_cfg_app.o
 .ARM.attributes
                0x00000db2       0x3b ..\obj\os_q.o
 .ARM.attributes
                0x00000ded       0x3b ..\obj\os_task.o
 .ARM.attributes
                0x00000e28       0x3b ..\obj\os_app_hooks.o
 .ARM.attributes
                0x00000e63       0x21 ..\obj\cstartup.o
 .ARM.attributes
                0x00000e84       0x3b ..\obj\os_mutex.o
 .ARM.attributes
                0x00000ebf       0x3b ..\obj\stm32f4xx_spi.o
 .ARM.attributes
                0x00000efa       0x3b ..\obj\bsp.o
 .ARM.attributes
                0x00000f35       0x3b ..\obj\stm32f4xx_i2c.o
 .ARM.attributes
                0x00000f70       0x3b ..\obj\serial_bsp_stm3240x.o
 .ARM.attributes
                0x00000fab       0x3b ..\obj\stm32f4xx_rng.o
 .ARM.attributes
                0x00000fe6       0x3b ..\obj\stm32f4xx_exti.o
 .ARM.attributes
                0x00001021       0x3b ..\obj\os_tmr.o
 .ARM.attributes
                0x0000105c       0x3b ..\obj\misc.o
 .ARM.attributes
                0x00001097       0x3b ..\obj\serial.o
 .ARM.attributes
                0x000010d2       0x3b ..\obj\os_int.o
 .ARM.attributes
                0x0000110d       0x3b ..\obj\serial_line_dflt.o
 .ARM.attributes
                0x00001148       0x3b ..\obj\stm32f4xx_rtc.o
 .ARM.attributes
                0x00001183       0x27 ..\obj\lib_mem_a.o
 .ARM.attributes
                0x000011aa       0x3b ..\obj\stm32f4xx_cryp_tdes.o
 .ARM.attributes
                0x000011e5       0x3b ..\obj\stm32f4xx_tim.o
 .ARM.attributes
                0x00001220       0x3b ..\obj\stm32f4xx_dbgmcu.o
 .ARM.attributes
                0x0000125b       0x24 c:/program files (x86)/gnu tools arm embedded/4.6 2012q2/bin/../lib/gcc/arm-none-eabi/4.6.2/armv7e-m/fpu\libgcc.a(_aeabi_uldivmod.o)
 .ARM.attributes
                0x0000127f       0x36 c:/program files (x86)/gnu tools arm embedded/4.6 2012q2/bin/../lib/gcc/arm-none-eabi/4.6.2/armv7e-m/fpu\libgcc.a(bpabi.o)
 .ARM.attributes
                0x000012b5       0x36 c:/program files (x86)/gnu tools arm embedded/4.6 2012q2/bin/../lib/gcc/arm-none-eabi/4.6.2/armv7e-m/fpu\libgcc.a(unwind-arm.o)
 .ARM.attributes
                0x000012eb       0x24 c:/program files (x86)/gnu tools arm embedded/4.6 2012q2/bin/../lib/gcc/arm-none-eabi/4.6.2/armv7e-m/fpu\libgcc.a(libunwind.o)
 .ARM.attributes
                0x0000130f       0x36 c:/program files (x86)/gnu tools arm embedded/4.6 2012q2/bin/../lib/gcc/arm-none-eabi/4.6.2/armv7e-m/fpu\libgcc.a(pr-support.o)
 .ARM.attributes
                0x00001345       0x24 c:/program files (x86)/gnu tools arm embedded/4.6 2012q2/bin/../lib/gcc/arm-none-eabi/4.6.2/armv7e-m/fpu\libgcc.a(_dvmd_tls.o)
 .ARM.attributes
                0x00001369       0x36 c:/program files (x86)/gnu tools arm embedded/4.6 2012q2/bin/../lib/gcc/arm-none-eabi/4.6.2/armv7e-m/fpu\libgcc.a(_divdi3.o)
 .ARM.attributes
                0x0000139f       0x36 c:/program files (x86)/gnu tools arm embedded/4.6 2012q2/bin/../lib/gcc/arm-none-eabi/4.6.2/armv7e-m/fpu\libgcc.a(_udivdi3.o)
 .ARM.attributes
                0x000013d5       0x36 C:\Program Files (x86)\GNU Tools ARM Embedded\4.6 2012q2\arm-none-eabi\lib\armv7e-m\fpu\libg.a(lib_a-atexit.o)
 .ARM.attributes
                0x0000140b       0x36 C:\Program Files (x86)\GNU Tools ARM Embedded\4.6 2012q2\arm-none-eabi\lib\armv7e-m\fpu\libg.a(lib_a-exit.o)
 .ARM.attributes
                0x00001441       0x36 C:\Program Files (x86)\GNU Tools ARM Embedded\4.6 2012q2\arm-none-eabi\lib\armv7e-m\fpu\libg.a(lib_a-fini.o)
 .ARM.attributes
                0x00001477       0x36 C:\Program Files (x86)\GNU Tools ARM Embedded\4.6 2012q2\arm-none-eabi\lib\armv7e-m\fpu\libg.a(lib_a-impure.o)
 .ARM.attributes
                0x000014ad       0x36 C:\Program Files (x86)\GNU Tools ARM Embedded\4.6 2012q2\arm-none-eabi\lib\armv7e-m\fpu\libg.a(lib_a-init.o)
 .ARM.attributes
                0x000014e3       0x36 C:\Program Files (x86)\GNU Tools ARM Embedded\4.6 2012q2\arm-none-eabi\lib\armv7e-m\fpu\libg.a(lib_a-memcpy.o)
 .ARM.attributes
                0x00001519       0x36 C:\Program Files (x86)\GNU Tools ARM Embedded\4.6 2012q2\arm-none-eabi\lib\armv7e-m\fpu\libg.a(lib_a-memset.o)
 .ARM.attributes
                0x0000154f       0x36 C:\Program Files (x86)\GNU Tools ARM Embedded\4.6 2012q2\arm-none-eabi\lib\armv7e-m\fpu\libg.a(lib_a-__atexit.o)
 .ARM.attributes
                0x00001585       0x36 C:\Program Files (x86)\GNU Tools ARM Embedded\4.6 2012q2\arm-none-eabi\lib\armv7e-m\fpu\libg.a(lib_a-__call_atexit.o)
 .ARM.attributes
                0x000015bb       0x36 c:/program files (x86)/gnu tools arm embedded/4.6 2012q2/bin/../lib/gcc/arm-none-eabi/4.6.2/armv7e-m/fpu/crtend.o
 .ARM.attributes
                0x000015f1       0x24 c:/program files (x86)/gnu tools arm embedded/4.6 2012q2/bin/../lib/gcc/arm-none-eabi/4.6.2/armv7e-m/fpu/crtn.o

.comment        0x00000000       0x70
 .comment       0x00000000       0x70 ..\obj\os_pend_multi.o
                                 0x71 (size before relaxing)
 .comment       0x00000000       0x71 ..\obj\stm32f4xx_syscfg.o
 .comment       0x00000000       0x71 ..\obj\os_time.o
 .comment       0x00000000       0x71 ..\obj\stm32f4xx_sdio.o
 .comment       0x00000000       0x71 ..\obj\bsp_int.o
 .comment       0x00000000       0x71 ..\obj\stm32f4xx_cryp_aes.o
 .comment       0x00000000       0x71 ..\obj\cpu_c.o
 .comment       0x00000000       0x71 ..\obj\stm32f4xx_hash.o
 .comment       0x00000000       0x71 ..\obj\stm32f4xx_dma2d.o
 .comment       0x00000000       0x71 ..\obj\lib_mem.o
 .comment       0x00000000       0x71 ..\obj\stm32f4xx_hash_sha1.o
 .comment       0x00000000       0x71 ..\obj\os_cpu_c.o
 .comment       0x00000000       0x71 ..\obj\cpu_core.o
 .comment       0x00000000       0x71 ..\obj\stm32f4xx_usart.o
 .comment       0x00000000       0x71 ..\obj\stm32f4xx_pwr.o
 .comment       0x00000000       0x71 ..\obj\os_flag.o
 .comment       0x00000000       0x71 ..\obj\stm32f4xx_can.o
 .comment       0x00000000       0x71 ..\obj\os_tick.o
 .comment       0x00000000       0x71 ..\obj\stm32f4xx_wwdg.o
 .comment       0x00000000       0x71 ..\obj\stm32f4xx_hash_md5.o
 .comment       0x00000000       0x71 ..\obj\stm32f4xx_dac.o
 .comment       0x00000000       0x71 ..\obj\stm32f4xx_ltdc.o
 .comment       0x00000000       0x71 ..\obj\os_var.o
 .comment       0x00000000       0x71 ..\obj\os_msg.o
 .comment       0x00000000       0x71 ..\obj\lib_str.o
 .comment       0x00000000       0x71 ..\obj\stm32f4xx_crc.o
 .comment       0x00000000       0x71 ..\obj\stm32f4xx_iwdg.o
 .comment       0x00000000       0x71 ..\obj\main.o
 .comment       0x00000000       0x71 ..\obj\stm32f4xx_rcc.o
 .comment       0x00000000       0x71 ..\obj\serial_drv_stm32.o
 .comment       0x00000000       0x71 ..\obj\lib_ascii.o
 .comment       0x00000000       0x71 ..\obj\stm32f4xx_adc.o
 .comment       0x00000000       0x71 ..\obj\os_dbg.o
 .comment       0x00000000       0x71 ..\obj\stm32f4xx_dcmi.o
 .comment       0x00000000       0x71 ..\obj\serial_line_tty.o
 .comment       0x00000000       0x71 ..\obj\os_sem.o
 .comment       0x00000000       0x71 ..\obj\serial_buf.o
 .comment       0x00000000       0x71 ..\obj\os_prio.o
 .comment       0x00000000       0x71 ..\obj\bsp_os.o
 .comment       0x00000000       0x71 ..\obj\os_core.o
 .comment       0x00000000       0x71 ..\obj\stm32f4xx_cryp_des.o
 .comment       0x00000000       0x71 ..\obj\os_stat.o
 .comment       0x00000000       0x71 ..\obj\stm32f4xx_cryp.o
 .comment       0x00000000       0x71 ..\obj\stm32f4xx_fsmc.o
 .comment       0x00000000       0x71 ..\obj\serial_os.o
 .comment       0x00000000       0x71 ..\obj\os_mem.o
 .comment       0x00000000       0x71 ..\obj\bsp_periph.o
 .comment       0x00000000       0x71 ..\obj\stm32f4xx_gpio.o
 .comment       0x00000000       0x71 ..\obj\stm32f4xx_flash.o
 .comment       0x00000000       0x71 ..\obj\lib_math.o
 .comment       0x00000000       0x71 ..\obj\stm32f4xx_sai.o
 .comment       0x00000000       0x71 ..\obj\system_stm32f4xx.o
 .comment       0x00000000       0x71 ..\obj\syscalls.o
 .comment       0x00000000       0x71 ..\obj\stm32f4xx_dma.o
 .comment       0x00000000       0x71 ..\obj\serial_line_probe.o
 .comment       0x00000000       0x71 ..\obj\os_cfg_app.o
 .comment       0x00000000       0x71 ..\obj\os_q.o
 .comment       0x00000000       0x71 ..\obj\os_task.o
 .comment       0x00000000       0x71 ..\obj\os_app_hooks.o
 .comment       0x00000000       0x71 ..\obj\os_mutex.o
 .comment       0x00000000       0x71 ..\obj\stm32f4xx_spi.o
 .comment       0x00000000       0x71 ..\obj\bsp.o
 .comment       0x00000000       0x71 ..\obj\stm32f4xx_i2c.o
 .comment       0x00000000       0x71 ..\obj\serial_bsp_stm3240x.o
 .comment       0x00000000       0x71 ..\obj\stm32f4xx_rng.o
 .comment       0x00000000       0x71 ..\obj\stm32f4xx_exti.o
 .comment       0x00000000       0x71 ..\obj\os_tmr.o
 .comment       0x00000000       0x71 ..\obj\misc.o
 .comment       0x00000000       0x71 ..\obj\serial.o
 .comment       0x00000000       0x71 ..\obj\os_int.o
 .comment       0x00000000       0x71 ..\obj\serial_line_dflt.o
 .comment       0x00000000       0x71 ..\obj\stm32f4xx_rtc.o
 .comment       0x00000000       0x71 ..\obj\stm32f4xx_cryp_tdes.o
 .comment       0x00000000       0x71 ..\obj\stm32f4xx_tim.o
 .comment       0x00000000       0x71 ..\obj\stm32f4xx_dbgmcu.o

.debug_info     0x00000000    0x326ca
 .debug_info    0x00000000     0x1044 ..\obj\os_pend_multi.o
 .debug_info    0x00001044      0x2a2 ..\obj\stm32f4xx_syscfg.o
 .debug_info    0x000012e6       0x9e ..\obj\cpu_a.o
 .debug_info    0x00001384      0xfc5 ..\obj\os_time.o
 .debug_info    0x00002349       0xae ..\obj\os_cpu_a.o
 .debug_info    0x000023f7      0x8a4 ..\obj\stm32f4xx_sdio.o
 .debug_info    0x00002c9b      0x9c0 ..\obj\bsp_int.o
 .debug_info    0x0000365b     0x16a6 ..\obj\stm32f4xx_cryp_aes.o
 .debug_info    0x00004d01      0x3b1 ..\obj\cpu_c.o
 .debug_info    0x000050b2      0x5e9 ..\obj\stm32f4xx_hash.o
 .debug_info    0x0000569b      0x8d5 ..\obj\stm32f4xx_dma2d.o
 .debug_info    0x00005f70      0xedd ..\obj\lib_mem.o
 .debug_info    0x00006e4d      0x482 ..\obj\stm32f4xx_hash_sha1.o
 .debug_info    0x000072cf      0xaf7 ..\obj\os_cpu_c.o
 .debug_info    0x00007dc6      0x585 ..\obj\cpu_core.o
 .debug_info    0x0000834b      0xa4f ..\obj\stm32f4xx_usart.o
 .debug_info    0x00008d9a      0x62a ..\obj\stm32f4xx_pwr.o
 .debug_info    0x000093c4     0x134f ..\obj\os_flag.o
 .debug_info    0x0000a713      0xc62 ..\obj\stm32f4xx_can.o
 .debug_info    0x0000b375     0x1058 ..\obj\os_tick.o
 .debug_info    0x0000c3cd      0x256 ..\obj\stm32f4xx_wwdg.o
 .debug_info    0x0000c623      0x448 ..\obj\stm32f4xx_hash_md5.o
 .debug_info    0x0000ca6b      0x686 ..\obj\stm32f4xx_dac.o
 .debug_info    0x0000d0f1      0xde5 ..\obj\stm32f4xx_ltdc.o
 .debug_info    0x0000ded6     0x1078 ..\obj\os_var.o
 .debug_info    0x0000ef4e      0x94f ..\obj\os_msg.o
 .debug_info    0x0000f89d      0xda5 ..\obj\lib_str.o
 .debug_info    0x00010642      0x20b ..\obj\stm32f4xx_crc.o
 .debug_info    0x0001084d      0x20b ..\obj\stm32f4xx_iwdg.o
 .debug_info    0x00010a58      0xf73 ..\obj\main.o
 .debug_info    0x000119cb      0xeff ..\obj\stm32f4xx_rcc.o
 .debug_info    0x000128ca      0x9e8 ..\obj\serial_drv_stm32.o
 .debug_info    0x000132b2      0x461 ..\obj\lib_ascii.o
 .debug_info    0x00013713      0xcf5 ..\obj\stm32f4xx_adc.o
 .debug_info    0x00014408     0x1bac ..\obj\os_dbg.o
 .debug_info    0x00015fb4      0x59d ..\obj\stm32f4xx_dcmi.o
 .debug_info    0x00016551      0x897 ..\obj\serial_line_tty.o
 .debug_info    0x00016de8     0x1246 ..\obj\os_sem.o
 .debug_info    0x0001802e      0x4a2 ..\obj\serial_buf.o
 .debug_info    0x000184d0      0x1d7 ..\obj\os_prio.o
 .debug_info    0x000186a7      0xf12 ..\obj\bsp_os.o
 .debug_info    0x000195b9     0x19f1 ..\obj\os_core.o
 .debug_info    0x0001afaa      0x4e5 ..\obj\stm32f4xx_cryp_des.o
 .debug_info    0x0001b48f     0x11e4 ..\obj\os_stat.o
 .debug_info    0x0001c673      0x925 ..\obj\stm32f4xx_cryp.o
 .debug_info    0x0001cf98      0x9b0 ..\obj\stm32f4xx_fsmc.o
 .debug_info    0x0001d948     0x113f ..\obj\serial_os.o
 .debug_info    0x0001ea87      0x8e9 ..\obj\os_mem.o
 .debug_info    0x0001f370      0x171 ..\obj\bsp_periph.o
 .debug_info    0x0001f4e1      0x63c ..\obj\stm32f4xx_gpio.o
 .debug_info    0x0001fb1d      0x9b2 ..\obj\stm32f4xx_flash.o
 .debug_info    0x000204cf      0x184 ..\obj\lib_math.o
 .debug_info    0x00020653      0x8c6 ..\obj\stm32f4xx_sai.o
 .debug_info    0x00020f19      0x64c ..\obj\system_stm32f4xx.o
 .debug_info    0x00021565      0x440 ..\obj\syscalls.o
 .debug_info    0x000219a5      0x7ae ..\obj\stm32f4xx_dma.o
 .debug_info    0x00022153      0x841 ..\obj\serial_line_probe.o
 .debug_info    0x00022994      0xf24 ..\obj\os_cfg_app.o
 .debug_info    0x000238b8     0x1267 ..\obj\os_q.o
 .debug_info    0x00024b1f     0x17d5 ..\obj\os_task.o
 .debug_info    0x000262f4      0x98a ..\obj\os_app_hooks.o
 .debug_info    0x00026c7e       0x8f ..\obj\cstartup.o
 .debug_info    0x00026d0d     0x116d ..\obj\os_mutex.o
 .debug_info    0x00027e7a      0xbec ..\obj\stm32f4xx_spi.o
 .debug_info    0x00028a66      0x55c ..\obj\bsp.o
 .debug_info    0x00028fc2      0xc30 ..\obj\stm32f4xx_i2c.o
 .debug_info    0x00029bf2      0xf5f ..\obj\serial_bsp_stm3240x.o
 .debug_info    0x0002ab51      0x291 ..\obj\stm32f4xx_rng.o
 .debug_info    0x0002ade2      0x379 ..\obj\stm32f4xx_exti.o
 .debug_info    0x0002b15b     0x1551 ..\obj\os_tmr.o
 .debug_info    0x0002c6ac      0x594 ..\obj\misc.o
 .debug_info    0x0002cc40     0x1b28 ..\obj\serial.o
 .debug_info    0x0002e768       0x6f ..\obj\os_int.o
 .debug_info    0x0002e7d7      0x63c ..\obj\serial_line_dflt.o
 .debug_info    0x0002ee13     0x1223 ..\obj\stm32f4xx_rtc.o
 .debug_info    0x00030036       0xa8 ..\obj\lib_mem_a.o
 .debug_info    0x000300de      0x5ca ..\obj\stm32f4xx_cryp_tdes.o
 .debug_info    0x000306a8     0x1e28 ..\obj\stm32f4xx_tim.o
 .debug_info    0x000324d0      0x1fa ..\obj\stm32f4xx_dbgmcu.o

.debug_abbrev   0x00000000     0x63dc
 .debug_abbrev  0x00000000      0x16f ..\obj\os_pend_multi.o
 .debug_abbrev  0x0000016f      0x12a ..\obj\stm32f4xx_syscfg.o
 .debug_abbrev  0x00000299       0x14 ..\obj\cpu_a.o
 .debug_abbrev  0x000002ad      0x174 ..\obj\os_time.o
 .debug_abbrev  0x00000421       0x14 ..\obj\os_cpu_a.o
 .debug_abbrev  0x00000435      0x16d ..\obj\stm32f4xx_sdio.o
 .debug_abbrev  0x000005a2      0x15a ..\obj\bsp_int.o
 .debug_abbrev  0x000006fc      0x1c5 ..\obj\stm32f4xx_cryp_aes.o
 .debug_abbrev  0x000008c1      0x108 ..\obj\cpu_c.o
 .debug_abbrev  0x000009c9      0x1ae ..\obj\stm32f4xx_hash.o
 .debug_abbrev  0x00000b77      0x175 ..\obj\stm32f4xx_dma2d.o
 .debug_abbrev  0x00000cec      0x173 ..\obj\lib_mem.o
 .debug_abbrev  0x00000e5f      0x170 ..\obj\stm32f4xx_hash_sha1.o
 .debug_abbrev  0x00000fcf      0x1b6 ..\obj\os_cpu_c.o
 .debug_abbrev  0x00001185      0x158 ..\obj\cpu_core.o
 .debug_abbrev  0x000012dd      0x14e ..\obj\stm32f4xx_usart.o
 .debug_abbrev  0x0000142b      0x175 ..\obj\stm32f4xx_pwr.o
 .debug_abbrev  0x000015a0      0x1a4 ..\obj\os_flag.o
 .debug_abbrev  0x00001744      0x1ac ..\obj\stm32f4xx_can.o
 .debug_abbrev  0x000018f0      0x16f ..\obj\os_tick.o
 .debug_abbrev  0x00001a5f      0x11e ..\obj\stm32f4xx_wwdg.o
 .debug_abbrev  0x00001b7d      0x170 ..\obj\stm32f4xx_hash_md5.o
 .debug_abbrev  0x00001ced      0x172 ..\obj\stm32f4xx_dac.o
 .debug_abbrev  0x00001e5f      0x184 ..\obj\stm32f4xx_ltdc.o
 .debug_abbrev  0x00001fe3       0xb9 ..\obj\os_var.o
 .debug_abbrev  0x0000209c      0x143 ..\obj\os_msg.o
 .debug_abbrev  0x000021df      0x10b ..\obj\lib_str.o
 .debug_abbrev  0x000022ea      0x10a ..\obj\stm32f4xx_crc.o
 .debug_abbrev  0x000023f4       0xfa ..\obj\stm32f4xx_iwdg.o
 .debug_abbrev  0x000024ee      0x171 ..\obj\main.o
 .debug_abbrev  0x0000265f      0x191 ..\obj\stm32f4xx_rcc.o
 .debug_abbrev  0x000027f0      0x157 ..\obj\serial_drv_stm32.o
 .debug_abbrev  0x00002947       0xcb ..\obj\lib_ascii.o
 .debug_abbrev  0x00002a12      0x189 ..\obj\stm32f4xx_adc.o
 .debug_abbrev  0x00002b9b      0x10a ..\obj\os_dbg.o
 .debug_abbrev  0x00002ca5      0x17a ..\obj\stm32f4xx_dcmi.o
 .debug_abbrev  0x00002e1f      0x1a1 ..\obj\serial_line_tty.o
 .debug_abbrev  0x00002fc0      0x1a4 ..\obj\os_sem.o
 .debug_abbrev  0x00003164      0x143 ..\obj\serial_buf.o
 .debug_abbrev  0x000032a7       0xd1 ..\obj\os_prio.o
 .debug_abbrev  0x00003378      0x16e ..\obj\bsp_os.o
 .debug_abbrev  0x000034e6      0x190 ..\obj\os_core.o
 .debug_abbrev  0x00003676      0x13e ..\obj\stm32f4xx_cryp_des.o
 .debug_abbrev  0x000037b4      0x15b ..\obj\os_stat.o
 .debug_abbrev  0x0000390f      0x192 ..\obj\stm32f4xx_cryp.o
 .debug_abbrev  0x00003aa1      0x166 ..\obj\stm32f4xx_fsmc.o
 .debug_abbrev  0x00003c07      0x167 ..\obj\serial_os.o
 .debug_abbrev  0x00003d6e      0x11e ..\obj\os_mem.o
 .debug_abbrev  0x00003e8c       0xc5 ..\obj\bsp_periph.o
 .debug_abbrev  0x00003f51      0x182 ..\obj\stm32f4xx_gpio.o
 .debug_abbrev  0x000040d3      0x153 ..\obj\stm32f4xx_flash.o
 .debug_abbrev  0x00004226      0x100 ..\obj\lib_math.o
 .debug_abbrev  0x00004326      0x14e ..\obj\stm32f4xx_sai.o
 .debug_abbrev  0x00004474      0x140 ..\obj\system_stm32f4xx.o
 .debug_abbrev  0x000045b4       0xde ..\obj\syscalls.o
 .debug_abbrev  0x00004692      0x14e ..\obj\stm32f4xx_dma.o
 .debug_abbrev  0x000047e0      0x16a ..\obj\serial_line_probe.o
 .debug_abbrev  0x0000494a       0xfb ..\obj\os_cfg_app.o
 .debug_abbrev  0x00004a45      0x1a4 ..\obj\os_q.o
 .debug_abbrev  0x00004be9      0x174 ..\obj\os_task.o
 .debug_abbrev  0x00004d5d      0x105 ..\obj\os_app_hooks.o
 .debug_abbrev  0x00004e62       0x12 ..\obj\cstartup.o
 .debug_abbrev  0x00004e74      0x1a4 ..\obj\os_mutex.o
 .debug_abbrev  0x00005018      0x160 ..\obj\stm32f4xx_spi.o
 .debug_abbrev  0x00005178      0x1b0 ..\obj\bsp.o
 .debug_abbrev  0x00005328      0x15d ..\obj\stm32f4xx_i2c.o
 .debug_abbrev  0x00005485      0x1b0 ..\obj\serial_bsp_stm3240x.o
 .debug_abbrev  0x00005635      0x137 ..\obj\stm32f4xx_rng.o
 .debug_abbrev  0x0000576c      0x198 ..\obj\stm32f4xx_exti.o
 .debug_abbrev  0x00005904      0x1b0 ..\obj\os_tmr.o
 .debug_abbrev  0x00005ab4      0x126 ..\obj\misc.o
 .debug_abbrev  0x00005bda      0x1ac ..\obj\serial.o
 .debug_abbrev  0x00005d86       0x28 ..\obj\os_int.o
 .debug_abbrev  0x00005dae      0x125 ..\obj\serial_line_dflt.o
 .debug_abbrev  0x00005ed3      0x16b ..\obj\stm32f4xx_rtc.o
 .debug_abbrev  0x0000603e       0x14 ..\obj\lib_mem_a.o
 .debug_abbrev  0x00006052      0x14d ..\obj\stm32f4xx_cryp_tdes.o
 .debug_abbrev  0x0000619f      0x163 ..\obj\stm32f4xx_tim.o
 .debug_abbrev  0x00006302       0xda ..\obj\stm32f4xx_dbgmcu.o

.debug_loc      0x00000000     0xfe26
 .debug_loc     0x00000000       0xe0 ..\obj\os_pend_multi.o
 .debug_loc     0x000000e0      0x17c ..\obj\stm32f4xx_syscfg.o
 .debug_loc     0x0000025c      0x150 ..\obj\os_time.o
 .debug_loc     0x000003ac      0x648 ..\obj\stm32f4xx_sdio.o
 .debug_loc     0x000009f4      0xff8 ..\obj\bsp_int.o
 .debug_loc     0x000019ec      0x122 ..\obj\stm32f4xx_cryp_aes.o
 .debug_loc     0x00001b0e      0x188 ..\obj\cpu_c.o
 .debug_loc     0x00001c96      0x3c0 ..\obj\stm32f4xx_hash.o
 .debug_loc     0x00002056      0x404 ..\obj\stm32f4xx_dma2d.o
 .debug_loc     0x0000245a      0x3f8 ..\obj\lib_mem.o
 .debug_loc     0x00002852       0x74 ..\obj\stm32f4xx_hash_sha1.o
 .debug_loc     0x000028c6      0x238 ..\obj\os_cpu_c.o
 .debug_loc     0x00002afe      0x3ee ..\obj\cpu_core.o
 .debug_loc     0x00002eec      0x658 ..\obj\stm32f4xx_usart.o
 .debug_loc     0x00003544      0x368 ..\obj\stm32f4xx_pwr.o
 .debug_loc     0x000038ac      0x2da ..\obj\os_flag.o
 .debug_loc     0x00003b86      0x578 ..\obj\stm32f4xx_can.o
 .debug_loc     0x000040fe      0x188 ..\obj\os_tick.o
 .debug_loc     0x00004286      0x19c ..\obj\stm32f4xx_wwdg.o
 .debug_loc     0x00004422       0x74 ..\obj\stm32f4xx_hash_md5.o
 .debug_loc     0x00004496      0x3ac ..\obj\stm32f4xx_dac.o
 .debug_loc     0x00004842      0x684 ..\obj\stm32f4xx_ltdc.o
 .debug_loc     0x00004ec6      0x118 ..\obj\os_msg.o
 .debug_loc     0x00004fde      0x544 ..\obj\lib_str.o
 .debug_loc     0x00005522      0x12c ..\obj\stm32f4xx_crc.o
 .debug_loc     0x0000564e      0x138 ..\obj\stm32f4xx_iwdg.o
 .debug_loc     0x00005786       0x70 ..\obj\main.o
 .debug_loc     0x000057f6      0xb3c ..\obj\stm32f4xx_rcc.o
 .debug_loc     0x00006332      0x232 ..\obj\serial_drv_stm32.o
 .debug_loc     0x00006564      0x380 ..\obj\lib_ascii.o
 .debug_loc     0x000068e4      0x838 ..\obj\stm32f4xx_adc.o
 .debug_loc     0x0000711c       0x38 ..\obj\os_dbg.o
 .debug_loc     0x00007154      0x330 ..\obj\stm32f4xx_dcmi.o
 .debug_loc     0x00007484      0x150 ..\obj\serial_line_tty.o
 .debug_loc     0x000075d4      0x26b ..\obj\os_sem.o
 .debug_loc     0x0000783f      0x232 ..\obj\serial_buf.o
 .debug_loc     0x00007a71       0xe0 ..\obj\os_prio.o
 .debug_loc     0x00007b51      0x118 ..\obj\bsp_os.o
 .debug_loc     0x00007c69      0x764 ..\obj\os_core.o
 .debug_loc     0x000083cd       0x74 ..\obj\stm32f4xx_cryp_des.o
 .debug_loc     0x00008441       0xe2 ..\obj\os_stat.o
 .debug_loc     0x00008523      0x404 ..\obj\stm32f4xx_cryp.o
 .debug_loc     0x00008927      0x41c ..\obj\stm32f4xx_fsmc.o
 .debug_loc     0x00008d43      0x150 ..\obj\serial_os.o
 .debug_loc     0x00008e93      0x118 ..\obj\os_mem.o
 .debug_loc     0x00008fab       0xa8 ..\obj\bsp_periph.o
 .debug_loc     0x00009053      0x310 ..\obj\stm32f4xx_gpio.o
 .debug_loc     0x00009363      0x830 ..\obj\stm32f4xx_flash.o
 .debug_loc     0x00009b93       0xd4 ..\obj\lib_math.o
 .debug_loc     0x00009c67      0x578 ..\obj\stm32f4xx_sai.o
 .debug_loc     0x0000a1df       0x9c ..\obj\system_stm32f4xx.o
 .debug_loc     0x0000a27b      0x1ec ..\obj\syscalls.o
 .debug_loc     0x0000a467      0x428 ..\obj\stm32f4xx_dma.o
 .debug_loc     0x0000a88f       0xe0 ..\obj\serial_line_probe.o
 .debug_loc     0x0000a96f       0x2c ..\obj\os_cfg_app.o
 .debug_loc     0x0000a99b      0x26a ..\obj\os_q.o
 .debug_loc     0x0000ac05      0x5b0 ..\obj\os_task.o
 .debug_loc     0x0000b1b5      0x1f4 ..\obj\os_app_hooks.o
 .debug_loc     0x0000b3a9      0x1fa ..\obj\os_mutex.o
 .debug_loc     0x0000b5a3      0x578 ..\obj\stm32f4xx_spi.o
 .debug_loc     0x0000bb1b      0x230 ..\obj\bsp.o
 .debug_loc     0x0000bd4b      0x7a8 ..\obj\stm32f4xx_i2c.o
 .debug_loc     0x0000c4f3      0x7e0 ..\obj\serial_bsp_stm3240x.o
 .debug_loc     0x0000ccd3      0x1a8 ..\obj\stm32f4xx_rng.o
 .debug_loc     0x0000ce7b      0x1b4 ..\obj\stm32f4xx_exti.o
 .debug_loc     0x0000d02f      0x311 ..\obj\os_tmr.o
 .debug_loc     0x0000d340      0x118 ..\obj\misc.o
 .debug_loc     0x0000d458      0x712 ..\obj\serial.o
 .debug_loc     0x0000db6a       0xe0 ..\obj\serial_line_dflt.o
 .debug_loc     0x0000dc4a      0xc48 ..\obj\stm32f4xx_rtc.o
 .debug_loc     0x0000e892       0x74 ..\obj\stm32f4xx_cryp_tdes.o
 .debug_loc     0x0000e906     0x1420 ..\obj\stm32f4xx_tim.o
 .debug_loc     0x0000fd26      0x100 ..\obj\stm32f4xx_dbgmcu.o

.debug_aranges  0x00000000     0x2ce8
 .debug_aranges
                0x00000000       0x38 ..\obj\os_pend_multi.o
 .debug_aranges
                0x00000038       0x50 ..\obj\stm32f4xx_syscfg.o
 .debug_aranges
                0x00000088       0x20 ..\obj\cpu_a.o
 .debug_aranges
                0x000000a8       0x48 ..\obj\os_time.o
 .debug_aranges
                0x000000f0       0x20 ..\obj\os_cpu_a.o
 .debug_aranges
                0x00000110      0x108 ..\obj\stm32f4xx_sdio.o
 .debug_aranges
                0x00000218      0x2f0 ..\obj\bsp_int.o
 .debug_aranges
                0x00000508       0x40 ..\obj\stm32f4xx_cryp_aes.o
 .debug_aranges
                0x00000548       0x50 ..\obj\cpu_c.o
 .debug_aranges
                0x00000598       0xa8 ..\obj\stm32f4xx_hash.o
 .debug_aranges
                0x00000640       0xb0 ..\obj\stm32f4xx_dma2d.o
 .debug_aranges
                0x000006f0       0xa8 ..\obj\lib_mem.o
 .debug_aranges
                0x00000798       0x28 ..\obj\stm32f4xx_hash_sha1.o
 .debug_aranges
                0x000007c0       0x70 ..\obj\os_cpu_c.o
 .debug_aranges
                0x00000830       0xb0 ..\obj\cpu_core.o
 .debug_aranges
                0x000008e0      0x100 ..\obj\stm32f4xx_usart.o
 .debug_aranges
                0x000009e0       0x98 ..\obj\stm32f4xx_pwr.o
 .debug_aranges
                0x00000a78       0x80 ..\obj\os_flag.o
 .debug_aranges
                0x00000af8       0xe0 ..\obj\stm32f4xx_can.o
 .debug_aranges
                0x00000bd8       0x50 ..\obj\os_tick.o
 .debug_aranges
                0x00000c28       0x58 ..\obj\stm32f4xx_wwdg.o
 .debug_aranges
                0x00000c80       0x28 ..\obj\stm32f4xx_hash_md5.o
 .debug_aranges
                0x00000ca8       0xa0 ..\obj\stm32f4xx_dac.o
 .debug_aranges
                0x00000d48      0x108 ..\obj\stm32f4xx_ltdc.o
 .debug_aranges
                0x00000e50       0x40 ..\obj\os_msg.o
 .debug_aranges
                0x00000e90       0xd8 ..\obj\lib_str.o
 .debug_aranges
                0x00000f68       0x48 ..\obj\stm32f4xx_crc.o
 .debug_aranges
                0x00000fb0       0x48 ..\obj\stm32f4xx_iwdg.o
 .debug_aranges
                0x00000ff8       0x28 ..\obj\main.o
 .debug_aranges
                0x00001020      0x1b8 ..\obj\stm32f4xx_rcc.o
 .debug_aranges
                0x000011d8       0x68 ..\obj\serial_drv_stm32.o
 .debug_aranges
                0x00001240       0x98 ..\obj\lib_ascii.o
 .debug_aranges
                0x000012d8      0x148 ..\obj\stm32f4xx_adc.o
 .debug_aranges
                0x00001420       0x20 ..\obj\os_dbg.o
 .debug_aranges
                0x00001440       0x90 ..\obj\stm32f4xx_dcmi.o
 .debug_aranges
                0x000014d0       0x48 ..\obj\serial_line_tty.o
 .debug_aranges
                0x00001518       0x70 ..\obj\os_sem.o
 .debug_aranges
                0x00001588       0x68 ..\obj\serial_buf.o
 .debug_aranges
                0x000015f0       0x38 ..\obj\os_prio.o
 .debug_aranges
                0x00001628       0x40 ..\obj\bsp_os.o
 .debug_aranges
                0x00001668      0x128 ..\obj\os_core.o
 .debug_aranges
                0x00001790       0x28 ..\obj\stm32f4xx_cryp_des.o
 .debug_aranges
                0x000017b8       0x38 ..\obj\os_stat.o
 .debug_aranges
                0x000017f0       0xb0 ..\obj\stm32f4xx_cryp.o
 .debug_aranges
                0x000018a0       0xb0 ..\obj\stm32f4xx_fsmc.o
 .debug_aranges
                0x00001950       0x48 ..\obj\serial_os.o
 .debug_aranges
                0x00001998       0x40 ..\obj\os_mem.o
 .debug_aranges
                0x000019d8       0x30 ..\obj\bsp_periph.o
 .debug_aranges
                0x00001a08       0x88 ..\obj\stm32f4xx_gpio.o
 .debug_aranges
                0x00001a90      0x158 ..\obj\stm32f4xx_flash.o
 .debug_aranges
                0x00001be8       0x38 ..\obj\lib_math.o
 .debug_aranges
                0x00001c20       0xe0 ..\obj\stm32f4xx_sai.o
 .debug_aranges
                0x00001d00       0x30 ..\obj\system_stm32f4xx.o
 .debug_aranges
                0x00001d30       0x60 ..\obj\syscalls.o
 .debug_aranges
                0x00001d90       0xb0 ..\obj\stm32f4xx_dma.o
 .debug_aranges
                0x00001e40       0x38 ..\obj\serial_line_probe.o
 .debug_aranges
                0x00001e78       0x20 ..\obj\os_cfg_app.o
 .debug_aranges
                0x00001e98       0x70 ..\obj\os_q.o
 .debug_aranges
                0x00001f08       0xe8 ..\obj\os_task.o
 .debug_aranges
                0x00001ff0       0x68 ..\obj\os_app_hooks.o
 .debug_aranges
                0x00002058       0x58 ..\obj\cstartup.o
 .debug_aranges
                0x000020b0       0x60 ..\obj\os_mutex.o
 .debug_aranges
                0x00002110       0xe0 ..\obj\stm32f4xx_spi.o
 .debug_aranges
                0x000021f0       0x68 ..\obj\bsp.o
 .debug_aranges
                0x00002258      0x130 ..\obj\stm32f4xx_i2c.o
 .debug_aranges
                0x00002388      0x138 ..\obj\serial_bsp_stm3240x.o
 .debug_aranges
                0x000024c0       0x58 ..\obj\stm32f4xx_rng.o
 .debug_aranges
                0x00002518       0x58 ..\obj\stm32f4xx_exti.o
 .debug_aranges
                0x00002570       0x88 ..\obj\os_tmr.o
 .debug_aranges
                0x000025f8       0x40 ..\obj\misc.o
 .debug_aranges
                0x00002638      0x118 ..\obj\serial.o
 .debug_aranges
                0x00002750       0x38 ..\obj\serial_line_dflt.o
 .debug_aranges
                0x00002788      0x1e0 ..\obj\stm32f4xx_rtc.o
 .debug_aranges
                0x00002968       0x20 ..\obj\lib_mem_a.o
 .debug_aranges
                0x00002988       0x28 ..\obj\stm32f4xx_cryp_tdes.o
 .debug_aranges
                0x000029b0      0x2f8 ..\obj\stm32f4xx_tim.o
 .debug_aranges
                0x00002ca8       0x40 ..\obj\stm32f4xx_dbgmcu.o

.debug_ranges   0x00000000     0x27f0
 .debug_ranges  0x00000000       0x28 ..\obj\os_pend_multi.o
 .debug_ranges  0x00000028       0x40 ..\obj\stm32f4xx_syscfg.o
 .debug_ranges  0x00000068       0x38 ..\obj\os_time.o
 .debug_ranges  0x000000a0       0xf8 ..\obj\stm32f4xx_sdio.o
 .debug_ranges  0x00000198      0x2e0 ..\obj\bsp_int.o
 .debug_ranges  0x00000478       0x30 ..\obj\stm32f4xx_cryp_aes.o
 .debug_ranges  0x000004a8       0x40 ..\obj\cpu_c.o
 .debug_ranges  0x000004e8       0x98 ..\obj\stm32f4xx_hash.o
 .debug_ranges  0x00000580       0xa0 ..\obj\stm32f4xx_dma2d.o
 .debug_ranges  0x00000620       0x98 ..\obj\lib_mem.o
 .debug_ranges  0x000006b8       0x18 ..\obj\stm32f4xx_hash_sha1.o
 .debug_ranges  0x000006d0       0x60 ..\obj\os_cpu_c.o
 .debug_ranges  0x00000730       0xa0 ..\obj\cpu_core.o
 .debug_ranges  0x000007d0       0xf0 ..\obj\stm32f4xx_usart.o
 .debug_ranges  0x000008c0       0x88 ..\obj\stm32f4xx_pwr.o
 .debug_ranges  0x00000948       0x70 ..\obj\os_flag.o
 .debug_ranges  0x000009b8       0xd0 ..\obj\stm32f4xx_can.o
 .debug_ranges  0x00000a88       0x40 ..\obj\os_tick.o
 .debug_ranges  0x00000ac8       0x48 ..\obj\stm32f4xx_wwdg.o
 .debug_ranges  0x00000b10       0x18 ..\obj\stm32f4xx_hash_md5.o
 .debug_ranges  0x00000b28       0x90 ..\obj\stm32f4xx_dac.o
 .debug_ranges  0x00000bb8       0xf8 ..\obj\stm32f4xx_ltdc.o
 .debug_ranges  0x00000cb0       0x30 ..\obj\os_msg.o
 .debug_ranges  0x00000ce0       0xc8 ..\obj\lib_str.o
 .debug_ranges  0x00000da8       0x38 ..\obj\stm32f4xx_crc.o
 .debug_ranges  0x00000de0       0x38 ..\obj\stm32f4xx_iwdg.o
 .debug_ranges  0x00000e18       0x18 ..\obj\main.o
 .debug_ranges  0x00000e30      0x1a8 ..\obj\stm32f4xx_rcc.o
 .debug_ranges  0x00000fd8       0x58 ..\obj\serial_drv_stm32.o
 .debug_ranges  0x00001030       0x88 ..\obj\lib_ascii.o
 .debug_ranges  0x000010b8      0x138 ..\obj\stm32f4xx_adc.o
 .debug_ranges  0x000011f0       0x10 ..\obj\os_dbg.o
 .debug_ranges  0x00001200       0x80 ..\obj\stm32f4xx_dcmi.o
 .debug_ranges  0x00001280       0x38 ..\obj\serial_line_tty.o
 .debug_ranges  0x000012b8       0x60 ..\obj\os_sem.o
 .debug_ranges  0x00001318       0x58 ..\obj\serial_buf.o
 .debug_ranges  0x00001370       0x28 ..\obj\os_prio.o
 .debug_ranges  0x00001398       0x30 ..\obj\bsp_os.o
 .debug_ranges  0x000013c8      0x118 ..\obj\os_core.o
 .debug_ranges  0x000014e0       0x18 ..\obj\stm32f4xx_cryp_des.o
 .debug_ranges  0x000014f8       0x28 ..\obj\os_stat.o
 .debug_ranges  0x00001520       0xa0 ..\obj\stm32f4xx_cryp.o
 .debug_ranges  0x000015c0       0xa0 ..\obj\stm32f4xx_fsmc.o
 .debug_ranges  0x00001660       0x38 ..\obj\serial_os.o
 .debug_ranges  0x00001698       0x30 ..\obj\os_mem.o
 .debug_ranges  0x000016c8       0x20 ..\obj\bsp_periph.o
 .debug_ranges  0x000016e8       0x78 ..\obj\stm32f4xx_gpio.o
 .debug_ranges  0x00001760      0x148 ..\obj\stm32f4xx_flash.o
 .debug_ranges  0x000018a8       0x28 ..\obj\lib_math.o
 .debug_ranges  0x000018d0       0xd0 ..\obj\stm32f4xx_sai.o
 .debug_ranges  0x000019a0       0x20 ..\obj\system_stm32f4xx.o
 .debug_ranges  0x000019c0       0x50 ..\obj\syscalls.o
 .debug_ranges  0x00001a10       0xa0 ..\obj\stm32f4xx_dma.o
 .debug_ranges  0x00001ab0       0x28 ..\obj\serial_line_probe.o
 .debug_ranges  0x00001ad8       0x10 ..\obj\os_cfg_app.o
 .debug_ranges  0x00001ae8       0x60 ..\obj\os_q.o
 .debug_ranges  0x00001b48       0xd8 ..\obj\os_task.o
 .debug_ranges  0x00001c20       0x58 ..\obj\os_app_hooks.o
 .debug_ranges  0x00001c78       0x50 ..\obj\cstartup.o
 .debug_ranges  0x00001cc8       0x50 ..\obj\os_mutex.o
 .debug_ranges  0x00001d18       0xd0 ..\obj\stm32f4xx_spi.o
 .debug_ranges  0x00001de8       0x58 ..\obj\bsp.o
 .debug_ranges  0x00001e40      0x120 ..\obj\stm32f4xx_i2c.o
 .debug_ranges  0x00001f60      0x128 ..\obj\serial_bsp_stm3240x.o
 .debug_ranges  0x00002088       0x48 ..\obj\stm32f4xx_rng.o
 .debug_ranges  0x000020d0       0x48 ..\obj\stm32f4xx_exti.o
 .debug_ranges  0x00002118       0x78 ..\obj\os_tmr.o
 .debug_ranges  0x00002190       0x30 ..\obj\misc.o
 .debug_ranges  0x000021c0      0x108 ..\obj\serial.o
 .debug_ranges  0x000022c8       0x28 ..\obj\serial_line_dflt.o
 .debug_ranges  0x000022f0      0x1d0 ..\obj\stm32f4xx_rtc.o
 .debug_ranges  0x000024c0       0x18 ..\obj\stm32f4xx_cryp_tdes.o
 .debug_ranges  0x000024d8      0x2e8 ..\obj\stm32f4xx_tim.o
 .debug_ranges  0x000027c0       0x30 ..\obj\stm32f4xx_dbgmcu.o

.debug_line     0x00000000    0x16c26
 .debug_line    0x00000000      0x1d3 ..\obj\os_pend_multi.o
 .debug_line    0x000001d3      0x2d7 ..\obj\stm32f4xx_syscfg.o
 .debug_line    0x000004aa       0x92 ..\obj\cpu_a.o
 .debug_line    0x0000053c      0x218 ..\obj\os_time.o
 .debug_line    0x00000754       0xb8 ..\obj\os_cpu_a.o
 .debug_line    0x0000080c      0x6e7 ..\obj\stm32f4xx_sdio.o
 .debug_line    0x00000ef3      0x79f ..\obj\bsp_int.o
 .debug_line    0x00001692      0xcca ..\obj\stm32f4xx_cryp_aes.o
 .debug_line    0x0000235c      0x200 ..\obj\cpu_c.o
 .debug_line    0x0000255c      0x42b ..\obj\stm32f4xx_hash.o
 .debug_line    0x00002987      0x623 ..\obj\stm32f4xx_dma2d.o
 .debug_line    0x00002faa      0x5c2 ..\obj\lib_mem.o
 .debug_line    0x0000356c      0x35c ..\obj\stm32f4xx_hash_sha1.o
 .debug_line    0x000038c8      0x23b ..\obj\os_cpu_c.o
 .debug_line    0x00003b03      0x28e ..\obj\cpu_core.o
 .debug_line    0x00003d91      0xb73 ..\obj\stm32f4xx_usart.o
 .debug_line    0x00004904      0x410 ..\obj\stm32f4xx_pwr.o
 .debug_line    0x00004d14      0x38c ..\obj\os_flag.o
 .debug_line    0x000050a0      0x922 ..\obj\stm32f4xx_can.o
 .debug_line    0x000059c2      0x262 ..\obj\os_tick.o
 .debug_line    0x00005c24      0x255 ..\obj\stm32f4xx_wwdg.o
 .debug_line    0x00005e79      0x33f ..\obj\stm32f4xx_hash_md5.o
 .debug_line    0x000061b8      0x562 ..\obj\stm32f4xx_dac.o
 .debug_line    0x0000671a      0x70b ..\obj\stm32f4xx_ltdc.o
 .debug_line    0x00006e25       0xe4 ..\obj\os_var.o
 .debug_line    0x00006f09      0x1d0 ..\obj\os_msg.o
 .debug_line    0x000070d9      0x555 ..\obj\lib_str.o
 .debug_line    0x0000762e      0x1ff ..\obj\stm32f4xx_crc.o
 .debug_line    0x0000782d      0x239 ..\obj\stm32f4xx_iwdg.o
 .debug_line    0x00007a66      0x2ba ..\obj\main.o
 .debug_line    0x00007d20      0xb3d ..\obj\stm32f4xx_rcc.o
 .debug_line    0x0000885d      0x256 ..\obj\serial_drv_stm32.o
 .debug_line    0x00008ab3      0x3eb ..\obj\lib_ascii.o
 .debug_line    0x00008e9e      0xc5a ..\obj\stm32f4xx_adc.o
 .debug_line    0x00009af8      0x147 ..\obj\os_dbg.o
 .debug_line    0x00009c3f      0x43f ..\obj\stm32f4xx_dcmi.o
 .debug_line    0x0000a07e      0x210 ..\obj\serial_line_tty.o
 .debug_line    0x0000a28e      0x2da ..\obj\os_sem.o
 .debug_line    0x0000a568      0x210 ..\obj\serial_buf.o
 .debug_line    0x0000a778      0x122 ..\obj\os_prio.o
 .debug_line    0x0000a89a      0x26b ..\obj\bsp_os.o
 .debug_line    0x0000ab05      0x5ed ..\obj\os_core.o
 .debug_line    0x0000b0f2      0x2d7 ..\obj\stm32f4xx_cryp_des.o
 .debug_line    0x0000b3c9      0x213 ..\obj\os_stat.o
 .debug_line    0x0000b5dc      0x4b3 ..\obj\stm32f4xx_cryp.o
 .debug_line    0x0000ba8f      0x7da ..\obj\stm32f4xx_fsmc.o
 .debug_line    0x0000c269      0x244 ..\obj\serial_os.o
 .debug_line    0x0000c4ad      0x17c ..\obj\os_mem.o
 .debug_line    0x0000c629      0x1ea ..\obj\bsp_periph.o
 .debug_line    0x0000c813      0x88f ..\obj\stm32f4xx_gpio.o
 .debug_line    0x0000d0a2      0x826 ..\obj\stm32f4xx_flash.o
 .debug_line    0x0000d8c8       0xfc ..\obj\lib_math.o
 .debug_line    0x0000d9c4      0x752 ..\obj\stm32f4xx_sai.o
 .debug_line    0x0000e116      0x239 ..\obj\system_stm32f4xx.o
 .debug_line    0x0000e34f      0x1a0 ..\obj\syscalls.o
 .debug_line    0x0000e4ef      0xcb7 ..\obj\stm32f4xx_dma.o
 .debug_line    0x0000f1a6      0x223 ..\obj\serial_line_probe.o
 .debug_line    0x0000f3c9      0x107 ..\obj\os_cfg_app.o
 .debug_line    0x0000f4d0      0x2d6 ..\obj\os_q.o
 .debug_line    0x0000f7a6      0x5d5 ..\obj\os_task.o
 .debug_line    0x0000fd7b      0x1d4 ..\obj\os_app_hooks.o
 .debug_line    0x0000ff4f       0xed ..\obj\cstartup.o
 .debug_line    0x0001003c      0x2d0 ..\obj\os_mutex.o
 .debug_line    0x0001030c      0x9c2 ..\obj\stm32f4xx_spi.o
 .debug_line    0x00010cce      0x3b8 ..\obj\bsp.o
 .debug_line    0x00011086      0xa12 ..\obj\stm32f4xx_i2c.o
 .debug_line    0x00011a98      0x5a1 ..\obj\serial_bsp_stm3240x.o
 .debug_line    0x00012039      0x270 ..\obj\stm32f4xx_rng.o
 .debug_line    0x000122a9      0x3c5 ..\obj\stm32f4xx_exti.o
 .debug_line    0x0001266e      0x398 ..\obj\os_tmr.o
 .debug_line    0x00012a06      0x29c ..\obj\misc.o
 .debug_line    0x00012ca2      0x715 ..\obj\serial.o
 .debug_line    0x000133b7       0x1d ..\obj\os_int.o
 .debug_line    0x000133d4      0x161 ..\obj\serial_line_dflt.o
 .debug_line    0x00013535      0xe0d ..\obj\stm32f4xx_rtc.o
 .debug_line    0x00014342      0x11a ..\obj\lib_mem_a.o
 .debug_line    0x0001445c      0x348 ..\obj\stm32f4xx_cryp_tdes.o
 .debug_line    0x000147a4     0x2252 ..\obj\stm32f4xx_tim.o
 .debug_line    0x000169f6      0x230 ..\obj\stm32f4xx_dbgmcu.o

.debug_str      0x00000000     0xd9d4
 .debug_str     0x00000000     0x11ef ..\obj\os_pend_multi.o
                               0x12a4 (size before relaxing)
 .debug_str     0x000011ef      0x1be ..\obj\stm32f4xx_syscfg.o
                                0x2ae (size before relaxing)
 .debug_str     0x000013ad      0x13b ..\obj\os_time.o
                               0x12f0 (size before relaxing)
 .debug_str     0x000014e8      0x497 ..\obj\stm32f4xx_sdio.o
                                0x5e0 (size before relaxing)
 .debug_str     0x0000197f      0x849 ..\obj\bsp_int.o
                                0x961 (size before relaxing)
 .debug_str     0x000021c8      0x31a ..\obj\stm32f4xx_cryp_aes.o
                                0x443 (size before relaxing)
 .debug_str     0x000024e2      0x105 ..\obj\cpu_c.o
                                0x200 (size before relaxing)
 .debug_str     0x000025e7      0x293 ..\obj\stm32f4xx_hash.o
                                0x3f0 (size before relaxing)
 .debug_str     0x0000287a      0x584 ..\obj\stm32f4xx_dma2d.o
                                0x6e8 (size before relaxing)
 .debug_str     0x00002dfe      0x827 ..\obj\lib_mem.o
                                0x988 (size before relaxing)
 .debug_str     0x00003625       0xb4 ..\obj\stm32f4xx_hash_sha1.o
                                0x285 (size before relaxing)
 .debug_str     0x000036d9      0x238 ..\obj\os_cpu_c.o
                                0x783 (size before relaxing)
 .debug_str     0x00003911      0x247 ..\obj\cpu_core.o
                                0x36f (size before relaxing)
 .debug_str     0x00003b58      0x4b6 ..\obj\stm32f4xx_usart.o
                                0x624 (size before relaxing)
 .debug_str     0x0000400e      0x228 ..\obj\stm32f4xx_pwr.o
                                0x36f (size before relaxing)
 .debug_str     0x00004236      0x199 ..\obj\os_flag.o
                               0x1378 (size before relaxing)
 .debug_str     0x000043cf      0x51d ..\obj\stm32f4xx_can.o
                                0x6d3 (size before relaxing)
 .debug_str     0x000048ec      0x1bc ..\obj\os_tick.o
                               0x136d (size before relaxing)
 .debug_str     0x00004aa8       0xdf ..\obj\stm32f4xx_wwdg.o
                                0x217 (size before relaxing)
 .debug_str     0x00004b87       0x84 ..\obj\stm32f4xx_hash_md5.o
                                0x280 (size before relaxing)
 .debug_str     0x00004c0b      0x296 ..\obj\stm32f4xx_dac.o
                                0x3e8 (size before relaxing)
 .debug_str     0x00004ea1      0x804 ..\obj\stm32f4xx_ltdc.o
                                0x9bd (size before relaxing)
 .debug_str     0x000056a5      0x31f ..\obj\os_var.o
                                0xa09 (size before relaxing)
 .debug_str     0x000059c4       0xd9 ..\obj\os_msg.o
                                0xf06 (size before relaxing)
 .debug_str     0x00005a9d      0x48d ..\obj\lib_str.o
                                0x5dc (size before relaxing)
 .debug_str     0x00005f2a       0xcb ..\obj\stm32f4xx_crc.o
                                0x1e0 (size before relaxing)
 .debug_str     0x00005ff5       0xe3 ..\obj\stm32f4xx_iwdg.o
                                0x201 (size before relaxing)
 .debug_str     0x000060d8      0x22a ..\obj\main.o
                               0x141c (size before relaxing)
 .debug_str     0x00006302      0x709 ..\obj\stm32f4xx_rcc.o
                                0x92a (size before relaxing)
 .debug_str     0x00006a0b      0x27b ..\obj\serial_drv_stm32.o
                                0x4a9 (size before relaxing)
 .debug_str     0x00006c86      0x15b ..\obj\lib_ascii.o
                                0x25c (size before relaxing)
 .debug_str     0x00006de1      0x611 ..\obj\stm32f4xx_adc.o
                                0x799 (size before relaxing)
 .debug_str     0x000073f2      0x516 ..\obj\os_dbg.o
                                0xeec (size before relaxing)
 .debug_str     0x00007908      0x310 ..\obj\stm32f4xx_dcmi.o
                                0x46e (size before relaxing)
 .debug_str     0x00007c18      0x12d ..\obj\serial_line_tty.o
                                0x653 (size before relaxing)
 .debug_str     0x00007d45       0xcd ..\obj\os_sem.o
                               0x12ff (size before relaxing)
 .debug_str     0x00007e12      0x14b ..\obj\serial_buf.o
                                0x2af (size before relaxing)
 .debug_str     0x00007f5d       0x7d ..\obj\os_prio.o
                                0x17f (size before relaxing)
 .debug_str     0x00007fda       0xd4 ..\obj\bsp_os.o
                               0x12d1 (size before relaxing)
 .debug_str     0x000080ae      0x2c3 ..\obj\os_core.o
                               0x16a8 (size before relaxing)
 .debug_str     0x00008371       0x63 ..\obj\stm32f4xx_cryp_des.o
                                0x360 (size before relaxing)
 .debug_str     0x000083d4      0x139 ..\obj\os_stat.o
                               0x143c (size before relaxing)
 .debug_str     0x0000850d      0x35f ..\obj\stm32f4xx_cryp.o
                                0x645 (size before relaxing)
 .debug_str     0x0000886c      0x5d6 ..\obj\stm32f4xx_fsmc.o
                                0x731 (size before relaxing)
 .debug_str     0x00008e42       0xd9 ..\obj\serial_os.o
                               0x15a2 (size before relaxing)
 .debug_str     0x00008f1b       0x9a ..\obj\os_mem.o
                                0xee3 (size before relaxing)
 .debug_str     0x00008fb5       0x7d ..\obj\bsp_periph.o
                                0x1cb (size before relaxing)
 .debug_str     0x00009032      0x183 ..\obj\stm32f4xx_gpio.o
                                0x438 (size before relaxing)
 .debug_str     0x000091b5      0x4c8 ..\obj\stm32f4xx_flash.o
                                0x629 (size before relaxing)
 .debug_str     0x0000967d       0x93 ..\obj\lib_math.o
                                0x170 (size before relaxing)
 .debug_str     0x00009710      0x40d ..\obj\stm32f4xx_sai.o
                                0x56b (size before relaxing)
 .debug_str     0x00009b1d       0xb0 ..\obj\system_stm32f4xx.o
                                0x372 (size before relaxing)
 .debug_str     0x00009bcd      0x157 ..\obj\syscalls.o
                                0x288 (size before relaxing)
 .debug_str     0x00009d24      0x37f ..\obj\stm32f4xx_dma.o
                                0x4e9 (size before relaxing)
 .debug_str     0x0000a0a3       0xb4 ..\obj\serial_line_probe.o
                                0x64e (size before relaxing)
 .debug_str     0x0000a157      0x2c2 ..\obj\os_cfg_app.o
                                0x9cc (size before relaxing)
 .debug_str     0x0000a419       0xd8 ..\obj\os_q.o
                               0x130c (size before relaxing)
 .debug_str     0x0000a4f1      0x205 ..\obj\os_task.o
                               0x14c7 (size before relaxing)
 .debug_str     0x0000a6f6       0xf3 ..\obj\os_app_hooks.o
                                0x6ca (size before relaxing)
 .debug_str     0x0000a7e9       0xf0 ..\obj\os_mutex.o
                               0x1340 (size before relaxing)
 .debug_str     0x0000a8d9      0x3a8 ..\obj\stm32f4xx_spi.o
                                0x632 (size before relaxing)
 .debug_str     0x0000ac81      0x110 ..\obj\bsp.o
                                0x4a3 (size before relaxing)
 .debug_str     0x0000ad91      0x406 ..\obj\stm32f4xx_i2c.o
                                0x647 (size before relaxing)
 .debug_str     0x0000b197      0x6b4 ..\obj\serial_bsp_stm3240x.o
                                0xbb4 (size before relaxing)
 .debug_str     0x0000b84b       0xda ..\obj\stm32f4xx_rng.o
                                0x219 (size before relaxing)
 .debug_str     0x0000b925      0x1c8 ..\obj\stm32f4xx_exti.o
                                0x307 (size before relaxing)
 .debug_str     0x0000baed      0x168 ..\obj\os_tmr.o
                               0x14bf (size before relaxing)
 .debug_str     0x0000bc55      0x1c1 ..\obj\misc.o
                                0x36e (size before relaxing)
 .debug_str     0x0000be16      0x4fe ..\obj\serial.o
                                0xbff (size before relaxing)
 .debug_str     0x0000c314       0x3c ..\obj\os_int.o
                                0x100 (size before relaxing)
 .debug_str     0x0000c350       0x48 ..\obj\serial_line_dflt.o
                                0x38d (size before relaxing)
 .debug_str     0x0000c398      0x95f ..\obj\stm32f4xx_rtc.o
                                0xae8 (size before relaxing)
 .debug_str     0x0000ccf7       0xb3 ..\obj\stm32f4xx_cryp_tdes.o
                                0x366 (size before relaxing)
 .debug_str     0x0000cdaa      0xb53 ..\obj\stm32f4xx_tim.o
                                0xd65 (size before relaxing)
 .debug_str     0x0000d8fd       0xd7 ..\obj\stm32f4xx_dbgmcu.o
                                0x1f2 (size before relaxing)

.debug_frame    0x00000000     0x98b0
 .debug_frame   0x00000000       0x8c ..\obj\os_pend_multi.o
 .debug_frame   0x0000008c       0xe8 ..\obj\stm32f4xx_syscfg.o
 .debug_frame   0x00000174       0xd0 ..\obj\os_time.o
 .debug_frame   0x00000244      0x394 ..\obj\stm32f4xx_sdio.o
 .debug_frame   0x000005d8      0xa18 ..\obj\bsp_int.o
 .debug_frame   0x00000ff0       0xbc ..\obj\stm32f4xx_cryp_aes.o
 .debug_frame   0x000010ac       0xe8 ..\obj\cpu_c.o
 .debug_frame   0x00001194      0x220 ..\obj\stm32f4xx_hash.o
 .debug_frame   0x000013b4      0x250 ..\obj\stm32f4xx_dma2d.o
 .debug_frame   0x00001604      0x238 ..\obj\lib_mem.o
 .debug_frame   0x0000183c       0x50 ..\obj\stm32f4xx_hash_sha1.o
 .debug_frame   0x0000188c      0x154 ..\obj\os_cpu_c.o
 .debug_frame   0x000019e0      0x258 ..\obj\cpu_core.o
 .debug_frame   0x00001c38      0x3a8 ..\obj\stm32f4xx_usart.o
 .debug_frame   0x00001fe0      0x204 ..\obj\stm32f4xx_pwr.o
 .debug_frame   0x000021e4      0x1a4 ..\obj\os_flag.o
 .debug_frame   0x00002388      0x328 ..\obj\stm32f4xx_can.o
 .debug_frame   0x000026b0       0xe0 ..\obj\os_tick.o