Archive member included because of file (symbol)

c:/program files (x86)/gnu tools arm embedded/4.8 2014q2/bin/../lib/gcc/arm-none-eabi/4.8.4/armv7e-m/fpu\libgcc.a(_aeabi_uldivmod.o)
                              ..\obj\bsp.o (__aeabi_uldivmod)
c:/program files (x86)/gnu tools arm embedded/4.8 2014q2/bin/../lib/gcc/arm-none-eabi/4.8.4/armv7e-m/fpu\libgcc.a(bpabi.o)
                              c:/program files (x86)/gnu tools arm embedded/4.8 2014q2/bin/../lib/gcc/arm-none-eabi/4.8.4/armv7e-m/fpu\libgcc.a(_aeabi_uldivmod.o) (__gnu_uldivmod_helper)
c:/program files (x86)/gnu tools arm embedded/4.8 2014q2/bin/../lib/gcc/arm-none-eabi/4.8.4/armv7e-m/fpu\libgcc.a(_dvmd_tls.o)
                              c:/program files (x86)/gnu tools arm embedded/4.8 2014q2/bin/../lib/gcc/arm-none-eabi/4.8.4/armv7e-m/fpu\libgcc.a(_aeabi_uldivmod.o) (__aeabi_ldiv0)
c:/program files (x86)/gnu tools arm embedded/4.8 2014q2/bin/../lib/gcc/arm-none-eabi/4.8.4/armv7e-m/fpu\libgcc.a(_divdi3.o)
                              c:/program files (x86)/gnu tools arm embedded/4.8 2014q2/bin/../lib/gcc/arm-none-eabi/4.8.4/armv7e-m/fpu\libgcc.a(bpabi.o) (__divdi3)
c:/program files (x86)/gnu tools arm embedded/4.8 2014q2/bin/../lib/gcc/arm-none-eabi/4.8.4/armv7e-m/fpu\libgcc.a(_udivdi3.o)
                              c:/program files (x86)/gnu tools arm embedded/4.8 2014q2/bin/../lib/gcc/arm-none-eabi/4.8.4/armv7e-m/fpu\libgcc.a(bpabi.o) (__udivdi3)
..\..\..\..\..\..\..\..\..\Program Files (x86)\GNU Tools ARM Embedded\4.6 2012q2\arm-none-eabi\lib\armv7e-m\fpu\libg.a(lib_a-exit.o)
                              c:/program files (x86)/gnu tools arm embedded/4.8 2014q2/bin/../lib/gcc/arm-none-eabi/4.8.4/../../../../arm-none-eabi/lib/armv7e-m/fpu/crt0.o (exit)
..\..\..\..\..\..\..\..\..\Program Files (x86)\GNU Tools ARM Embedded\4.6 2012q2\arm-none-eabi\lib\armv7e-m\fpu\libg.a(lib_a-impure.o)
                              ..\..\..\..\..\..\..\..\..\Program Files (x86)\GNU Tools ARM Embedded\4.6 2012q2\arm-none-eabi\lib\armv7e-m\fpu\libg.a(lib_a-exit.o) (_global_impure_ptr)
..\..\..\..\..\..\..\..\..\Program Files (x86)\GNU Tools ARM Embedded\4.6 2012q2\arm-none-eabi\lib\armv7e-m\fpu\libg.a(lib_a-init.o)
                              c:/program files (x86)/gnu tools arm embedded/4.8 2014q2/bin/../lib/gcc/arm-none-eabi/4.8.4/../../../../arm-none-eabi/lib/armv7e-m/fpu/crt0.o (__libc_init_array)
..\..\..\..\..\..\..\..\..\Program Files (x86)\GNU Tools ARM Embedded\4.6 2012q2\arm-none-eabi\lib\armv7e-m\fpu\libg.a(lib_a-memset.o)
                              c:/program files (x86)/gnu tools arm embedded/4.8 2014q2/bin/../lib/gcc/arm-none-eabi/4.8.4/../../../../arm-none-eabi/lib/armv7e-m/fpu/crt0.o (memset)
..\..\..\..\..\..\..\..\..\Program Files (x86)\GNU Tools ARM Embedded\4.6 2012q2\arm-none-eabi\lib\armv7e-m\fpu\libg.a(lib_a-__call_atexit.o)
                              ..\..\..\..\..\..\..\..\..\Program Files (x86)\GNU Tools ARM Embedded\4.6 2012q2\arm-none-eabi\lib\armv7e-m\fpu\libg.a(lib_a-exit.o) (__call_exitprocs)
..\..\..\..\..\..\..\..\..\Program Files (x86)\GNU Tools ARM Embedded\4.6 2012q2\arm-none-eabi\lib\armv7e-m\fpu\libg.a(lib_a-atexit.o)
                              ..\..\..\..\..\..\..\..\..\Program Files (x86)\GNU Tools ARM Embedded\4.6 2012q2\arm-none-eabi\lib\armv7e-m\fpu\libg.a(lib_a-__call_atexit.o) (atexit)
..\..\..\..\..\..\..\..\..\Program Files (x86)\GNU Tools ARM Embedded\4.6 2012q2\arm-none-eabi\lib\armv7e-m\fpu\libg.a(lib_a-fini.o)
                              ..\..\..\..\..\..\..\..\..\Program Files (x86)\GNU Tools ARM Embedded\4.6 2012q2\arm-none-eabi\lib\armv7e-m\fpu\libg.a(lib_a-__call_atexit.o) (__libc_fini_array)
..\..\..\..\..\..\..\..\..\Program Files (x86)\GNU Tools ARM Embedded\4.6 2012q2\arm-none-eabi\lib\armv7e-m\fpu\libg.a(lib_a-__atexit.o)
                              ..\..\..\..\..\..\..\..\..\Program Files (x86)\GNU Tools ARM Embedded\4.6 2012q2\arm-none-eabi\lib\armv7e-m\fpu\libg.a(lib_a-atexit.o) (__register_exitproc)

Allocating common symbols
Common symbol       size              file

OSSchedLockNestingCtr
                    0x1               ..\obj\os_var.o
OS_AppTaskReturnHookPtr
                    0x4               ..\obj\os_var.o
OSStatTaskTimeMax   0x4               ..\obj\os_var.o
OSStatTaskCtr       0x4               ..\obj\os_var.o
OSTaskRegNextAvailID
                    0x1               ..\obj\os_var.o
OSRunning           0x1               ..\obj\os_var.o
OSRdyList           0x300             ..\obj\os_var.o
OSPrioHighRdy       0x1               ..\obj\os_var.o
OSStatTaskRdy       0x1               ..\obj\os_var.o
OSSemDbgListPtr     0x4               ..\obj\os_var.o
OS_AppTaskCreateHookPtr
                    0x4               ..\obj\os_var.o
OSCfg_StatTaskStk   0x200             ..\obj\os_cfg_app.o
OSCfg_TickWheel     0x80              ..\obj\os_cfg_app.o
OSPrioCur           0x1               ..\obj\os_var.o
OSTickTaskTCB       0xc0              ..\obj\os_var.o
[...]
Memory Configuration

Name             Origin             Length             Attributes
rom              0x08000000         0x00100000         xr
ram              0x20000000         0x00020000         xrw
ram1             0x10000000         0x00010000         xrw
*default*        0x00000000         0xffffffff

Linker script and memory map

LOAD c:/program files (x86)/gnu tools arm embedded/4.8 2014q2/bin/../lib/gcc/arm-none-eabi/4.8.4/armv7e-m/fpu/crti.o
LOAD c:/program files (x86)/gnu tools arm embedded/4.8 2014q2/bin/../lib/gcc/arm-none-eabi/4.8.4/armv7e-m/fpu/crtbegin.o
LOAD c:/program files (x86)/gnu tools arm embedded/4.8 2014q2/bin/../lib/gcc/arm-none-eabi/4.8.4/../../../../arm-none-eabi/lib/armv7e-m/fpu/crt0.o
                0x20020000                _eram = 0x20020000

.text           0x08000000     0x5164
 *(.isr_vector)
 .isr_vector    0x08000000      0x188 ..\obj\cstartup.o
                0x08000000                g_pfnVectors
 *(.text*)
 .text          0x08000188       0x54 c:/program files (x86)/gnu tools arm embedded/4.8 2014q2/bin/../lib/gcc/arm-none-eabi/4.8.4/armv7e-m/fpu/crtbegin.o
 .text          0x080001dc       0x34 ..\obj\cpu_a.o
                0x080001dc                CPU_IntDis
                0x080001e0                CPU_IntEn
                0x080001e4                CPU_SR_Save
                0x080001ec                CPU_SR_Restore
                0x080001f2                CPU_WaitForInt
                0x080001f6                CPU_WaitForExcept
                0x080001fa                CPU_CntLeadZeros
                0x08000200                CPU_CntTrailZeros
                0x0800020a                CPU_RevBits
 .text.OSTimeDly
                0x08000210       0xe4 ..\obj\os_time.o
                0x08000210                OSTimeDly
 .text.OSTimeDlyHMSM
                0x080002f4      0x204 ..\obj\os_time.o
                0x080002f4                OSTimeDlyHMSM
 .text.OSTimeTick
                0x080004f8       0x54 ..\obj\os_time.o
                0x080004f8                OSTimeTick
 .text          0x0800054c       0x9c ..\obj\os_cpu_a.o
                0x0800054c                OSStartHighRdy
                0x0800056c                OSCtxSw
                0x08000574                OSIntCtxSw
                0x0800057c                OS_CPU_PendSVHandler
 .text.BSP_IntDisAll
                0x080005e8        0xc ..\obj\bsp_int.o
                0x080005e8                BSP_IntDisAll
 .text.BSP_IntVectSet
                0x080005f4       0x34 ..\obj\bsp_int.o
                0x080005f4                BSP_IntVectSet
 .text.BSP_IntInit
                0x08000628       0x2c ..\obj\bsp_int.o
                0x08000628                BSP_IntInit
 .text.BSP_IntHandlerWWDG
                0x08000654        0xc ..\obj\bsp_int.o
                0x08000654                BSP_IntHandlerWWDG
 .text.BSP_IntHandlerPVD
                0x08000660        0xc ..\obj\bsp_int.o
                0x08000660                BSP_IntHandlerPVD
 .text.BSP_IntHandlerTAMP_STAMP
                0x0800066c        0xc ..\obj\bsp_int.o
                0x0800066c                BSP_IntHandlerTAMP_STAMP
 .text.BSP_IntHandlerRTC_WKUP
                0x08000678        0xc ..\obj\bsp_int.o
                0x08000678                BSP_IntHandlerRTC_WKUP
 .text.BSP_IntHandlerFLASH
                0x08000684        0xc ..\obj\bsp_int.o
                0x08000684                BSP_IntHandlerFLASH
 .text.BSP_IntHandlerRCC
                0x08000690        0xc ..\obj\bsp_int.o
                0x08000690                BSP_IntHandlerRCC
 .text.BSP_IntHandlerEXTI0
                0x0800069c        0xc ..\obj\bsp_int.o
                0x0800069c                BSP_IntHandlerEXTI0
 .text.BSP_IntHandlerEXTI1
                0x080006a8        0xc ..\obj\bsp_int.o
                0x080006a8                BSP_IntHandlerEXTI1
 .text.BSP_IntHandlerEXTI2
                0x080006b4        0xc ..\obj\bsp_int.o
                0x080006b4                BSP_IntHandlerEXTI2
 .text.BSP_IntHandlerEXTI3
                0x080006c0        0xc ..\obj\bsp_int.o
                0x080006c0                BSP_IntHandlerEXTI3
 .text.BSP_IntHandlerEXTI4
                0x080006cc        0xc ..\obj\bsp_int.o
                0x080006cc                BSP_IntHandlerEXTI4
 .text.BSP_IntHandlerDMA1_CH0
                0x080006d8        0xc ..\obj\bsp_int.o
                0x080006d8                BSP_IntHandlerDMA1_CH0
 .text.BSP_IntHandlerDMA1_CH1
                0x080006e4        0xc ..\obj\bsp_int.o
                0x080006e4                BSP_IntHandlerDMA1_CH1
 .text.BSP_IntHandlerDMA1_CH2
                0x080006f0        0xc ..\obj\bsp_int.o
                0x080006f0                BSP_IntHandlerDMA1_CH2
 .text.BSP_IntHandlerDMA1_CH3
                0x080006fc        0xc ..\obj\bsp_int.o
                0x080006fc                BSP_IntHandlerDMA1_CH3
 .text.BSP_IntHandlerDMA1_CH4
                0x08000708        0xc ..\obj\bsp_int.o
                0x08000708                BSP_IntHandlerDMA1_CH4
 .text.BSP_IntHandlerDMA1_CH5
                0x08000714        0xc ..\obj\bsp_int.o
                0x08000714                BSP_IntHandlerDMA1_CH5
 .text.BSP_IntHandlerDMA1_CH6
                0x08000720        0xc ..\obj\bsp_int.o
                0x08000720                BSP_IntHandlerDMA1_CH6
 .text.BSP_IntHandlerADC
                0x0800072c        0xc ..\obj\bsp_int.o
                0x0800072c                BSP_IntHandlerADC
 .text.BSP_IntHandlerCAN1_TX
                0x08000738        0xc ..\obj\bsp_int.o
                0x08000738                BSP_IntHandlerCAN1_TX
 .text.BSP_IntHandlerCAN1_RX0
                0x08000744        0xc ..\obj\bsp_int.o
                0x08000744                BSP_IntHandlerCAN1_RX0
 .text.BSP_IntHandlerCAN1_RX1
                0x08000750        0xc ..\obj\bsp_int.o
                0x08000750                BSP_IntHandlerCAN1_RX1
 .text.BSP_IntHandlerCAN1_SCE
                0x0800075c        0xc ..\obj\bsp_int.o
                0x0800075c                BSP_IntHandlerCAN1_SCE
 .text.BSP_IntHandlerEXTI9_5
                0x08000768        0xc ..\obj\bsp_int.o
                0x08000768                BSP_IntHandlerEXTI9_5
 .text.BSP_IntHandlerTIM1_BRK_TIM9
                0x08000774        0xc ..\obj\bsp_int.o
                0x08000774                BSP_IntHandlerTIM1_BRK_TIM9
 .text.BSP_IntHandlerTIM1_UP_TIM10
                0x08000780        0xc ..\obj\bsp_int.o
                0x08000780                BSP_IntHandlerTIM1_UP_TIM10
 .text.BSP_IntHandlerTIM1_TRG_COM_TIM11
                0x0800078c        0xc ..\obj\bsp_int.o
                0x0800078c                BSP_IntHandlerTIM1_TRG_COM_TIM11
 .text.BSP_IntHandlerTIM1_CC
                0x08000798        0xc ..\obj\bsp_int.o
                0x08000798                BSP_IntHandlerTIM1_CC
 .text.BSP_IntHandlerTIM2
                0x080007a4        0xc ..\obj\bsp_int.o
                0x080007a4                BSP_IntHandlerTIM2
 .text.BSP_IntHandlerTIM3
                0x080007b0        0xc ..\obj\bsp_int.o
                0x080007b0                BSP_IntHandlerTIM3
 .text.BSP_IntHandlerTIM4
                0x080007bc        0xc ..\obj\bsp_int.o
                0x080007bc                BSP_IntHandlerTIM4
 .text.BSP_IntHandlerI2C1_EV
                0x080007c8        0xc ..\obj\bsp_int.o
                0x080007c8                BSP_IntHandlerI2C1_EV
 .text.BSP_IntHandlerI2C1_ER
                0x080007d4        0xc ..\obj\bsp_int.o
                0x080007d4                BSP_IntHandlerI2C1_ER
 .text.BSP_IntHandlerI2C2_EV
                0x080007e0        0xc ..\obj\bsp_int.o
                0x080007e0                BSP_IntHandlerI2C2_EV
 .text.BSP_IntHandlerI2C2_ER
                0x080007ec        0xc ..\obj\bsp_int.o
                0x080007ec                BSP_IntHandlerI2C2_ER
 .text.BSP_IntHandlerSPI1
                0x080007f8        0xc ..\obj\bsp_int.o
                0x080007f8                BSP_IntHandlerSPI1
 .text.BSP_IntHandlerSPI2
                0x08000804        0xc ..\obj\bsp_int.o
                0x08000804                BSP_IntHandlerSPI2
 .text.BSP_IntHandlerUSART1
                0x08000810        0xc ..\obj\bsp_int.o
                0x08000810                BSP_IntHandlerUSART1
 .text.BSP_IntHandlerUSART2
                0x0800081c        0xc ..\obj\bsp_int.o
                0x0800081c                BSP_IntHandlerUSART2
 .text.BSP_IntHandlerUSART3
                0x08000828        0xc ..\obj\bsp_int.o
                0x08000828                BSP_IntHandlerUSART3
 .text.BSP_IntHandlerEXTI15_10
                0x08000834        0xc ..\obj\bsp_int.o
                0x08000834                BSP_IntHandlerEXTI15_10
 .text.BSP_IntHandlerRTCAlarm
                0x08000840        0xc ..\obj\bsp_int.o
                0x08000840                BSP_IntHandlerRTCAlarm
 .text.BSP_IntHandlerOTG_FS_WKUP
                0x0800084c        0xc ..\obj\bsp_int.o
                0x0800084c                BSP_IntHandlerOTG_FS_WKUP
 .text.BSP_IntHandlerTIM8_BRK_TIM12
                0x08000858        0xc ..\obj\bsp_int.o
                0x08000858                BSP_IntHandlerTIM8_BRK_TIM12
 .text.BSP_IntHandlerTIM8_UP_TIM13
                0x08000864        0xc ..\obj\bsp_int.o
                0x08000864                BSP_IntHandlerTIM8_UP_TIM13
 .text.BSP_IntHandlerTIM8_TRG_COM_TIM14
                0x08000870        0xc ..\obj\bsp_int.o
                0x08000870                BSP_IntHandlerTIM8_TRG_COM_TIM14
 .text.BSP_IntHandlerTIM8_CC
                0x0800087c        0xc ..\obj\bsp_int.o
                0x0800087c                BSP_IntHandlerTIM8_CC
 .text.BSP_IntHandlerDMA1_STREAM7
                0x08000888        0xc ..\obj\bsp_int.o
                0x08000888                BSP_IntHandlerDMA1_STREAM7
 .text.BSP_IntHandlerFSMC
                0x08000894        0xc ..\obj\bsp_int.o
                0x08000894                BSP_IntHandlerFSMC
 .text.BSP_IntHandlerSDIO
                0x080008a0        0xc ..\obj\bsp_int.o
                0x080008a0                BSP_IntHandlerSDIO
 .text.BSP_IntHandlerTIM5
                0x080008ac        0xc ..\obj\bsp_int.o
                0x080008ac                BSP_IntHandlerTIM5
 .text.BSP_IntHandlerSPI3
                0x080008b8        0xc ..\obj\bsp_int.o
                0x080008b8                BSP_IntHandlerSPI3
 .text.BSP_IntHandlerUSART4
                0x080008c4        0xc ..\obj\bsp_int.o
                0x080008c4                BSP_IntHandlerUSART4
 .text.BSP_IntHandlerUSART5
                0x080008d0        0xc ..\obj\bsp_int.o
                0x080008d0                BSP_IntHandlerUSART5
 .text.BSP_IntHandlerTIM6_DAC
                0x080008dc        0xc ..\obj\bsp_int.o
                0x080008dc                BSP_IntHandlerTIM6_DAC
 .text.BSP_IntHandlerTIM7
                0x080008e8        0xc ..\obj\bsp_int.o
                0x080008e8                BSP_IntHandlerTIM7
 .text.BSP_IntHandlerDMA2_CH0
                0x080008f4        0xc ..\obj\bsp_int.o
                0x080008f4                BSP_IntHandlerDMA2_CH0
 .text.BSP_IntHandlerDMA2_CH1
                0x08000900        0xc ..\obj\bsp_int.o
                0x08000900                BSP_IntHandlerDMA2_CH1
 .text.BSP_IntHandlerDMA2_CH2
                0x0800090c        0xc ..\obj\bsp_int.o
                0x0800090c                BSP_IntHandlerDMA2_CH2
 .text.BSP_IntHandlerDMA2_CH3
                0x08000918        0xc ..\obj\bsp_int.o
                0x08000918                BSP_IntHandlerDMA2_CH3
 .text.BSP_IntHandlerDMA2_CH4
                0x08000924        0xc ..\obj\bsp_int.o
                0x08000924                BSP_IntHandlerDMA2_CH4
 .text.BSP_IntHandlerETH
                0x08000930        0xc ..\obj\bsp_int.o
                0x08000930                BSP_IntHandlerETH
 .text.BSP_IntHandlerETHWakeup
                0x0800093c        0xc ..\obj\bsp_int.o
                0x0800093c                BSP_IntHandlerETHWakeup
 .text.BSP_IntHandlerCAN2_TX
                0x08000948        0xc ..\obj\bsp_int.o
                0x08000948                BSP_IntHandlerCAN2_TX
 .text.BSP_IntHandlerCAN2_RX0
                0x08000954        0xc ..\obj\bsp_int.o
                0x08000954                BSP_IntHandlerCAN2_RX0
 .text.BSP_IntHandlerCAN2_RX1
                0x08000960        0xc ..\obj\bsp_int.o
                0x08000960                BSP_IntHandlerCAN2_RX1
 .text.BSP_IntHandlerCAN2_SCE
                0x0800096c        0xc ..\obj\bsp_int.o
                0x0800096c                BSP_IntHandlerCAN2_SCE
 .text.BSP_IntHandlerOTG_FS
                0x08000978        0xc ..\obj\bsp_int.o
                0x08000978                BSP_IntHandlerOTG_FS
 .text.BSP_IntHandlerDMA2_CH5
                0x08000984        0xc ..\obj\bsp_int.o
                0x08000984                BSP_IntHandlerDMA2_CH5
 .text.BSP_IntHandlerDMA2_CH6
                0x08000990        0xc ..\obj\bsp_int.o
                0x08000990                BSP_IntHandlerDMA2_CH6
 .text.BSP_IntHandlerDMA2_CH7
                0x0800099c        0xc ..\obj\bsp_int.o
                0x0800099c                BSP_IntHandlerDMA2_CH7
 .text.BSP_IntHandlerUSART6
                0x080009a8        0xc ..\obj\bsp_int.o
                0x080009a8                BSP_IntHandlerUSART6
 .text.BSP_IntHandlerI2C3_EV
                0x080009b4        0xc ..\obj\bsp_int.o
                0x080009b4                BSP_IntHandlerI2C3_EV
 .text.BSP_IntHandlerI2C3_ER
                0x080009c0        0xc ..\obj\bsp_int.o
                0x080009c0                BSP_IntHandlerI2C3_ER
 .text.BSP_IntHandlerOTG_HS_EP1_OUT
                0x080009cc        0xc ..\obj\bsp_int.o
                0x080009cc                BSP_IntHandlerOTG_HS_EP1_OUT
 .text.BSP_IntHandlerOTG_HS_EP1_IN
                0x080009d8        0xc ..\obj\bsp_int.o
                0x080009d8                BSP_IntHandlerOTG_HS_EP1_IN
 .text.BSP_IntHandlerOTG_HS_WKUP
                0x080009e4        0xc ..\obj\bsp_int.o
                0x080009e4                BSP_IntHandlerOTG_HS_WKUP
 .text.BSP_IntHandlerOTG_HS
                0x080009f0        0xc ..\obj\bsp_int.o
                0x080009f0                BSP_IntHandlerOTG_HS
 .text.BSP_IntHandlerDCMI
                0x080009fc        0xc ..\obj\bsp_int.o
                0x080009fc                BSP_IntHandlerDCMI
 .text.BSP_IntHandlerCRYP
                0x08000a08        0xc ..\obj\bsp_int.o
                0x08000a08                BSP_IntHandlerCRYP
 .text.BSP_IntHandlerHASH_RNG
                0x08000a14        0xc ..\obj\bsp_int.o
                0x08000a14                BSP_IntHandlerHASH_RNG
 .text.BSP_IntHandlerFPU
                0x08000a20        0xc ..\obj\bsp_int.o
                0x08000a20                BSP_IntHandlerFPU
 .text.BSP_IntHandler
                0x08000a2c       0x44 ..\obj\bsp_int.o
 .text.BSP_IntHandlerDummy
                0x08000a70        0xc ..\obj\bsp_int.o
 .text.Mem_Init
                0x08000a7c       0x90 ..\obj\lib_mem.o
                0x08000a7c                Mem_Init
 .text.Mem_Clr  0x08000b0c       0x1c ..\obj\lib_mem.o
                0x08000b0c                Mem_Clr
 .text.Mem_Set  0x08000b28       0xc4 ..\obj\lib_mem.o
                0x08000b28                Mem_Set
 .text.OSIdleTaskHook
                0x08000bec       0x18 ..\obj\os_cpu_c.o
                0x08000bec                OSIdleTaskHook
 .text.OSInitHook
                0x08000c04       0x38 ..\obj\os_cpu_c.o
                0x08000c04                OSInitHook
 .text.OSStatTaskHook
                0x08000c3c       0x18 ..\obj\os_cpu_c.o
                0x08000c3c                OSStatTaskHook
 .text.OSTaskCreateHook
                0x08000c54       0x24 ..\obj\os_cpu_c.o
                0x08000c54                OSTaskCreateHook
 .text.OSTaskDelHook
                0x08000c78       0x24 ..\obj\os_cpu_c.o
                0x08000c78                OSTaskDelHook
 .text.OSTaskReturnHook
                0x08000c9c       0x24 ..\obj\os_cpu_c.o
                0x08000c9c                OSTaskReturnHook
 .text.OSTaskStkInit
                0x08000cc0      0x10c ..\obj\os_cpu_c.o
                0x08000cc0                OSTaskStkInit
 .text.OSTaskSwHook
                0x08000dcc       0x70 ..\obj\os_cpu_c.o
                0x08000dcc                OSTaskSwHook
 .text.OSTimeTickHook
                0x08000e3c       0x18 ..\obj\os_cpu_c.o
                0x08000e3c                OSTimeTickHook
 .text.OS_CPU_SysTickHandler
                0x08000e54       0x34 ..\obj\os_cpu_c.o
                0x08000e54                OS_CPU_SysTickHandler
 .text.OS_CPU_SysTickInit
                0x08000e88       0x54 ..\obj\os_cpu_c.o
                0x08000e88                OS_CPU_SysTickInit
 .text.CPU_Init
                0x08000edc       0x10 ..\obj\cpu_core.o
                0x08000edc                CPU_Init
 .text.CPU_NameClr
                0x08000eec       0x28 ..\obj\cpu_core.o
                0x08000eec                CPU_NameClr
 .text.CPU_TS_TmrFreqSet
                0x08000f14       0x1c ..\obj\cpu_core.o
                0x08000f14                CPU_TS_TmrFreqSet
 .text.CPU_NameInit
                0x08000f30        0xc ..\obj\cpu_core.o
 .text.CPU_TS_Init
                0x08000f3c       0x14 ..\obj\cpu_core.o
 .text.OS_FlagInit
                0x08000f50       0x2c ..\obj\os_flag.o
                0x08000f50                OS_FlagInit
 .text.OS_TickTask
                0x08000f7c       0x34 ..\obj\os_tick.o
                0x08000f7c                OS_TickTask
 .text.OS_TickTaskInit
                0x08000fb0       0xb8 ..\obj\os_tick.o
                0x08000fb0                OS_TickTaskInit
 .text.OS_TickListInit
                0x08001068       0x4c ..\obj\os_tick.o
                0x08001068                OS_TickListInit
 .text.OS_TickListInsert
                0x080010b4      0x1f4 ..\obj\os_tick.o
                0x080010b4                OS_TickListInsert
 .text.OS_TickListRemove
                0x080012a8       0x8c ..\obj\os_tick.o
                0x080012a8                OS_TickListRemove
 .text.OS_TickListResetPeak
                0x08001334       0x40 ..\obj\os_tick.o
                0x08001334                OS_TickListResetPeak
 .text.OS_TickListUpdate
                0x08001374      0x1f4 ..\obj\os_tick.o
                0x08001374                OS_TickListUpdate
 .text.OS_MsgPoolInit
                0x08001568       0xd0 ..\obj\os_msg.o
                0x08001568                OS_MsgPoolInit
 .text.OS_MsgQFreeAll
                0x08001638       0x78 ..\obj\os_msg.o
                0x08001638                OS_MsgQFreeAll
 .text.OS_MsgQInit
                0x080016b0       0x34 ..\obj\os_msg.o
                0x080016b0                OS_MsgQInit
 .text.main     0x080016e4       0xf4 ..\obj\main.o
                0x080016e4                main
 .text.AppTaskStart
                0x080017d8       0x50 ..\obj\main.o
 .text.buttonTask
                0x08001828       0x14 ..\obj\main.o
 .text.RCC_DeInit
                0x0800183c       0x70 ..\obj\stm32f4xx_rcc.o
                0x0800183c                RCC_DeInit
 .text.RCC_HSEConfig
                0x080018ac       0x24 ..\obj\stm32f4xx_rcc.o
                0x080018ac                RCC_HSEConfig
 .text.RCC_WaitForHSEStartUp
                0x080018d0       0x50 ..\obj\stm32f4xx_rcc.o
                0x080018d0                RCC_WaitForHSEStartUp
 .text.RCC_PLLConfig
                0x08001920       0x3c ..\obj\stm32f4xx_rcc.o
                0x08001920                RCC_PLLConfig
 .text.RCC_PLLCmd
                0x0800195c       0x20 ..\obj\stm32f4xx_rcc.o
                0x0800195c                RCC_PLLCmd
 .text.RCC_SYSCLKConfig
                0x0800197c       0x38 ..\obj\stm32f4xx_rcc.o
                0x0800197c                RCC_SYSCLKConfig
 .text.RCC_GetSYSCLKSource
                0x080019b4       0x20 ..\obj\stm32f4xx_rcc.o
                0x080019b4                RCC_GetSYSCLKSource
 .text.RCC_HCLKConfig
                0x080019d4       0x38 ..\obj\stm32f4xx_rcc.o
                0x080019d4                RCC_HCLKConfig
 .text.RCC_PCLK1Config
                0x08001a0c       0x38 ..\obj\stm32f4xx_rcc.o
                0x08001a0c                RCC_PCLK1Config
 .text.RCC_PCLK2Config
                0x08001a44       0x38 ..\obj\stm32f4xx_rcc.o
                0x08001a44                RCC_PCLK2Config
 .text.RCC_GetClocksFreq
                0x08001a7c      0x154 ..\obj\stm32f4xx_rcc.o
                0x08001a7c                RCC_GetClocksFreq
 .text.RCC_AHB1PeriphClockCmd
                0x08001bd0       0x3c ..\obj\stm32f4xx_rcc.o
                0x08001bd0                RCC_AHB1PeriphClockCmd
 .text.RCC_GetFlagStatus
                0x08001c0c       0x74 ..\obj\stm32f4xx_rcc.o
                0x08001c0c                RCC_GetFlagStatus
 .text.OS_Dbg_Init
                0x08001c80      0x240 ..\obj\os_dbg.o
                0x08001c80                OS_Dbg_Init
 .text.OS_SemInit
                0x08001ec0       0x2c ..\obj\os_sem.o
                0x08001ec0                OS_SemInit
 .text.OS_PrioInit
                0x08001eec       0x30 ..\obj\os_prio.o
                0x08001eec                OS_PrioInit
 .text.OS_PrioGetHighest
                0x08001f1c       0x48 ..\obj\os_prio.o
                0x08001f1c                OS_PrioGetHighest
 .text.OS_PrioInsert
                0x08001f64       0x4c ..\obj\os_prio.o
                0x08001f64                OS_PrioInsert
 .text.OS_PrioRemove
                0x08001fb0       0x50 ..\obj\os_prio.o
                0x08001fb0                OS_PrioRemove
 .text.OSInit   0x08002000      0x1b0 ..\obj\os_core.o
                0x08002000                OSInit
 .text.OSIntEnter
                0x080021b0       0x34 ..\obj\os_core.o
                0x080021b0                OSIntEnter
 .text.OSIntExit
                0x080021e4       0xd8 ..\obj\os_core.o
                0x080021e4                OSIntExit
 .text.OSSched  0x080022bc       0xa0 ..\obj\os_core.o
                0x080022bc                OSSched
 .text.OSSchedLock
                0x0800235c       0x74 ..\obj\os_core.o
                0x0800235c                OSSchedLock
 .text.OSSchedUnlock
                0x080023d0       0x90 ..\obj\os_core.o
                0x080023d0                OSSchedUnlock
 .text.OSStart  0x08002460       0x80 ..\obj\os_core.o
                0x08002460                OSStart
 .text.OS_IdleTask
                0x080024e0       0x3c ..\obj\os_core.o
                0x080024e0                OS_IdleTask
 .text.OS_IdleTaskInit
                0x0800251c       0x68 ..\obj\os_core.o
                0x0800251c                OS_IdleTaskInit
 .text.OS_Pend  0x08002584       0x80 ..\obj\os_core.o
                0x08002584                OS_Pend
 .text.OS_PendDataInit
                0x08002604       0x68 ..\obj\os_core.o
                0x08002604                OS_PendDataInit
 .text.OS_PendDbgNameAdd
                0x0800266c       0x7c ..\obj\os_core.o
                0x0800266c                OS_PendDbgNameAdd
 .text.OS_PendDbgNameRemove
                0x080026e8       0x48 ..\obj\os_core.o
                0x080026e8                OS_PendDbgNameRemove
 .text.OS_PendListInsertPrio
                0x08002730       0xe4 ..\obj\os_core.o
                0x08002730                OS_PendListInsertPrio
 .text.OS_PendListRemove
                0x08002814       0x50 ..\obj\os_core.o
                0x08002814                OS_PendListRemove
 .text.OS_PendListRemove1
                0x08002864       0x94 ..\obj\os_core.o
                0x08002864                OS_PendListRemove1
 .text.OS_Post  0x080028f8      0x110 ..\obj\os_core.o
                0x080028f8                OS_Post
 .text.OS_Post1
                0x08002a08       0x5c ..\obj\os_core.o
                0x08002a08                OS_Post1
 .text.OS_RdyListInit
                0x08002a64       0x48 ..\obj\os_core.o
                0x08002a64                OS_RdyListInit
 .text.OS_RdyListInsert
                0x08002aac       0x3c ..\obj\os_core.o
                0x08002aac                OS_RdyListInsert
 .text.OS_RdyListInsertHead
                0x08002ae8       0x80 ..\obj\os_core.o
                0x08002ae8                OS_RdyListInsertHead
 .text.OS_RdyListInsertTail
                0x08002b68       0x80 ..\obj\os_core.o
                0x08002b68                OS_RdyListInsertTail
 .text.OS_RdyListRemove
                0x08002be8       0xac ..\obj\os_core.o
                0x08002be8                OS_RdyListRemove
 .text.OS_TaskBlock
                0x08002c94       0x4c ..\obj\os_core.o
                0x08002c94                OS_TaskBlock
 .text.OS_TaskRdy
                0x08002ce0       0x28 ..\obj\os_core.o
                0x08002ce0                OS_TaskRdy
 .text.OSStatReset
                0x08002d08      0x11c ..\obj\os_stat.o
                0x08002d08                OSStatReset
 .text.OSStatTaskCPUUsageInit
                0x08002e24       0xfc ..\obj\os_stat.o
                0x08002e24                OSStatTaskCPUUsageInit
 .text.OS_StatTask
                0x08002f20      0x318 ..\obj\os_stat.o
                0x08002f20                OS_StatTask
 .text.OS_StatTaskInit
                0x08003238       0xd4 ..\obj\os_stat.o
                0x08003238                OS_StatTaskInit
 .text.OS_MemInit
                0x0800330c       0x2c ..\obj\os_mem.o
                0x0800330c                OS_MemInit
 .text.BSP_PeriphEn
                0x08003338      0x2f0 ..\obj\bsp_periph.o
                0x08003338                BSP_PeriphEn
 .text.GPIO_Init
                0x08003628      0x11c ..\obj\stm32f4xx_gpio.o
                0x08003628                GPIO_Init
 .text.FLASH_SetLatency
                0x08003744       0x20 ..\obj\stm32f4xx_flash.o
                0x08003744                FLASH_SetLatency
 .text.FLASH_PrefetchBufferCmd
                0x08003764       0x38 ..\obj\stm32f4xx_flash.o
                0x08003764                FLASH_PrefetchBufferCmd
 .text.Math_Init
                0x0800379c        0xc ..\obj\lib_math.o
                0x0800379c                Math_Init
 .text.Math_RandSetSeed
                0x080037a8       0x28 ..\obj\lib_math.o
                0x080037a8                Math_RandSetSeed
 .text.SystemInit
                0x080037d0       0x68 ..\obj\system_stm32f4xx.o
                0x080037d0                SystemInit
 .text.SetSysClock
                0x08003838      0x128 ..\obj\system_stm32f4xx.o
 .text.OSCfg_Init
                0x08003960        0xc ..\obj\os_cfg_app.o
                0x08003960                OSCfg_Init
 .text.OS_QInit
                0x0800396c       0x2c ..\obj\os_q.o
                0x0800396c                OS_QInit
 .text.OSTaskCreate
                0x08003998      0x1f8 ..\obj\os_task.o
                0x08003998                OSTaskCreate
 .text.OSTaskDel
                0x08003b90      0x13c ..\obj\os_task.o
                0x08003b90                OSTaskDel
 .text.OSTaskResume
                0x08003ccc       0x64 ..\obj\os_task.o
                0x08003ccc                OSTaskResume
 .text.OSTaskSemPend
                0x08003d30      0x1e0 ..\obj\os_task.o
                0x08003d30                OSTaskSemPend
 .text.OSTaskSemPost
                0x08003f10       0x48 ..\obj\os_task.o
                0x08003f10                OSTaskSemPost
 .text.OSTaskStkChk
                0x08003f58       0xf0 ..\obj\os_task.o
                0x08003f58                OSTaskStkChk
 .text.OSTaskSuspend
                0x08004048       0x44 ..\obj\os_task.o
                0x08004048                OSTaskSuspend
 .text.OS_TaskDbgListAdd
                0x0800408c       0x4c ..\obj\os_task.o
                0x0800408c                OS_TaskDbgListAdd
 .text.OS_TaskDbgListRemove
                0x080040d8       0x84 ..\obj\os_task.o
                0x080040d8                OS_TaskDbgListRemove
 .text.OS_TaskInit
                0x0800415c       0x38 ..\obj\os_task.o
                0x0800415c                OS_TaskInit
 .text.OS_TaskInitTCB
                0x08004194      0x198 ..\obj\os_task.o
                0x08004194                OS_TaskInitTCB
 .text.OS_TaskResume
                0x0800432c      0x124 ..\obj\os_task.o
                0x0800432c                OS_TaskResume
 .text.OS_TaskReturn
                0x08004450       0x24 ..\obj\os_task.o
                0x08004450                OS_TaskReturn
 .text.OS_TaskSemPost
                0x08004474      0x128 ..\obj\os_task.o
                0x08004474                OS_TaskSemPost
 .text.OS_TaskSuspend
                0x0800459c      0x118 ..\obj\os_task.o
                0x0800459c                OS_TaskSuspend
 .text.Reset_Handler
                0x080046b4       0x50 ..\obj\cstartup.o
                0x080046b4                Reset_Handler
 .text.App_NMI_ISR
                0x08004704        0x4 ..\obj\cstartup.o
 .text.App_Fault_ISR
                0x08004708        0x4 ..\obj\cstartup.o
 .text.App_MemFault_ISR
                0x0800470c        0x4 ..\obj\cstartup.o
 .text.App_BusFault_ISR
                0x08004710        0x4 ..\obj\cstartup.o
 .text.App_UsageFault_ISR
                0x08004714        0x4 ..\obj\cstartup.o
 .text.App_Spurious_ISR
                0x08004718        0x4 ..\obj\cstartup.o
 .text.OS_MutexInit
                0x0800471c       0x2c ..\obj\os_mutex.o
                0x0800471c                OS_MutexInit
 .text.BSP_Init
                0x08004748       0x7c ..\obj\bsp.o
                0x08004748                BSP_Init
 .text.BSP_CPU_ClkFreq
                0x080047c4       0x18 ..\obj\bsp.o
                0x080047c4                BSP_CPU_ClkFreq
 .text.BSP_Tick_Init
                0x080047dc       0x28 ..\obj\bsp.o
                0x080047dc                BSP_Tick_Init
 .text.BSP_LED_Init
                0x08004804       0x68 ..\obj\bsp.o
 .text.CPU_TS_TmrInit
                0x0800486c       0x44 ..\obj\bsp.o
                0x0800486c                CPU_TS_TmrInit
 .text.CPU_TS_TmrRd
                0x080048b0       0x20 ..\obj\bsp.o
                0x080048b0                CPU_TS_TmrRd
 .text.OS_TmrInit
                0x080048d0      0x140 ..\obj\os_tmr.o
                0x080048d0                OS_TmrInit
 .text.OS_TmrLink
                0x08004a10      0x168 ..\obj\os_tmr.o
                0x08004a10                OS_TmrLink
 .text.OS_TmrResetPeak
                0x08004b78       0x40 ..\obj\os_tmr.o
                0x08004b78                OS_TmrResetPeak
 .text.OS_TmrUnlink
                0x08004bb8       0x9c ..\obj\os_tmr.o
                0x08004bb8                OS_TmrUnlink
 .text.OS_TmrTask
                0x08004c54      0x104 ..\obj\os_tmr.o
                0x08004c54                OS_TmrTask
 .text.__libc_init_array
                0x08004d58       0x48 ..\..\..\..\..\..\..\..\..\Program Files (x86)\GNU Tools ARM Embedded\4.6 2012q2\arm-none-eabi\lib\armv7e-m\fpu\libg.a(lib_a-init.o)
                0x08004d58                __libc_init_array
 .text.startup.register_fini
                0x08004da0       0x14 ..\..\..\..\..\..\..\..\..\Program Files (x86)\GNU Tools ARM Embedded\4.6 2012q2\arm-none-eabi\lib\armv7e-m\fpu\libg.a(lib_a-__call_atexit.o)
 .text.atexit   0x08004db4        0xc ..\..\..\..\..\..\..\..\..\Program Files (x86)\GNU Tools ARM Embedded\4.6 2012q2\arm-none-eabi\lib\armv7e-m\fpu\libg.a(lib_a-atexit.o)
                0x08004db4                atexit
 .text.__libc_fini_array
                0x08004dc0       0x2c ..\..\..\..\..\..\..\..\..\Program Files (x86)\GNU Tools ARM Embedded\4.6 2012q2\arm-none-eabi\lib\armv7e-m\fpu\libg.a(lib_a-fini.o)
                0x08004dc0                __libc_fini_array
 .text.__register_exitproc
                0x08004dec       0xac ..\..\..\..\..\..\..\..\..\Program Files (x86)\GNU Tools ARM Embedded\4.6 2012q2\arm-none-eabi\lib\armv7e-m\fpu\libg.a(lib_a-__atexit.o)
                0x08004dec                __register_exitproc
 *(.init)
 .init          0x08004e98        0x4 c:/program files (x86)/gnu tools arm embedded/4.8 2014q2/bin/../lib/gcc/arm-none-eabi/4.8.4/armv7e-m/fpu/crti.o
                0x08004e98                _init
 .init          0x08004e9c        0x8 c:/program files (x86)/gnu tools arm embedded/4.8 2014q2/bin/../lib/gcc/arm-none-eabi/4.8.4/armv7e-m/fpu/crtn.o
 *(.fini)
 .fini          0x08004ea4        0x4 c:/program files (x86)/gnu tools arm embedded/4.8 2014q2/bin/../lib/gcc/arm-none-eabi/4.8.4/armv7e-m/fpu/crti.o
                0x08004ea4                _fini
 .fini          0x08004ea8        0x8 c:/program files (x86)/gnu tools arm embedded/4.8 2014q2/bin/../lib/gcc/arm-none-eabi/4.8.4/armv7e-m/fpu/crtn.o
 *crtbegin.o(.ctors)
 *crtbegin?.o(.ctors)
 *(EXCLUDE_FILE(*crtend.o *crtend?.o) .ctors)
 *(SORT(.ctors.*))
 *(.ctors)
 *crtbegin.o(.dtors)
 *crtbegin?.o(.dtors)
 *(EXCLUDE_FILE(*crtend.o *crtend?.o) .dtors)
 *(SORT(.dtors.*))
 *(.dtors)
 *(.rodata*)
 .rodata        0x08004eb0       0x14 ..\obj\os_tick.o
 .rodata        0x08004ec4       0x1c ..\obj\main.o
 .rodata        0x08004ee0      0x16c ..\obj\os_dbg.o
                0x08004ee0                OSDbg_DbgEn
                0x08004ee1                OSDbg_ArgChkEn
                0x08004ee2                OSDbg_AppHooksEn
                0x08004ee4                OSDbg_EndiannessTest
                0x08004ee8                OSDbg_CalledFromISRChkEn
                0x08004ee9                OSDbg_FlagEn
                0x08004eec                OSDbg_FlagGrp
                0x08004f14                OSDbg_FlagDelEn
                0x08004f15                OSDbg_FlagModeClrEn
                0x08004f16                OSDbg_FlagPendAbortEn
                0x08004f18                OSDbg_FlagGrpSize
                0x08004f1a                OSDbg_FlagWidth
                0x08004f1c                OSDbg_IntQ
                0x08004f1e                OSDbg_ISRPostDeferredEn
                0x08004f20                OSDbg_Mem
                0x08004f40                OSDbg_MemEn
                0x08004f42                OSDbg_MemSize
                0x08004f44                OSDbg_MsgEn
                0x08004f46                OSDbg_MsgSize
                0x08004f48                OSDbg_MsgPoolSize
                0x08004f4a                OSDbg_MsgQSize
                0x08004f4c                OSDbg_Mutex
                0x08004f78                OSDbg_MutexEn
                0x08004f79                OSDbg_MutexDelEn
                0x08004f7a                OSDbg_MutexPendAbortEn
                0x08004f7c                OSDbg_MutexSize
                0x08004f7e                OSDbg_ObjTypeChkEn
                0x08004f7f                OSDbg_PendMultiEn
                0x08004f80                OSDbg_PendDataSize
                0x08004f82                OSDbg_PendListSize
                0x08004f84                OSDbg_PendObjSize
                0x08004f86                OSDbg_PrioMax
                0x08004f88                OSDbg_PrioTblSize
                0x08004f8a                OSDbg_PtrSize
                0x08004f8c                OSDbg_Q
                0x08004fbc                OSDbg_QEn
                0x08004fbd                OSDbg_QDelEn
                0x08004fbe                OSDbg_QFlushEn
                0x08004fbf                OSDbg_QPendAbortEn
                0x08004fc0                OSDbg_QSize
                0x08004fc2                OSDbg_SchedRoundRobinEn
                0x08004fc4                OSDbg_Sem
                0x08004fec                OSDbg_SemEn
                0x08004fed                OSDbg_SemDelEn
                0x08004fee                OSDbg_SemPendAbortEn
                0x08004fef                OSDbg_SemSetEn
                0x08004ff0                OSDbg_SemSize
                0x08004ff2                OSDbg_RdyList
                0x08004ff4                OSDbg_RdyListSize
                0x08004ff8                OSDbg_StkWidth
                0x08004ff9                OSDbg_StatTaskEn
                0x08004ffa                OSDbg_StatTaskStkChkEn
                0x08004ffb                OSDbg_TaskChangePrioEn
                0x08004ffc                OSDbg_TaskDelEn
                0x08004ffd                OSDbg_TaskQEn
                0x08004ffe                OSDbg_TaskQPendAbortEn
                0x08004fff                OSDbg_TaskProfileEn
                0x08005000                OSDbg_TaskRegTblSize
                0x08005002                OSDbg_TaskSemPendAbortEn
                0x08005003                OSDbg_TaskSuspendEn
                0x08005004                OSDbg_TCBSize
                0x08005006                OSDbg_TickSpokeSize
                0x08005008                OSDbg_TimeDlyHMSMEn
                0x08005009                OSDbg_TimeDlyResumeEn
                0x0800500a                OSDbg_TLS_TblSize
                0x0800500c                OSDbg_Tmr
                0x08005040                OSDbg_TmrEn
                0x08005041                OSDbg_TmrDelEn
                0x08005042                OSDbg_TmrSize
                0x08005044                OSDbg_TmrSpokeSize
                0x08005046                OSDbg_VersionNbr
                0x08005048                OSDbg_DataSize
 .rodata        0x0800504c       0x2c ..\obj\os_core.o
 .rodata        0x08005078       0x14 ..\obj\os_stat.o
 .rodata        0x0800508c       0xa4 ..\obj\os_cfg_app.o
                0x0800508c                OSCfg_IdleTaskStkBasePtr
                0x08005090                OSCfg_IdleTaskStkLimit
                0x08005094                OSCfg_IdleTaskStkSize
                0x08005098                OSCfg_IdleTaskStkSizeRAM
                0x0800509c                OSCfg_IntQBasePtr
                0x080050a0                OSCfg_IntQSize
                0x080050a4                OSCfg_IntQSizeRAM
                0x080050a8                OSCfg_IntQTaskStkBasePtr
                0x080050ac                OSCfg_IntQTaskStkLimit
                0x080050b0                OSCfg_IntQTaskStkSize
                0x080050b4                OSCfg_IntQTaskStkSizeRAM
                0x080050b8                OSCfg_ISRStkBasePtr
                0x080050bc                OSCfg_ISRStkSize
                0x080050c0                OSCfg_ISRStkSizeRAM
                0x080050c4                OSCfg_MsgPoolSize
                0x080050c8                OSCfg_MsgPoolSizeRAM
                0x080050cc                OSCfg_MsgPoolBasePtr
                0x080050d0                OSCfg_StatTaskPrio
                0x080050d4                OSCfg_StatTaskRate_Hz
                0x080050d8                OSCfg_StatTaskStkBasePtr
                0x080050dc                OSCfg_StatTaskStkLimit
                0x080050e0                OSCfg_StatTaskStkSize
                0x080050e4                OSCfg_StatTaskStkSizeRAM
                0x080050e8                OSCfg_StkSizeMin
                0x080050ec                OSCfg_TickRate_Hz
                0x080050f0                OSCfg_TickTaskPrio
                0x080050f4                OSCfg_TickTaskStkBasePtr
                0x080050f8                OSCfg_TickTaskStkLimit
                0x080050fc                OSCfg_TickTaskStkSize
                0x08005100                OSCfg_TickTaskStkSizeRAM
                0x08005104                OSCfg_TickWheelSize
                0x08005108                OSCfg_TickWheelSizeRAM
                0x0800510c                OSCfg_TmrTaskPrio
                0x08005110                OSCfg_TmrTaskRate_Hz
                0x08005114                OSCfg_TmrTaskStkBasePtr
                0x08005118                OSCfg_TmrTaskStkLimit
                0x0800511c                OSCfg_TmrTaskStkSize
                0x08005120                OSCfg_TmrTaskStkSizeRAM
                0x08005124                OSCfg_TmrWheelSize
                0x08005128                OSCfg_TmrWheelSizeRAM
                0x0800512c                OSCfg_DataSizeRAM
 .rodata        0x08005130        0xc ..\obj\os_task.o
 .rodata        0x0800513c       0x20 ..\obj\os_tmr.o
 .rodata.str1.4
                0x0800515c        0x4 ..\..\..\..\..\..\..\..\..\Program Files (x86)\GNU Tools ARM Embedded\4.6 2012q2\arm-none-eabi\lib\armv7e-m\fpu\libg.a(lib_a-impure.o)
 .rodata._global_impure_ptr
                0x08005160        0x4 ..\..\..\..\..\..\..\..\..\Program Files (x86)\GNU Tools ARM Embedded\4.6 2012q2\arm-none-eabi\lib\armv7e-m\fpu\libg.a(lib_a-impure.o)
                0x08005160                _global_impure_ptr
 *(.eh_fram e*)

.eh_frame       0x08005164        0x0
 .eh_frame      0x08005164        0x0 c:/program files (x86)/gnu tools arm embedded/4.8 2014q2/bin/../lib/gcc/arm-none-eabi/4.8.4/armv7e-m/fpu/crtbegin.o

.glue_7         0x08005164        0x0
 .glue_7        0x00000000        0x0 linker stubs

.glue_7t        0x08005164        0x0
 .glue_7t       0x00000000        0x0 linker stubs

.vfp11_veneer   0x08005164        0x0
 .vfp11_veneer  0x00000000        0x0 linker stubs

.v4_bx          0x08005164        0x0
 .v4_bx         0x00000000        0x0 linker stubs

.iplt           0x08005164        0x0
 .iplt          0x00000000        0x0 c:/program files (x86)/gnu tools arm embedded/4.8 2014q2/bin/../lib/gcc/arm-none-eabi/4.8.4/armv7e-m/fpu/crtbegin.o

.rel.dyn        0x08005164        0x0
 .rel.iplt      0x00000000        0x0 c:/program files (x86)/gnu tools arm embedded/4.8 2014q2/bin/../lib/gcc/arm-none-eabi/4.8.4/armv7e-m/fpu/crtbegin.o

.ARM.extab
 *(.ARM.extab* .gnu.linkonce.armextab.*)
                0x08005164                __exidx_start = .

.ARM.exidx
 *(.ARM.exidx* .gnu.linkonce.armexidx.*)
                0x08005164                __exidx_end = .
                0x08005164                __etext = .
                0x08005164                _sidata = __etext

.data           0x20000000      0x448 load address 0x08005164
                0x20000000                __data_start__ = .
                0x20000000                _sdata = __data_start__
 *(vtable)
 *(.data*)
 .data          0x20000000       0x10 ..\obj\stm32f4xx_rcc.o
 .data.impure_data
                0x20000010      0x428 ..\..\..\..\..\..\..\..\..\Program Files (x86)\GNU Tools ARM Embedded\4.6 2012q2\arm-none-eabi\lib\armv7e-m\fpu\libg.a(lib_a-impure.o)
                0x20000438                . = ALIGN (0x4)
                0x20000438                PROVIDE (__preinit_array_start, .)
 *(.preinit_array)
                0x20000438                PROVIDE (__preinit_array_end, .)
                0x20000438                . = ALIGN (0x4)
                0x20000438                PROVIDE (__init_array_start, .)
 *(SORT(.init_array.*))
 .init_array.00000
                0x20000438        0x4 ..\..\..\..\..\..\..\..\..\Program Files (x86)\GNU Tools ARM Embedded\4.6 2012q2\arm-none-eabi\lib\armv7e-m\fpu\libg.a(lib_a-__call_atexit.o)
 *(.init_array)
 .init_array    0x2000043c        0x4 c:/program files (x86)/gnu tools arm embedded/4.8 2014q2/bin/../lib/gcc/arm-none-eabi/4.8.4/armv7e-m/fpu/crtbegin.o
                0x20000440                PROVIDE (__init_array_end, .)
                0x20000440                . = ALIGN (0x4)
                0x20000440                PROVIDE (__fini_array_start, .)
 *(SORT(.fini_array.*))
 *(.fini_array)
 .fini_array    0x20000440        0x4 c:/program files (x86)/gnu tools arm embedded/4.8 2014q2/bin/../lib/gcc/arm-none-eabi/4.8.4/armv7e-m/fpu/crtbegin.o
                0x20000444                PROVIDE (__fini_array_end, .)
 *(.jcr*)
 .jcr           0x20000444        0x0 c:/program files (x86)/gnu tools arm embedded/4.8 2014q2/bin/../lib/gcc/arm-none-eabi/4.8.4/armv7e-m/fpu/crtbegin.o
 .jcr           0x20000444        0x4 c:/program files (x86)/gnu tools arm embedded/4.8 2014q2/bin/../lib/gcc/arm-none-eabi/4.8.4/armv7e-m/fpu/crtend.o
                0x20000448                . = ALIGN (0x4)
                0x20000448                __data_end__ = .
                0x20000448                _edata = __data_end__

.igot.plt       0x20000448        0x0 load address 0x080055ac
 .igot.plt      0x00000000        0x0 c:/program files (x86)/gnu tools arm embedded/4.8 2014q2/bin/../lib/gcc/arm-none-eabi/4.8.4/armv7e-m/fpu/crtbegin.o

.bss            0x20000448     0x7d8c load address 0x080055ac
                0x20000448                . = ALIGN (0x4)
                0x20000448                __bss_start__ = .
                0x20000448                _sbss = __bss_start__
 *(.bss*)
 .bss           0x20000448       0x1c c:/program files (x86)/gnu tools arm embedded/4.8 2014q2/bin/../lib/gcc/arm-none-eabi/4.8.4/armv7e-m/fpu/crtbegin.o
 .bss           0x20000464      0x148 ..\obj\bsp_int.o
 .bss           0x200005ac      0x5c0 ..\obj\main.o
 *(COMMON)
 COMMON         0x20000b6c     0x5c4c ..\obj\lib_mem.o
                0x20000b6c                Mem_PoolHeap
                0x20000bb4                Mem_Heap
                0x200067b4                Mem_PoolTbl
 COMMON         0x200067b8        0x4 ..\obj\os_cpu_c.o
                0x200067b8                OS_CPU_ExceptStkBase
 COMMON         0x200067bc       0x14 ..\obj\cpu_core.o
                0x200067bc                CPU_TS_TmrFreq_Hz
                0x200067c0                CPU_Name
 COMMON         0x200067d0      0x6b0 ..\obj\os_var.o
                0x200067d0                OSSchedLockNestingCtr
                0x200067d4                OS_AppTaskReturnHookPtr
                0x200067d8                OSStatTaskTimeMax
                0x200067dc                OSStatTaskCtr
                0x200067e0                OSTaskRegNextAvailID
                0x200067e1                OSRunning
                0x200067e4                OSRdyList
                0x20006ae4                OSPrioHighRdy
                0x20006ae5                OSStatTaskRdy
                0x20006ae8                OSSemDbgListPtr
                0x20006aec                OS_AppTaskCreateHookPtr
                0x20006af0                OSPrioCur
                0x20006af4                OSTickTaskTCB
                0x20006bb4                OSTmrTickCtr
                0x20006bb8                OSTCBCurPtr
                0x20006bbc                OSQQty
                0x20006bbe                OSStatTaskCPUUsageMax
                0x20006bc0                OSPrioSaved
                0x20006bc4                OSTCBHighRdyPtr
                0x20006bc8                OSTaskDbgListPtr
                0x20006bcc                OSTmrTaskTimeMax
                0x20006bd0                OS_AppTaskDelHookPtr
                0x20006bd4                OS_AppTimeTickHookPtr
                0x20006bd8                OSTaskCtxSwCtr
                0x20006bdc                OSStatTaskCPUUsage
                0x20006bde                OSIntNestingCtr
                0x20006be0                OSTaskQty
                0x20006be4                OSTmrTaskTCB
                0x20006ca4                OSMsgPool
                0x20006cb0                OSIdleTaskTCB
                0x20006d70                OSQDbgListPtr
                0x20006d74                OSSemQty
                0x20006d78                OSMemDbgListPtr
                0x20006d7c                OS_AppIdleTaskHookPtr
                0x20006d80                OSStatTaskCtrMax
                0x20006d84                OSTickCtr
                0x20006d88                OS_AppTaskSwHookPtr
                0x20006d8c                OSTmrQty
                0x20006d90                OSIdleTaskCtr
                0x20006d94                OSStatTaskCtrRun
                0x20006d98                OS_AppStatTaskHookPtr
                0x20006d9c                OSFlagQty
                0x20006da0                OSFlagDbgListPtr
                0x20006da4                OSStatResetFlag
                0x20006da6                OSMemQty
                0x20006da8                OSMutexQty
                0x20006dac                OSStatTaskTCB
                0x20006e6c                OSTmrDbgListPtr
                0x20006e70                OSTickTaskTimeMax
                0x20006e74                OSTmrUpdateCnt
                0x20006e78                OSMutexDbgListPtr
                0x20006e7c                OSTmrUpdateCtr
 COMMON         0x20006e80        0x8 ..\obj\os_prio.o
                0x20006e80                OSPrioTbl
 COMMON         0x20006e88        0x4 ..\obj\lib_math.o
                0x20006e88                Math_RandSeedCur
 COMMON         0x20006e8c     0x1348 ..\obj\os_cfg_app.o
                0x20006e8c                OSCfg_StatTaskStk
                0x2000708c                OSCfg_TickWheel
                0x2000710c                OSCfg_MsgPool
                0x2000774c                OSCfg_TmrTaskStk
                0x2000794c                OSCfg_TmrWheel
                0x200079d4                OSCfg_ISRStk
                0x20007dd4                OSCfg_TickTaskStk
                0x20007fd4                OSCfg_IdleTaskStk
                0x200081d4                . = ALIGN (0x4)
                0x200081d4                __bss_end__ = .
                0x200081d4                _ebss = __bss_end__

.heap           0x200081d4        0x0
                0x200081d4                __end__ = .
                0x200081d4                _end = __end__
                0x200081d4                end = __end__
 *(.heap*)
                0x200081d4                __HeapLimit = .

.co_stack       0x200081d4        0x4 load address 0x0800d338
                0x200081d8                . = ALIGN (0x8)
 *fill*         0x200081d4        0x4 
 *(.co_stack .co_stack.*)
                0x20020000                __StackTop = (ORIGIN (ram) + 0x20000)
                0x2001fffc                __StackLimit = (__StackTop - SIZEOF (.co_stack))
                0x20020000                PROVIDE (__stack, __StackTop)
                0x00000001                ASSERT ((__StackLimit >= __HeapLimit), region ram  overflowed with stack)
LOAD ..\obj\os_pend_multi.o
LOAD ..\obj\stm32f4xx_syscfg.o
LOAD ..\obj\cpu_a.o
LOAD ..\obj\os_time.o
LOAD ..\obj\os_cpu_a.o
LOAD ..\obj\stm32f4xx_sdio.o
LOAD ..\obj\bsp_int.o
LOAD ..\obj\stm32f4xx_cryp_aes.o
LOAD ..\obj\cpu_c.o
LOAD ..\obj\stm32f4xx_hash.o
LOAD ..\obj\stm32f4xx_dma2d.o
LOAD ..\obj\lib_mem.o
LOAD ..\obj\stm32f4xx_hash_sha1.o
LOAD ..\obj\os_cpu_c.o
LOAD ..\obj\cpu_core.o
LOAD ..\obj\stm32f4xx_usart.o
LOAD ..\obj\stm32f4xx_pwr.o
LOAD ..\obj\os_flag.o
LOAD ..\obj\stm32f4xx_can.o
LOAD ..\obj\os_tick.o
LOAD ..\obj\stm32f4xx_wwdg.o
LOAD ..\obj\stm32f4xx_hash_md5.o
LOAD ..\obj\stm32f4xx_dac.o
LOAD ..\obj\sorting.o
LOAD ..\obj\stm32f4xx_ltdc.o
LOAD ..\obj\os_var.o
LOAD ..\obj\os_msg.o
LOAD ..\obj\lib_str.o
LOAD ..\obj\stm32f4xx_crc.o
LOAD ..\obj\stm32f4xx_iwdg.o
LOAD ..\obj\main.o
LOAD ..\obj\stm32f4xx_rcc.o
LOAD ..\obj\serial_drv_stm32.o
LOAD ..\obj\lib_ascii.o
LOAD ..\obj\stm32f4xx_adc.o
LOAD ..\obj\os_dbg.o
LOAD ..\obj\stm32f4xx_dcmi.o
LOAD ..\obj\serial_line_tty.o
LOAD ..\obj\os_sem.o
LOAD ..\obj\serial_buf.o
LOAD ..\obj\os_prio.o
LOAD ..\obj\bsp_os.o
LOAD ..\obj\os_core.o
LOAD ..\obj\stm32f4xx_cryp_des.o
LOAD ..\obj\os_stat.o
LOAD ..\obj\stm32f4xx_cryp.o
LOAD ..\obj\stm32f4xx_fsmc.o
LOAD ..\obj\serial_os.o
LOAD ..\obj\os_mem.o
LOAD ..\obj\bsp_periph.o
LOAD ..\obj\stm32f4xx_gpio.o
LOAD ..\obj\stm32f4xx_flash.o
LOAD ..\obj\lib_math.o
LOAD ..\obj\stm32f4xx_sai.o
LOAD ..\obj\system_stm32f4xx.o
LOAD ..\obj\syscalls.o
LOAD ..\obj\stm32f4xx_dma.o
LOAD ..\obj\serial_line_probe.o
LOAD ..\obj\os_cfg_app.o
LOAD ..\obj\os_q.o
LOAD ..\obj\os_task.o
LOAD ..\obj\os_app_hooks.o
LOAD ..\obj\cstartup.o
LOAD ..\obj\os_mutex.o
LOAD ..\obj\stm32f4xx_spi.o
LOAD ..\obj\bsp.o
LOAD ..\obj\stm32f4xx_i2c.o
LOAD ..\obj\serial_bsp_stm3240x.o
LOAD ..\obj\stm32f4xx_rng.o
LOAD ..\obj\stm32f4xx_exti.o
LOAD ..\obj\os_tmr.o
LOAD ..\obj\misc.o
LOAD ..\obj\serial.o
LOAD ..\obj\os_int.o
LOAD ..\obj\serial_line_dflt.o
LOAD ..\obj\stm32f4xx_rtc.o
LOAD ..\obj\lib_mem_a.o
LOAD ..\obj\stm32f4xx_cryp_tdes.o
LOAD ..\obj\stm32f4xx_tim.o
LOAD ..\obj\stm32f4xx_dbgmcu.o
LOAD ..\..\..\..\..\..\..\..\..\Program Files (x86)\GNU Tools ARM Embedded\4.6 2012q2\arm-none-eabi\lib\armv7e-m\fpu\libm.a
START GROUP
LOAD c:/program files (x86)/gnu tools arm embedded/4.8 2014q2/bin/../lib/gcc/arm-none-eabi/4.8.4/armv7e-m/fpu\libgcc.a
LOAD ..\..\..\..\..\..\..\..\..\Program Files (x86)\GNU Tools ARM Embedded\4.6 2012q2\arm-none-eabi\lib\armv7e-m\fpu\libg.a
LOAD ..\..\..\..\..\..\..\..\..\Program Files (x86)\GNU Tools ARM Embedded\4.6 2012q2\arm-none-eabi\lib\armv7e-m\fpu\libc.a
END GROUP
LOAD c:/program files (x86)/gnu tools arm embedded/4.8 2014q2/bin/../lib/gcc/arm-none-eabi/4.8.4/armv7e-m/fpu/crtend.o
LOAD c:/program files (x86)/gnu tools arm embedded/4.8 2014q2/bin/../lib/gcc/arm-none-eabi/4.8.4/armv7e-m/fpu/crtn.o
OUTPUT(Project.elf elf32-littlearm)

.ARM.attributes
                0x00000000       0x32
 .ARM.attributes
                0x00000000       0x22 c:/program files (x86)/gnu tools arm embedded/4.8 2014q2/bin/../lib/gcc/arm-none-eabi/4.8.4/armv7e-m/fpu/crti.o
 .ARM.attributes
                0x00000022       0x34 c:/program files (x86)/gnu tools arm embedded/4.8 2014q2/bin/../lib/gcc/arm-none-eabi/4.8.4/armv7e-m/fpu/crtbegin.o
 .ARM.attributes
                0x00000056       0x25 ..\obj\cpu_a.o
 .ARM.attributes
                0x0000007b       0x39 ..\obj\os_time.o
 .ARM.attributes
                0x000000b4       0x25 ..\obj\os_cpu_a.o
 .ARM.attributes
                0x000000d9       0x39 ..\obj\bsp_int.o
 .ARM.attributes
                0x00000112       0x39 ..\obj\lib_mem.o
 .ARM.attributes
                0x0000014b       0x39 ..\obj\os_cpu_c.o
 .ARM.attributes
                0x00000184       0x39 ..\obj\cpu_core.o
 .ARM.attributes
                0x000001bd       0x39 ..\obj\os_flag.o
 .ARM.attributes
                0x000001f6       0x39 ..\obj\os_tick.o
 .ARM.attributes
                0x0000022f       0x39 ..\obj\os_var.o
 .ARM.attributes
                0x00000268       0x39 ..\obj\os_msg.o
 .ARM.attributes
                0x000002a1       0x39 ..\obj\main.o
 .ARM.attributes
                0x000002da       0x39 ..\obj\stm32f4xx_rcc.o
 .ARM.attributes
                0x00000313       0x39 ..\obj\os_dbg.o
 .ARM.attributes
                0x0000034c       0x39 ..\obj\os_sem.o
 .ARM.attributes
                0x00000385       0x39 ..\obj\os_prio.o
 .ARM.attributes
                0x000003be       0x39 ..\obj\os_core.o
 .ARM.attributes
                0x000003f7       0x39 ..\obj\os_stat.o
 .ARM.attributes
                0x00000430       0x39 ..\obj\os_mem.o
 .ARM.attributes
                0x00000469       0x39 ..\obj\bsp_periph.o
 .ARM.attributes
                0x000004a2       0x39 ..\obj\stm32f4xx_gpio.o
 .ARM.attributes
                0x000004db       0x39 ..\obj\stm32f4xx_flash.o
 .ARM.attributes
                0x00000514       0x39 ..\obj\lib_math.o
 .ARM.attributes
                0x0000054d       0x39 ..\obj\system_stm32f4xx.o
 .ARM.attributes
                0x00000586       0x39 ..\obj\os_cfg_app.o
 .ARM.attributes
                0x000005bf       0x39 ..\obj\os_q.o
 .ARM.attributes
                0x000005f8       0x39 ..\obj\os_task.o
 .ARM.attributes
                0x00000631       0x21 ..\obj\cstartup.o
 .ARM.attributes
                0x00000652       0x39 ..\obj\os_mutex.o
 .ARM.attributes
                0x0000068b       0x39 ..\obj\bsp.o
 .ARM.attributes
                0x000006c4       0x39 ..\obj\os_tmr.o
 .ARM.attributes
                0x000006fd       0x36 ..\..\..\..\..\..\..\..\..\Program Files (x86)\GNU Tools ARM Embedded\4.6 2012q2\arm-none-eabi\lib\armv7e-m\fpu\libg.a(lib_a-impure.o)
 .ARM.attributes
                0x00000733       0x36 ..\..\..\..\..\..\..\..\..\Program Files (x86)\GNU Tools ARM Embedded\4.6 2012q2\arm-none-eabi\lib\armv7e-m\fpu\libg.a(lib_a-init.o)
 .ARM.attributes
                0x00000769       0x36 ..\..\..\..\..\..\..\..\..\Program Files (x86)\GNU Tools ARM Embedded\4.6 2012q2\arm-none-eabi\lib\armv7e-m\fpu\libg.a(lib_a-__call_atexit.o)
 .ARM.attributes
                0x0000079f       0x36 ..\..\..\..\..\..\..\..\..\Program Files (x86)\GNU Tools ARM Embedded\4.6 2012q2\arm-none-eabi\lib\armv7e-m\fpu\libg.a(lib_a-atexit.o)
 .ARM.attributes
                0x000007d5       0x36 ..\..\..\..\..\..\..\..\..\Program Files (x86)\GNU Tools ARM Embedded\4.6 2012q2\arm-none-eabi\lib\armv7e-m\fpu\libg.a(lib_a-fini.o)
 .ARM.attributes
                0x0000080b       0x36 ..\..\..\..\..\..\..\..\..\Program Files (x86)\GNU Tools ARM Embedded\4.6 2012q2\arm-none-eabi\lib\armv7e-m\fpu\libg.a(lib_a-__atexit.o)
 .ARM.attributes
                0x00000841       0x34 c:/program files (x86)/gnu tools arm embedded/4.8 2014q2/bin/../lib/gcc/arm-none-eabi/4.8.4/armv7e-m/fpu/crtend.o
 .ARM.attributes
                0x00000875       0x22 c:/program files (x86)/gnu tools arm embedded/4.8 2014q2/bin/../lib/gcc/arm-none-eabi/4.8.4/armv7e-m/fpu/crtn.o

.comment        0x00000000       0x70
 .comment       0x00000000       0x70 ..\obj\os_time.o
                                 0x71 (size before relaxing)
 .comment       0x00000000       0x71 ..\obj\bsp_int.o
 .comment       0x00000000       0x71 ..\obj\lib_mem.o
 .comment       0x00000000       0x71 ..\obj\os_cpu_c.o
 .comment       0x00000000       0x71 ..\obj\cpu_core.o
 .comment       0x00000000       0x71 ..\obj\os_flag.o
 .comment       0x00000000       0x71 ..\obj\os_tick.o
 .comment       0x00000000       0x71 ..\obj\os_var.o
 .comment       0x00000000       0x71 ..\obj\os_msg.o
 .comment       0x00000000       0x71 ..\obj\main.o
 .comment       0x00000000       0x71 ..\obj\stm32f4xx_rcc.o
 .comment       0x00000000       0x71 ..\obj\os_dbg.o
 .comment       0x00000000       0x71 ..\obj\os_sem.o
 .comment       0x00000000       0x71 ..\obj\os_prio.o
 .comment       0x00000000       0x71 ..\obj\os_core.o
 .comment       0x00000000       0x71 ..\obj\os_stat.o
 .comment       0x00000000       0x71 ..\obj\os_mem.o
 .comment       0x00000000       0x71 ..\obj\bsp_periph.o
 .comment       0x00000000       0x71 ..\obj\stm32f4xx_gpio.o
 .comment       0x00000000       0x71 ..\obj\stm32f4xx_flash.o
 .comment       0x00000000       0x71 ..\obj\lib_math.o
 .comment       0x00000000       0x71 ..\obj\system_stm32f4xx.o
 .comment       0x00000000       0x71 ..\obj\os_cfg_app.o
 .comment       0x00000000       0x71 ..\obj\os_q.o
 .comment       0x00000000       0x71 ..\obj\os_task.o
 .comment       0x00000000       0x71 ..\obj\os_mutex.o
 .comment       0x00000000       0x71 ..\obj\bsp.o
 .comment       0x00000000       0x71 ..\obj\os_tmr.o

.debug_line     0x00000000     0x5eb5
 .debug_line    0x00000000       0x9f ..\obj\cpu_a.o
 .debug_line    0x0000009f      0x237 ..\obj\os_time.o
 .debug_line    0x000002d6       0xd5 ..\obj\os_cpu_a.o
 .debug_line    0x000003ab      0x802 ..\obj\bsp_int.o
 .debug_line    0x00000bad      0x5fc ..\obj\lib_mem.o
 .debug_line    0x000011a9      0x26d ..\obj\os_cpu_c.o
 .debug_line    0x00001416      0x2a8 ..\obj\cpu_core.o
 .debug_line    0x000016be      0x3a6 ..\obj\os_flag.o
 .debug_line    0x00001a64      0x28b ..\obj\os_tick.o
 .debug_line    0x00001cef      0x10b ..\obj\os_var.o
 .debug_line    0x00001dfa      0x1f7 ..\obj\os_msg.o
 .debug_line    0x00001ff1      0x389 ..\obj\main.o
 .debug_line    0x0000237a      0x68e ..\obj\stm32f4xx_rcc.o
 .debug_line    0x00002a08      0x16f ..\obj\os_dbg.o
 .debug_line    0x00002b77      0x301 ..\obj\os_sem.o
 .debug_line    0x00002e78      0x133 ..\obj\os_prio.o
 .debug_line    0x00002fab      0x5ea ..\obj\os_core.o
 .debug_line    0x00003595      0x23d ..\obj\os_stat.o
 .debug_line    0x000037d2      0x196 ..\obj\os_mem.o
 .debug_line    0x00003968      0x244 ..\obj\bsp_periph.o
 .debug_line    0x00003bac      0x392 ..\obj\stm32f4xx_gpio.o
 .debug_line    0x00003f3e      0x5c6 ..\obj\stm32f4xx_flash.o
 .debug_line    0x00004504      0x116 ..\obj\lib_math.o
 .debug_line    0x0000461a      0x284 ..\obj\system_stm32f4xx.o
 .debug_line    0x0000489e      0x12e ..\obj\os_cfg_app.o
 .debug_line    0x000049cc      0x2fd ..\obj\os_q.o
 .debug_line    0x00004cc9      0x5f1 ..\obj\os_task.o
 .debug_line    0x000052ba      0x101 ..\obj\cstartup.o
 .debug_line    0x000053bb      0x2f6 ..\obj\os_mutex.o
 .debug_line    0x000056b1      0x44f ..\obj\bsp.o
 .debug_line    0x00005b00      0x3b5 ..\obj\os_tmr.o

.debug_info     0x00000000    0x15481
 .debug_info    0x00000000       0xb8 ..\obj\cpu_a.o
 .debug_info    0x000000b8      0xe6d ..\obj\os_time.o
 .debug_info    0x00000f25       0xc8 ..\obj\os_cpu_a.o
 .debug_info    0x00000fed      0x853 ..\obj\bsp_int.o
 .debug_info    0x00001840      0xe4d ..\obj\lib_mem.o
 .debug_info    0x0000268d      0x94b ..\obj\os_cpu_c.o
 .debug_info    0x00002fd8      0x522 ..\obj\cpu_core.o
 .debug_info    0x000034fa     0x120b ..\obj\os_flag.o
 .debug_info    0x00004705      0xedc ..\obj\os_tick.o
 .debug_info    0x000055e1      0xf0f ..\obj\os_var.o
 .debug_info    0x000064f0      0x8f4 ..\obj\os_msg.o
 .debug_info    0x00006de4      0xf42 ..\obj\main.o
 .debug_info    0x00007d26      0xe02 ..\obj\stm32f4xx_rcc.o
 .debug_info    0x00008b28     0x1351 ..\obj\os_dbg.o
 .debug_info    0x00009e79     0x110a ..\obj\os_sem.o
 .debug_info    0x0000af83      0x1bb ..\obj\os_prio.o
 .debug_info    0x0000b13e     0x1711 ..\obj\os_core.o
 .debug_info    0x0000c84f      0xfae ..\obj\os_stat.o
 .debug_info    0x0000d7fd      0x896 ..\obj\os_mem.o
 .debug_info    0x0000e093      0x163 ..\obj\bsp_periph.o
 .debug_info    0x0000e1f6      0x605 ..\obj\stm32f4xx_gpio.o
 .debug_info    0x0000e7fb      0x92e ..\obj\stm32f4xx_flash.o
 .debug_info    0x0000f129      0x162 ..\obj\lib_math.o
 .debug_info    0x0000f28b      0x5b9 ..\obj\system_stm32f4xx.o
 .debug_info    0x0000f844      0xbd1 ..\obj\os_cfg_app.o
 .debug_info    0x00010415     0x112d ..\obj\os_q.o
 .debug_info    0x00011542     0x161d ..\obj\os_task.o
 .debug_info    0x00012b5f       0xa9 ..\obj\cstartup.o
 .debug_info    0x00012c08     0x1025 ..\obj\os_mutex.o
 .debug_info    0x00013c2d      0x51e ..\obj\bsp.o
 .debug_info    0x0001414b     0x1336 ..\obj\os_tmr.o

.debug_abbrev   0x00000000     0x28f6
 .debug_abbrev  0x00000000       0x14 ..\obj\cpu_a.o
 .debug_abbrev  0x00000014      0x17b ..\obj\os_time.o
 .debug_abbrev  0x0000018f       0x14 ..\obj\os_cpu_a.o
 .debug_abbrev  0x000001a3      0x184 ..\obj\bsp_int.o
 .debug_abbrev  0x00000327      0x1bc ..\obj\lib_mem.o
 .debug_abbrev  0x000004e3      0x1e4 ..\obj\os_cpu_c.o
 .debug_abbrev  0x000006c7      0x1a2 ..\obj\cpu_core.o
 .debug_abbrev  0x00000869      0x1c8 ..\obj\os_flag.o
 .debug_abbrev  0x00000a31      0x1a7 ..\obj\os_tick.o
 .debug_abbrev  0x00000bd8       0xb5 ..\obj\os_var.o
 .debug_abbrev  0x00000c8d      0x14a ..\obj\os_msg.o
 .debug_abbrev  0x00000dd7      0x1b2 ..\obj\main.o
 .debug_abbrev  0x00000f89      0x1ba ..\obj\stm32f4xx_rcc.o
 .debug_abbrev  0x00001143       0xfa ..\obj\os_dbg.o
 .debug_abbrev  0x0000123d      0x1c8 ..\obj\os_sem.o
 .debug_abbrev  0x00001405       0xc4 ..\obj\os_prio.o
 .debug_abbrev  0x000014c9      0x1b4 ..\obj\os_core.o
 .debug_abbrev  0x0000167d      0x15f ..\obj\os_stat.o
 .debug_abbrev  0x000017dc      0x125 ..\obj\os_mem.o
 .debug_abbrev  0x00001901       0xcc ..\obj\bsp_periph.o
 .debug_abbrev  0x000019cd      0x1a3 ..\obj\stm32f4xx_gpio.o
 .debug_abbrev  0x00001b70      0x196 ..\obj\stm32f4xx_flash.o
 .debug_abbrev  0x00001d06       0xf9 ..\obj\lib_math.o
 .debug_abbrev  0x00001dff      0x136 ..\obj\system_stm32f4xx.o
 .debug_abbrev  0x00001f35       0xda ..\obj\os_cfg_app.o
 .debug_abbrev  0x0000200f      0x1c8 ..\obj\os_q.o
 .debug_abbrev  0x000021d7      0x195 ..\obj\os_task.o
 .debug_abbrev  0x0000236c       0x12 ..\obj\cstartup.o
 .debug_abbrev  0x0000237e      0x1c8 ..\obj\os_mutex.o
 .debug_abbrev  0x00002546      0x1dc ..\obj\bsp.o
 .debug_abbrev  0x00002722      0x1d4 ..\obj\os_tmr.o

.debug_aranges  0x00000000     0x1058
 .debug_aranges
                0x00000000       0x20 ..\obj\cpu_a.o
 .debug_aranges
                0x00000020       0x48 ..\obj\os_time.o
 .debug_aranges
                0x00000068       0x20 ..\obj\os_cpu_a.o
 .debug_aranges
                0x00000088      0x2f0 ..\obj\bsp_int.o
 .debug_aranges
                0x00000378       0xa8 ..\obj\lib_mem.o
 .debug_aranges
                0x00000420       0x70 ..\obj\os_cpu_c.o
 .debug_aranges
                0x00000490       0xb0 ..\obj\cpu_core.o
 .debug_aranges
                0x00000540       0x80 ..\obj\os_flag.o
 .debug_aranges
                0x000005c0       0x50 ..\obj\os_tick.o
 .debug_aranges
                0x00000610       0x18 ..\obj\os_var.o
 .debug_aranges
                0x00000628       0x40 ..\obj\os_msg.o
 .debug_aranges
                0x00000668       0x38 ..\obj\main.o
 .debug_aranges
                0x000006a0      0x1b8 ..\obj\stm32f4xx_rcc.o
 .debug_aranges
                0x00000858       0x20 ..\obj\os_dbg.o
 .debug_aranges
                0x00000878       0x70 ..\obj\os_sem.o
 .debug_aranges
                0x000008e8       0x38 ..\obj\os_prio.o
 .debug_aranges
                0x00000920      0x128 ..\obj\os_core.o
 .debug_aranges
                0x00000a48       0x38 ..\obj\os_stat.o
 .debug_aranges
                0x00000a80       0x40 ..\obj\os_mem.o
 .debug_aranges
                0x00000ac0       0x30 ..\obj\bsp_periph.o
 .debug_aranges
                0x00000af0       0x88 ..\obj\stm32f4xx_gpio.o
 .debug_aranges
                0x00000b78      0x158 ..\obj\stm32f4xx_flash.o
 .debug_aranges
                0x00000cd0       0x38 ..\obj\lib_math.o
 .debug_aranges
                0x00000d08       0x30 ..\obj\system_stm32f4xx.o
 .debug_aranges
                0x00000d38       0x20 ..\obj\os_cfg_app.o
 .debug_aranges
                0x00000d58       0x70 ..\obj\os_q.o
 .debug_aranges
                0x00000dc8       0xe8 ..\obj\os_task.o
 .debug_aranges
                0x00000eb0       0x58 ..\obj\cstartup.o
 .debug_aranges
                0x00000f08       0x60 ..\obj\os_mutex.o
 .debug_aranges
                0x00000f68       0x68 ..\obj\bsp.o
 .debug_aranges
                0x00000fd0       0x88 ..\obj\os_tmr.o

.debug_ranges   0x00000000      0xe48
 .debug_ranges  0x00000000       0x38 ..\obj\os_time.o
 .debug_ranges  0x00000038      0x2e0 ..\obj\bsp_int.o
 .debug_ranges  0x00000318       0x98 ..\obj\lib_mem.o
 .debug_ranges  0x000003b0       0x60 ..\obj\os_cpu_c.o
 .debug_ranges  0x00000410       0xa0 ..\obj\cpu_core.o
 .debug_ranges  0x000004b0       0x70 ..\obj\os_flag.o
 .debug_ranges  0x00000520       0x40 ..\obj\os_tick.o
 .debug_ranges  0x00000560       0x30 ..\obj\os_msg.o
 .debug_ranges  0x00000590       0x28 ..\obj\main.o
 .debug_ranges  0x000005b8      0x1a8 ..\obj\stm32f4xx_rcc.o
 .debug_ranges  0x00000760       0x10 ..\obj\os_dbg.o
 .debug_ranges  0x00000770       0x60 ..\obj\os_sem.o
 .debug_ranges  0x000007d0       0x28 ..\obj\os_prio.o
 .debug_ranges  0x000007f8      0x118 ..\obj\os_core.o
 .debug_ranges  0x00000910       0x28 ..\obj\os_stat.o
 .debug_ranges  0x00000938       0x30 ..\obj\os_mem.o
 .debug_ranges  0x00000968       0x20 ..\obj\bsp_periph.o
 .debug_ranges  0x00000988       0x78 ..\obj\stm32f4xx_gpio.o
 .debug_ranges  0x00000a00      0x148 ..\obj\stm32f4xx_flash.o
 .debug_ranges  0x00000b48       0x28 ..\obj\lib_math.o
 .debug_ranges  0x00000b70       0x20 ..\obj\system_stm32f4xx.o
 .debug_ranges  0x00000b90       0x10 ..\obj\os_cfg_app.o
 .debug_ranges  0x00000ba0       0x60 ..\obj\os_q.o
 .debug_ranges  0x00000c00       0xd8 ..\obj\os_task.o
 .debug_ranges  0x00000cd8       0x50 ..\obj\cstartup.o
 .debug_ranges  0x00000d28       0x50 ..\obj\os_mutex.o
 .debug_ranges  0x00000d78       0x58 ..\obj\bsp.o
 .debug_ranges  0x00000dd0       0x78 ..\obj\os_tmr.o

.debug_str      0x00000000     0x57ed
 .debug_str     0x00000000     0x12c6 ..\obj\os_time.o
                               0x1365 (size before relaxing)
 .debug_str     0x000012c6      0x87a ..\obj\bsp_int.o
                                0x9ed (size before relaxing)
 .debug_str     0x00001b40      0x839 ..\obj\lib_mem.o
                                0x9fd (size before relaxing)
 .debug_str     0x00002379      0x24f ..\obj\os_cpu_c.o
                                0x7f8 (size before relaxing)
 .debug_str     0x000025c8      0x254 ..\obj\cpu_core.o
                                0x3e4 (size before relaxing)
 .debug_str     0x0000281c      0x1bf ..\obj\os_flag.o
                               0x13ed (size before relaxing)
 .debug_str     0x000029db      0x1ce ..\obj\os_tick.o
                               0x13e2 (size before relaxing)
 .debug_str     0x00002ba9      0x34b ..\obj\os_var.o
                                0xa7e (size before relaxing)
 .debug_str     0x00002ef4       0xed ..\obj\os_msg.o
                                0xf7b (size before relaxing)
 .debug_str     0x00002fe1      0x269 ..\obj\main.o
                               0x14d9 (size before relaxing)
 .debug_str     0x0000324a      0x7f2 ..\obj\stm32f4xx_rcc.o
                                0x9c9 (size before relaxing)
 .debug_str     0x00003a3c      0x523 ..\obj\os_dbg.o
                                0xf61 (size before relaxing)
 .debug_str     0x00003f5f       0xeb ..\obj\os_sem.o
                               0x1374 (size before relaxing)
 .debug_str     0x0000404a       0x92 ..\obj\os_prio.o
                                0x1f4 (size before relaxing)
 .debug_str     0x000040dc      0x2e9 ..\obj\os_core.o
                               0x171d (size before relaxing)
 .debug_str     0x000043c5      0x146 ..\obj\os_stat.o
                               0x14b1 (size before relaxing)
 .debug_str     0x0000450b       0xa7 ..\obj\os_mem.o
                                0xf58 (size before relaxing)
 .debug_str     0x000045b2       0x8a ..\obj\bsp_periph.o
                                0x257 (size before relaxing)
 .debug_str     0x0000463c      0x1ab ..\obj\stm32f4xx_gpio.o
                                0x4d7 (size before relaxing)
 .debug_str     0x000047e7      0x4e8 ..\obj\stm32f4xx_flash.o
                                0x6d3 (size before relaxing)
 .debug_str     0x00004ccf       0xa0 ..\obj\lib_math.o
                                0x1dc (size before relaxing)
 .debug_str     0x00004d6f      0x11d ..\obj\system_stm32f4xx.o
                                0x411 (size before relaxing)
 .debug_str     0x00004e8c      0x2cf ..\obj\os_cfg_app.o
                                0xa41 (size before relaxing)
 .debug_str     0x0000515b       0xe5 ..\obj\os_q.o
                               0x1381 (size before relaxing)
 .debug_str     0x00005240      0x218 ..\obj\os_task.o
                               0x153c (size before relaxing)
 .debug_str     0x00005458       0xfd ..\obj\os_mutex.o
                               0x13b5 (size before relaxing)
 .debug_str     0x00005555      0x11d ..\obj\bsp.o
                                0x54f (size before relaxing)
 .debug_str     0x00005672      0x17b ..\obj\os_tmr.o
                               0x1534 (size before relaxing)

.debug_frame    0x00000000     0x32e4
 .debug_frame   0x00000000       0xd0 ..\obj\os_time.o
 .debug_frame   0x000000d0      0xa18 ..\obj\bsp_int.o
 .debug_frame   0x00000ae8      0x238 ..\obj\lib_mem.o
 .debug_frame   0x00000d20      0x154 ..\obj\os_cpu_c.o
 .debug_frame   0x00000e74      0x258 ..\obj\cpu_core.o
 .debug_frame   0x000010cc      0x1a4 ..\obj\os_flag.o
 .debug_frame   0x00001270       0xe0 ..\obj\os_tick.o
 .debug_frame   0x00001350       0x9c ..\obj\os_msg.o
 .debug_frame   0x000013ec       0x88 ..\obj\main.o
 .debug_frame   0x00001474      0x5b8 ..\obj\stm32f4xx_rcc.o
 .debug_frame   0x00001a2c       0x2c ..\obj\os_dbg.o
 .debug_frame   0x00001a58      0x164 ..\obj\os_sem.o
 .debug_frame   0x00001bbc       0x84 ..\obj\os_prio.o
 .debug_frame   0x00001c40      0x40c ..\obj\os_core.o
 .debug_frame   0x0000204c       0x90 ..\obj\os_stat.o
 .debug_frame   0x000020dc       0xa8 ..\obj\os_mem.o
 .debug_frame   0x00002184       0x68 ..\obj\bsp_periph.o
 .debug_frame   0x000021ec      0x19c ..\obj\stm32f4xx_gpio.o
 .debug_frame   0x00002388      0x480 ..\obj\stm32f4xx_flash.o
 .debug_frame   0x00002808       0x88 ..\obj\lib_math.o
 .debug_frame   0x00002890       0x64 ..\obj\system_stm32f4xx.o
 .debug_frame   0x000028f4       0x28 ..\obj\os_cfg_app.o
 .debug_frame   0x0000291c      0x164 ..\obj\os_q.o
 .debug_frame   0x00002a80      0x344 ..\obj\os_task.o
 .debug_frame   0x00002dc4      0x124 ..\obj\os_mutex.o
 .debug_frame   0x00002ee8      0x150 ..\obj\bsp.o
 .debug_frame   0x00003038      0x1b8 ..\obj\os_tmr.o
 .debug_frame   0x000031f0       0x2c ..\..\..\..\..\..\..\..\..\Program Files (x86)\GNU Tools ARM Embedded\4.6 2012q2\arm-none-eabi\lib\armv7e-m\fpu\libg.a(lib_a-init.o)
 .debug_frame   0x0000321c       0x48 ..\..\..\..\..\..\..\..\..\Program Files (x86)\GNU Tools ARM Embedded\4.6 2012q2\arm-none-eabi\lib\armv7e-m\fpu\libg.a(lib_a-__call_atexit.o)
 .debug_frame   0x00003264       0x20 ..\..\..\..\..\..\..\..\..\Program Files (x86)\GNU Tools ARM Embedded\4.6 2012q2\arm-none-eabi\lib\armv7e-m\fpu\libg.a(lib_a-atexit.o)
 .debug_frame   0x00003284       0x2c ..\..\..\..\..\..\..\..\..\Program Files (x86)\GNU Tools ARM Embedded\4.6 2012q2\arm-none-eabi\lib\armv7e-m\fpu\libg.a(lib_a-fini.o)
 .debug_frame   0x000032b0       0x34 ..\..\..\..\..\..\..\..\..\Program Files (x86)\GNU Tools ARM Embedded\4.6 2012q2\arm-none-eabi\lib\armv7e-m\fpu\libg.a(lib_a-__atexit.o)
