Archive member included because of file (symbol)

c:/program files (x86)/gnu tools arm embedded/4.6 2012q2/bin/../lib/gcc/arm-none-eabi/4.6.2/armv7e-m/fpu\libgcc.a(_aeabi_uldivmod.o)
                              ..\obj\bsp.o (__aeabi_uldivmod)
c:/program files (x86)/gnu tools arm embedded/4.6 2012q2/bin/../lib/gcc/arm-none-eabi/4.6.2/armv7e-m/fpu\libgcc.a(bpabi.o)
                              c:/program files (x86)/gnu tools arm embedded/4.6 2012q2/bin/../lib/gcc/arm-none-eabi/4.6.2/armv7e-m/fpu\libgcc.a(_aeabi_uldivmod.o) (__gnu_uldivmod_helper)
c:/program files (x86)/gnu tools arm embedded/4.6 2012q2/bin/../lib/gcc/arm-none-eabi/4.6.2/armv7e-m/fpu\libgcc.a(unwind-arm.o)
                              c:/program files (x86)/gnu tools arm embedded/4.6 2012q2/bin/../lib/gcc/arm-none-eabi/4.6.2/armv7e-m/fpu\libgcc.a(bpabi.o) (__aeabi_unwind_cpp_pr0)
c:/program files (x86)/gnu tools arm embedded/4.6 2012q2/bin/../lib/gcc/arm-none-eabi/4.6.2/armv7e-m/fpu\libgcc.a(libunwind.o)
                              c:/program files (x86)/gnu tools arm embedded/4.6 2012q2/bin/../lib/gcc/arm-none-eabi/4.6.2/armv7e-m/fpu\libgcc.a(unwind-arm.o) (restore_core_regs)
c:/program files (x86)/gnu tools arm embedded/4.6 2012q2/bin/../lib/gcc/arm-none-eabi/4.6.2/armv7e-m/fpu\libgcc.a(pr-support.o)
                              c:/program files (x86)/gnu tools arm embedded/4.6 2012q2/bin/../lib/gcc/arm-none-eabi/4.6.2/armv7e-m/fpu\libgcc.a(unwind-arm.o) (__gnu_unwind_execute)
c:/program files (x86)/gnu tools arm embedded/4.6 2012q2/bin/../lib/gcc/arm-none-eabi/4.6.2/armv7e-m/fpu\libgcc.a(_dvmd_tls.o)
                              c:/program files (x86)/gnu tools arm embedded/4.6 2012q2/bin/../lib/gcc/arm-none-eabi/4.6.2/armv7e-m/fpu\libgcc.a(_aeabi_uldivmod.o) (__aeabi_ldiv0)
c:/program files (x86)/gnu tools arm embedded/4.6 2012q2/bin/../lib/gcc/arm-none-eabi/4.6.2/armv7e-m/fpu\libgcc.a(_divdi3.o)
                              c:/program files (x86)/gnu tools arm embedded/4.6 2012q2/bin/../lib/gcc/arm-none-eabi/4.6.2/armv7e-m/fpu\libgcc.a(bpabi.o) (__divdi3)
c:/program files (x86)/gnu tools arm embedded/4.6 2012q2/bin/../lib/gcc/arm-none-eabi/4.6.2/armv7e-m/fpu\libgcc.a(_udivdi3.o)
                              c:/program files (x86)/gnu tools arm embedded/4.6 2012q2/bin/../lib/gcc/arm-none-eabi/4.6.2/armv7e-m/fpu\libgcc.a(bpabi.o) (__udivdi3)
..\..\..\..\..\..\..\..\..\Program Files (x86)\GNU Tools ARM Embedded\4.6 2012q2\arm-none-eabi\lib\armv7e-m\fpu\libg.a(lib_a-atexit.o)
                              c:/program files (x86)/gnu tools arm embedded/4.6 2012q2/bin/../lib/gcc/arm-none-eabi/4.6.2/../../../../arm-none-eabi/lib/armv7e-m/fpu/crt0.o (atexit)
..\..\..\..\..\..\..\..\..\Program Files (x86)\GNU Tools ARM Embedded\4.6 2012q2\arm-none-eabi\lib\armv7e-m\fpu\libg.a(lib_a-exit.o)
                              c:/program files (x86)/gnu tools arm embedded/4.6 2012q2/bin/../lib/gcc/arm-none-eabi/4.6.2/../../../../arm-none-eabi/lib/armv7e-m/fpu/crt0.o (exit)
..\..\..\..\..\..\..\..\..\Program Files (x86)\GNU Tools ARM Embedded\4.6 2012q2\arm-none-eabi\lib\armv7e-m\fpu\libg.a(lib_a-fini.o)
                              c:/program files (x86)/gnu tools arm embedded/4.6 2012q2/bin/../lib/gcc/arm-none-eabi/4.6.2/../../../../arm-none-eabi/lib/armv7e-m/fpu/crt0.o (__libc_fini_array)
..\..\..\..\..\..\..\..\..\Program Files (x86)\GNU Tools ARM Embedded\4.6 2012q2\arm-none-eabi\lib\armv7e-m\fpu\libg.a(lib_a-impure.o)
                              ..\..\..\..\..\..\..\..\..\Program Files (x86)\GNU Tools ARM Embedded\4.6 2012q2\arm-none-eabi\lib\armv7e-m\fpu\libg.a(lib_a-exit.o) (_global_impure_ptr)
..\..\..\..\..\..\..\..\..\Program Files (x86)\GNU Tools ARM Embedded\4.6 2012q2\arm-none-eabi\lib\armv7e-m\fpu\libg.a(lib_a-init.o)
                              c:/program files (x86)/gnu tools arm embedded/4.6 2012q2/bin/../lib/gcc/arm-none-eabi/4.6.2/../../../../arm-none-eabi/lib/armv7e-m/fpu/crt0.o (__libc_init_array)
..\..\..\..\..\..\..\..\..\Program Files (x86)\GNU Tools ARM Embedded\4.6 2012q2\arm-none-eabi\lib\armv7e-m\fpu\libg.a(lib_a-memcpy.o)
                              c:/program files (x86)/gnu tools arm embedded/4.6 2012q2/bin/../lib/gcc/arm-none-eabi/4.6.2/armv7e-m/fpu\libgcc.a(unwind-arm.o) (memcpy)
..\..\..\..\..\..\..\..\..\Program Files (x86)\GNU Tools ARM Embedded\4.6 2012q2\arm-none-eabi\lib\armv7e-m\fpu\libg.a(lib_a-memset.o)
                              c:/program files (x86)/gnu tools arm embedded/4.6 2012q2/bin/../lib/gcc/arm-none-eabi/4.6.2/../../../../arm-none-eabi/lib/armv7e-m/fpu/crt0.o (memset)
..\..\..\..\..\..\..\..\..\Program Files (x86)\GNU Tools ARM Embedded\4.6 2012q2\arm-none-eabi\lib\armv7e-m\fpu\libg.a(lib_a-__atexit.o)
                              ..\..\..\..\..\..\..\..\..\Program Files (x86)\GNU Tools ARM Embedded\4.6 2012q2\arm-none-eabi\lib\armv7e-m\fpu\libg.a(lib_a-atexit.o) (__register_exitproc)
[...]
Memory Configuration

Name             Origin             Length             Attributes
rom              0x08000000         0x00100000         xr
ram              0x20000000         0x00020000         xrw
ram1             0x10000000         0x00010000         xrw
*default*        0x00000000         0xffffffff

Linker script and memory map

LOAD c:/program files (x86)/gnu tools arm embedded/4.6 2012q2/bin/../lib/gcc/arm-none-eabi/4.6.2/armv7e-m/fpu/crti.o
LOAD c:/program files (x86)/gnu tools arm embedded/4.6 2012q2/bin/../lib/gcc/arm-none-eabi/4.6.2/armv7e-m/fpu/crtbegin.o
LOAD c:/program files (x86)/gnu tools arm embedded/4.6 2012q2/bin/../lib/gcc/arm-none-eabi/4.6.2/../../../../arm-none-eabi/lib/armv7e-m/fpu/crt0.o
                0x20020000                _eram = 0x20020000

.text           0x08000000     0x1834
 *(.isr_vector .isr_vector.*)
 .isr_vector    0x08000000      0x188 ..\obj\cstartup.o
                0x08000000                g_pfnVectors
 *(.text .text.* .gnu.linkonce.t.*)
 .text          0x08000188       0x34 ..\obj\cpu_a.o
                0x08000188                CPU_IntDis
                0x0800018c                CPU_IntEn
                0x08000190                CPU_SR_Save
                0x08000198                CPU_SR_Restore
                0x0800019e                CPU_WaitForInt
                0x080001a2                CPU_WaitForExcept
                0x080001a6                CPU_CntLeadZeros
                0x080001ac                CPU_CntTrailZeros
                0x080001b6                CPU_RevBits
 .text.OSTimeTick
                0x080001bc       0x78 ..\obj\os_time.o
                0x080001bc                OSTimeTick
 .text          0x08000234       0x98 ..\obj\os_cpu_a.o
                0x08000234                OSStartHighRdy
                0x08000252                OSCtxSw
                0x0800025a                OSIntCtxSw
                0x08000262                OS_CPU_PendSVHandler
 .text.BSP_IntHandlerWWDG
                0x080002cc       0x10 ..\obj\bsp_int.o
                0x080002cc                BSP_IntHandlerWWDG
 .text.BSP_IntHandlerPVD
                0x080002dc       0x10 ..\obj\bsp_int.o
                0x080002dc                BSP_IntHandlerPVD
 .text.BSP_IntHandlerTAMP_STAMP
                0x080002ec       0x10 ..\obj\bsp_int.o
                0x080002ec                BSP_IntHandlerTAMP_STAMP
 .text.BSP_IntHandlerRTC_WKUP
                0x080002fc       0x10 ..\obj\bsp_int.o
                0x080002fc                BSP_IntHandlerRTC_WKUP
 .text.BSP_IntHandlerFLASH
                0x0800030c       0x10 ..\obj\bsp_int.o
                0x0800030c                BSP_IntHandlerFLASH
 .text.BSP_IntHandlerRCC
                0x0800031c       0x10 ..\obj\bsp_int.o
                0x0800031c                BSP_IntHandlerRCC
 .text.BSP_IntHandlerEXTI0
                0x0800032c       0x10 ..\obj\bsp_int.o
                0x0800032c                BSP_IntHandlerEXTI0
 .text.BSP_IntHandlerEXTI1
                0x0800033c       0x10 ..\obj\bsp_int.o
                0x0800033c                BSP_IntHandlerEXTI1
 .text.BSP_IntHandlerEXTI2
                0x0800034c       0x10 ..\obj\bsp_int.o
                0x0800034c                BSP_IntHandlerEXTI2
 .text.BSP_IntHandlerEXTI3
                0x0800035c       0x10 ..\obj\bsp_int.o
                0x0800035c                BSP_IntHandlerEXTI3
 .text.BSP_IntHandlerEXTI4
                0x0800036c       0x10 ..\obj\bsp_int.o
                0x0800036c                BSP_IntHandlerEXTI4
 .text.BSP_IntHandlerDMA1_CH0
                0x0800037c       0x10 ..\obj\bsp_int.o
                0x0800037c                BSP_IntHandlerDMA1_CH0
 .text.BSP_IntHandlerDMA1_CH1
                0x0800038c       0x10 ..\obj\bsp_int.o
                0x0800038c                BSP_IntHandlerDMA1_CH1
 .text.BSP_IntHandlerDMA1_CH2
                0x0800039c       0x10 ..\obj\bsp_int.o
                0x0800039c                BSP_IntHandlerDMA1_CH2
 .text.BSP_IntHandlerDMA1_CH3
                0x080003ac       0x10 ..\obj\bsp_int.o
                0x080003ac                BSP_IntHandlerDMA1_CH3
 .text.BSP_IntHandlerDMA1_CH4
                0x080003bc       0x10 ..\obj\bsp_int.o
                0x080003bc                BSP_IntHandlerDMA1_CH4
 .text.BSP_IntHandlerDMA1_CH5
                0x080003cc       0x10 ..\obj\bsp_int.o
                0x080003cc                BSP_IntHandlerDMA1_CH5
 .text.BSP_IntHandlerDMA1_CH6
                0x080003dc       0x10 ..\obj\bsp_int.o
                0x080003dc                BSP_IntHandlerDMA1_CH6
 .text.BSP_IntHandlerADC
                0x080003ec       0x10 ..\obj\bsp_int.o
                0x080003ec                BSP_IntHandlerADC
 .text.BSP_IntHandlerCAN1_TX
                0x080003fc       0x10 ..\obj\bsp_int.o
                0x080003fc                BSP_IntHandlerCAN1_TX
 .text.BSP_IntHandlerCAN1_RX0
                0x0800040c       0x10 ..\obj\bsp_int.o
                0x0800040c                BSP_IntHandlerCAN1_RX0
 .text.BSP_IntHandlerCAN1_RX1
                0x0800041c       0x10 ..\obj\bsp_int.o
                0x0800041c                BSP_IntHandlerCAN1_RX1
 .text.BSP_IntHandlerCAN1_SCE
                0x0800042c       0x10 ..\obj\bsp_int.o
                0x0800042c                BSP_IntHandlerCAN1_SCE
 .text.BSP_IntHandlerEXTI9_5
                0x0800043c       0x10 ..\obj\bsp_int.o
                0x0800043c                BSP_IntHandlerEXTI9_5
 .text.BSP_IntHandlerTIM1_BRK_TIM9
                0x0800044c       0x10 ..\obj\bsp_int.o
                0x0800044c                BSP_IntHandlerTIM1_BRK_TIM9
 .text.BSP_IntHandlerTIM1_UP_TIM10
                0x0800045c       0x10 ..\obj\bsp_int.o
                0x0800045c                BSP_IntHandlerTIM1_UP_TIM10
 .text.BSP_IntHandlerTIM1_TRG_COM_TIM11
                0x0800046c       0x10 ..\obj\bsp_int.o
                0x0800046c                BSP_IntHandlerTIM1_TRG_COM_TIM11
 .text.BSP_IntHandlerTIM1_CC
                0x0800047c       0x10 ..\obj\bsp_int.o
                0x0800047c                BSP_IntHandlerTIM1_CC
 .text.BSP_IntHandlerTIM2
                0x0800048c       0x10 ..\obj\bsp_int.o
                0x0800048c                BSP_IntHandlerTIM2
 .text.BSP_IntHandlerTIM3
                0x0800049c       0x10 ..\obj\bsp_int.o
                0x0800049c                BSP_IntHandlerTIM3
 .text.BSP_IntHandlerTIM4
                0x080004ac       0x10 ..\obj\bsp_int.o
                0x080004ac                BSP_IntHandlerTIM4
 .text.BSP_IntHandlerI2C1_EV
                0x080004bc       0x10 ..\obj\bsp_int.o
                0x080004bc                BSP_IntHandlerI2C1_EV
 .text.BSP_IntHandlerI2C1_ER
                0x080004cc       0x10 ..\obj\bsp_int.o
                0x080004cc                BSP_IntHandlerI2C1_ER
 .text.BSP_IntHandlerI2C2_EV
                0x080004dc       0x10 ..\obj\bsp_int.o
                0x080004dc                BSP_IntHandlerI2C2_EV
 .text.BSP_IntHandlerI2C2_ER
                0x080004ec       0x10 ..\obj\bsp_int.o
                0x080004ec                BSP_IntHandlerI2C2_ER
 .text.BSP_IntHandlerSPI1
                0x080004fc       0x10 ..\obj\bsp_int.o
                0x080004fc                BSP_IntHandlerSPI1
 .text.BSP_IntHandlerSPI2
                0x0800050c       0x10 ..\obj\bsp_int.o
                0x0800050c                BSP_IntHandlerSPI2
 .text.BSP_IntHandlerUSART1
                0x0800051c       0x10 ..\obj\bsp_int.o
                0x0800051c                BSP_IntHandlerUSART1
 .text.BSP_IntHandlerUSART2
                0x0800052c       0x10 ..\obj\bsp_int.o
                0x0800052c                BSP_IntHandlerUSART2
 .text.BSP_IntHandlerUSART3
                0x0800053c       0x10 ..\obj\bsp_int.o
                0x0800053c                BSP_IntHandlerUSART3
 .text.BSP_IntHandlerEXTI15_10
                0x0800054c       0x10 ..\obj\bsp_int.o
                0x0800054c                BSP_IntHandlerEXTI15_10
 .text.BSP_IntHandlerRTCAlarm
                0x0800055c       0x10 ..\obj\bsp_int.o
                0x0800055c                BSP_IntHandlerRTCAlarm
 .text.BSP_IntHandlerOTG_FS_WKUP
                0x0800056c       0x10 ..\obj\bsp_int.o
                0x0800056c                BSP_IntHandlerOTG_FS_WKUP
 .text.BSP_IntHandlerTIM8_BRK_TIM12
                0x0800057c       0x10 ..\obj\bsp_int.o
                0x0800057c                BSP_IntHandlerTIM8_BRK_TIM12
 .text.BSP_IntHandlerTIM8_UP_TIM13
                0x0800058c       0x10 ..\obj\bsp_int.o
                0x0800058c                BSP_IntHandlerTIM8_UP_TIM13
 .text.BSP_IntHandlerTIM8_TRG_COM_TIM14
                0x0800059c       0x10 ..\obj\bsp_int.o
                0x0800059c                BSP_IntHandlerTIM8_TRG_COM_TIM14
 .text.BSP_IntHandlerTIM8_CC
                0x080005ac       0x10 ..\obj\bsp_int.o
                0x080005ac                BSP_IntHandlerTIM8_CC
 .text.BSP_IntHandlerDMA1_STREAM7
                0x080005bc       0x10 ..\obj\bsp_int.o
                0x080005bc                BSP_IntHandlerDMA1_STREAM7
 .text.BSP_IntHandlerFSMC
                0x080005cc       0x10 ..\obj\bsp_int.o
                0x080005cc                BSP_IntHandlerFSMC
 .text.BSP_IntHandlerSDIO
                0x080005dc       0x10 ..\obj\bsp_int.o
                0x080005dc                BSP_IntHandlerSDIO
 .text.BSP_IntHandlerTIM5
                0x080005ec       0x10 ..\obj\bsp_int.o
                0x080005ec                BSP_IntHandlerTIM5
 .text.BSP_IntHandlerSPI3
                0x080005fc       0x10 ..\obj\bsp_int.o
                0x080005fc                BSP_IntHandlerSPI3
 .text.BSP_IntHandlerUSART4
                0x0800060c       0x10 ..\obj\bsp_int.o
                0x0800060c                BSP_IntHandlerUSART4
 .text.BSP_IntHandlerUSART5
                0x0800061c       0x10 ..\obj\bsp_int.o
                0x0800061c                BSP_IntHandlerUSART5
 .text.BSP_IntHandlerTIM6_DAC
                0x0800062c       0x10 ..\obj\bsp_int.o
                0x0800062c                BSP_IntHandlerTIM6_DAC
 .text.BSP_IntHandlerTIM7
                0x0800063c       0x10 ..\obj\bsp_int.o
                0x0800063c                BSP_IntHandlerTIM7
 .text.BSP_IntHandlerDMA2_CH0
                0x0800064c       0x10 ..\obj\bsp_int.o
                0x0800064c                BSP_IntHandlerDMA2_CH0
 .text.BSP_IntHandlerDMA2_CH1
                0x0800065c       0x10 ..\obj\bsp_int.o
                0x0800065c                BSP_IntHandlerDMA2_CH1
 .text.BSP_IntHandlerDMA2_CH2
                0x0800066c       0x10 ..\obj\bsp_int.o
                0x0800066c                BSP_IntHandlerDMA2_CH2
 .text.BSP_IntHandlerDMA2_CH3
                0x0800067c       0x10 ..\obj\bsp_int.o
                0x0800067c                BSP_IntHandlerDMA2_CH3
 .text.BSP_IntHandlerDMA2_CH4
                0x0800068c       0x10 ..\obj\bsp_int.o
                0x0800068c                BSP_IntHandlerDMA2_CH4
 .text.BSP_IntHandlerETH
                0x0800069c       0x10 ..\obj\bsp_int.o
                0x0800069c                BSP_IntHandlerETH
 .text.BSP_IntHandlerETHWakeup
                0x080006ac       0x10 ..\obj\bsp_int.o
                0x080006ac                BSP_IntHandlerETHWakeup
 .text.BSP_IntHandlerCAN2_TX
                0x080006bc       0x10 ..\obj\bsp_int.o
                0x080006bc                BSP_IntHandlerCAN2_TX
 .text.BSP_IntHandlerCAN2_RX0
                0x080006cc       0x10 ..\obj\bsp_int.o
                0x080006cc                BSP_IntHandlerCAN2_RX0
 .text.BSP_IntHandlerCAN2_RX1
                0x080006dc       0x10 ..\obj\bsp_int.o
                0x080006dc                BSP_IntHandlerCAN2_RX1
 .text.BSP_IntHandlerCAN2_SCE
                0x080006ec       0x10 ..\obj\bsp_int.o
                0x080006ec                BSP_IntHandlerCAN2_SCE
 .text.BSP_IntHandlerOTG_FS
                0x080006fc       0x10 ..\obj\bsp_int.o
                0x080006fc                BSP_IntHandlerOTG_FS
 .text.BSP_IntHandlerDMA2_CH5
                0x0800070c       0x10 ..\obj\bsp_int.o
                0x0800070c                BSP_IntHandlerDMA2_CH5
 .text.BSP_IntHandlerDMA2_CH6
                0x0800071c       0x10 ..\obj\bsp_int.o
                0x0800071c                BSP_IntHandlerDMA2_CH6
 .text.BSP_IntHandlerDMA2_CH7
                0x0800072c       0x10 ..\obj\bsp_int.o
                0x0800072c                BSP_IntHandlerDMA2_CH7
 .text.BSP_IntHandlerUSART6
                0x0800073c       0x10 ..\obj\bsp_int.o
                0x0800073c                BSP_IntHandlerUSART6
 .text.BSP_IntHandlerI2C3_EV
                0x0800074c       0x10 ..\obj\bsp_int.o
                0x0800074c                BSP_IntHandlerI2C3_EV
 .text.BSP_IntHandlerI2C3_ER
                0x0800075c       0x10 ..\obj\bsp_int.o
                0x0800075c                BSP_IntHandlerI2C3_ER
 .text.BSP_IntHandlerOTG_HS_EP1_OUT
                0x0800076c       0x10 ..\obj\bsp_int.o
                0x0800076c                BSP_IntHandlerOTG_HS_EP1_OUT
 .text.BSP_IntHandlerOTG_HS_EP1_IN
                0x0800077c       0x10 ..\obj\bsp_int.o
                0x0800077c                BSP_IntHandlerOTG_HS_EP1_IN
 .text.BSP_IntHandlerOTG_HS_WKUP
                0x0800078c       0x10 ..\obj\bsp_int.o
                0x0800078c                BSP_IntHandlerOTG_HS_WKUP
 .text.BSP_IntHandlerOTG_HS
                0x0800079c       0x10 ..\obj\bsp_int.o
                0x0800079c                BSP_IntHandlerOTG_HS
 .text.BSP_IntHandlerDCMI
                0x080007ac       0x10 ..\obj\bsp_int.o
                0x080007ac                BSP_IntHandlerDCMI
 .text.BSP_IntHandlerCRYP
                0x080007bc       0x10 ..\obj\bsp_int.o
                0x080007bc                BSP_IntHandlerCRYP
 .text.BSP_IntHandlerHASH_RNG
                0x080007cc       0x10 ..\obj\bsp_int.o
                0x080007cc                BSP_IntHandlerHASH_RNG
 .text.BSP_IntHandlerFPU
                0x080007dc       0x10 ..\obj\bsp_int.o
                0x080007dc                BSP_IntHandlerFPU
 .text.BSP_IntHandler
                0x080007ec       0x4c ..\obj\bsp_int.o
 .text.OSTaskSwHook
                0x08000838       0xa4 ..\obj\os_cpu_c.o
                0x08000838                OSTaskSwHook
 .text.OSTimeTickHook
                0x080008dc       0x20 ..\obj\os_cpu_c.o
                0x080008dc                OSTimeTickHook
 .text.OS_CPU_SysTickHandler
                0x080008fc       0x44 ..\obj\os_cpu_c.o
                0x080008fc                OS_CPU_SysTickHandler
 .text.OS_TickListRemove
                0x08000940       0x98 ..\obj\os_tick.o
                0x08000940                OS_TickListRemove
 .text.main     0x080009d8       0x6c ..\obj\main.o
                0x080009d8                main
 .text.RCC_AHB1PeriphClockCmd
                0x08000a44       0x58 ..\obj\stm32f4xx_rcc.o
                0x08000a44                RCC_AHB1PeriphClockCmd
 .text.OS_PrioGetHighest
                0x08000a9c       0x50 ..\obj\os_prio.o
                0x08000a9c                OS_PrioGetHighest
 .text.OS_PrioInsert
                0x08000aec       0x58 ..\obj\os_prio.o
                0x08000aec                OS_PrioInsert
 .text.OSIntEnter
                0x08000b44       0x48 ..\obj\os_core.o
                0x08000b44                OSIntEnter
 .text.OSIntExit
                0x08000b8c      0x124 ..\obj\os_core.o
                0x08000b8c                OSIntExit
 .text.OSSched  0x08000cb0       0xd8 ..\obj\os_core.o
                0x08000cb0                OSSched
 .text.OS_PendDbgNameRemove
                0x08000d88       0x54 ..\obj\os_core.o
                0x08000d88                OS_PendDbgNameRemove
 .text.OS_PendListRemove
                0x08000ddc       0x5c ..\obj\os_core.o
                0x08000ddc                OS_PendListRemove
 .text.OS_PendListRemove1
                0x08000e38       0xa0 ..\obj\os_core.o
                0x08000e38                OS_PendListRemove1
 .text.OS_Post  0x08000ed8      0x11c ..\obj\os_core.o
                0x08000ed8                OS_Post
 .text.OS_Post1
                0x08000ff4       0x60 ..\obj\os_core.o
                0x08000ff4                OS_Post1
 .text.OS_RdyListInsert
                0x08001054       0x40 ..\obj\os_core.o
                0x08001054                OS_RdyListInsert
 .text.OS_RdyListInsertHead
                0x08001094       0x94 ..\obj\os_core.o
                0x08001094                OS_RdyListInsertHead
 .text.OS_RdyListInsertTail
                0x08001128       0x90 ..\obj\os_core.o
                0x08001128                OS_RdyListInsertTail
 .text.OS_TaskRdy
                0x080011b8       0x2c ..\obj\os_core.o
                0x080011b8                OS_TaskRdy
 .text.GPIO_Init
                0x080011e4      0x154 ..\obj\stm32f4xx_gpio.o
                0x080011e4                GPIO_Init
 .text.SystemInit
                0x08001338       0xb0 ..\obj\system_stm32f4xx.o
                0x08001338                SystemInit
 .text.SetSysClock
                0x080013e8      0x1e0 ..\obj\system_stm32f4xx.o
 .text.OSTaskSemPost
                0x080015c8       0x50 ..\obj\os_task.o
                0x080015c8                OSTaskSemPost
 .text.OS_TaskSemPost
                0x08001618      0x134 ..\obj\os_task.o
                0x08001618                OS_TaskSemPost
 .text.Reset_Handler
                0x0800174c       0x48 ..\obj\cstartup.o
                0x0800174c                Reset_Handler
 .text.App_NMI_ISR
                0x08001794        0x2 ..\obj\cstartup.o
 .text.App_Fault_ISR
                0x08001796        0x2 ..\obj\cstartup.o
 .text.App_MemFault_ISR
                0x08001798        0x2 ..\obj\cstartup.o
 .text.App_BusFault_ISR
                0x0800179a        0x2 ..\obj\cstartup.o
 .text.App_UsageFault_ISR
                0x0800179c        0x2 ..\obj\cstartup.o
 .text.App_Spurious_ISR
                0x0800179e        0x2 ..\obj\cstartup.o
 .text.CPU_TS_TmrRd
                0x080017a0       0x20 ..\obj\bsp.o
                0x080017a0                CPU_TS_TmrRd
 .text.__libc_init_array
                0x080017c0       0x48 ..\..\..\..\..\..\..\..\..\Program Files (x86)\GNU Tools ARM Embedded\4.6 2012q2\arm-none-eabi\lib\armv7e-m\fpu\libg.a(lib_a-init.o)
                0x080017c0                __libc_init_array
 *(.glue_7t)
 .glue_7t       0x00000000        0x0 linker stubs
 *(.glue_7)
 .glue_7        0x00000000        0x0 linker stubs
 *(.rodata .rodata* .gnu.linkonce.r.*)
 .rodata        0x08001808       0x2c ..\obj\os_core.o

.vfp11_veneer   0x08001834        0x0
 .vfp11_veneer  0x00000000        0x0 linker stubs

.v4_bx          0x08001834        0x0
 .v4_bx         0x00000000        0x0 linker stubs

.init           0x08001834        0x4
 .init          0x08001834        0x4 c:/program files (x86)/gnu tools arm embedded/4.6 2012q2/bin/../lib/gcc/arm-none-eabi/4.6.2/armv7e-m/fpu/crti.o
                0x08001834                _init

.ARM.extab
 *(.ARM.extab* .gnu.linkonce.armextab.*)
                0x08001838                __exidx_start = .

.ARM.exidx
 *(.ARM.exidx* .gnu.linkonce.armexidx.*)
                0x08001838                __exidx_end = .
                0x08001838                . = ALIGN (0x4)
                0x08001838                _etext = .
                0x08001838                _sidata = .

.data           0x20000000        0x0 load address 0x08001838
                0x20000000                _sdata = .
 *(.data .data.*)
                0x20000000                . = ALIGN (0x4)
                0x20000000                _edata = .

.bss            0x20000000      0x804
                0x20000000                _sbss = .
 *(.bss .bss.*)
 .bss           0x20000000      0x148 ..\obj\bsp_int.o
 *(COMMON)
 COMMON         0x20000148        0x4 ..\obj\os_cpu_c.o
                0x20000148                OS_CPU_ExceptStkBase
 COMMON         0x2000014c      0x6b0 ..\obj\os_var.o
                0x2000014c                OSSchedLockNestingCtr
                0x20000150                OS_AppTaskReturnHookPtr
                0x20000154                OSStatTaskTimeMax
                0x20000158                OSStatTaskCtr
                0x2000015c                OSTaskRegNextAvailID
                0x2000015d                OSRunning
                0x20000160                OSRdyList
                0x20000460                OSPrioHighRdy
                0x20000461                OSStatTaskRdy
                0x20000464                OSSemDbgListPtr
                0x20000468                OS_AppTaskCreateHookPtr
                0x2000046c                OSPrioCur
                0x20000470                OSTickTaskTCB
                0x20000530                OSTmrTickCtr
                0x20000534                OSTCBCurPtr
                0x20000538                OSQQty
                0x2000053a                OSStatTaskCPUUsageMax
                0x2000053c                OSPrioSaved
                0x20000540                OSTCBHighRdyPtr
                0x20000544                OSTaskDbgListPtr
                0x20000548                OSTmrTaskTimeMax
                0x2000054c                OS_AppTaskDelHookPtr
                0x20000550                OS_AppTimeTickHookPtr
                0x20000554                OSTaskCtxSwCtr
                0x20000558                OSStatTaskCPUUsage
                0x2000055a                OSIntNestingCtr
                0x2000055c                OSTaskQty
                0x20000560                OSTmrTaskTCB
                0x20000620                OSMsgPool
                0x2000062c                OSIdleTaskTCB
                0x200006ec                OSQDbgListPtr
                0x200006f0                OSSemQty
                0x200006f4                OSMemDbgListPtr
                0x200006f8                OS_AppIdleTaskHookPtr
                0x200006fc                OSStatTaskCtrMax
                0x20000700                OSTickCtr
                0x20000704                OS_AppTaskSwHookPtr
                0x20000708                OSTmrQty
                0x2000070c                OSIdleTaskCtr
                0x20000710                OSStatTaskCtrRun
                0x20000714                OS_AppStatTaskHookPtr
                0x20000718                OSFlagQty
                0x2000071c                OSFlagDbgListPtr
                0x20000720                OSStatResetFlag
                0x20000722                OSMemQty
                0x20000724                OSMutexQty
                0x20000728                OSStatTaskTCB
                0x200007e8                OSTmrDbgListPtr
                0x200007ec                OSTickTaskTimeMax
                0x200007f0                OSTmrUpdateCnt
                0x200007f4                OSMutexDbgListPtr
                0x200007f8                OSTmrUpdateCtr
 COMMON         0x200007fc        0x8 ..\obj\os_prio.o
                0x200007fc                OSPrioTbl
                0x20000804                . = ALIGN (0x4)
                0x20000804                _ebss = .

.co_stack       0x20000804        0x4
                0x20000808                . = ALIGN (0x8)
 *fill*         0x20000804        0x4 00
 *(.co_stack .co_stack.*)
                0x20000808                . = ALIGN (0x4)
                0x20000808                _end = .
LOAD ..\obj\os_pend_multi.o
LOAD ..\obj\stm32f4xx_syscfg.o
LOAD ..\obj\cpu_a.o
LOAD ..\obj\os_time.o
LOAD ..\obj\os_cpu_a.o
LOAD ..\obj\stm32f4xx_sdio.o
LOAD ..\obj\bsp_int.o
LOAD ..\obj\stm32f4xx_cryp_aes.o
LOAD ..\obj\cpu_c.o
LOAD ..\obj\stm32f4xx_hash.o
LOAD ..\obj\stm32f4xx_dma2d.o
LOAD ..\obj\lib_mem.o
LOAD ..\obj\stm32f4xx_hash_sha1.o
LOAD ..\obj\os_cpu_c.o
LOAD ..\obj\cpu_core.o
LOAD ..\obj\stm32f4xx_usart.o
LOAD ..\obj\stm32f4xx_pwr.o
LOAD ..\obj\os_flag.o
LOAD ..\obj\stm32f4xx_can.o
LOAD ..\obj\os_tick.o
LOAD ..\obj\stm32f4xx_wwdg.o
LOAD ..\obj\stm32f4xx_hash_md5.o
LOAD ..\obj\stm32f4xx_dac.o
LOAD ..\obj\stm32f4xx_ltdc.o
LOAD ..\obj\os_var.o
LOAD ..\obj\os_msg.o
LOAD ..\obj\lib_str.o
LOAD ..\obj\stm32f4xx_crc.o
LOAD ..\obj\stm32f4xx_iwdg.o
LOAD ..\obj\main.o
LOAD ..\obj\stm32f4xx_rcc.o
LOAD ..\obj\serial_drv_stm32.o
LOAD ..\obj\lib_ascii.o
LOAD ..\obj\stm32f4xx_adc.o
LOAD ..\obj\os_dbg.o
LOAD ..\obj\stm32f4xx_dcmi.o
LOAD ..\obj\serial_line_tty.o
LOAD ..\obj\os_sem.o
LOAD ..\obj\serial_buf.o
LOAD ..\obj\os_prio.o
LOAD ..\obj\bsp_os.o
LOAD ..\obj\os_core.o
LOAD ..\obj\stm32f4xx_cryp_des.o
LOAD ..\obj\os_stat.o
LOAD ..\obj\stm32f4xx_cryp.o
LOAD ..\obj\stm32f4xx_fsmc.o
LOAD ..\obj\serial_os.o
LOAD ..\obj\os_mem.o
LOAD ..\obj\bsp_periph.o
LOAD ..\obj\stm32f4xx_gpio.o
LOAD ..\obj\stm32f4xx_flash.o
LOAD ..\obj\lib_math.o
LOAD ..\obj\stm32f4xx_sai.o
LOAD ..\obj\system_stm32f4xx.o
LOAD ..\obj\syscalls.o
LOAD ..\obj\stm32f4xx_dma.o
LOAD ..\obj\serial_line_probe.o
LOAD ..\obj\os_cfg_app.o
LOAD ..\obj\os_q.o
LOAD ..\obj\os_task.o
LOAD ..\obj\os_app_hooks.o
LOAD ..\obj\cstartup.o
LOAD ..\obj\os_mutex.o
LOAD ..\obj\stm32f4xx_spi.o
LOAD ..\obj\bsp.o
LOAD ..\obj\stm32f4xx_i2c.o
LOAD ..\obj\serial_bsp_stm3240x.o
LOAD ..\obj\stm32f4xx_rng.o
LOAD ..\obj\stm32f4xx_exti.o
LOAD ..\obj\os_tmr.o
LOAD ..\obj\misc.o
LOAD ..\obj\serial.o
LOAD ..\obj\os_int.o
LOAD ..\obj\serial_line_dflt.o
LOAD ..\obj\stm32f4xx_rtc.o
LOAD ..\obj\lib_mem_a.o
LOAD ..\obj\stm32f4xx_cryp_tdes.o
LOAD ..\obj\stm32f4xx_tim.o
LOAD ..\obj\stm32f4xx_dbgmcu.o
LOAD ..\..\..\..\..\..\..\..\..\Program Files (x86)\GNU Tools ARM Embedded\4.6 2012q2\arm-none-eabi\lib\armv7e-m\fpu\libm.a
START GROUP
LOAD c:/program files (x86)/gnu tools arm embedded/4.6 2012q2/bin/../lib/gcc/arm-none-eabi/4.6.2/armv7e-m/fpu\libgcc.a
LOAD ..\..\..\..\..\..\..\..\..\Program Files (x86)\GNU Tools ARM Embedded\4.6 2012q2\arm-none-eabi\lib\armv7e-m\fpu\libg.a
LOAD ..\..\..\..\..\..\..\..\..\Program Files (x86)\GNU Tools ARM Embedded\4.6 2012q2\arm-none-eabi\lib\armv7e-m\fpu\libc.a
END GROUP
LOAD c:/program files (x86)/gnu tools arm embedded/4.6 2012q2/bin/../lib/gcc/arm-none-eabi/4.6.2/armv7e-m/fpu/crtend.o
LOAD c:/program files (x86)/gnu tools arm embedded/4.6 2012q2/bin/../lib/gcc/arm-none-eabi/4.6.2/armv7e-m/fpu/crtn.o
OUTPUT(Project.elf elf32-littlearm)

.ARM.attributes
                0x00000000       0x32
 .ARM.attributes
                0x00000000       0x24 c:/program files (x86)/gnu tools arm embedded/4.6 2012q2/bin/../lib/gcc/arm-none-eabi/4.6.2/armv7e-m/fpu/crti.o
 .ARM.attributes
                0x00000024       0x36 c:/program files (x86)/gnu tools arm embedded/4.6 2012q2/bin/../lib/gcc/arm-none-eabi/4.6.2/armv7e-m/fpu/crtbegin.o
 .ARM.attributes
                0x0000005a       0x22 c:/program files (x86)/gnu tools arm embedded/4.6 2012q2/bin/../lib/gcc/arm-none-eabi/4.6.2/../../../../arm-none-eabi/lib/armv7e-m/fpu/crt0.o
 .ARM.attributes
                0x0000007c       0x3b ..\obj\os_pend_multi.o
 .ARM.attributes
                0x000000b7       0x3b ..\obj\stm32f4xx_syscfg.o
 .ARM.attributes
                0x000000f2       0x27 ..\obj\cpu_a.o
 .ARM.attributes
                0x00000119       0x3b ..\obj\os_time.o
 .ARM.attributes
                0x00000154       0x27 ..\obj\os_cpu_a.o
 .ARM.attributes
                0x0000017b       0x3b ..\obj\stm32f4xx_sdio.o
 .ARM.attributes
                0x000001b6       0x3b ..\obj\bsp_int.o
 .ARM.attributes
                0x000001f1       0x3b ..\obj\stm32f4xx_cryp_aes.o
 .ARM.attributes
                0x0000022c       0x3b ..\obj\cpu_c.o
 .ARM.attributes
                0x00000267       0x3b ..\obj\stm32f4xx_hash.o
 .ARM.attributes
                0x000002a2       0x3b ..\obj\stm32f4xx_dma2d.o
 .ARM.attributes
                0x000002dd       0x3b ..\obj\lib_mem.o
 .ARM.attributes
                0x00000318       0x3b ..\obj\stm32f4xx_hash_sha1.o
 .ARM.attributes
                0x00000353       0x3b ..\obj\os_cpu_c.o
 .ARM.attributes
                0x0000038e       0x3b ..\obj\cpu_core.o
 .ARM.attributes
                0x000003c9       0x3b ..\obj\stm32f4xx_usart.o
 .ARM.attributes
                0x00000404       0x3b ..\obj\stm32f4xx_pwr.o
 .ARM.attributes
                0x0000043f       0x3b ..\obj\os_flag.o
 .ARM.attributes
                0x0000047a       0x3b ..\obj\stm32f4xx_can.o
 .ARM.attributes
                0x000004b5       0x3b ..\obj\os_tick.o
 .ARM.attributes
                0x000004f0       0x3b ..\obj\stm32f4xx_wwdg.o
 .ARM.attributes
                0x0000052b       0x3b ..\obj\stm32f4xx_hash_md5.o
 .ARM.attributes
                0x00000566       0x3b ..\obj\stm32f4xx_dac.o
 .ARM.attributes
                0x000005a1       0x3b ..\obj\stm32f4xx_ltdc.o
 .ARM.attributes
                0x000005dc       0x3b ..\obj\os_var.o
 .ARM.attributes
                0x00000617       0x3b ..\obj\os_msg.o
 .ARM.attributes
                0x00000652       0x3b ..\obj\lib_str.o
 .ARM.attributes
                0x0000068d       0x3b ..\obj\stm32f4xx_crc.o
 .ARM.attributes
                0x000006c8       0x3b ..\obj\stm32f4xx_iwdg.o
 .ARM.attributes
                0x00000703       0x3b ..\obj\main.o
 .ARM.attributes
                0x0000073e       0x3b ..\obj\stm32f4xx_rcc.o
 .ARM.attributes
                0x00000779       0x3b ..\obj\serial_drv_stm32.o
 .ARM.attributes
                0x000007b4       0x3b ..\obj\lib_ascii.o
 .ARM.attributes
                0x000007ef       0x3b ..\obj\stm32f4xx_adc.o
 .ARM.attributes
                0x0000082a       0x3b ..\obj\os_dbg.o
 .ARM.attributes
                0x00000865       0x3b ..\obj\stm32f4xx_dcmi.o
 .ARM.attributes
                0x000008a0       0x3b ..\obj\serial_line_tty.o
 .ARM.attributes
                0x000008db       0x3b ..\obj\os_sem.o
 .ARM.attributes
                0x00000916       0x3b ..\obj\serial_buf.o
 .ARM.attributes
                0x00000951       0x3b ..\obj\os_prio.o
 .ARM.attributes
                0x0000098c       0x3b ..\obj\bsp_os.o
 .ARM.attributes
                0x000009c7       0x3b ..\obj\os_core.o
 .ARM.attributes
                0x00000a02       0x3b ..\obj\stm32f4xx_cryp_des.o
 .ARM.attributes
                0x00000a3d       0x3b ..\obj\os_stat.o
 .ARM.attributes
                0x00000a78       0x3b ..\obj\stm32f4xx_cryp.o
 .ARM.attributes
                0x00000ab3       0x3b ..\obj\stm32f4xx_fsmc.o
 .ARM.attributes
                0x00000aee       0x3b ..\obj\serial_os.o
 .ARM.attributes
                0x00000b29       0x3b ..\obj\os_mem.o
 .ARM.attributes
                0x00000b64       0x3b ..\obj\bsp_periph.o
 .ARM.attributes
                0x00000b9f       0x3b ..\obj\stm32f4xx_gpio.o
 .ARM.attributes
                0x00000bda       0x3b ..\obj\stm32f4xx_flash.o
 .ARM.attributes
                0x00000c15       0x3b ..\obj\lib_math.o
 .ARM.attributes
                0x00000c50       0x3b ..\obj\stm32f4xx_sai.o
 .ARM.attributes
                0x00000c8b       0x3b ..\obj\system_stm32f4xx.o
 .ARM.attributes
                0x00000cc6       0x3b ..\obj\syscalls.o
 .ARM.attributes
                0x00000d01       0x3b ..\obj\stm32f4xx_dma.o
 .ARM.attributes
                0x00000d3c       0x3b ..\obj\serial_line_probe.o
 .ARM.attributes
                0x00000d77       0x3b ..\obj\os_cfg_app.o
 .ARM.attributes
                0x00000db2       0x3b ..\obj\os_q.o
 .ARM.attributes
                0x00000ded       0x3b ..\obj\os_task.o
 .ARM.attributes
                0x00000e28       0x3b ..\obj\os_app_hooks.o
 .ARM.attributes
                0x00000e63       0x21 ..\obj\cstartup.o
 .ARM.attributes
                0x00000e84       0x3b ..\obj\os_mutex.o
 .ARM.attributes
                0x00000ebf       0x3b ..\obj\stm32f4xx_spi.o
 .ARM.attributes
                0x00000efa       0x3b ..\obj\bsp.o
 .ARM.attributes
                0x00000f35       0x3b ..\obj\stm32f4xx_i2c.o
 .ARM.attributes
                0x00000f70       0x3b ..\obj\serial_bsp_stm3240x.o
 .ARM.attributes
                0x00000fab       0x3b ..\obj\stm32f4xx_rng.o
 .ARM.attributes
                0x00000fe6       0x3b ..\obj\stm32f4xx_exti.o
 .ARM.attributes
                0x00001021       0x3b ..\obj\os_tmr.o
 .ARM.attributes
                0x0000105c       0x3b ..\obj\misc.o
 .ARM.attributes
                0x00001097       0x3b ..\obj\serial.o
 .ARM.attributes
                0x000010d2       0x3b ..\obj\os_int.o
 .ARM.attributes
                0x0000110d       0x3b ..\obj\serial_line_dflt.o
 .ARM.attributes
                0x00001148       0x3b ..\obj\stm32f4xx_rtc.o
 .ARM.attributes
                0x00001183       0x27 ..\obj\lib_mem_a.o
 .ARM.attributes
                0x000011aa       0x3b ..\obj\stm32f4xx_cryp_tdes.o
 .ARM.attributes
                0x000011e5       0x3b ..\obj\stm32f4xx_tim.o
 .ARM.attributes
                0x00001220       0x3b ..\obj\stm32f4xx_dbgmcu.o
 .ARM.attributes
                0x0000125b       0x24 c:/program files (x86)/gnu tools arm embedded/4.6 2012q2/bin/../lib/gcc/arm-none-eabi/4.6.2/armv7e-m/fpu\libgcc.a(_aeabi_uldivmod.o)
 .ARM.attributes
                0x0000127f       0x36 c:/program files (x86)/gnu tools arm embedded/4.6 2012q2/bin/../lib/gcc/arm-none-eabi/4.6.2/armv7e-m/fpu\libgcc.a(bpabi.o)
 .ARM.attributes
                0x000012b5       0x36 c:/program files (x86)/gnu tools arm embedded/4.6 2012q2/bin/../lib/gcc/arm-none-eabi/4.6.2/armv7e-m/fpu\libgcc.a(unwind-arm.o)
 .ARM.attributes
                0x000012eb       0x24 c:/program files (x86)/gnu tools arm embedded/4.6 2012q2/bin/../lib/gcc/arm-none-eabi/4.6.2/armv7e-m/fpu\libgcc.a(libunwind.o)
 .ARM.attributes
                0x0000130f       0x36 c:/program files (x86)/gnu tools arm embedded/4.6 2012q2/bin/../lib/gcc/arm-none-eabi/4.6.2/armv7e-m/fpu\libgcc.a(pr-support.o)
 .ARM.attributes
                0x00001345       0x24 c:/program files (x86)/gnu tools arm embedded/4.6 2012q2/bin/../lib/gcc/arm-none-eabi/4.6.2/armv7e-m/fpu\libgcc.a(_dvmd_tls.o)
 .ARM.attributes
                0x00001369       0x36 c:/program files (x86)/gnu tools arm embedded/4.6 2012q2/bin/../lib/gcc/arm-none-eabi/4.6.2/armv7e-m/fpu\libgcc.a(_divdi3.o)
 .ARM.attributes
                0x0000139f       0x36 c:/program files (x86)/gnu tools arm embedded/4.6 2012q2/bin/../lib/gcc/arm-none-eabi/4.6.2/armv7e-m/fpu\libgcc.a(_udivdi3.o)
 .ARM.attributes
                0x000013d5       0x36 ..\..\..\..\..\..\..\..\..\Program Files (x86)\GNU Tools ARM Embedded\4.6 2012q2\arm-none-eabi\lib\armv7e-m\fpu\libg.a(lib_a-atexit.o)
 .ARM.attributes
                0x0000140b       0x36 ..\..\..\..\..\..\..\..\..\Program Files (x86)\GNU Tools ARM Embedded\4.6 2012q2\arm-none-eabi\lib\armv7e-m\fpu\libg.a(lib_a-exit.o)
 .ARM.attributes
                0x00001441       0x36 ..\..\..\..\..\..\..\..\..\Program Files (x86)\GNU Tools ARM Embedded\4.6 2012q2\arm-none-eabi\lib\armv7e-m\fpu\libg.a(lib_a-fini.o)
 .ARM.attributes
                0x00001477       0x36 ..\..\..\..\..\..\..\..\..\Program Files (x86)\GNU Tools ARM Embedded\4.6 2012q2\arm-none-eabi\lib\armv7e-m\fpu\libg.a(lib_a-impure.o)
 .ARM.attributes
                0x000014ad       0x36 ..\..\..\..\..\..\..\..\..\Program Files (x86)\GNU Tools ARM Embedded\4.6 2012q2\arm-none-eabi\lib\armv7e-m\fpu\libg.a(lib_a-init.o)
 .ARM.attributes
                0x000014e3       0x36 ..\..\..\..\..\..\..\..\..\Program Files (x86)\GNU Tools ARM Embedded\4.6 2012q2\arm-none-eabi\lib\armv7e-m\fpu\libg.a(lib_a-memcpy.o)
 .ARM.attributes
                0x00001519       0x36 ..\..\..\..\..\..\..\..\..\Program Files (x86)\GNU Tools ARM Embedded\4.6 2012q2\arm-none-eabi\lib\armv7e-m\fpu\libg.a(lib_a-memset.o)
 .ARM.attributes
                0x0000154f       0x36 ..\..\..\..\..\..\..\..\..\Program Files (x86)\GNU Tools ARM Embedded\4.6 2012q2\arm-none-eabi\lib\armv7e-m\fpu\libg.a(lib_a-__atexit.o)
 .ARM.attributes
                0x00001585       0x36 ..\..\..\..\..\..\..\..\..\Program Files (x86)\GNU Tools ARM Embedded\4.6 2012q2\arm-none-eabi\lib\armv7e-m\fpu\libg.a(lib_a-__call_atexit.o)
 .ARM.attributes
                0x000015bb       0x36 c:/program files (x86)/gnu tools arm embedded/4.6 2012q2/bin/../lib/gcc/arm-none-eabi/4.6.2/armv7e-m/fpu/crtend.o
 .ARM.attributes
                0x000015f1       0x24 c:/program files (x86)/gnu tools arm embedded/4.6 2012q2/bin/../lib/gcc/arm-none-eabi/4.6.2/armv7e-m/fpu/crtn.o

.comment        0x00000000       0x70
 .comment       0x00000000       0x70 ..\obj\os_pend_multi.o
                                 0x71 (size before relaxing)
 .comment       0x00000000       0x71 ..\obj\stm32f4xx_syscfg.o
 .comment       0x00000000       0x71 ..\obj\os_time.o
 .comment       0x00000000       0x71 ..\obj\stm32f4xx_sdio.o
 .comment       0x00000000       0x71 ..\obj\bsp_int.o
 .comment       0x00000000       0x71 ..\obj\stm32f4xx_cryp_aes.o
 .comment       0x00000000       0x71 ..\obj\cpu_c.o
 .comment       0x00000000       0x71 ..\obj\stm32f4xx_hash.o
 .comment       0x00000000       0x71 ..\obj\stm32f4xx_dma2d.o
 .comment       0x00000000       0x71 ..\obj\lib_mem.o
 .comment       0x00000000       0x71 ..\obj\stm32f4xx_hash_sha1.o
 .comment       0x00000000       0x71 ..\obj\os_cpu_c.o
 .comment       0x00000000       0x71 ..\obj\cpu_core.o
 .comment       0x00000000       0x71 ..\obj\stm32f4xx_usart.o
 .comment       0x00000000       0x71 ..\obj\stm32f4xx_pwr.o
 .comment       0x00000000       0x71 ..\obj\os_flag.o
 .comment       0x00000000       0x71 ..\obj\stm32f4xx_can.o
 .comment       0x00000000       0x71 ..\obj\os_tick.o
 .comment       0x00000000       0x71 ..\obj\stm32f4xx_wwdg.o
 .comment       0x00000000       0x71 ..\obj\stm32f4xx_hash_md5.o
 .comment       0x00000000       0x71 ..\obj\stm32f4xx_dac.o
 .comment       0x00000000       0x71 ..\obj\stm32f4xx_ltdc.o
 .comment       0x00000000       0x71 ..\obj\os_var.o
 .comment       0x00000000       0x71 ..\obj\os_msg.o
 .comment       0x00000000       0x71 ..\obj\lib_str.o
 .comment       0x00000000       0x71 ..\obj\stm32f4xx_crc.o
 .comment       0x00000000       0x71 ..\obj\stm32f4xx_iwdg.o
 .comment       0x00000000       0x71 ..\obj\main.o
 .comment       0x00000000       0x71 ..\obj\stm32f4xx_rcc.o
 .comment       0x00000000       0x71 ..\obj\serial_drv_stm32.o
 .comment       0x00000000       0x71 ..\obj\lib_ascii.o
 .comment       0x00000000       0x71 ..\obj\stm32f4xx_adc.o
 .comment       0x00000000       0x71 ..\obj\os_dbg.o
 .comment       0x00000000       0x71 ..\obj\stm32f4xx_dcmi.o
 .comment       0x00000000       0x71 ..\obj\serial_line_tty.o
 .comment       0x00000000       0x71 ..\obj\os_sem.o
 .comment       0x00000000       0x71 ..\obj\serial_buf.o
 .comment       0x00000000       0x71 ..\obj\os_prio.o
 .comment       0x00000000       0x71 ..\obj\bsp_os.o
 .comment       0x00000000       0x71 ..\obj\os_core.o
 .comment       0x00000000       0x71 ..\obj\stm32f4xx_cryp_des.o
 .comment       0x00000000       0x71 ..\obj\os_stat.o
 .comment       0x00000000       0x71 ..\obj\stm32f4xx_cryp.o
 .comment       0x00000000       0x71 ..\obj\stm32f4xx_fsmc.o
 .comment       0x00000000       0x71 ..\obj\serial_os.o
 .comment       0x00000000       0x71 ..\obj\os_mem.o
 .comment       0x00000000       0x71 ..\obj\bsp_periph.o
 .comment       0x00000000       0x71 ..\obj\stm32f4xx_gpio.o
 .comment       0x00000000       0x71 ..\obj\stm32f4xx_flash.o
 .comment       0x00000000       0x71 ..\obj\lib_math.o
 .comment       0x00000000       0x71 ..\obj\stm32f4xx_sai.o
 .comment       0x00000000       0x71 ..\obj\system_stm32f4xx.o
 .comment       0x00000000       0x71 ..\obj\syscalls.o
 .comment       0x00000000       0x71 ..\obj\stm32f4xx_dma.o
 .comment       0x00000000       0x71 ..\obj\serial_line_probe.o
 .comment       0x00000000       0x71 ..\obj\os_cfg_app.o
 .comment       0x00000000       0x71 ..\obj\os_q.o
 .comment       0x00000000       0x71 ..\obj\os_task.o
 .comment       0x00000000       0x71 ..\obj\os_app_hooks.o
 .comment       0x00000000       0x71 ..\obj\os_mutex.o
 .comment       0x00000000       0x71 ..\obj\stm32f4xx_spi.o
 .comment       0x00000000       0x71 ..\obj\bsp.o
 .comment       0x00000000       0x71 ..\obj\stm32f4xx_i2c.o
 .comment       0x00000000       0x71 ..\obj\serial_bsp_stm3240x.o
 .comment       0x00000000       0x71 ..\obj\stm32f4xx_rng.o
 .comment       0x00000000       0x71 ..\obj\stm32f4xx_exti.o
 .comment       0x00000000       0x71 ..\obj\os_tmr.o
 .comment       0x00000000       0x71 ..\obj\misc.o
 .comment       0x00000000       0x71 ..\obj\serial.o
 .comment       0x00000000       0x71 ..\obj\os_int.o
 .comment       0x00000000       0x71 ..\obj\serial_line_dflt.o
 .comment       0x00000000       0x71 ..\obj\stm32f4xx_rtc.o
 .comment       0x00000000       0x71 ..\obj\stm32f4xx_cryp_tdes.o
 .comment       0x00000000       0x71 ..\obj\stm32f4xx_tim.o
 .comment       0x00000000       0x71 ..\obj\stm32f4xx_dbgmcu.o

.debug_info     0x00000000    0x3270a
 .debug_info    0x00000000     0x1044 ..\obj\os_pend_multi.o
 .debug_info    0x00001044      0x2a2 ..\obj\stm32f4xx_syscfg.o
 .debug_info    0x000012e6       0xb8 ..\obj\cpu_a.o
 .debug_info    0x0000139e      0xfc5 ..\obj\os_time.o
 .debug_info    0x00002363       0xc8 ..\obj\os_cpu_a.o
 .debug_info    0x0000242b      0x8a4 ..\obj\stm32f4xx_sdio.o
 .debug_info    0x00002ccf      0x9c0 ..\obj\bsp_int.o
 .debug_info    0x0000368f     0x16a6 ..\obj\stm32f4xx_cryp_aes.o
 .debug_info    0x00004d35      0x3b1 ..\obj\cpu_c.o
 .debug_info    0x000050e6      0x5e9 ..\obj\stm32f4xx_hash.o
 .debug_info    0x000056cf      0x8ca ..\obj\stm32f4xx_dma2d.o
 .debug_info    0x00005f99      0xedd ..\obj\lib_mem.o
 .debug_info    0x00006e76      0x482 ..\obj\stm32f4xx_hash_sha1.o
 .debug_info    0x000072f8      0xaf7 ..\obj\os_cpu_c.o
 .debug_info    0x00007def      0x585 ..\obj\cpu_core.o
 .debug_info    0x00008374      0xa4f ..\obj\stm32f4xx_usart.o
 .debug_info    0x00008dc3      0x62a ..\obj\stm32f4xx_pwr.o
 .debug_info    0x000093ed     0x134f ..\obj\os_flag.o
 .debug_info    0x0000a73c      0xc62 ..\obj\stm32f4xx_can.o
 .debug_info    0x0000b39e     0x1058 ..\obj\os_tick.o
 .debug_info    0x0000c3f6      0x256 ..\obj\stm32f4xx_wwdg.o
 .debug_info    0x0000c64c      0x448 ..\obj\stm32f4xx_hash_md5.o
 .debug_info    0x0000ca94      0x686 ..\obj\stm32f4xx_dac.o
 .debug_info    0x0000d11a      0xde5 ..\obj\stm32f4xx_ltdc.o
 .debug_info    0x0000deff     0x1078 ..\obj\os_var.o
 .debug_info    0x0000ef77      0x94f ..\obj\os_msg.o
 .debug_info    0x0000f8c6      0xda5 ..\obj\lib_str.o
 .debug_info    0x0001066b      0x20b ..\obj\stm32f4xx_crc.o
 .debug_info    0x00010876      0x20b ..\obj\stm32f4xx_iwdg.o
 .debug_info    0x00010a81      0xf98 ..\obj\main.o
 .debug_info    0x00011a19      0xeff ..\obj\stm32f4xx_rcc.o
 .debug_info    0x00012918      0x9e8 ..\obj\serial_drv_stm32.o
 .debug_info    0x00013300      0x461 ..\obj\lib_ascii.o
 .debug_info    0x00013761      0xcf5 ..\obj\stm32f4xx_adc.o
 .debug_info    0x00014456     0x1bac ..\obj\os_dbg.o
 .debug_info    0x00016002      0x59d ..\obj\stm32f4xx_dcmi.o
 .debug_info    0x0001659f      0x897 ..\obj\serial_line_tty.o
 .debug_info    0x00016e36     0x1246 ..\obj\os_sem.o
 .debug_info    0x0001807c      0x4a2 ..\obj\serial_buf.o
 .debug_info    0x0001851e      0x1d7 ..\obj\os_prio.o
 .debug_info    0x000186f5      0xf12 ..\obj\bsp_os.o
 .debug_info    0x00019607     0x19f1 ..\obj\os_core.o
 .debug_info    0x0001aff8      0x4e5 ..\obj\stm32f4xx_cryp_des.o
 .debug_info    0x0001b4dd     0x11e4 ..\obj\os_stat.o
 .debug_info    0x0001c6c1      0x925 ..\obj\stm32f4xx_cryp.o
 .debug_info    0x0001cfe6      0x9a5 ..\obj\stm32f4xx_fsmc.o
 .debug_info    0x0001d98b     0x113f ..\obj\serial_os.o
 .debug_info    0x0001eaca      0x8e9 ..\obj\os_mem.o
 .debug_info    0x0001f3b3      0x171 ..\obj\bsp_periph.o
 .debug_info    0x0001f524      0x63c ..\obj\stm32f4xx_gpio.o
 .debug_info    0x0001fb60      0x9b2 ..\obj\stm32f4xx_flash.o
 .debug_info    0x00020512      0x184 ..\obj\lib_math.o
 .debug_info    0x00020696      0x8bb ..\obj\stm32f4xx_sai.o
 .debug_info    0x00020f51      0x64c ..\obj\system_stm32f4xx.o
 .debug_info    0x0002159d      0x440 ..\obj\syscalls.o
 .debug_info    0x000219dd      0x7a3 ..\obj\stm32f4xx_dma.o
 .debug_info    0x00022180      0x841 ..\obj\serial_line_probe.o
 .debug_info    0x000229c1      0xf24 ..\obj\os_cfg_app.o
 .debug_info    0x000238e5     0x1267 ..\obj\os_q.o
 .debug_info    0x00024b4c     0x17d5 ..\obj\os_task.o
 .debug_info    0x00026321      0x98a ..\obj\os_app_hooks.o
 .debug_info    0x00026cab       0xa9 ..\obj\cstartup.o
 .debug_info    0x00026d54     0x116d ..\obj\os_mutex.o
 .debug_info    0x00027ec1      0xbec ..\obj\stm32f4xx_spi.o
 .debug_info    0x00028aad      0x55c ..\obj\bsp.o
 .debug_info    0x00029009      0xc30 ..\obj\stm32f4xx_i2c.o
 .debug_info    0x00029c39      0xf5f ..\obj\serial_bsp_stm3240x.o
 .debug_info    0x0002ab98      0x291 ..\obj\stm32f4xx_rng.o
 .debug_info    0x0002ae29      0x363 ..\obj\stm32f4xx_exti.o
 .debug_info    0x0002b18c     0x1551 ..\obj\os_tmr.o
 .debug_info    0x0002c6dd      0x594 ..\obj\misc.o
 .debug_info    0x0002cc71     0x1b28 ..\obj\serial.o
 .debug_info    0x0002e799       0x6f ..\obj\os_int.o
 .debug_info    0x0002e808      0x63c ..\obj\serial_line_dflt.o
 .debug_info    0x0002ee44     0x1223 ..\obj\stm32f4xx_rtc.o
 .debug_info    0x00030067       0xc2 ..\obj\lib_mem_a.o
 .debug_info    0x00030129      0x5ca ..\obj\stm32f4xx_cryp_tdes.o
 .debug_info    0x000306f3     0x1e28 ..\obj\stm32f4xx_tim.o
 .debug_info    0x0003251b      0x1ef ..\obj\stm32f4xx_dbgmcu.o

.debug_abbrev   0x00000000     0x6402
 .debug_abbrev  0x00000000      0x16f ..\obj\os_pend_multi.o
 .debug_abbrev  0x0000016f      0x12a ..\obj\stm32f4xx_syscfg.o
 .debug_abbrev  0x00000299       0x14 ..\obj\cpu_a.o
 .debug_abbrev  0x000002ad      0x174 ..\obj\os_time.o
 .debug_abbrev  0x00000421       0x14 ..\obj\os_cpu_a.o
 .debug_abbrev  0x00000435      0x16d ..\obj\stm32f4xx_sdio.o
 .debug_abbrev  0x000005a2      0x15a ..\obj\bsp_int.o
 .debug_abbrev  0x000006fc      0x1c5 ..\obj\stm32f4xx_cryp_aes.o
 .debug_abbrev  0x000008c1      0x108 ..\obj\cpu_c.o
 .debug_abbrev  0x000009c9      0x1ae ..\obj\stm32f4xx_hash.o
 .debug_abbrev  0x00000b77      0x175 ..\obj\stm32f4xx_dma2d.o
 .debug_abbrev  0x00000cec      0x173 ..\obj\lib_mem.o
 .debug_abbrev  0x00000e5f      0x170 ..\obj\stm32f4xx_hash_sha1.o
 .debug_abbrev  0x00000fcf      0x1b6 ..\obj\os_cpu_c.o
 .debug_abbrev  0x00001185      0x158 ..\obj\cpu_core.o
 .debug_abbrev  0x000012dd      0x14e ..\obj\stm32f4xx_usart.o
 .debug_abbrev  0x0000142b      0x175 ..\obj\stm32f4xx_pwr.o
 .debug_abbrev  0x000015a0      0x1a4 ..\obj\os_flag.o
 .debug_abbrev  0x00001744      0x1ac ..\obj\stm32f4xx_can.o
 .debug_abbrev  0x000018f0      0x16f ..\obj\os_tick.o
 .debug_abbrev  0x00001a5f      0x11e ..\obj\stm32f4xx_wwdg.o
 .debug_abbrev  0x00001b7d      0x170 ..\obj\stm32f4xx_hash_md5.o
 .debug_abbrev  0x00001ced      0x172 ..\obj\stm32f4xx_dac.o
 .debug_abbrev  0x00001e5f      0x184 ..\obj\stm32f4xx_ltdc.o
 .debug_abbrev  0x00001fe3       0xb9 ..\obj\os_var.o
 .debug_abbrev  0x0000209c      0x143 ..\obj\os_msg.o
 .debug_abbrev  0x000021df      0x10b ..\obj\lib_str.o
 .debug_abbrev  0x000022ea      0x10a ..\obj\stm32f4xx_crc.o
 .debug_abbrev  0x000023f4       0xfa ..\obj\stm32f4xx_iwdg.o
 .debug_abbrev  0x000024ee      0x197 ..\obj\main.o
 .debug_abbrev  0x00002685      0x191 ..\obj\stm32f4xx_rcc.o
 .debug_abbrev  0x00002816      0x157 ..\obj\serial_drv_stm32.o
 .debug_abbrev  0x0000296d       0xcb ..\obj\lib_ascii.o
 .debug_abbrev  0x00002a38      0x189 ..\obj\stm32f4xx_adc.o
 .debug_abbrev  0x00002bc1      0x10a ..\obj\os_dbg.o
 .debug_abbrev  0x00002ccb      0x17a ..\obj\stm32f4xx_dcmi.o
 .debug_abbrev  0x00002e45      0x1a1 ..\obj\serial_line_tty.o
 .debug_abbrev  0x00002fe6      0x1a4 ..\obj\os_sem.o
 .debug_abbrev  0x0000318a      0x143 ..\obj\serial_buf.o
 .debug_abbrev  0x000032cd       0xd1 ..\obj\os_prio.o
 .debug_abbrev  0x0000339e      0x16e ..\obj\bsp_os.o
 .debug_abbrev  0x0000350c      0x190 ..\obj\os_core.o
 .debug_abbrev  0x0000369c      0x13e ..\obj\stm32f4xx_cryp_des.o
 .debug_abbrev  0x000037da      0x15b ..\obj\os_stat.o
 .debug_abbrev  0x00003935      0x192 ..\obj\stm32f4xx_cryp.o
 .debug_abbrev  0x00003ac7      0x166 ..\obj\stm32f4xx_fsmc.o
 .debug_abbrev  0x00003c2d      0x167 ..\obj\serial_os.o
 .debug_abbrev  0x00003d94      0x11e ..\obj\os_mem.o
 .debug_abbrev  0x00003eb2       0xc5 ..\obj\bsp_periph.o
 .debug_abbrev  0x00003f77      0x182 ..\obj\stm32f4xx_gpio.o
 .debug_abbrev  0x000040f9      0x153 ..\obj\stm32f4xx_flash.o
 .debug_abbrev  0x0000424c      0x100 ..\obj\lib_math.o
 .debug_abbrev  0x0000434c      0x14e ..\obj\stm32f4xx_sai.o
 .debug_abbrev  0x0000449a      0x140 ..\obj\system_stm32f4xx.o
 .debug_abbrev  0x000045da       0xde ..\obj\syscalls.o
 .debug_abbrev  0x000046b8      0x14e ..\obj\stm32f4xx_dma.o
 .debug_abbrev  0x00004806      0x16a ..\obj\serial_line_probe.o
 .debug_abbrev  0x00004970       0xfb ..\obj\os_cfg_app.o
 .debug_abbrev  0x00004a6b      0x1a4 ..\obj\os_q.o
 .debug_abbrev  0x00004c0f      0x174 ..\obj\os_task.o
 .debug_abbrev  0x00004d83      0x105 ..\obj\os_app_hooks.o
 .debug_abbrev  0x00004e88       0x12 ..\obj\cstartup.o
 .debug_abbrev  0x00004e9a      0x1a4 ..\obj\os_mutex.o
 .debug_abbrev  0x0000503e      0x160 ..\obj\stm32f4xx_spi.o
 .debug_abbrev  0x0000519e      0x1b0 ..\obj\bsp.o
 .debug_abbrev  0x0000534e      0x15d ..\obj\stm32f4xx_i2c.o
 .debug_abbrev  0x000054ab      0x1b0 ..\obj\serial_bsp_stm3240x.o
 .debug_abbrev  0x0000565b      0x137 ..\obj\stm32f4xx_rng.o
 .debug_abbrev  0x00005792      0x198 ..\obj\stm32f4xx_exti.o
 .debug_abbrev  0x0000592a      0x1b0 ..\obj\os_tmr.o
 .debug_abbrev  0x00005ada      0x126 ..\obj\misc.o
 .debug_abbrev  0x00005c00      0x1ac ..\obj\serial.o
 .debug_abbrev  0x00005dac       0x28 ..\obj\os_int.o
 .debug_abbrev  0x00005dd4      0x125 ..\obj\serial_line_dflt.o
 .debug_abbrev  0x00005ef9      0x16b ..\obj\stm32f4xx_rtc.o
 .debug_abbrev  0x00006064       0x14 ..\obj\lib_mem_a.o
 .debug_abbrev  0x00006078      0x14d ..\obj\stm32f4xx_cryp_tdes.o
 .debug_abbrev  0x000061c5      0x163 ..\obj\stm32f4xx_tim.o
 .debug_abbrev  0x00006328       0xda ..\obj\stm32f4xx_dbgmcu.o

.debug_loc      0x00000000     0xfe5e
 .debug_loc     0x00000000       0xe0 ..\obj\os_pend_multi.o
 .debug_loc     0x000000e0      0x17c ..\obj\stm32f4xx_syscfg.o
 .debug_loc     0x0000025c      0x150 ..\obj\os_time.o
 .debug_loc     0x000003ac      0x648 ..\obj\stm32f4xx_sdio.o
 .debug_loc     0x000009f4      0xff8 ..\obj\bsp_int.o
 .debug_loc     0x000019ec      0x122 ..\obj\stm32f4xx_cryp_aes.o
 .debug_loc     0x00001b0e      0x188 ..\obj\cpu_c.o
 .debug_loc     0x00001c96      0x3c0 ..\obj\stm32f4xx_hash.o
 .debug_loc     0x00002056      0x404 ..\obj\stm32f4xx_dma2d.o
 .debug_loc     0x0000245a      0x3f8 ..\obj\lib_mem.o
 .debug_loc     0x00002852       0x74 ..\obj\stm32f4xx_hash_sha1.o
 .debug_loc     0x000028c6      0x238 ..\obj\os_cpu_c.o
 .debug_loc     0x00002afe      0x3ee ..\obj\cpu_core.o
 .debug_loc     0x00002eec      0x658 ..\obj\stm32f4xx_usart.o
 .debug_loc     0x00003544      0x368 ..\obj\stm32f4xx_pwr.o
 .debug_loc     0x000038ac      0x2da ..\obj\os_flag.o
 .debug_loc     0x00003b86      0x578 ..\obj\stm32f4xx_can.o
 .debug_loc     0x000040fe      0x188 ..\obj\os_tick.o
 .debug_loc     0x00004286      0x19c ..\obj\stm32f4xx_wwdg.o
 .debug_loc     0x00004422       0x74 ..\obj\stm32f4xx_hash_md5.o
 .debug_loc     0x00004496      0x3ac ..\obj\stm32f4xx_dac.o
 .debug_loc     0x00004842      0x684 ..\obj\stm32f4xx_ltdc.o
 .debug_loc     0x00004ec6      0x118 ..\obj\os_msg.o
 .debug_loc     0x00004fde      0x544 ..\obj\lib_str.o
 .debug_loc     0x00005522      0x12c ..\obj\stm32f4xx_crc.o
 .debug_loc     0x0000564e      0x138 ..\obj\stm32f4xx_iwdg.o
 .debug_loc     0x00005786       0xa8 ..\obj\main.o
 .debug_loc     0x0000582e      0xb3c ..\obj\stm32f4xx_rcc.o
 .debug_loc     0x0000636a      0x232 ..\obj\serial_drv_stm32.o
 .debug_loc     0x0000659c      0x380 ..\obj\lib_ascii.o
 .debug_loc     0x0000691c      0x838 ..\obj\stm32f4xx_adc.o
 .debug_loc     0x00007154       0x38 ..\obj\os_dbg.o
 .debug_loc     0x0000718c      0x330 ..\obj\stm32f4xx_dcmi.o
 .debug_loc     0x000074bc      0x150 ..\obj\serial_line_tty.o
 .debug_loc     0x0000760c      0x26b ..\obj\os_sem.o
 .debug_loc     0x00007877      0x232 ..\obj\serial_buf.o
 .debug_loc     0x00007aa9       0xe0 ..\obj\os_prio.o
 .debug_loc     0x00007b89      0x118 ..\obj\bsp_os.o
 .debug_loc     0x00007ca1      0x764 ..\obj\os_core.o
 .debug_loc     0x00008405       0x74 ..\obj\stm32f4xx_cryp_des.o
 .debug_loc     0x00008479       0xe2 ..\obj\os_stat.o
 .debug_loc     0x0000855b      0x404 ..\obj\stm32f4xx_cryp.o
 .debug_loc     0x0000895f      0x41c ..\obj\stm32f4xx_fsmc.o
 .debug_loc     0x00008d7b      0x150 ..\obj\serial_os.o
 .debug_loc     0x00008ecb      0x118 ..\obj\os_mem.o
 .debug_loc     0x00008fe3       0xa8 ..\obj\bsp_periph.o
 .debug_loc     0x0000908b      0x310 ..\obj\stm32f4xx_gpio.o
 .debug_loc     0x0000939b      0x830 ..\obj\stm32f4xx_flash.o
 .debug_loc     0x00009bcb       0xd4 ..\obj\lib_math.o
 .debug_loc     0x00009c9f      0x578 ..\obj\stm32f4xx_sai.o
 .debug_loc     0x0000a217       0x9c ..\obj\system_stm32f4xx.o
 .debug_loc     0x0000a2b3      0x1ec ..\obj\syscalls.o
 .debug_loc     0x0000a49f      0x428 ..\obj\stm32f4xx_dma.o
 .debug_loc     0x0000a8c7       0xe0 ..\obj\serial_line_probe.o
 .debug_loc     0x0000a9a7       0x2c ..\obj\os_cfg_app.o
 .debug_loc     0x0000a9d3      0x26a ..\obj\os_q.o
 .debug_loc     0x0000ac3d      0x5b0 ..\obj\os_task.o
 .debug_loc     0x0000b1ed      0x1f4 ..\obj\os_app_hooks.o
 .debug_loc     0x0000b3e1      0x1fa ..\obj\os_mutex.o
 .debug_loc     0x0000b5db      0x578 ..\obj\stm32f4xx_spi.o
 .debug_loc     0x0000bb53      0x230 ..\obj\bsp.o
 .debug_loc     0x0000bd83      0x7a8 ..\obj\stm32f4xx_i2c.o
 .debug_loc     0x0000c52b      0x7e0 ..\obj\serial_bsp_stm3240x.o
 .debug_loc     0x0000cd0b      0x1a8 ..\obj\stm32f4xx_rng.o
 .debug_loc     0x0000ceb3      0x1b4 ..\obj\stm32f4xx_exti.o
 .debug_loc     0x0000d067      0x311 ..\obj\os_tmr.o
 .debug_loc     0x0000d378      0x118 ..\obj\misc.o
 .debug_loc     0x0000d490      0x712 ..\obj\serial.o
 .debug_loc     0x0000dba2       0xe0 ..\obj\serial_line_dflt.o
 .debug_loc     0x0000dc82      0xc48 ..\obj\stm32f4xx_rtc.o
 .debug_loc     0x0000e8ca       0x74 ..\obj\stm32f4xx_cryp_tdes.o
 .debug_loc     0x0000e93e     0x1420 ..\obj\stm32f4xx_tim.o
 .debug_loc     0x0000fd5e      0x100 ..\obj\stm32f4xx_dbgmcu.o

.debug_aranges  0x00000000     0x2cf0
 .debug_aranges
                0x00000000       0x38 ..\obj\os_pend_multi.o
 .debug_aranges
                0x00000038       0x50 ..\obj\stm32f4xx_syscfg.o
 .debug_aranges
                0x00000088       0x20 ..\obj\cpu_a.o
 .debug_aranges
                0x000000a8       0x48 ..\obj\os_time.o
 .debug_aranges
                0x000000f0       0x20 ..\obj\os_cpu_a.o
 .debug_aranges
                0x00000110      0x108 ..\obj\stm32f4xx_sdio.o
 .debug_aranges
                0x00000218      0x2f0 ..\obj\bsp_int.o
 .debug_aranges
                0x00000508       0x40 ..\obj\stm32f4xx_cryp_aes.o
 .debug_aranges
                0x00000548       0x50 ..\obj\cpu_c.o
 .debug_aranges
                0x00000598       0xa8 ..\obj\stm32f4xx_hash.o
 .debug_aranges
                0x00000640       0xb0 ..\obj\stm32f4xx_dma2d.o
 .debug_aranges
                0x000006f0       0xa8 ..\obj\lib_mem.o
 .debug_aranges
                0x00000798       0x28 ..\obj\stm32f4xx_hash_sha1.o
 .debug_aranges
                0x000007c0       0x70 ..\obj\os_cpu_c.o
 .debug_aranges
                0x00000830       0xb0 ..\obj\cpu_core.o
 .debug_aranges
                0x000008e0      0x100 ..\obj\stm32f4xx_usart.o
 .debug_aranges
                0x000009e0       0x98 ..\obj\stm32f4xx_pwr.o
 .debug_aranges
                0x00000a78       0x80 ..\obj\os_flag.o
 .debug_aranges
                0x00000af8       0xe0 ..\obj\stm32f4xx_can.o
 .debug_aranges
                0x00000bd8       0x50 ..\obj\os_tick.o
 .debug_aranges
                0x00000c28       0x58 ..\obj\stm32f4xx_wwdg.o
 .debug_aranges
                0x00000c80       0x28 ..\obj\stm32f4xx_hash_md5.o
 .debug_aranges
                0x00000ca8       0xa0 ..\obj\stm32f4xx_dac.o
 .debug_aranges
                0x00000d48      0x108 ..\obj\stm32f4xx_ltdc.o
 .debug_aranges
                0x00000e50       0x40 ..\obj\os_msg.o
 .debug_aranges
                0x00000e90       0xd8 ..\obj\lib_str.o
 .debug_aranges
                0x00000f68       0x48 ..\obj\stm32f4xx_crc.o
 .debug_aranges
                0x00000fb0       0x48 ..\obj\stm32f4xx_iwdg.o
 .debug_aranges
                0x00000ff8       0x30 ..\obj\main.o
 .debug_aranges
                0x00001028      0x1b8 ..\obj\stm32f4xx_rcc.o
 .debug_aranges
                0x000011e0       0x68 ..\obj\serial_drv_stm32.o
 .debug_aranges
                0x00001248       0x98 ..\obj\lib_ascii.o
 .debug_aranges
                0x000012e0      0x148 ..\obj\stm32f4xx_adc.o
 .debug_aranges
                0x00001428       0x20 ..\obj\os_dbg.o
 .debug_aranges
                0x00001448       0x90 ..\obj\stm32f4xx_dcmi.o
 .debug_aranges
                0x000014d8       0x48 ..\obj\serial_line_tty.o
 .debug_aranges
                0x00001520       0x70 ..\obj\os_sem.o
 .debug_aranges
                0x00001590       0x68 ..\obj\serial_buf.o
 .debug_aranges
                0x000015f8       0x38 ..\obj\os_prio.o
 .debug_aranges
                0x00001630       0x40 ..\obj\bsp_os.o
 .debug_aranges
                0x00001670      0x128 ..\obj\os_core.o
 .debug_aranges
                0x00001798       0x28 ..\obj\stm32f4xx_cryp_des.o
 .debug_aranges
                0x000017c0       0x38 ..\obj\os_stat.o
 .debug_aranges
                0x000017f8       0xb0 ..\obj\stm32f4xx_cryp.o
 .debug_aranges
                0x000018a8       0xb0 ..\obj\stm32f4xx_fsmc.o
 .debug_aranges
                0x00001958       0x48 ..\obj\serial_os.o
 .debug_aranges
                0x000019a0       0x40 ..\obj\os_mem.o
 .debug_aranges
                0x000019e0       0x30 ..\obj\bsp_periph.o
 .debug_aranges
                0x00001a10       0x88 ..\obj\stm32f4xx_gpio.o
 .debug_aranges
                0x00001a98      0x158 ..\obj\stm32f4xx_flash.o
 .debug_aranges
                0x00001bf0       0x38 ..\obj\lib_math.o
 .debug_aranges
                0x00001c28       0xe0 ..\obj\stm32f4xx_sai.o
 .debug_aranges
                0x00001d08       0x30 ..\obj\system_stm32f4xx.o
 .debug_aranges
                0x00001d38       0x60 ..\obj\syscalls.o
 .debug_aranges
                0x00001d98       0xb0 ..\obj\stm32f4xx_dma.o
 .debug_aranges
                0x00001e48       0x38 ..\obj\serial_line_probe.o
 .debug_aranges
                0x00001e80       0x20 ..\obj\os_cfg_app.o
 .debug_aranges
                0x00001ea0       0x70 ..\obj\os_q.o
 .debug_aranges
                0x00001f10       0xe8 ..\obj\os_task.o
 .debug_aranges
                0x00001ff8       0x68 ..\obj\os_app_hooks.o
 .debug_aranges
                0x00002060       0x58 ..\obj\cstartup.o
 .debug_aranges
                0x000020b8       0x60 ..\obj\os_mutex.o
 .debug_aranges
                0x00002118       0xe0 ..\obj\stm32f4xx_spi.o
 .debug_aranges
                0x000021f8       0x68 ..\obj\bsp.o
 .debug_aranges
                0x00002260      0x130 ..\obj\stm32f4xx_i2c.o
 .debug_aranges
                0x00002390      0x138 ..\obj\serial_bsp_stm3240x.o
 .debug_aranges
                0x000024c8       0x58 ..\obj\stm32f4xx_rng.o
 .debug_aranges
                0x00002520       0x58 ..\obj\stm32f4xx_exti.o
 .debug_aranges
                0x00002578       0x88 ..\obj\os_tmr.o
 .debug_aranges
                0x00002600       0x40 ..\obj\misc.o
 .debug_aranges
                0x00002640      0x118 ..\obj\serial.o
 .debug_aranges
                0x00002758       0x38 ..\obj\serial_line_dflt.o
 .debug_aranges
                0x00002790      0x1e0 ..\obj\stm32f4xx_rtc.o
 .debug_aranges
                0x00002970       0x20 ..\obj\lib_mem_a.o
 .debug_aranges
                0x00002990       0x28 ..\obj\stm32f4xx_cryp_tdes.o
 .debug_aranges
                0x000029b8      0x2f8 ..\obj\stm32f4xx_tim.o
 .debug_aranges
                0x00002cb0       0x40 ..\obj\stm32f4xx_dbgmcu.o

.debug_ranges   0x00000000     0x27f8
 .debug_ranges  0x00000000       0x28 ..\obj\os_pend_multi.o
 .debug_ranges  0x00000028       0x40 ..\obj\stm32f4xx_syscfg.o
 .debug_ranges  0x00000068       0x38 ..\obj\os_time.o
 .debug_ranges  0x000000a0       0xf8 ..\obj\stm32f4xx_sdio.o
 .debug_ranges  0x00000198      0x2e0 ..\obj\bsp_int.o
 .debug_ranges  0x00000478       0x30 ..\obj\stm32f4xx_cryp_aes.o
 .debug_ranges  0x000004a8       0x40 ..\obj\cpu_c.o
 .debug_ranges  0x000004e8       0x98 ..\obj\stm32f4xx_hash.o
 .debug_ranges  0x00000580       0xa0 ..\obj\stm32f4xx_dma2d.o
 .debug_ranges  0x00000620       0x98 ..\obj\lib_mem.o
 .debug_ranges  0x000006b8       0x18 ..\obj\stm32f4xx_hash_sha1.o
 .debug_ranges  0x000006d0       0x60 ..\obj\os_cpu_c.o
 .debug_ranges  0x00000730       0xa0 ..\obj\cpu_core.o
 .debug_ranges  0x000007d0       0xf0 ..\obj\stm32f4xx_usart.o
 .debug_ranges  0x000008c0       0x88 ..\obj\stm32f4xx_pwr.o
 .debug_ranges  0x00000948       0x70 ..\obj\os_flag.o
 .debug_ranges  0x000009b8       0xd0 ..\obj\stm32f4xx_can.o
 .debug_ranges  0x00000a88       0x40 ..\obj\os_tick.o
 .debug_ranges  0x00000ac8       0x48 ..\obj\stm32f4xx_wwdg.o
 .debug_ranges  0x00000b10       0x18 ..\obj\stm32f4xx_hash_md5.o
 .debug_ranges  0x00000b28       0x90 ..\obj\stm32f4xx_dac.o
 .debug_ranges  0x00000bb8       0xf8 ..\obj\stm32f4xx_ltdc.o
 .debug_ranges  0x00000cb0       0x30 ..\obj\os_msg.o
 .debug_ranges  0x00000ce0       0xc8 ..\obj\lib_str.o
 .debug_ranges  0x00000da8       0x38 ..\obj\stm32f4xx_crc.o
 .debug_ranges  0x00000de0       0x38 ..\obj\stm32f4xx_iwdg.o
 .debug_ranges  0x00000e18       0x20 ..\obj\main.o
 .debug_ranges  0x00000e38      0x1a8 ..\obj\stm32f4xx_rcc.o
 .debug_ranges  0x00000fe0       0x58 ..\obj\serial_drv_stm32.o
 .debug_ranges  0x00001038       0x88 ..\obj\lib_ascii.o
 .debug_ranges  0x000010c0      0x138 ..\obj\stm32f4xx_adc.o
 .debug_ranges  0x000011f8       0x10 ..\obj\os_dbg.o
 .debug_ranges  0x00001208       0x80 ..\obj\stm32f4xx_dcmi.o
 .debug_ranges  0x00001288       0x38 ..\obj\serial_line_tty.o
 .debug_ranges  0x000012c0       0x60 ..\obj\os_sem.o
 .debug_ranges  0x00001320       0x58 ..\obj\serial_buf.o
 .debug_ranges  0x00001378       0x28 ..\obj\os_prio.o
 .debug_ranges  0x000013a0       0x30 ..\obj\bsp_os.o
 .debug_ranges  0x000013d0      0x118 ..\obj\os_core.o
 .debug_ranges  0x000014e8       0x18 ..\obj\stm32f4xx_cryp_des.o
 .debug_ranges  0x00001500       0x28 ..\obj\os_stat.o
 .debug_ranges  0x00001528       0xa0 ..\obj\stm32f4xx_cryp.o
 .debug_ranges  0x000015c8       0xa0 ..\obj\stm32f4xx_fsmc.o
 .debug_ranges  0x00001668       0x38 ..\obj\serial_os.o
 .debug_ranges  0x000016a0       0x30 ..\obj\os_mem.o
 .debug_ranges  0x000016d0       0x20 ..\obj\bsp_periph.o
 .debug_ranges  0x000016f0       0x78 ..\obj\stm32f4xx_gpio.o
 .debug_ranges  0x00001768      0x148 ..\obj\stm32f4xx_flash.o
 .debug_ranges  0x000018b0       0x28 ..\obj\lib_math.o
 .debug_ranges  0x000018d8       0xd0 ..\obj\stm32f4xx_sai.o
 .debug_ranges  0x000019a8       0x20 ..\obj\system_stm32f4xx.o
 .debug_ranges  0x000019c8       0x50 ..\obj\syscalls.o
 .debug_ranges  0x00001a18       0xa0 ..\obj\stm32f4xx_dma.o
 .debug_ranges  0x00001ab8       0x28 ..\obj\serial_line_probe.o
 .debug_ranges  0x00001ae0       0x10 ..\obj\os_cfg_app.o
 .debug_ranges  0x00001af0       0x60 ..\obj\os_q.o
 .debug_ranges  0x00001b50       0xd8 ..\obj\os_task.o
 .debug_ranges  0x00001c28       0x58 ..\obj\os_app_hooks.o
 .debug_ranges  0x00001c80       0x50 ..\obj\cstartup.o
 .debug_ranges  0x00001cd0       0x50 ..\obj\os_mutex.o
 .debug_ranges  0x00001d20       0xd0 ..\obj\stm32f4xx_spi.o
 .debug_ranges  0x00001df0       0x58 ..\obj\bsp.o
 .debug_ranges  0x00001e48      0x120 ..\obj\stm32f4xx_i2c.o
 .debug_ranges  0x00001f68      0x128 ..\obj\serial_bsp_stm3240x.o
 .debug_ranges  0x00002090       0x48 ..\obj\stm32f4xx_rng.o
 .debug_ranges  0x000020d8       0x48 ..\obj\stm32f4xx_exti.o
 .debug_ranges  0x00002120       0x78 ..\obj\os_tmr.o
 .debug_ranges  0x00002198       0x30 ..\obj\misc.o
 .debug_ranges  0x000021c8      0x108 ..\obj\serial.o
 .debug_ranges  0x000022d0       0x28 ..\obj\serial_line_dflt.o
 .debug_ranges  0x000022f8      0x1d0 ..\obj\stm32f4xx_rtc.o
 .debug_ranges  0x000024c8       0x18 ..\obj\stm32f4xx_cryp_tdes.o
 .debug_ranges  0x000024e0      0x2e8 ..\obj\stm32f4xx_tim.o
 .debug_ranges  0x000027c8       0x30 ..\obj\stm32f4xx_dbgmcu.o

.debug_line     0x00000000    0x1105e
 .debug_line    0x00000000      0x1fa ..\obj\os_pend_multi.o
 .debug_line    0x000001fa      0x233 ..\obj\stm32f4xx_syscfg.o
 .debug_line    0x0000042d       0x9f ..\obj\cpu_a.o
 .debug_line    0x000004cc      0x23f ..\obj\os_time.o
 .debug_line    0x0000070b       0xc5 ..\obj\os_cpu_a.o
 .debug_line    0x000007d0      0x455 ..\obj\stm32f4xx_sdio.o
 .debug_line    0x00000c25      0x7c6 ..\obj\bsp_int.o
 .debug_line    0x000013eb      0xcfe ..\obj\stm32f4xx_cryp_aes.o
 .debug_line    0x000020e9      0x20d ..\obj\cpu_c.o
 .debug_line    0x000022f6      0x398 ..\obj\stm32f4xx_hash.o
 .debug_line    0x0000268e      0x3ea ..\obj\stm32f4xx_dma2d.o
 .debug_line    0x00002a78      0x5dc ..\obj\lib_mem.o
 .debug_line    0x00003054      0x390 ..\obj\stm32f4xx_hash_sha1.o
 .debug_line    0x000033e4      0x26f ..\obj\os_cpu_c.o
 .debug_line    0x00003653      0x2a8 ..\obj\cpu_core.o
 .debug_line    0x000038fb      0x4bb ..\obj\stm32f4xx_usart.o
 .debug_line    0x00003db6      0x321 ..\obj\stm32f4xx_pwr.o
 .debug_line    0x000040d7      0x3b3 ..\obj\os_flag.o
 .debug_line    0x0000448a      0x56f ..\obj\stm32f4xx_can.o
 .debug_line    0x000049f9      0x289 ..\obj\os_tick.o
 .debug_line    0x00004c82      0x243 ..\obj\stm32f4xx_wwdg.o
 .debug_line    0x00004ec5      0x373 ..\obj\stm32f4xx_hash_md5.o
 .debug_line    0x00005238      0x373 ..\obj\stm32f4xx_dac.o
 .debug_line    0x000055ab      0x515 ..\obj\stm32f4xx_ltdc.o
 .debug_line    0x00005ac0      0x10b ..\obj\os_var.o
 .debug_line    0x00005bcb      0x1f7 ..\obj\os_msg.o
 .debug_line    0x00005dc2      0x56f ..\obj\lib_str.o
 .debug_line    0x00006331      0x226 ..\obj\stm32f4xx_crc.o
 .debug_line    0x00006557      0x218 ..\obj\stm32f4xx_iwdg.o
 .debug_line    0x0000676f      0x339 ..\obj\main.o
 .debug_line    0x00006aa8      0x655 ..\obj\stm32f4xx_rcc.o
 .debug_line    0x000070fd      0x27d ..\obj\serial_drv_stm32.o
 .debug_line    0x0000737a      0x405 ..\obj\lib_ascii.o
 .debug_line    0x0000777f      0x565 ..\obj\stm32f4xx_adc.o
 .debug_line    0x00007ce4      0x16e ..\obj\os_dbg.o
 .debug_line    0x00007e52      0x350 ..\obj\stm32f4xx_dcmi.o
 .debug_line    0x000081a2      0x244 ..\obj\serial_line_tty.o
 .debug_line    0x000083e6      0x301 ..\obj\os_sem.o
 .debug_line    0x000086e7      0x22a ..\obj\serial_buf.o
 .debug_line    0x00008911      0x13c ..\obj\os_prio.o
 .debug_line    0x00008a4d      0x2ac ..\obj\bsp_os.o
 .debug_line    0x00008cf9      0x614 ..\obj\os_core.o
 .debug_line    0x0000930d      0x30b ..\obj\stm32f4xx_cryp_des.o
 .debug_line    0x00009618      0x23a ..\obj\os_stat.o
 .debug_line    0x00009852      0x3f1 ..\obj\stm32f4xx_cryp.o
 .debug_line    0x00009c43      0x46a ..\obj\stm32f4xx_fsmc.o
 .debug_line    0x0000a0ad      0x292 ..\obj\serial_os.o
 .debug_line    0x0000a33f      0x196 ..\obj\os_mem.o
 .debug_line    0x0000a4d5      0x211 ..\obj\bsp_periph.o
 .debug_line    0x0000a6e6      0x356 ..\obj\stm32f4xx_gpio.o
 .debug_line    0x0000aa3c      0x58e ..\obj\stm32f4xx_flash.o
 .debug_line    0x0000afca      0x116 ..\obj\lib_math.o
 .debug_line    0x0000b0e0      0x424 ..\obj\stm32f4xx_sai.o
 .debug_line    0x0000b504      0x260 ..\obj\system_stm32f4xx.o
 .debug_line    0x0000b764      0x1ad ..\obj\syscalls.o
 .debug_line    0x0000b911      0x3ed ..\obj\stm32f4xx_dma.o
 .debug_line    0x0000bcfe      0x257 ..\obj\serial_line_probe.o
 .debug_line    0x0000bf55      0x12e ..\obj\os_cfg_app.o
 .debug_line    0x0000c083      0x2fd ..\obj\os_q.o
 .debug_line    0x0000c380      0x5fc ..\obj\os_task.o
 .debug_line    0x0000c97c      0x208 ..\obj\os_app_hooks.o
 .debug_line    0x0000cb84       0xfa ..\obj\cstartup.o
 .debug_line    0x0000cc7e      0x2f7 ..\obj\os_mutex.o
 .debug_line    0x0000cf75      0x46e ..\obj\stm32f4xx_spi.o
 .debug_line    0x0000d3e3      0x413 ..\obj\bsp.o
 .debug_line    0x0000d7f6      0x517 ..\obj\stm32f4xx_i2c.o
 .debug_line    0x0000dd0d      0x5fc ..\obj\serial_bsp_stm3240x.o
 .debug_line    0x0000e309      0x244 ..\obj\stm32f4xx_rng.o
 .debug_line    0x0000e54d      0x2ad ..\obj\stm32f4xx_exti.o
 .debug_line    0x0000e7fa      0x3bf ..\obj\os_tmr.o
 .debug_line    0x0000ebb9      0x256 ..\obj\misc.o
 .debug_line    0x0000ee0f      0x749 ..\obj\serial.o
 .debug_line    0x0000f558       0x1d ..\obj\os_int.o
 .debug_line    0x0000f575      0x188 ..\obj\serial_line_dflt.o
 .debug_line    0x0000f6fd      0x82b ..\obj\stm32f4xx_rtc.o
 .debug_line    0x0000ff28      0x127 ..\obj\lib_mem_a.o
 .debug_line    0x0001004f      0x37c ..\obj\stm32f4xx_cryp_tdes.o
 .debug_line    0x000103cb      0xa8a ..\obj\stm32f4xx_tim.o
 .debug_line    0x00010e55      0x209 ..\obj\stm32f4xx_dbgmcu.o

.debug_str      0x00000000     0xdd9d
 .debug_str     0x00000000     0x11fc ..\obj\os_pend_multi.o
                               0x12b1 (size before relaxing)
 .debug_str     0x000011fc      0x1cb ..\obj\stm32f4xx_syscfg.o
                                0x2bb (size before relaxing)
 .debug_str     0x000013c7      0x148 ..\obj\os_time.o
                               0x12fd (size before relaxing)
 .debug_str     0x0000150f      0x4a4 ..\obj\stm32f4xx_sdio.o
                                0x5ed (size before relaxing)
 .debug_str     0x000019b3      0x863 ..\obj\bsp_int.o
                                0x97b (size before relaxing)
 .debug_str     0x00002216      0x327 ..\obj\stm32f4xx_cryp_aes.o
                                0x450 (size before relaxing)
 .debug_str     0x0000253d      0x112 ..\obj\cpu_c.o
                                0x20d (size before relaxing)
 .debug_str     0x0000264f      0x2a0 ..\obj\stm32f4xx_hash.o
                                0x3fd (size before relaxing)
 .debug_str     0x000028ef      0x591 ..\obj\stm32f4xx_dma2d.o
                                0x6ed (size before relaxing)
 .debug_str     0x00002e80      0x834 ..\obj\lib_mem.o
                                0x995 (size before relaxing)
 .debug_str     0x000036b4       0xc1 ..\obj\stm32f4xx_hash_sha1.o
                                0x292 (size before relaxing)
 .debug_str     0x00003775      0x245 ..\obj\os_cpu_c.o
                                0x790 (size before relaxing)
 .debug_str     0x000039ba      0x254 ..\obj\cpu_core.o
                                0x37c (size before relaxing)
 .debug_str     0x00003c0e      0x4c3 ..\obj\stm32f4xx_usart.o
                                0x631 (size before relaxing)
 .debug_str     0x000040d1      0x235 ..\obj\stm32f4xx_pwr.o
                                0x37c (size before relaxing)
 .debug_str     0x00004306      0x1a6 ..\obj\os_flag.o
                               0x1385 (size before relaxing)
 .debug_str     0x000044ac      0x52a ..\obj\stm32f4xx_can.o
                                0x6e0 (size before relaxing)
 .debug_str     0x000049d6      0x1c9 ..\obj\os_tick.o
                               0x137a (size before relaxing)
 .debug_str     0x00004b9f       0xec ..\obj\stm32f4xx_wwdg.o
                                0x224 (size before relaxing)
 .debug_str     0x00004c8b       0x91 ..\obj\stm32f4xx_hash_md5.o
                                0x28d (size before relaxing)
 .debug_str     0x00004d1c      0x2a3 ..\obj\stm32f4xx_dac.o
                                0x3f5 (size before relaxing)
 .debug_str     0x00004fbf      0x811 ..\obj\stm32f4xx_ltdc.o
                                0x9ca (size before relaxing)
 .debug_str     0x000057d0      0x32c ..\obj\os_var.o
                                0xa16 (size before relaxing)
 .debug_str     0x00005afc       0xe6 ..\obj\os_msg.o
                                0xf13 (size before relaxing)
 .debug_str     0x00005be2      0x49a ..\obj\lib_str.o
                                0x5e9 (size before relaxing)
 .debug_str     0x0000607c       0xd8 ..\obj\stm32f4xx_crc.o
                                0x1ed (size before relaxing)
 .debug_str     0x00006154       0xf0 ..\obj\stm32f4xx_iwdg.o
                                0x20e (size before relaxing)
 .debug_str     0x00006244      0x224 ..\obj\main.o
                               0x1429 (size before relaxing)
 .debug_str     0x00006468      0x716 ..\obj\stm32f4xx_rcc.o
                                0x937 (size before relaxing)
 .debug_str     0x00006b7e      0x288 ..\obj\serial_drv_stm32.o
                                0x4b6 (size before relaxing)
 .debug_str     0x00006e06      0x168 ..\obj\lib_ascii.o
                                0x269 (size before relaxing)
 .debug_str     0x00006f6e      0x61e ..\obj\stm32f4xx_adc.o
                                0x7a6 (size before relaxing)
 .debug_str     0x0000758c      0x523 ..\obj\os_dbg.o
                                0xef9 (size before relaxing)
 .debug_str     0x00007aaf      0x31d ..\obj\stm32f4xx_dcmi.o
                                0x47b (size before relaxing)
 .debug_str     0x00007dcc      0x13a ..\obj\serial_line_tty.o
                                0x660 (size before relaxing)
 .debug_str     0x00007f06       0xda ..\obj\os_sem.o
                               0x130c (size before relaxing)
 .debug_str     0x00007fe0      0x158 ..\obj\serial_buf.o
                                0x2bc (size before relaxing)
 .debug_str     0x00008138       0x8a ..\obj\os_prio.o
                                0x18c (size before relaxing)
 .debug_str     0x000081c2       0xe1 ..\obj\bsp_os.o
                               0x12eb (size before relaxing)
 .debug_str     0x000082a3      0x2d0 ..\obj\os_core.o
                               0x16b5 (size before relaxing)
 .debug_str     0x00008573       0x70 ..\obj\stm32f4xx_cryp_des.o
                                0x36d (size before relaxing)
 .debug_str     0x000085e3      0x146 ..\obj\os_stat.o
                               0x1449 (size before relaxing)
 .debug_str     0x00008729      0x36c ..\obj\stm32f4xx_cryp.o
                                0x652 (size before relaxing)
 .debug_str     0x00008a95      0x5e3 ..\obj\stm32f4xx_fsmc.o
                                0x736 (size before relaxing)
 .debug_str     0x00009078       0xe6 ..\obj\serial_os.o
                               0x15af (size before relaxing)
 .debug_str     0x0000915e       0xa7 ..\obj\os_mem.o
                                0xef0 (size before relaxing)
 .debug_str     0x00009205       0x8a ..\obj\bsp_periph.o
                                0x1e5 (size before relaxing)
 .debug_str     0x0000928f      0x190 ..\obj\stm32f4xx_gpio.o
                                0x445 (size before relaxing)
 .debug_str     0x0000941f      0x4d5 ..\obj\stm32f4xx_flash.o
                                0x636 (size before relaxing)
 .debug_str     0x000098f4       0xa0 ..\obj\lib_math.o
                                0x17d (size before relaxing)
 .debug_str     0x00009994      0x41a ..\obj\stm32f4xx_sai.o
                                0x570 (size before relaxing)
 .debug_str     0x00009dae       0xbd ..\obj\system_stm32f4xx.o
                                0x37f (size before relaxing)
 .debug_str     0x00009e6b      0x164 ..\obj\syscalls.o
                                0x2a2 (size before relaxing)
 .debug_str     0x00009fcf      0x38c ..\obj\stm32f4xx_dma.o
                                0x4ee (size before relaxing)
 .debug_str     0x0000a35b       0xc1 ..\obj\serial_line_probe.o
                                0x65b (size before relaxing)
 .debug_str     0x0000a41c      0x2cf ..\obj\os_cfg_app.o
                                0x9d9 (size before relaxing)
 .debug_str     0x0000a6eb       0xe5 ..\obj\os_q.o
                               0x1319 (size before relaxing)
 .debug_str     0x0000a7d0      0x212 ..\obj\os_task.o
                               0x14d4 (size before relaxing)
 .debug_str     0x0000a9e2      0x100 ..\obj\os_app_hooks.o
                                0x6d7 (size before relaxing)
 .debug_str     0x0000aae2       0xfd ..\obj\os_mutex.o
                               0x134d (size before relaxing)
 .debug_str     0x0000abdf      0x3b5 ..\obj\stm32f4xx_spi.o
                                0x63f (size before relaxing)
 .debug_str     0x0000af94      0x11d ..\obj\bsp.o
                                0x4bd (size before relaxing)
 .debug_str     0x0000b0b1      0x413 ..\obj\stm32f4xx_i2c.o
                                0x654 (size before relaxing)
 .debug_str     0x0000b4c4      0x6c1 ..\obj\serial_bsp_stm3240x.o
                                0xbce (size before relaxing)
 .debug_str     0x0000bb85       0xe7 ..\obj\stm32f4xx_rng.o
                                0x226 (size before relaxing)
 .debug_str     0x0000bc6c      0x1d5 ..\obj\stm32f4xx_exti.o
                                0x303 (size before relaxing)
 .debug_str     0x0000be41      0x175 ..\obj\os_tmr.o
                               0x14cc (size before relaxing)
 .debug_str     0x0000bfb6      0x1ce ..\obj\misc.o
                                0x37b (size before relaxing)
 .debug_str     0x0000c184      0x50b ..\obj\serial.o
                                0xc0c (size before relaxing)
 .debug_str     0x0000c68f       0x49 ..\obj\os_int.o
                                0x10d (size before relaxing)
 .debug_str     0x0000c6d8       0x55 ..\obj\serial_line_dflt.o
                                0x39a (size before relaxing)
 .debug_str     0x0000c72d      0x96c ..\obj\stm32f4xx_rtc.o
                                0xaf5 (size before relaxing)
 .debug_str     0x0000d099       0xc0 ..\obj\stm32f4xx_cryp_tdes.o
                                0x373 (size before relaxing)
 .debug_str     0x0000d159      0xb60 ..\obj\stm32f4xx_tim.o
                                0xd72 (size before relaxing)
 .debug_str     0x0000dcb9       0xe4 ..\obj\stm32f4xx_dbgmcu.o
                                0x1f7 (size before relaxing)

.debug_frame    0x00000000     0x9108
 .debug_frame   0x00000000       0x8c ..\obj\os_pend_multi.o
 .debug_frame   0x0000008c       0xd8 ..\obj\stm32f4xx_syscfg.o
 .debug_frame   0x00000164       0xd0 ..\obj\os_time.o
 .debug_frame   0x00000234      0x344 ..\obj\stm32f4xx_sdio.o
 .debug_frame   0x00000578      0xa18 ..\obj\bsp_int.o
 .debug_frame   0x00000f90       0xbc ..\obj\stm32f4xx_cryp_aes.o
 .debug_frame   0x0000104c       0xe8 ..\obj\cpu_c.o
 .debug_frame   0x00001134      0x1fc ..\obj\stm32f4xx_hash.o
 .debug_frame   0x00001330      0x21c ..\obj\stm32f4xx_dma2d.o
 .debug_frame   0x0000154c      0x238 ..\obj\lib_mem.o
 .debug_frame   0x00001784       0x50 ..\obj\stm32f4xx_hash_sha1.o
 .debug_frame   0x000017d4      0x154 ..\obj\os_cpu_c.o
 .debug_frame   0x00001928      0x258 ..\obj\cpu_core.o
 .debug_frame   0x00001b80      0x344 ..\obj\stm32f4xx_usart.o
 .debug_frame   0x00001ec4      0x1cc ..\obj\stm32f4xx_pwr.o
 .debug_frame   0x00002090      0x1a4 ..\obj\os_flag.o
 .debug_frame   0x00002234      0x2d4 ..\obj\stm32f4xx_can.o
 .debug_frame   0x00002508       0xe0 ..\obj\os_tick.o
 .debug_frame   0x000025e8       0xe8 ..\obj\stm32f4xx_wwdg.o
 .debug_frame   0x000026d0       0x50 ..\obj\stm32f4xx_hash_md5.o
 .debug_frame   0x00002720      0x1ec ..\obj\stm32f4xx_dac.o
 .debug_frame   0x0000290c      0x358 ..\obj\stm32f4xx_ltdc.o
 .debug_frame   0x00002c64       0x9c ..\obj\os_msg.o
 .debug_frame   0x00002d00      0x2f8 ..\obj\lib_str.o
 .debug_frame   0x00002ff8       0xac ..\obj\stm32f4xx_crc.o
 .debug_frame   0x000030a4       0xb0 ..\obj\stm32f4xx_iwdg.o
 .debug_frame   0x00003154       0x70 ..\obj\main.o
 .debug_frame   0x000031c4      0x5b8 ..\obj\stm32f4xx_rcc.o
 .debug_frame   0x0000377c      0x134 ..\obj\serial_drv_stm32.o
 .debug_frame   0x000038b0      0x1d4 ..\obj\lib_ascii.o
 .debug_frame   0x00003a84      0x434 ..\obj\stm32f4xx_adc.o
 .debug_frame   0x00003eb8       0x2c ..\obj\os_dbg.o
 .debug_frame   0x00003ee4      0x1ac ..\obj\stm32f4xx_dcmi.o
 .debug_frame   0x00004090       0xcc ..\obj\serial_line_tty.o
 .debug_frame   0x0000415c      0x164 ..\obj\os_sem.o
 .debug_frame   0x000042c0      0x138 ..\obj\serial_buf.o
 .debug_frame   0x000043f8       0x84 ..\obj\os_prio.o
 .debug_frame   0x0000447c       0xb0 ..\obj\bsp_os.o
 .debug_frame   0x0000452c      0x40c ..\obj\os_core.o
 .debug_frame   0x00004938       0x50 ..\obj\stm32f4xx_cryp_des.o
 .debug_frame   0x00004988       0x90 ..\obj\os_stat.o
 .debug_frame   0x00004a18      0x21c ..\obj\stm32f4xx_cryp.o
 .debug_frame   0x00004c34      0x220 ..\obj\stm32f4xx_fsmc.o
 .debug_frame   0x00004e54       0xd0 ..\obj\serial_os.o
 .debug_frame   0x00004f24       0xa8 ..\obj\os_mem.o
 .debug_frame   0x00004fcc       0x68 ..\obj\bsp_periph.o
 .debug_frame   0x00005034      0x19c ..\obj\stm32f4xx_gpio.o
 .debug_frame   0x000051d0      0x480 ..\obj\stm32f4xx_flash.o
 .debug_frame   0x00005650       0x88 ..\obj\lib_math.o
 .debug_frame   0x000056d8      0x2d0 ..\obj\stm32f4xx_sai.o
 .debug_frame   0x000059a8       0x64 ..\obj\system_stm32f4xx.o
 .debug_frame   0x00005a0c      0x108 ..\obj\syscalls.o
 .debug_frame   0x00005b14      0x224 ..\obj\stm32f4xx_dma.o
 .debug_frame   0x00005d38       0x8c ..\obj\serial_line_probe.o
 .debug_frame   0x00005dc4       0x28 ..\obj\os_cfg_app.o
 .debug_frame   0x00005dec      0x164 ..\obj\os_q.o
 .debug_frame   0x00005f50      0x344 ..\obj\os_task.o
 .debug_frame   0x00006294      0x11c ..\obj\os_app_hooks.o
 .debug_frame   0x000063b0      0x124 ..\obj\os_mutex.o
 .debug_frame   0x000064d4      0x2d0 ..\obj\stm32f4xx_spi.o
 .debug_frame   0x000067a4      0x150 ..\obj\bsp.o
 .debug_frame   0x000068f4      0x3ec ..\obj\stm32f4xx_i2c.o
 .debug_frame   0x00006ce0      0x454 ..\obj\serial_bsp_stm3240x.o
 .debug_frame   0x00007134       0xec ..\obj\stm32f4xx_rng.o
 .debug_frame   0x00007220       0xec ..\obj\stm32f4xx_exti.o
 .debug_frame   0x0000730c      0x1b8 ..\obj\os_tmr.o
 .debug_frame   0x000074c4       0x9c ..\obj\misc.o
 .debug_frame   0x00007560      0x40c ..\obj\serial.o
 .debug_frame   0x0000796c       0x88 ..\obj\serial_line_dflt.o
 .debug_frame   0x000079f4      0x670 ..\obj\stm32f4xx_rtc.o
 .debug_frame   0x00008064       0x50 ..\obj\stm32f4xx_cryp_tdes.o
 .debug_frame   0x000080b4      0xa3c ..\obj\stm32f4xx_tim.o
 .debug_frame   0x00008af0       0x94 ..\obj\stm32f4xx_dbgmcu.o
 .debug_frame   0x00008b84       0x50 c:/program files (x86)/gnu tools arm embedded/4.6 2012q2/bin/../lib/gcc/arm-none-eabi/4.6.2/armv7e-m/fpu\libgcc.a(bpabi.o)
 .debug_frame   0x00008bd4      0x26c c:/program files (x86)/gnu tools arm embedded/4.6 2012q2/bin/../lib/gcc/arm-none-eabi/4.6.2/armv7e-m/fpu\libgcc.a(unwind-arm.o)
 .debug_frame   0x00008e40       0xec c:/program files (x86)/gnu tools arm embedded/4.6 2012q2/bin/../lib/gcc/arm-none-eabi/4.6.2/armv7e-m/fpu\libgcc.a(pr-support.o)
 .debug_frame   0x00008f2c       0x34 c:/program files (x86)/gnu tools arm embedded/4.6 2012q2/bin/../lib/gcc/arm-none-eabi/4.6.2/armv7e-m/fpu\libgcc.a(_divdi3.o)
 .debug_frame   0x00008f60       0x34 c:/program files (x86)/gnu tools arm embedded/4.6 2012q2/bin/../lib/gcc/arm-none-eabi/4.6.2/armv7e-m/fpu\libgcc.a(_udivdi3.o)
 .debug_frame   0x00008f94       0x20 ..\..\..\..\..\..\..\..\..\Program Files (x86)\GNU Tools ARM Embedded\4.6 2012q2\arm-none-eabi\lib\armv7e-m\fpu\libg.a(lib_a-atexit.o)
 .debug_frame   0x00008fb4       0x28 ..\..\..\..\..\..\..\..\..\Program Files (x86)\GNU Tools ARM Embedded\4.6 2012q2\arm-none-eabi\lib\armv7e-m\fpu\libg.a(lib_a-exit.o)
 .debug_frame   0x00008fdc       0x2c ..\..\..\..\..\..\..\..\..\Program Files (x86)\GNU Tools ARM Embedded\4.6 2012q2\arm-none-eabi\lib\armv7e-m\fpu\libg.a(lib_a-fini.o)
 .debug_frame   0x00009008       0x2c ..\..\..\..\..\..\..\..\..\Program Files (x86)\GNU Tools ARM Embedded\4.6 2012q2\arm-none-eabi\lib\armv7e-m\fpu\libg.a(lib_a-init.o)
 .debug_frame   0x00009034       0x2c ..\..\..\..\..\..\..\..\..\Program Files (x86)\GNU Tools ARM Embedded\4.6 2012q2\arm-none-eabi\lib\armv7e-m\fpu\libg.a(lib_a-memcpy.o)
 .debug_frame   0x00009060       0x2c ..\..\..\..\..\..\..\..\..\Program Files (x86)\GNU Tools ARM Embedded\4.6 2012q2\arm-none-eabi\lib\armv7e-m\fpu\libg.a(lib_a-memset.o)
 .debug_frame   0x0000908c       0x34 ..\..\..\..\..\..\..\..\..\Program Files (x86)\GNU Tools ARM Embedded\4.6 2012q2\arm-none-eabi\lib\armv7e-m\fpu\libg.a(lib_a-__atexit.o)
 .debug_frame   0x000090c0       0x48 ..\..\..\..\..\..\..\..\..\Program Files (x86)\GNU Tools ARM Embedded\4.6 2012q2\arm-none-eabi\lib\armv7e-m\fpu\libg.a(lib_a-__call_atexit.o)
