Archive member included because of file (symbol)

c:/program files (x86)/gnu tools arm embedded/4.8 2014q2/bin/../lib/gcc/arm-none-eabi/4.8.4/armv7e-m/fpu\libgcc.a(_aeabi_uldivmod.o)
                              ..\obj\bsp.o (__aeabi_uldivmod)
c:/program files (x86)/gnu tools arm embedded/4.8 2014q2/bin/../lib/gcc/arm-none-eabi/4.8.4/armv7e-m/fpu\libgcc.a(bpabi.o)
                              c:/program files (x86)/gnu tools arm embedded/4.8 2014q2/bin/../lib/gcc/arm-none-eabi/4.8.4/armv7e-m/fpu\libgcc.a(_aeabi_uldivmod.o) (__gnu_uldivmod_helper)
c:/program files (x86)/gnu tools arm embedded/4.8 2014q2/bin/../lib/gcc/arm-none-eabi/4.8.4/armv7e-m/fpu\libgcc.a(_dvmd_tls.o)
                              c:/program files (x86)/gnu tools arm embedded/4.8 2014q2/bin/../lib/gcc/arm-none-eabi/4.8.4/armv7e-m/fpu\libgcc.a(_aeabi_uldivmod.o) (__aeabi_ldiv0)
c:/program files (x86)/gnu tools arm embedded/4.8 2014q2/bin/../lib/gcc/arm-none-eabi/4.8.4/armv7e-m/fpu\libgcc.a(_divdi3.o)
                              c:/program files (x86)/gnu tools arm embedded/4.8 2014q2/bin/../lib/gcc/arm-none-eabi/4.8.4/armv7e-m/fpu\libgcc.a(bpabi.o) (__divdi3)
c:/program files (x86)/gnu tools arm embedded/4.8 2014q2/bin/../lib/gcc/arm-none-eabi/4.8.4/armv7e-m/fpu\libgcc.a(_udivdi3.o)
                              c:/program files (x86)/gnu tools arm embedded/4.8 2014q2/bin/../lib/gcc/arm-none-eabi/4.8.4/armv7e-m/fpu\libgcc.a(bpabi.o) (__udivdi3)
..\..\..\..\..\..\..\..\..\Program Files (x86)\GNU Tools ARM Embedded\4.6 2012q2\arm-none-eabi\lib\armv7e-m\fpu\libg.a(lib_a-exit.o)
                              c:/program files (x86)/gnu tools arm embedded/4.8 2014q2/bin/../lib/gcc/arm-none-eabi/4.8.4/../../../../arm-none-eabi/lib/armv7e-m/fpu/crt0.o (exit)
..\..\..\..\..\..\..\..\..\Program Files (x86)\GNU Tools ARM Embedded\4.6 2012q2\arm-none-eabi\lib\armv7e-m\fpu\libg.a(lib_a-impure.o)
                              ..\..\..\..\..\..\..\..\..\Program Files (x86)\GNU Tools ARM Embedded\4.6 2012q2\arm-none-eabi\lib\armv7e-m\fpu\libg.a(lib_a-exit.o) (_global_impure_ptr)
..\..\..\..\..\..\..\..\..\Program Files (x86)\GNU Tools ARM Embedded\4.6 2012q2\arm-none-eabi\lib\armv7e-m\fpu\libg.a(lib_a-init.o)
                              c:/program files (x86)/gnu tools arm embedded/4.8 2014q2/bin/../lib/gcc/arm-none-eabi/4.8.4/../../../../arm-none-eabi/lib/armv7e-m/fpu/crt0.o (__libc_init_array)
..\..\..\..\..\..\..\..\..\Program Files (x86)\GNU Tools ARM Embedded\4.6 2012q2\arm-none-eabi\lib\armv7e-m\fpu\libg.a(lib_a-memset.o)
                              c:/program files (x86)/gnu tools arm embedded/4.8 2014q2/bin/../lib/gcc/arm-none-eabi/4.8.4/../../../../arm-none-eabi/lib/armv7e-m/fpu/crt0.o (memset)
..\..\..\..\..\..\..\..\..\Program Files (x86)\GNU Tools ARM Embedded\4.6 2012q2\arm-none-eabi\lib\armv7e-m\fpu\libg.a(lib_a-__call_atexit.o)
                              ..\..\..\..\..\..\..\..\..\Program Files (x86)\GNU Tools ARM Embedded\4.6 2012q2\arm-none-eabi\lib\armv7e-m\fpu\libg.a(lib_a-exit.o) (__call_exitprocs)
..\..\..\..\..\..\..\..\..\Program Files (x86)\GNU Tools ARM Embedded\4.6 2012q2\arm-none-eabi\lib\armv7e-m\fpu\libg.a(lib_a-atexit.o)
                              ..\..\..\..\..\..\..\..\..\Program Files (x86)\GNU Tools ARM Embedded\4.6 2012q2\arm-none-eabi\lib\armv7e-m\fpu\libg.a(lib_a-__call_atexit.o) (atexit)
..\..\..\..\..\..\..\..\..\Program Files (x86)\GNU Tools ARM Embedded\4.6 2012q2\arm-none-eabi\lib\armv7e-m\fpu\libg.a(lib_a-fini.o)
                              ..\..\..\..\..\..\..\..\..\Program Files (x86)\GNU Tools ARM Embedded\4.6 2012q2\arm-none-eabi\lib\armv7e-m\fpu\libg.a(lib_a-__call_atexit.o) (__libc_fini_array)
..\..\..\..\..\..\..\..\..\Program Files (x86)\GNU Tools ARM Embedded\4.6 2012q2\arm-none-eabi\lib\armv7e-m\fpu\libg.a(lib_a-__atexit.o)
                              ..\..\..\..\..\..\..\..\..\Program Files (x86)\GNU Tools ARM Embedded\4.6 2012q2\arm-none-eabi\lib\armv7e-m\fpu\libg.a(lib_a-atexit.o) (__register_exitproc)

Allocating common symbols
Common symbol       size              file

OSSchedLockNestingCtr
                    0x1               ..\obj\os_var.o
OS_AppTaskReturnHookPtr
                    0x4               ..\obj\os_var.o
OSStatTaskTimeMax   0x4               ..\obj\os_var.o
OSStatTaskCtr       0x4               ..\obj\os_var.o
OSTaskRegNextAvailID
                    0x1               ..\obj\os_var.o
OSRunning           0x1               ..\obj\os_var.o
OSRdyList           0x300             ..\obj\os_var.o
OSPrioHighRdy       0x1               ..\obj\os_var.o
rotorTCB            0xc0              ..\obj\sorting.o
OSStatTaskRdy       0x1               ..\obj\os_var.o
OSSemDbgListPtr     0x4               ..\obj\os_var.o
OS_AppTaskCreateHookPtr
                    0x4               ..\obj\os_var.o
OSCfg_StatTaskStk   0x200             ..\obj\os_cfg_app.o
triTCB              0xc0              ..\obj\sorting.o
OSCfg_TickWheel     0x80              ..\obj\os_cfg_app.o
[...]
Memory Configuration

Name             Origin             Length             Attributes
rom              0x08000000         0x00100000         xr
ram              0x20000000         0x00020000         xrw
ram1             0x10000000         0x00010000         xrw
*default*        0x00000000         0xffffffff

Linker script and memory map

LOAD c:/program files (x86)/gnu tools arm embedded/4.8 2014q2/bin/../lib/gcc/arm-none-eabi/4.8.4/armv7e-m/fpu/crti.o
LOAD c:/program files (x86)/gnu tools arm embedded/4.8 2014q2/bin/../lib/gcc/arm-none-eabi/4.8.4/armv7e-m/fpu/crtbegin.o
LOAD c:/program files (x86)/gnu tools arm embedded/4.8 2014q2/bin/../lib/gcc/arm-none-eabi/4.8.4/../../../../arm-none-eabi/lib/armv7e-m/fpu/crt0.o
                0x20020000                _eram = 0x20020000

.text           0x08000000     0x50ec
 *(.isr_vector)
 .isr_vector    0x08000000      0x188 ..\obj\cstartup.o
                0x08000000                g_pfnVectors
 *(.text*)
 .text          0x08000188       0x54 c:/program files (x86)/gnu tools arm embedded/4.8 2014q2/bin/../lib/gcc/arm-none-eabi/4.8.4/armv7e-m/fpu/crtbegin.o
 .text          0x080001dc       0x34 ..\obj\cpu_a.o
                0x080001dc                CPU_IntDis
                0x080001e0                CPU_IntEn
                0x080001e4                CPU_SR_Save
                0x080001ec                CPU_SR_Restore
                0x080001f2                CPU_WaitForInt
                0x080001f6                CPU_WaitForExcept
                0x080001fa                CPU_CntLeadZeros
                0x08000200                CPU_CntTrailZeros
                0x0800020a                CPU_RevBits
 .text.OSTimeDly
                0x08000210       0xe4 ..\obj\os_time.o
                0x08000210                OSTimeDly
 .text.OSTimeTick
                0x080002f4       0x54 ..\obj\os_time.o
                0x080002f4                OSTimeTick
 .text          0x08000348       0x9c ..\obj\os_cpu_a.o
                0x08000348                OSStartHighRdy
                0x08000368                OSCtxSw
                0x08000370                OSIntCtxSw
                0x08000378                OS_CPU_PendSVHandler
 .text.BSP_IntDisAll
                0x080003e4        0xc ..\obj\bsp_int.o
                0x080003e4                BSP_IntDisAll
 .text.BSP_IntVectSet
                0x080003f0       0x34 ..\obj\bsp_int.o
                0x080003f0                BSP_IntVectSet
 .text.BSP_IntInit
                0x08000424       0x2c ..\obj\bsp_int.o
                0x08000424                BSP_IntInit
 .text.BSP_IntHandlerWWDG
                0x08000450        0xc ..\obj\bsp_int.o
                0x08000450                BSP_IntHandlerWWDG
 .text.BSP_IntHandlerPVD
                0x0800045c        0xc ..\obj\bsp_int.o
                0x0800045c                BSP_IntHandlerPVD
 .text.BSP_IntHandlerTAMP_STAMP
                0x08000468        0xc ..\obj\bsp_int.o
                0x08000468                BSP_IntHandlerTAMP_STAMP
 .text.BSP_IntHandlerRTC_WKUP
                0x08000474        0xc ..\obj\bsp_int.o
                0x08000474                BSP_IntHandlerRTC_WKUP
 .text.BSP_IntHandlerFLASH
                0x08000480        0xc ..\obj\bsp_int.o
                0x08000480                BSP_IntHandlerFLASH
 .text.BSP_IntHandlerRCC
                0x0800048c        0xc ..\obj\bsp_int.o
                0x0800048c                BSP_IntHandlerRCC
 .text.BSP_IntHandlerEXTI0
                0x08000498        0xc ..\obj\bsp_int.o
                0x08000498                BSP_IntHandlerEXTI0
 .text.BSP_IntHandlerEXTI1
                0x080004a4        0xc ..\obj\bsp_int.o
                0x080004a4                BSP_IntHandlerEXTI1
 .text.BSP_IntHandlerEXTI2
                0x080004b0        0xc ..\obj\bsp_int.o
                0x080004b0                BSP_IntHandlerEXTI2
 .text.BSP_IntHandlerEXTI3
                0x080004bc        0xc ..\obj\bsp_int.o
                0x080004bc                BSP_IntHandlerEXTI3
 .text.BSP_IntHandlerEXTI4
                0x080004c8        0xc ..\obj\bsp_int.o
                0x080004c8                BSP_IntHandlerEXTI4
 .text.BSP_IntHandlerDMA1_CH0
                0x080004d4        0xc ..\obj\bsp_int.o
                0x080004d4                BSP_IntHandlerDMA1_CH0
 .text.BSP_IntHandlerDMA1_CH1
                0x080004e0        0xc ..\obj\bsp_int.o
                0x080004e0                BSP_IntHandlerDMA1_CH1
 .text.BSP_IntHandlerDMA1_CH2
                0x080004ec        0xc ..\obj\bsp_int.o
                0x080004ec                BSP_IntHandlerDMA1_CH2
 .text.BSP_IntHandlerDMA1_CH3
                0x080004f8        0xc ..\obj\bsp_int.o
                0x080004f8                BSP_IntHandlerDMA1_CH3
 .text.BSP_IntHandlerDMA1_CH4
                0x08000504        0xc ..\obj\bsp_int.o
                0x08000504                BSP_IntHandlerDMA1_CH4
 .text.BSP_IntHandlerDMA1_CH5
                0x08000510        0xc ..\obj\bsp_int.o
                0x08000510                BSP_IntHandlerDMA1_CH5
 .text.BSP_IntHandlerDMA1_CH6
                0x0800051c        0xc ..\obj\bsp_int.o
                0x0800051c                BSP_IntHandlerDMA1_CH6
 .text.BSP_IntHandlerADC
                0x08000528        0xc ..\obj\bsp_int.o
                0x08000528                BSP_IntHandlerADC
 .text.BSP_IntHandlerCAN1_TX
                0x08000534        0xc ..\obj\bsp_int.o
                0x08000534                BSP_IntHandlerCAN1_TX
 .text.BSP_IntHandlerCAN1_RX0
                0x08000540        0xc ..\obj\bsp_int.o
                0x08000540                BSP_IntHandlerCAN1_RX0
 .text.BSP_IntHandlerCAN1_RX1
                0x0800054c        0xc ..\obj\bsp_int.o
                0x0800054c                BSP_IntHandlerCAN1_RX1
 .text.BSP_IntHandlerCAN1_SCE
                0x08000558        0xc ..\obj\bsp_int.o
                0x08000558                BSP_IntHandlerCAN1_SCE
 .text.BSP_IntHandlerEXTI9_5
                0x08000564        0xc ..\obj\bsp_int.o
                0x08000564                BSP_IntHandlerEXTI9_5
 .text.BSP_IntHandlerTIM1_BRK_TIM9
                0x08000570        0xc ..\obj\bsp_int.o
                0x08000570                BSP_IntHandlerTIM1_BRK_TIM9
 .text.BSP_IntHandlerTIM1_UP_TIM10
                0x0800057c        0xc ..\obj\bsp_int.o
                0x0800057c                BSP_IntHandlerTIM1_UP_TIM10
 .text.BSP_IntHandlerTIM1_TRG_COM_TIM11
                0x08000588        0xc ..\obj\bsp_int.o
                0x08000588                BSP_IntHandlerTIM1_TRG_COM_TIM11
 .text.BSP_IntHandlerTIM1_CC
                0x08000594        0xc ..\obj\bsp_int.o
                0x08000594                BSP_IntHandlerTIM1_CC
 .text.BSP_IntHandlerTIM2
                0x080005a0        0xc ..\obj\bsp_int.o
                0x080005a0                BSP_IntHandlerTIM2
 .text.BSP_IntHandlerTIM3
                0x080005ac        0xc ..\obj\bsp_int.o
                0x080005ac                BSP_IntHandlerTIM3
 .text.BSP_IntHandlerTIM4
                0x080005b8        0xc ..\obj\bsp_int.o
                0x080005b8                BSP_IntHandlerTIM4
 .text.BSP_IntHandlerI2C1_EV
                0x080005c4        0xc ..\obj\bsp_int.o
                0x080005c4                BSP_IntHandlerI2C1_EV
 .text.BSP_IntHandlerI2C1_ER
                0x080005d0        0xc ..\obj\bsp_int.o
                0x080005d0                BSP_IntHandlerI2C1_ER
 .text.BSP_IntHandlerI2C2_EV
                0x080005dc        0xc ..\obj\bsp_int.o
                0x080005dc                BSP_IntHandlerI2C2_EV
 .text.BSP_IntHandlerI2C2_ER
                0x080005e8        0xc ..\obj\bsp_int.o
                0x080005e8                BSP_IntHandlerI2C2_ER
 .text.BSP_IntHandlerSPI1
                0x080005f4        0xc ..\obj\bsp_int.o
                0x080005f4                BSP_IntHandlerSPI1
 .text.BSP_IntHandlerSPI2
                0x08000600        0xc ..\obj\bsp_int.o
                0x08000600                BSP_IntHandlerSPI2
 .text.BSP_IntHandlerUSART1
                0x0800060c        0xc ..\obj\bsp_int.o
                0x0800060c                BSP_IntHandlerUSART1
 .text.BSP_IntHandlerUSART2
                0x08000618        0xc ..\obj\bsp_int.o
                0x08000618                BSP_IntHandlerUSART2
 .text.BSP_IntHandlerUSART3
                0x08000624        0xc ..\obj\bsp_int.o
                0x08000624                BSP_IntHandlerUSART3
 .text.BSP_IntHandlerEXTI15_10
                0x08000630        0xc ..\obj\bsp_int.o
                0x08000630                BSP_IntHandlerEXTI15_10
 .text.BSP_IntHandlerRTCAlarm
                0x0800063c        0xc ..\obj\bsp_int.o
                0x0800063c                BSP_IntHandlerRTCAlarm
 .text.BSP_IntHandlerOTG_FS_WKUP
                0x08000648        0xc ..\obj\bsp_int.o
                0x08000648                BSP_IntHandlerOTG_FS_WKUP
 .text.BSP_IntHandlerTIM8_BRK_TIM12
                0x08000654        0xc ..\obj\bsp_int.o
                0x08000654                BSP_IntHandlerTIM8_BRK_TIM12
 .text.BSP_IntHandlerTIM8_UP_TIM13
                0x08000660        0xc ..\obj\bsp_int.o
                0x08000660                BSP_IntHandlerTIM8_UP_TIM13
 .text.BSP_IntHandlerTIM8_TRG_COM_TIM14
                0x0800066c        0xc ..\obj\bsp_int.o
                0x0800066c                BSP_IntHandlerTIM8_TRG_COM_TIM14
 .text.BSP_IntHandlerTIM8_CC
                0x08000678        0xc ..\obj\bsp_int.o
                0x08000678                BSP_IntHandlerTIM8_CC
 .text.BSP_IntHandlerDMA1_STREAM7
                0x08000684        0xc ..\obj\bsp_int.o
                0x08000684                BSP_IntHandlerDMA1_STREAM7
 .text.BSP_IntHandlerFSMC
                0x08000690        0xc ..\obj\bsp_int.o
                0x08000690                BSP_IntHandlerFSMC
 .text.BSP_IntHandlerSDIO
                0x0800069c        0xc ..\obj\bsp_int.o
                0x0800069c                BSP_IntHandlerSDIO
 .text.BSP_IntHandlerTIM5
                0x080006a8        0xc ..\obj\bsp_int.o
                0x080006a8                BSP_IntHandlerTIM5
 .text.BSP_IntHandlerSPI3
                0x080006b4        0xc ..\obj\bsp_int.o
                0x080006b4                BSP_IntHandlerSPI3
 .text.BSP_IntHandlerUSART4
                0x080006c0        0xc ..\obj\bsp_int.o
                0x080006c0                BSP_IntHandlerUSART4
 .text.BSP_IntHandlerUSART5
                0x080006cc        0xc ..\obj\bsp_int.o
                0x080006cc                BSP_IntHandlerUSART5
 .text.BSP_IntHandlerTIM6_DAC
                0x080006d8        0xc ..\obj\bsp_int.o
                0x080006d8                BSP_IntHandlerTIM6_DAC
 .text.BSP_IntHandlerTIM7
                0x080006e4        0xc ..\obj\bsp_int.o
                0x080006e4                BSP_IntHandlerTIM7
 .text.BSP_IntHandlerDMA2_CH0
                0x080006f0        0xc ..\obj\bsp_int.o
                0x080006f0                BSP_IntHandlerDMA2_CH0
 .text.BSP_IntHandlerDMA2_CH1
                0x080006fc        0xc ..\obj\bsp_int.o
                0x080006fc                BSP_IntHandlerDMA2_CH1
 .text.BSP_IntHandlerDMA2_CH2
                0x08000708        0xc ..\obj\bsp_int.o
                0x08000708                BSP_IntHandlerDMA2_CH2
 .text.BSP_IntHandlerDMA2_CH3
                0x08000714        0xc ..\obj\bsp_int.o
                0x08000714                BSP_IntHandlerDMA2_CH3
 .text.BSP_IntHandlerDMA2_CH4
                0x08000720        0xc ..\obj\bsp_int.o
                0x08000720                BSP_IntHandlerDMA2_CH4
 .text.BSP_IntHandlerETH
                0x0800072c        0xc ..\obj\bsp_int.o
                0x0800072c                BSP_IntHandlerETH
 .text.BSP_IntHandlerETHWakeup
                0x08000738        0xc ..\obj\bsp_int.o
                0x08000738                BSP_IntHandlerETHWakeup
 .text.BSP_IntHandlerCAN2_TX
                0x08000744        0xc ..\obj\bsp_int.o
                0x08000744                BSP_IntHandlerCAN2_TX
 .text.BSP_IntHandlerCAN2_RX0
                0x08000750        0xc ..\obj\bsp_int.o
                0x08000750                BSP_IntHandlerCAN2_RX0
 .text.BSP_IntHandlerCAN2_RX1
                0x0800075c        0xc ..\obj\bsp_int.o
                0x0800075c                BSP_IntHandlerCAN2_RX1
 .text.BSP_IntHandlerCAN2_SCE
                0x08000768        0xc ..\obj\bsp_int.o
                0x08000768                BSP_IntHandlerCAN2_SCE
 .text.BSP_IntHandlerOTG_FS
                0x08000774        0xc ..\obj\bsp_int.o
                0x08000774                BSP_IntHandlerOTG_FS
 .text.BSP_IntHandlerDMA2_CH5
                0x08000780        0xc ..\obj\bsp_int.o
                0x08000780                BSP_IntHandlerDMA2_CH5
 .text.BSP_IntHandlerDMA2_CH6
                0x0800078c        0xc ..\obj\bsp_int.o
                0x0800078c                BSP_IntHandlerDMA2_CH6
 .text.BSP_IntHandlerDMA2_CH7
                0x08000798        0xc ..\obj\bsp_int.o
                0x08000798                BSP_IntHandlerDMA2_CH7
 .text.BSP_IntHandlerUSART6
                0x080007a4        0xc ..\obj\bsp_int.o
                0x080007a4                BSP_IntHandlerUSART6
 .text.BSP_IntHandlerI2C3_EV
                0x080007b0        0xc ..\obj\bsp_int.o
                0x080007b0                BSP_IntHandlerI2C3_EV
 .text.BSP_IntHandlerI2C3_ER
                0x080007bc        0xc ..\obj\bsp_int.o
                0x080007bc                BSP_IntHandlerI2C3_ER
 .text.BSP_IntHandlerOTG_HS_EP1_OUT
                0x080007c8        0xc ..\obj\bsp_int.o
                0x080007c8                BSP_IntHandlerOTG_HS_EP1_OUT
 .text.BSP_IntHandlerOTG_HS_EP1_IN
                0x080007d4        0xc ..\obj\bsp_int.o
                0x080007d4                BSP_IntHandlerOTG_HS_EP1_IN
 .text.BSP_IntHandlerOTG_HS_WKUP
                0x080007e0        0xc ..\obj\bsp_int.o
                0x080007e0                BSP_IntHandlerOTG_HS_WKUP
 .text.BSP_IntHandlerOTG_HS
                0x080007ec        0xc ..\obj\bsp_int.o
                0x080007ec                BSP_IntHandlerOTG_HS
 .text.BSP_IntHandlerDCMI
                0x080007f8        0xc ..\obj\bsp_int.o
                0x080007f8                BSP_IntHandlerDCMI
 .text.BSP_IntHandlerCRYP
                0x08000804        0xc ..\obj\bsp_int.o
                0x08000804                BSP_IntHandlerCRYP
 .text.BSP_IntHandlerHASH_RNG
                0x08000810        0xc ..\obj\bsp_int.o
                0x08000810                BSP_IntHandlerHASH_RNG
 .text.BSP_IntHandlerFPU
                0x0800081c        0xc ..\obj\bsp_int.o
                0x0800081c                BSP_IntHandlerFPU
 .text.BSP_IntHandler
                0x08000828       0x44 ..\obj\bsp_int.o
 .text.BSP_IntHandlerDummy
                0x0800086c        0xc ..\obj\bsp_int.o
 .text.Mem_Init
                0x08000878       0x90 ..\obj\lib_mem.o
                0x08000878                Mem_Init
 .text.Mem_Clr  0x08000908       0x1c ..\obj\lib_mem.o
                0x08000908                Mem_Clr
 .text.Mem_Set  0x08000924       0xc4 ..\obj\lib_mem.o
                0x08000924                Mem_Set
 .text.OSIdleTaskHook
                0x080009e8       0x18 ..\obj\os_cpu_c.o
                0x080009e8                OSIdleTaskHook
 .text.OSInitHook
                0x08000a00       0x38 ..\obj\os_cpu_c.o
                0x08000a00                OSInitHook
 .text.OSStatTaskHook
                0x08000a38       0x18 ..\obj\os_cpu_c.o
                0x08000a38                OSStatTaskHook
 .text.OSTaskCreateHook
                0x08000a50       0x24 ..\obj\os_cpu_c.o
                0x08000a50                OSTaskCreateHook
 .text.OSTaskDelHook
                0x08000a74       0x24 ..\obj\os_cpu_c.o
                0x08000a74                OSTaskDelHook
 .text.OSTaskReturnHook
                0x08000a98       0x24 ..\obj\os_cpu_c.o
                0x08000a98                OSTaskReturnHook
 .text.OSTaskStkInit
                0x08000abc      0x10c ..\obj\os_cpu_c.o
                0x08000abc                OSTaskStkInit
 .text.OSTaskSwHook
                0x08000bc8       0x70 ..\obj\os_cpu_c.o
                0x08000bc8                OSTaskSwHook
 .text.OSTimeTickHook
                0x08000c38       0x18 ..\obj\os_cpu_c.o
                0x08000c38                OSTimeTickHook
 .text.OS_CPU_SysTickHandler
                0x08000c50       0x34 ..\obj\os_cpu_c.o
                0x08000c50                OS_CPU_SysTickHandler
 .text.OS_CPU_SysTickInit
                0x08000c84       0x54 ..\obj\os_cpu_c.o
                0x08000c84                OS_CPU_SysTickInit
 .text.CPU_Init
                0x08000cd8       0x10 ..\obj\cpu_core.o
                0x08000cd8                CPU_Init
 .text.CPU_NameClr
                0x08000ce8       0x28 ..\obj\cpu_core.o
                0x08000ce8                CPU_NameClr
 .text.CPU_TS_TmrFreqSet
                0x08000d10       0x1c ..\obj\cpu_core.o
                0x08000d10                CPU_TS_TmrFreqSet
 .text.CPU_NameInit
                0x08000d2c        0xc ..\obj\cpu_core.o
 .text.CPU_TS_Init
                0x08000d38       0x14 ..\obj\cpu_core.o
 .text.OS_FlagInit
                0x08000d4c       0x2c ..\obj\os_flag.o
                0x08000d4c                OS_FlagInit
 .text.OS_TickTask
                0x08000d78       0x34 ..\obj\os_tick.o
                0x08000d78                OS_TickTask
 .text.OS_TickTaskInit
                0x08000dac       0xb8 ..\obj\os_tick.o
                0x08000dac                OS_TickTaskInit
 .text.OS_TickListInit
                0x08000e64       0x4c ..\obj\os_tick.o
                0x08000e64                OS_TickListInit
 .text.OS_TickListInsert
                0x08000eb0      0x1f4 ..\obj\os_tick.o
                0x08000eb0                OS_TickListInsert
 .text.OS_TickListRemove
                0x080010a4       0x8c ..\obj\os_tick.o
                0x080010a4                OS_TickListRemove
 .text.OS_TickListResetPeak
                0x08001130       0x40 ..\obj\os_tick.o
                0x08001130                OS_TickListResetPeak
 .text.OS_TickListUpdate
                0x08001170      0x1f4 ..\obj\os_tick.o
                0x08001170                OS_TickListUpdate
 .text.tapisEntreeTask
                0x08001364       0x14 ..\obj\sorting.o
                0x08001364                tapisEntreeTask
 .text.tapisTransfertTask
                0x08001378       0x14 ..\obj\sorting.o
                0x08001378                tapisTransfertTask
 .text.triTask  0x0800138c       0x14 ..\obj\sorting.o
                0x0800138c                triTask
 .text.evacGaucheTask
                0x080013a0       0x14 ..\obj\sorting.o
                0x080013a0                evacGaucheTask
 .text.evacDroiteTask
                0x080013b4       0x14 ..\obj\sorting.o
                0x080013b4                evacDroiteTask
 .text.OS_MsgPoolInit
                0x080013c8       0xd0 ..\obj\os_msg.o
                0x080013c8                OS_MsgPoolInit
 .text.OS_MsgQFreeAll
                0x08001498       0x78 ..\obj\os_msg.o
                0x08001498                OS_MsgQFreeAll
 .text.OS_MsgQInit
                0x08001510       0x34 ..\obj\os_msg.o
                0x08001510                OS_MsgQInit
 .text.main     0x08001544      0x204 ..\obj\main.o
                0x08001544                main
 .text.AppTaskStart
                0x08001748       0x2c ..\obj\main.o
 .text.RCC_DeInit
                0x08001774       0x70 ..\obj\stm32f4xx_rcc.o
                0x08001774                RCC_DeInit
 .text.RCC_HSEConfig
                0x080017e4       0x24 ..\obj\stm32f4xx_rcc.o
                0x080017e4                RCC_HSEConfig
 .text.RCC_WaitForHSEStartUp
                0x08001808       0x50 ..\obj\stm32f4xx_rcc.o
                0x08001808                RCC_WaitForHSEStartUp
 .text.RCC_PLLConfig
                0x08001858       0x3c ..\obj\stm32f4xx_rcc.o
                0x08001858                RCC_PLLConfig
 .text.RCC_PLLCmd
                0x08001894       0x20 ..\obj\stm32f4xx_rcc.o
                0x08001894                RCC_PLLCmd
 .text.RCC_SYSCLKConfig
                0x080018b4       0x38 ..\obj\stm32f4xx_rcc.o
                0x080018b4                RCC_SYSCLKConfig
 .text.RCC_GetSYSCLKSource
                0x080018ec       0x20 ..\obj\stm32f4xx_rcc.o
                0x080018ec                RCC_GetSYSCLKSource
 .text.RCC_HCLKConfig
                0x0800190c       0x38 ..\obj\stm32f4xx_rcc.o
                0x0800190c                RCC_HCLKConfig
 .text.RCC_PCLK1Config
                0x08001944       0x38 ..\obj\stm32f4xx_rcc.o
                0x08001944                RCC_PCLK1Config
 .text.RCC_PCLK2Config
                0x0800197c       0x38 ..\obj\stm32f4xx_rcc.o
                0x0800197c                RCC_PCLK2Config
 .text.RCC_GetClocksFreq
                0x080019b4      0x154 ..\obj\stm32f4xx_rcc.o
                0x080019b4                RCC_GetClocksFreq
 .text.RCC_AHB1PeriphClockCmd
                0x08001b08       0x3c ..\obj\stm32f4xx_rcc.o
                0x08001b08                RCC_AHB1PeriphClockCmd
 .text.RCC_GetFlagStatus
                0x08001b44       0x74 ..\obj\stm32f4xx_rcc.o
                0x08001b44                RCC_GetFlagStatus
 .text.OS_Dbg_Init
                0x08001bb8      0x240 ..\obj\os_dbg.o
                0x08001bb8                OS_Dbg_Init
 .text.OS_SemInit
                0x08001df8       0x2c ..\obj\os_sem.o
                0x08001df8                OS_SemInit
 .text.OS_PrioInit
                0x08001e24       0x30 ..\obj\os_prio.o
                0x08001e24                OS_PrioInit
 .text.OS_PrioGetHighest
                0x08001e54       0x48 ..\obj\os_prio.o
                0x08001e54                OS_PrioGetHighest
 .text.OS_PrioInsert
                0x08001e9c       0x4c ..\obj\os_prio.o
                0x08001e9c                OS_PrioInsert
 .text.OS_PrioRemove
                0x08001ee8       0x50 ..\obj\os_prio.o
                0x08001ee8                OS_PrioRemove
 .text.OSInit   0x08001f38      0x1b0 ..\obj\os_core.o
                0x08001f38                OSInit
 .text.OSIntEnter
                0x080020e8       0x34 ..\obj\os_core.o
                0x080020e8                OSIntEnter
 .text.OSIntExit
                0x0800211c       0xd8 ..\obj\os_core.o
                0x0800211c                OSIntExit
 .text.OSSched  0x080021f4       0xa0 ..\obj\os_core.o
                0x080021f4                OSSched
 .text.OSSchedLock
                0x08002294       0x74 ..\obj\os_core.o
                0x08002294                OSSchedLock
 .text.OSSchedUnlock
                0x08002308       0x90 ..\obj\os_core.o
                0x08002308                OSSchedUnlock
 .text.OSStart  0x08002398       0x80 ..\obj\os_core.o
                0x08002398                OSStart
 .text.OS_IdleTask
                0x08002418       0x3c ..\obj\os_core.o
                0x08002418                OS_IdleTask
 .text.OS_IdleTaskInit
                0x08002454       0x68 ..\obj\os_core.o
                0x08002454                OS_IdleTaskInit
 .text.OS_Pend  0x080024bc       0x80 ..\obj\os_core.o
                0x080024bc                OS_Pend
 .text.OS_PendDataInit
                0x0800253c       0x68 ..\obj\os_core.o
                0x0800253c                OS_PendDataInit
 .text.OS_PendDbgNameAdd
                0x080025a4       0x7c ..\obj\os_core.o
                0x080025a4                OS_PendDbgNameAdd
 .text.OS_PendDbgNameRemove
                0x08002620       0x48 ..\obj\os_core.o
                0x08002620                OS_PendDbgNameRemove
 .text.OS_PendListInsertPrio
                0x08002668       0xe4 ..\obj\os_core.o
                0x08002668                OS_PendListInsertPrio
 .text.OS_PendListRemove
                0x0800274c       0x50 ..\obj\os_core.o
                0x0800274c                OS_PendListRemove
 .text.OS_PendListRemove1
                0x0800279c       0x94 ..\obj\os_core.o
                0x0800279c                OS_PendListRemove1
 .text.OS_Post  0x08002830      0x110 ..\obj\os_core.o
                0x08002830                OS_Post
 .text.OS_Post1
                0x08002940       0x5c ..\obj\os_core.o
                0x08002940                OS_Post1
 .text.OS_RdyListInit
                0x0800299c       0x48 ..\obj\os_core.o
                0x0800299c                OS_RdyListInit
 .text.OS_RdyListInsert
                0x080029e4       0x3c ..\obj\os_core.o
                0x080029e4                OS_RdyListInsert
 .text.OS_RdyListInsertHead
                0x08002a20       0x80 ..\obj\os_core.o
                0x08002a20                OS_RdyListInsertHead
 .text.OS_RdyListInsertTail
                0x08002aa0       0x80 ..\obj\os_core.o
                0x08002aa0                OS_RdyListInsertTail
 .text.OS_RdyListRemove
                0x08002b20       0xac ..\obj\os_core.o
                0x08002b20                OS_RdyListRemove
 .text.OS_TaskBlock
                0x08002bcc       0x4c ..\obj\os_core.o
                0x08002bcc                OS_TaskBlock
 .text.OS_TaskRdy
                0x08002c18       0x28 ..\obj\os_core.o
                0x08002c18                OS_TaskRdy
 .text.OSStatReset
                0x08002c40      0x11c ..\obj\os_stat.o
                0x08002c40                OSStatReset
 .text.OSStatTaskCPUUsageInit
                0x08002d5c       0xfc ..\obj\os_stat.o
                0x08002d5c                OSStatTaskCPUUsageInit
 .text.OS_StatTask
                0x08002e58      0x318 ..\obj\os_stat.o
                0x08002e58                OS_StatTask
 .text.OS_StatTaskInit
                0x08003170       0xd4 ..\obj\os_stat.o
                0x08003170                OS_StatTaskInit
 .text.OS_MemInit
                0x08003244       0x2c ..\obj\os_mem.o
                0x08003244                OS_MemInit
 .text.BSP_PeriphEn
                0x08003270      0x2f0 ..\obj\bsp_periph.o
                0x08003270                BSP_PeriphEn
 .text.GPIO_Init
                0x08003560      0x11c ..\obj\stm32f4xx_gpio.o
                0x08003560                GPIO_Init
 .text.FLASH_SetLatency
                0x0800367c       0x20 ..\obj\stm32f4xx_flash.o
                0x0800367c                FLASH_SetLatency
 .text.FLASH_PrefetchBufferCmd
                0x0800369c       0x38 ..\obj\stm32f4xx_flash.o
                0x0800369c                FLASH_PrefetchBufferCmd
 .text.Math_Init
                0x080036d4        0xc ..\obj\lib_math.o
                0x080036d4                Math_Init
 .text.Math_RandSetSeed
                0x080036e0       0x28 ..\obj\lib_math.o
                0x080036e0                Math_RandSetSeed
 .text.SystemInit
                0x08003708       0x68 ..\obj\system_stm32f4xx.o
                0x08003708                SystemInit
 .text.SetSysClock
                0x08003770      0x128 ..\obj\system_stm32f4xx.o
 .text.OSCfg_Init
                0x08003898        0xc ..\obj\os_cfg_app.o
                0x08003898                OSCfg_Init
 .text.OS_QInit
                0x080038a4       0x2c ..\obj\os_q.o
                0x080038a4                OS_QInit
 .text.OSTaskCreate
                0x080038d0      0x1f8 ..\obj\os_task.o
                0x080038d0                OSTaskCreate
 .text.OSTaskDel
                0x08003ac8      0x13c ..\obj\os_task.o
                0x08003ac8                OSTaskDel
 .text.OSTaskResume
                0x08003c04       0x64 ..\obj\os_task.o
                0x08003c04                OSTaskResume
 .text.OSTaskSemPend
                0x08003c68      0x1e0 ..\obj\os_task.o
                0x08003c68                OSTaskSemPend
 .text.OSTaskSemPost
                0x08003e48       0x48 ..\obj\os_task.o
                0x08003e48                OSTaskSemPost
 .text.OSTaskStkChk
                0x08003e90       0xf0 ..\obj\os_task.o
                0x08003e90                OSTaskStkChk
 .text.OSTaskSuspend
                0x08003f80       0x44 ..\obj\os_task.o
                0x08003f80                OSTaskSuspend
 .text.OS_TaskDbgListAdd
                0x08003fc4       0x4c ..\obj\os_task.o
                0x08003fc4                OS_TaskDbgListAdd
 .text.OS_TaskDbgListRemove
                0x08004010       0x84 ..\obj\os_task.o
                0x08004010                OS_TaskDbgListRemove
 .text.OS_TaskInit
                0x08004094       0x38 ..\obj\os_task.o
                0x08004094                OS_TaskInit
 .text.OS_TaskInitTCB
                0x080040cc      0x198 ..\obj\os_task.o
                0x080040cc                OS_TaskInitTCB
 .text.OS_TaskResume
                0x08004264      0x124 ..\obj\os_task.o
                0x08004264                OS_TaskResume
 .text.OS_TaskReturn
                0x08004388       0x24 ..\obj\os_task.o
                0x08004388                OS_TaskReturn
 .text.OS_TaskSemPost
                0x080043ac      0x128 ..\obj\os_task.o
                0x080043ac                OS_TaskSemPost
 .text.OS_TaskSuspend
                0x080044d4      0x118 ..\obj\os_task.o
                0x080044d4                OS_TaskSuspend
 .text.Reset_Handler
                0x080045ec       0x50 ..\obj\cstartup.o
                0x080045ec                Reset_Handler
 .text.App_NMI_ISR
                0x0800463c        0x4 ..\obj\cstartup.o
 .text.App_Fault_ISR
                0x08004640        0x4 ..\obj\cstartup.o
 .text.App_MemFault_ISR
                0x08004644        0x4 ..\obj\cstartup.o
 .text.App_BusFault_ISR
                0x08004648        0x4 ..\obj\cstartup.o
 .text.App_UsageFault_ISR
                0x0800464c        0x4 ..\obj\cstartup.o
 .text.App_Spurious_ISR
                0x08004650        0x4 ..\obj\cstartup.o
 .text.OS_MutexInit
                0x08004654       0x2c ..\obj\os_mutex.o
                0x08004654                OS_MutexInit
 .text.BSP_Init
                0x08004680       0x7c ..\obj\bsp.o
                0x08004680                BSP_Init
 .text.BSP_CPU_ClkFreq
                0x080046fc       0x18 ..\obj\bsp.o
                0x080046fc                BSP_CPU_ClkFreq
 .text.BSP_Tick_Init
                0x08004714       0x28 ..\obj\bsp.o
                0x08004714                BSP_Tick_Init
 .text.BSP_LED_Init
                0x0800473c       0x68 ..\obj\bsp.o
 .text.CPU_TS_TmrInit
                0x080047a4       0x44 ..\obj\bsp.o
                0x080047a4                CPU_TS_TmrInit
 .text.CPU_TS_TmrRd
                0x080047e8       0x20 ..\obj\bsp.o
                0x080047e8                CPU_TS_TmrRd
 .text.OS_TmrInit
                0x08004808      0x140 ..\obj\os_tmr.o
                0x08004808                OS_TmrInit
 .text.OS_TmrLink
                0x08004948      0x168 ..\obj\os_tmr.o
                0x08004948                OS_TmrLink
 .text.OS_TmrResetPeak
                0x08004ab0       0x40 ..\obj\os_tmr.o
                0x08004ab0                OS_TmrResetPeak
 .text.OS_TmrUnlink
                0x08004af0       0x9c ..\obj\os_tmr.o
                0x08004af0                OS_TmrUnlink
 .text.OS_TmrTask
                0x08004b8c      0x104 ..\obj\os_tmr.o
                0x08004b8c                OS_TmrTask
 .text.__libc_init_array
                0x08004c90       0x48 ..\..\..\..\..\..\..\..\..\Program Files (x86)\GNU Tools ARM Embedded\4.6 2012q2\arm-none-eabi\lib\armv7e-m\fpu\libg.a(lib_a-init.o)
                0x08004c90                __libc_init_array
 .text.startup.register_fini
                0x08004cd8       0x14 ..\..\..\..\..\..\..\..\..\Program Files (x86)\GNU Tools ARM Embedded\4.6 2012q2\arm-none-eabi\lib\armv7e-m\fpu\libg.a(lib_a-__call_atexit.o)
 .text.atexit   0x08004cec        0xc ..\..\..\..\..\..\..\..\..\Program Files (x86)\GNU Tools ARM Embedded\4.6 2012q2\arm-none-eabi\lib\armv7e-m\fpu\libg.a(lib_a-atexit.o)
                0x08004cec                atexit
 .text.__libc_fini_array
                0x08004cf8       0x2c ..\..\..\..\..\..\..\..\..\Program Files (x86)\GNU Tools ARM Embedded\4.6 2012q2\arm-none-eabi\lib\armv7e-m\fpu\libg.a(lib_a-fini.o)
                0x08004cf8                __libc_fini_array
 .text.__register_exitproc
                0x08004d24       0xac ..\..\..\..\..\..\..\..\..\Program Files (x86)\GNU Tools ARM Embedded\4.6 2012q2\arm-none-eabi\lib\armv7e-m\fpu\libg.a(lib_a-__atexit.o)
                0x08004d24                __register_exitproc
 *(.init)
 .init          0x08004dd0        0x4 c:/program files (x86)/gnu tools arm embedded/4.8 2014q2/bin/../lib/gcc/arm-none-eabi/4.8.4/armv7e-m/fpu/crti.o
                0x08004dd0                _init
 .init          0x08004dd4        0x8 c:/program files (x86)/gnu tools arm embedded/4.8 2014q2/bin/../lib/gcc/arm-none-eabi/4.8.4/armv7e-m/fpu/crtn.o
 *(.fini)
 .fini          0x08004ddc        0x4 c:/program files (x86)/gnu tools arm embedded/4.8 2014q2/bin/../lib/gcc/arm-none-eabi/4.8.4/armv7e-m/fpu/crti.o
                0x08004ddc                _fini
 .fini          0x08004de0        0x8 c:/program files (x86)/gnu tools arm embedded/4.8 2014q2/bin/../lib/gcc/arm-none-eabi/4.8.4/armv7e-m/fpu/crtn.o
 *crtbegin.o(.ctors)
 *crtbegin?.o(.ctors)
 *(EXCLUDE_FILE(*crtend.o *crtend?.o) .ctors)
 *(SORT(.ctors.*))
 *(.ctors)
 *crtbegin.o(.dtors)
 *crtbegin?.o(.dtors)
 *(EXCLUDE_FILE(*crtend.o *crtend?.o) .dtors)
 *(SORT(.dtors.*))
 *(.dtors)
 *(.rodata*)
 .rodata        0x08004de8       0x14 ..\obj\os_tick.o
 .rodata        0x08004dfc       0x6c ..\obj\main.o
 .rodata        0x08004e68      0x16c ..\obj\os_dbg.o
                0x08004e68                OSDbg_DbgEn
                0x08004e69                OSDbg_ArgChkEn
                0x08004e6a                OSDbg_AppHooksEn
                0x08004e6c                OSDbg_EndiannessTest
                0x08004e70                OSDbg_CalledFromISRChkEn
                0x08004e71                OSDbg_FlagEn
                0x08004e74                OSDbg_FlagGrp
                0x08004e9c                OSDbg_FlagDelEn
                0x08004e9d                OSDbg_FlagModeClrEn
                0x08004e9e                OSDbg_FlagPendAbortEn
                0x08004ea0                OSDbg_FlagGrpSize
                0x08004ea2                OSDbg_FlagWidth
                0x08004ea4                OSDbg_IntQ
                0x08004ea6                OSDbg_ISRPostDeferredEn
                0x08004ea8                OSDbg_Mem
                0x08004ec8                OSDbg_MemEn
                0x08004eca                OSDbg_MemSize
                0x08004ecc                OSDbg_MsgEn
                0x08004ece                OSDbg_MsgSize
                0x08004ed0                OSDbg_MsgPoolSize
                0x08004ed2                OSDbg_MsgQSize
                0x08004ed4                OSDbg_Mutex
                0x08004f00                OSDbg_MutexEn
                0x08004f01                OSDbg_MutexDelEn
                0x08004f02                OSDbg_MutexPendAbortEn
                0x08004f04                OSDbg_MutexSize
                0x08004f06                OSDbg_ObjTypeChkEn
                0x08004f07                OSDbg_PendMultiEn
                0x08004f08                OSDbg_PendDataSize
                0x08004f0a                OSDbg_PendListSize
                0x08004f0c                OSDbg_PendObjSize
                0x08004f0e                OSDbg_PrioMax
                0x08004f10                OSDbg_PrioTblSize
                0x08004f12                OSDbg_PtrSize
                0x08004f14                OSDbg_Q
                0x08004f44                OSDbg_QEn
                0x08004f45                OSDbg_QDelEn
                0x08004f46                OSDbg_QFlushEn
                0x08004f47                OSDbg_QPendAbortEn
                0x08004f48                OSDbg_QSize
                0x08004f4a                OSDbg_SchedRoundRobinEn
                0x08004f4c                OSDbg_Sem
                0x08004f74                OSDbg_SemEn
                0x08004f75                OSDbg_SemDelEn
                0x08004f76                OSDbg_SemPendAbortEn
                0x08004f77                OSDbg_SemSetEn
                0x08004f78                OSDbg_SemSize
                0x08004f7a                OSDbg_RdyList
                0x08004f7c                OSDbg_RdyListSize
                0x08004f80                OSDbg_StkWidth
                0x08004f81                OSDbg_StatTaskEn
                0x08004f82                OSDbg_StatTaskStkChkEn
                0x08004f83                OSDbg_TaskChangePrioEn
                0x08004f84                OSDbg_TaskDelEn
                0x08004f85                OSDbg_TaskQEn
                0x08004f86                OSDbg_TaskQPendAbortEn
                0x08004f87                OSDbg_TaskProfileEn
                0x08004f88                OSDbg_TaskRegTblSize
                0x08004f8a                OSDbg_TaskSemPendAbortEn
                0x08004f8b                OSDbg_TaskSuspendEn
                0x08004f8c                OSDbg_TCBSize
                0x08004f8e                OSDbg_TickSpokeSize
                0x08004f90                OSDbg_TimeDlyHMSMEn
                0x08004f91                OSDbg_TimeDlyResumeEn
                0x08004f92                OSDbg_TLS_TblSize
                0x08004f94                OSDbg_Tmr
                0x08004fc8                OSDbg_TmrEn
                0x08004fc9                OSDbg_TmrDelEn
                0x08004fca                OSDbg_TmrSize
                0x08004fcc                OSDbg_TmrSpokeSize
                0x08004fce                OSDbg_VersionNbr
                0x08004fd0                OSDbg_DataSize
 .rodata        0x08004fd4       0x2c ..\obj\os_core.o
 .rodata        0x08005000       0x14 ..\obj\os_stat.o
 .rodata        0x08005014       0xa4 ..\obj\os_cfg_app.o
                0x08005014                OSCfg_IdleTaskStkBasePtr
                0x08005018                OSCfg_IdleTaskStkLimit
                0x0800501c                OSCfg_IdleTaskStkSize
                0x08005020                OSCfg_IdleTaskStkSizeRAM
                0x08005024                OSCfg_IntQBasePtr
                0x08005028                OSCfg_IntQSize
                0x0800502c                OSCfg_IntQSizeRAM
                0x08005030                OSCfg_IntQTaskStkBasePtr
                0x08005034                OSCfg_IntQTaskStkLimit
                0x08005038                OSCfg_IntQTaskStkSize
                0x0800503c                OSCfg_IntQTaskStkSizeRAM
                0x08005040                OSCfg_ISRStkBasePtr
                0x08005044                OSCfg_ISRStkSize
                0x08005048                OSCfg_ISRStkSizeRAM
                0x0800504c                OSCfg_MsgPoolSize
                0x08005050                OSCfg_MsgPoolSizeRAM
                0x08005054                OSCfg_MsgPoolBasePtr
                0x08005058                OSCfg_StatTaskPrio
                0x0800505c                OSCfg_StatTaskRate_Hz
                0x08005060                OSCfg_StatTaskStkBasePtr
                0x08005064                OSCfg_StatTaskStkLimit
                0x08005068                OSCfg_StatTaskStkSize
                0x0800506c                OSCfg_StatTaskStkSizeRAM
                0x08005070                OSCfg_StkSizeMin
                0x08005074                OSCfg_TickRate_Hz
                0x08005078                OSCfg_TickTaskPrio
                0x0800507c                OSCfg_TickTaskStkBasePtr
                0x08005080                OSCfg_TickTaskStkLimit
                0x08005084                OSCfg_TickTaskStkSize
                0x08005088                OSCfg_TickTaskStkSizeRAM
                0x0800508c                OSCfg_TickWheelSize
                0x08005090                OSCfg_TickWheelSizeRAM
                0x08005094                OSCfg_TmrTaskPrio
                0x08005098                OSCfg_TmrTaskRate_Hz
                0x0800509c                OSCfg_TmrTaskStkBasePtr
                0x080050a0                OSCfg_TmrTaskStkLimit
                0x080050a4                OSCfg_TmrTaskStkSize
                0x080050a8                OSCfg_TmrTaskStkSizeRAM
                0x080050ac                OSCfg_TmrWheelSize
                0x080050b0                OSCfg_TmrWheelSizeRAM
                0x080050b4                OSCfg_DataSizeRAM
 .rodata        0x080050b8        0xc ..\obj\os_task.o
 .rodata        0x080050c4       0x20 ..\obj\os_tmr.o
 .rodata.str1.4
                0x080050e4        0x4 ..\..\..\..\..\..\..\..\..\Program Files (x86)\GNU Tools ARM Embedded\4.6 2012q2\arm-none-eabi\lib\armv7e-m\fpu\libg.a(lib_a-impure.o)
 .rodata._global_impure_ptr
                0x080050e8        0x4 ..\..\..\..\..\..\..\..\..\Program Files (x86)\GNU Tools ARM Embedded\4.6 2012q2\arm-none-eabi\lib\armv7e-m\fpu\libg.a(lib_a-impure.o)
                0x080050e8                _global_impure_ptr
 *(.eh_fram e*)

.eh_frame       0x080050ec        0x0
 .eh_frame      0x080050ec        0x0 c:/program files (x86)/gnu tools arm embedded/4.8 2014q2/bin/../lib/gcc/arm-none-eabi/4.8.4/armv7e-m/fpu/crtbegin.o

.glue_7         0x080050ec        0x0
 .glue_7        0x00000000        0x0 linker stubs

.glue_7t        0x080050ec        0x0
 .glue_7t       0x00000000        0x0 linker stubs

.vfp11_veneer   0x080050ec        0x0
 .vfp11_veneer  0x00000000        0x0 linker stubs

.v4_bx          0x080050ec        0x0
 .v4_bx         0x00000000        0x0 linker stubs

.iplt           0x080050ec        0x0
 .iplt          0x00000000        0x0 c:/program files (x86)/gnu tools arm embedded/4.8 2014q2/bin/../lib/gcc/arm-none-eabi/4.8.4/armv7e-m/fpu/crtbegin.o

.rel.dyn        0x080050ec        0x0
 .rel.iplt      0x00000000        0x0 c:/program files (x86)/gnu tools arm embedded/4.8 2014q2/bin/../lib/gcc/arm-none-eabi/4.8.4/armv7e-m/fpu/crtbegin.o

.ARM.extab
 *(.ARM.extab* .gnu.linkonce.armextab.*)
                0x080050ec                __exidx_start = .

.ARM.exidx
 *(.ARM.exidx* .gnu.linkonce.armexidx.*)
                0x080050ec                __exidx_end = .
                0x080050ec                __etext = .
                0x080050ec                _sidata = __etext

.data           0x20000000      0x448 load address 0x080050ec
                0x20000000                __data_start__ = .
                0x20000000                _sdata = __data_start__
 *(vtable)
 *(.data*)
 .data          0x20000000       0x10 ..\obj\stm32f4xx_rcc.o
 .data.impure_data
                0x20000010      0x428 ..\..\..\..\..\..\..\..\..\Program Files (x86)\GNU Tools ARM Embedded\4.6 2012q2\arm-none-eabi\lib\armv7e-m\fpu\libg.a(lib_a-impure.o)
                0x20000438                . = ALIGN (0x4)
                0x20000438                PROVIDE (__preinit_array_start, .)
 *(.preinit_array)
                0x20000438                PROVIDE (__preinit_array_end, .)
                0x20000438                . = ALIGN (0x4)
                0x20000438                PROVIDE (__init_array_start, .)
 *(SORT(.init_array.*))
 .init_array.00000
                0x20000438        0x4 ..\..\..\..\..\..\..\..\..\Program Files (x86)\GNU Tools ARM Embedded\4.6 2012q2\arm-none-eabi\lib\armv7e-m\fpu\libg.a(lib_a-__call_atexit.o)
 *(.init_array)
 .init_array    0x2000043c        0x4 c:/program files (x86)/gnu tools arm embedded/4.8 2014q2/bin/../lib/gcc/arm-none-eabi/4.8.4/armv7e-m/fpu/crtbegin.o
                0x20000440                PROVIDE (__init_array_end, .)
                0x20000440                . = ALIGN (0x4)
                0x20000440                PROVIDE (__fini_array_start, .)
 *(SORT(.fini_array.*))
 *(.fini_array)
 .fini_array    0x20000440        0x4 c:/program files (x86)/gnu tools arm embedded/4.8 2014q2/bin/../lib/gcc/arm-none-eabi/4.8.4/armv7e-m/fpu/crtbegin.o
                0x20000444                PROVIDE (__fini_array_end, .)
 *(.jcr*)
 .jcr           0x20000444        0x0 c:/program files (x86)/gnu tools arm embedded/4.8 2014q2/bin/../lib/gcc/arm-none-eabi/4.8.4/armv7e-m/fpu/crtbegin.o
 .jcr           0x20000444        0x4 c:/program files (x86)/gnu tools arm embedded/4.8 2014q2/bin/../lib/gcc/arm-none-eabi/4.8.4/armv7e-m/fpu/crtend.o
                0x20000448                . = ALIGN (0x4)
                0x20000448                __data_end__ = .
                0x20000448                _edata = __data_end__

.igot.plt       0x20000448        0x0 load address 0x08005534
 .igot.plt      0x00000000        0x0 c:/program files (x86)/gnu tools arm embedded/4.8 2014q2/bin/../lib/gcc/arm-none-eabi/4.8.4/armv7e-m/fpu/crtbegin.o

.bss            0x20000448     0x8e0c load address 0x08005534
                0x20000448                . = ALIGN (0x4)
                0x20000448                __bss_start__ = .
                0x20000448                _sbss = __bss_start__
 *(.bss*)
 .bss           0x20000448       0x1c c:/program files (x86)/gnu tools arm embedded/4.8 2014q2/bin/../lib/gcc/arm-none-eabi/4.8.4/armv7e-m/fpu/crtbegin.o
 .bss           0x20000464      0x148 ..\obj\bsp_int.o
 .bss           0x200005ac      0x5c0 ..\obj\main.o
 *(COMMON)
 COMMON         0x20000b6c     0x5c4c ..\obj\lib_mem.o
                0x20000b6c                Mem_PoolHeap
                0x20000bb4                Mem_Heap
                0x200067b4                Mem_PoolTbl
 COMMON         0x200067b8        0x4 ..\obj\os_cpu_c.o
                0x200067b8                OS_CPU_ExceptStkBase
 COMMON         0x200067bc       0x14 ..\obj\cpu_core.o
                0x200067bc                CPU_TS_TmrFreq_Hz
                0x200067c0                CPU_Name
 COMMON         0x200067d0     0x1080 ..\obj\sorting.o
                0x200067d0                rotorTCB
                0x20006890                triTCB
                0x20006950                tapisEntreeSTK
                0x20006b50                evacGaucheTCB
                0x20006c10                tapisTransfertTCB
                0x20006cd0                evacDroiteTCB
                0x20006d90                triSTK
                0x20006f90                rotorSTK
                0x20007190                evacDroiteSTK
                0x20007390                tapisEntreeTCB
                0x20007450                evacGaucheSTK
                0x20007650                tapisTransfertSTK
 COMMON         0x20007850      0x6b0 ..\obj\os_var.o
                0x20007850                OSSchedLockNestingCtr
                0x20007854                OS_AppTaskReturnHookPtr
                0x20007858                OSStatTaskTimeMax
                0x2000785c                OSStatTaskCtr
                0x20007860                OSTaskRegNextAvailID
                0x20007861                OSRunning
                0x20007864                OSRdyList
                0x20007b64                OSPrioHighRdy
                0x20007b65                OSStatTaskRdy
                0x20007b68                OSSemDbgListPtr
                0x20007b6c                OS_AppTaskCreateHookPtr
                0x20007b70                OSPrioCur
                0x20007b74                OSTickTaskTCB
                0x20007c34                OSTmrTickCtr
                0x20007c38                OSTCBCurPtr
                0x20007c3c                OSQQty
                0x20007c3e                OSStatTaskCPUUsageMax
                0x20007c40                OSPrioSaved
                0x20007c44                OSTCBHighRdyPtr
                0x20007c48                OSTaskDbgListPtr
                0x20007c4c                OSTmrTaskTimeMax
                0x20007c50                OS_AppTaskDelHookPtr
                0x20007c54                OS_AppTimeTickHookPtr
                0x20007c58                OSTaskCtxSwCtr
                0x20007c5c                OSStatTaskCPUUsage
                0x20007c5e                OSIntNestingCtr
                0x20007c60                OSTaskQty
                0x20007c64                OSTmrTaskTCB
                0x20007d24                OSMsgPool
                0x20007d30                OSIdleTaskTCB
                0x20007df0                OSQDbgListPtr
                0x20007df4                OSSemQty
                0x20007df8                OSMemDbgListPtr
                0x20007dfc                OS_AppIdleTaskHookPtr
                0x20007e00                OSStatTaskCtrMax
                0x20007e04                OSTickCtr
                0x20007e08                OS_AppTaskSwHookPtr
                0x20007e0c                OSTmrQty
                0x20007e10                OSIdleTaskCtr
                0x20007e14                OSStatTaskCtrRun
                0x20007e18                OS_AppStatTaskHookPtr
                0x20007e1c                OSFlagQty
                0x20007e20                OSFlagDbgListPtr
                0x20007e24                OSStatResetFlag
                0x20007e26                OSMemQty
                0x20007e28                OSMutexQty
                0x20007e2c                OSStatTaskTCB
                0x20007eec                OSTmrDbgListPtr
                0x20007ef0                OSTickTaskTimeMax
                0x20007ef4                OSTmrUpdateCnt
                0x20007ef8                OSMutexDbgListPtr
                0x20007efc                OSTmrUpdateCtr
 COMMON         0x20007f00        0x8 ..\obj\os_prio.o
                0x20007f00                OSPrioTbl
 COMMON         0x20007f08        0x4 ..\obj\lib_math.o
                0x20007f08                Math_RandSeedCur
 COMMON         0x20007f0c     0x1348 ..\obj\os_cfg_app.o
                0x20007f0c                OSCfg_StatTaskStk
                0x2000810c                OSCfg_TickWheel
                0x2000818c                OSCfg_MsgPool
                0x200087cc                OSCfg_TmrTaskStk
                0x200089cc                OSCfg_TmrWheel
                0x20008a54                OSCfg_ISRStk
                0x20008e54                OSCfg_TickTaskStk
                0x20009054                OSCfg_IdleTaskStk
                0x20009254                . = ALIGN (0x4)
                0x20009254                __bss_end__ = .
                0x20009254                _ebss = __bss_end__

.heap           0x20009254        0x0
                0x20009254                __end__ = .
                0x20009254                _end = __end__
                0x20009254                end = __end__
 *(.heap*)
                0x20009254                __HeapLimit = .

.co_stack       0x20009254        0x4 load address 0x0800e340
                0x20009258                . = ALIGN (0x8)
 *fill*         0x20009254        0x4 
 *(.co_stack .co_stack.*)
                0x20020000                __StackTop = (ORIGIN (ram) + 0x20000)
                0x2001fffc                __StackLimit = (__StackTop - SIZEOF (.co_stack))
                0x20020000                PROVIDE (__stack, __StackTop)
                0x00000001                ASSERT ((__StackLimit >= __HeapLimit), region ram  overflowed with stack)
LOAD ..\obj\os_pend_multi.o
LOAD ..\obj\stm32f4xx_syscfg.o
LOAD ..\obj\cpu_a.o
LOAD ..\obj\os_time.o
LOAD ..\obj\os_cpu_a.o
LOAD ..\obj\stm32f4xx_sdio.o
LOAD ..\obj\bsp_int.o
LOAD ..\obj\stm32f4xx_cryp_aes.o
LOAD ..\obj\cpu_c.o
LOAD ..\obj\stm32f4xx_hash.o
LOAD ..\obj\stm32f4xx_dma2d.o
LOAD ..\obj\lib_mem.o
LOAD ..\obj\stm32f4xx_hash_sha1.o
LOAD ..\obj\os_cpu_c.o
LOAD ..\obj\cpu_core.o
LOAD ..\obj\stm32f4xx_usart.o
LOAD ..\obj\stm32f4xx_pwr.o
LOAD ..\obj\os_flag.o
LOAD ..\obj\stm32f4xx_can.o
LOAD ..\obj\os_tick.o
LOAD ..\obj\stm32f4xx_wwdg.o
LOAD ..\obj\stm32f4xx_hash_md5.o
LOAD ..\obj\stm32f4xx_dac.o
LOAD ..\obj\sorting.o
LOAD ..\obj\stm32f4xx_ltdc.o
LOAD ..\obj\os_var.o
LOAD ..\obj\os_msg.o
LOAD ..\obj\lib_str.o
LOAD ..\obj\stm32f4xx_crc.o
LOAD ..\obj\stm32f4xx_iwdg.o
LOAD ..\obj\main.o
LOAD ..\obj\stm32f4xx_rcc.o
LOAD ..\obj\serial_drv_stm32.o
LOAD ..\obj\lib_ascii.o
LOAD ..\obj\stm32f4xx_adc.o
LOAD ..\obj\os_dbg.o
LOAD ..\obj\stm32f4xx_dcmi.o
LOAD ..\obj\serial_line_tty.o
LOAD ..\obj\os_sem.o
LOAD ..\obj\serial_buf.o
LOAD ..\obj\os_prio.o
LOAD ..\obj\bsp_os.o
LOAD ..\obj\os_core.o
LOAD ..\obj\stm32f4xx_cryp_des.o
LOAD ..\obj\os_stat.o
LOAD ..\obj\stm32f4xx_cryp.o
LOAD ..\obj\stm32f4xx_fsmc.o
LOAD ..\obj\serial_os.o
LOAD ..\obj\os_mem.o
LOAD ..\obj\bsp_periph.o
LOAD ..\obj\stm32f4xx_gpio.o
LOAD ..\obj\stm32f4xx_flash.o
LOAD ..\obj\lib_math.o
LOAD ..\obj\stm32f4xx_sai.o
LOAD ..\obj\system_stm32f4xx.o
LOAD ..\obj\syscalls.o
LOAD ..\obj\stm32f4xx_dma.o
LOAD ..\obj\serial_line_probe.o
LOAD ..\obj\os_cfg_app.o
LOAD ..\obj\os_q.o
LOAD ..\obj\os_task.o
LOAD ..\obj\os_app_hooks.o
LOAD ..\obj\cstartup.o
LOAD ..\obj\os_mutex.o
LOAD ..\obj\stm32f4xx_spi.o
LOAD ..\obj\bsp.o
LOAD ..\obj\stm32f4xx_i2c.o
LOAD ..\obj\serial_bsp_stm3240x.o
LOAD ..\obj\stm32f4xx_rng.o
LOAD ..\obj\stm32f4xx_exti.o
LOAD ..\obj\os_tmr.o
LOAD ..\obj\misc.o
LOAD ..\obj\serial.o
LOAD ..\obj\os_int.o
LOAD ..\obj\serial_line_dflt.o
LOAD ..\obj\stm32f4xx_rtc.o
LOAD ..\obj\lib_mem_a.o
LOAD ..\obj\stm32f4xx_cryp_tdes.o
LOAD ..\obj\stm32f4xx_tim.o
LOAD ..\obj\stm32f4xx_dbgmcu.o
LOAD ..\..\..\..\..\..\..\..\..\Program Files (x86)\GNU Tools ARM Embedded\4.6 2012q2\arm-none-eabi\lib\armv7e-m\fpu\libm.a
START GROUP
LOAD c:/program files (x86)/gnu tools arm embedded/4.8 2014q2/bin/../lib/gcc/arm-none-eabi/4.8.4/armv7e-m/fpu\libgcc.a
LOAD ..\..\..\..\..\..\..\..\..\Program Files (x86)\GNU Tools ARM Embedded\4.6 2012q2\arm-none-eabi\lib\armv7e-m\fpu\libg.a
LOAD ..\..\..\..\..\..\..\..\..\Program Files (x86)\GNU Tools ARM Embedded\4.6 2012q2\arm-none-eabi\lib\armv7e-m\fpu\libc.a
END GROUP
LOAD c:/program files (x86)/gnu tools arm embedded/4.8 2014q2/bin/../lib/gcc/arm-none-eabi/4.8.4/armv7e-m/fpu/crtend.o
LOAD c:/program files (x86)/gnu tools arm embedded/4.8 2014q2/bin/../lib/gcc/arm-none-eabi/4.8.4/armv7e-m/fpu/crtn.o
OUTPUT(Project.elf elf32-littlearm)

.ARM.attributes
                0x00000000       0x32
 .ARM.attributes
                0x00000000       0x22 c:/program files (x86)/gnu tools arm embedded/4.8 2014q2/bin/../lib/gcc/arm-none-eabi/4.8.4/armv7e-m/fpu/crti.o
 .ARM.attributes
                0x00000022       0x34 c:/program files (x86)/gnu tools arm embedded/4.8 2014q2/bin/../lib/gcc/arm-none-eabi/4.8.4/armv7e-m/fpu/crtbegin.o
 .ARM.attributes
                0x00000056       0x25 ..\obj\cpu_a.o
 .ARM.attributes
                0x0000007b       0x39 ..\obj\os_time.o
 .ARM.attributes
                0x000000b4       0x25 ..\obj\os_cpu_a.o
 .ARM.attributes
                0x000000d9       0x39 ..\obj\bsp_int.o
 .ARM.attributes
                0x00000112       0x39 ..\obj\lib_mem.o
 .ARM.attributes
                0x0000014b       0x39 ..\obj\os_cpu_c.o
 .ARM.attributes
                0x00000184       0x39 ..\obj\cpu_core.o
 .ARM.attributes
                0x000001bd       0x39 ..\obj\os_flag.o
 .ARM.attributes
                0x000001f6       0x39 ..\obj\os_tick.o
 .ARM.attributes
                0x0000022f       0x39 ..\obj\sorting.o
 .ARM.attributes
                0x00000268       0x39 ..\obj\os_var.o
 .ARM.attributes
                0x000002a1       0x39 ..\obj\os_msg.o
 .ARM.attributes
                0x000002da       0x39 ..\obj\main.o
 .ARM.attributes
                0x00000313       0x39 ..\obj\stm32f4xx_rcc.o
 .ARM.attributes
                0x0000034c       0x39 ..\obj\os_dbg.o
 .ARM.attributes
                0x00000385       0x39 ..\obj\os_sem.o
 .ARM.attributes
                0x000003be       0x39 ..\obj\os_prio.o
 .ARM.attributes
                0x000003f7       0x39 ..\obj\os_core.o
 .ARM.attributes
                0x00000430       0x39 ..\obj\os_stat.o
 .ARM.attributes
                0x00000469       0x39 ..\obj\os_mem.o
 .ARM.attributes
                0x000004a2       0x39 ..\obj\bsp_periph.o
 .ARM.attributes
                0x000004db       0x39 ..\obj\stm32f4xx_gpio.o
 .ARM.attributes
                0x00000514       0x39 ..\obj\stm32f4xx_flash.o
 .ARM.attributes
                0x0000054d       0x39 ..\obj\lib_math.o
 .ARM.attributes
                0x00000586       0x39 ..\obj\system_stm32f4xx.o
 .ARM.attributes
                0x000005bf       0x39 ..\obj\os_cfg_app.o
 .ARM.attributes
                0x000005f8       0x39 ..\obj\os_q.o
 .ARM.attributes
                0x00000631       0x39 ..\obj\os_task.o
 .ARM.attributes
                0x0000066a       0x21 ..\obj\cstartup.o
 .ARM.attributes
                0x0000068b       0x39 ..\obj\os_mutex.o
 .ARM.attributes
                0x000006c4       0x39 ..\obj\bsp.o
 .ARM.attributes
                0x000006fd       0x39 ..\obj\os_tmr.o
 .ARM.attributes
                0x00000736       0x36 ..\..\..\..\..\..\..\..\..\Program Files (x86)\GNU Tools ARM Embedded\4.6 2012q2\arm-none-eabi\lib\armv7e-m\fpu\libg.a(lib_a-impure.o)
 .ARM.attributes
                0x0000076c       0x36 ..\..\..\..\..\..\..\..\..\Program Files (x86)\GNU Tools ARM Embedded\4.6 2012q2\arm-none-eabi\lib\armv7e-m\fpu\libg.a(lib_a-init.o)
 .ARM.attributes
                0x000007a2       0x36 ..\..\..\..\..\..\..\..\..\Program Files (x86)\GNU Tools ARM Embedded\4.6 2012q2\arm-none-eabi\lib\armv7e-m\fpu\libg.a(lib_a-__call_atexit.o)
 .ARM.attributes
                0x000007d8       0x36 ..\..\..\..\..\..\..\..\..\Program Files (x86)\GNU Tools ARM Embedded\4.6 2012q2\arm-none-eabi\lib\armv7e-m\fpu\libg.a(lib_a-atexit.o)
 .ARM.attributes
                0x0000080e       0x36 ..\..\..\..\..\..\..\..\..\Program Files (x86)\GNU Tools ARM Embedded\4.6 2012q2\arm-none-eabi\lib\armv7e-m\fpu\libg.a(lib_a-fini.o)
 .ARM.attributes
                0x00000844       0x36 ..\..\..\..\..\..\..\..\..\Program Files (x86)\GNU Tools ARM Embedded\4.6 2012q2\arm-none-eabi\lib\armv7e-m\fpu\libg.a(lib_a-__atexit.o)
 .ARM.attributes
                0x0000087a       0x34 c:/program files (x86)/gnu tools arm embedded/4.8 2014q2/bin/../lib/gcc/arm-none-eabi/4.8.4/armv7e-m/fpu/crtend.o
 .ARM.attributes
                0x000008ae       0x22 c:/program files (x86)/gnu tools arm embedded/4.8 2014q2/bin/../lib/gcc/arm-none-eabi/4.8.4/armv7e-m/fpu/crtn.o

.comment        0x00000000       0x70
 .comment       0x00000000       0x70 ..\obj\os_time.o
                                 0x71 (size before relaxing)
 .comment       0x00000000       0x71 ..\obj\bsp_int.o
 .comment       0x00000000       0x71 ..\obj\lib_mem.o
 .comment       0x00000000       0x71 ..\obj\os_cpu_c.o
 .comment       0x00000000       0x71 ..\obj\cpu_core.o
 .comment       0x00000000       0x71 ..\obj\os_flag.o
 .comment       0x00000000       0x71 ..\obj\os_tick.o
 .comment       0x00000000       0x71 ..\obj\sorting.o
 .comment       0x00000000       0x71 ..\obj\os_var.o
 .comment       0x00000000       0x71 ..\obj\os_msg.o
 .comment       0x00000000       0x71 ..\obj\main.o
 .comment       0x00000000       0x71 ..\obj\stm32f4xx_rcc.o
 .comment       0x00000000       0x71 ..\obj\os_dbg.o
 .comment       0x00000000       0x71 ..\obj\os_sem.o
 .comment       0x00000000       0x71 ..\obj\os_prio.o
 .comment       0x00000000       0x71 ..\obj\os_core.o
 .comment       0x00000000       0x71 ..\obj\os_stat.o
 .comment       0x00000000       0x71 ..\obj\os_mem.o
 .comment       0x00000000       0x71 ..\obj\bsp_periph.o
 .comment       0x00000000       0x71 ..\obj\stm32f4xx_gpio.o
 .comment       0x00000000       0x71 ..\obj\stm32f4xx_flash.o
 .comment       0x00000000       0x71 ..\obj\lib_math.o
 .comment       0x00000000       0x71 ..\obj\system_stm32f4xx.o
 .comment       0x00000000       0x71 ..\obj\os_cfg_app.o
 .comment       0x00000000       0x71 ..\obj\os_q.o
 .comment       0x00000000       0x71 ..\obj\os_task.o
 .comment       0x00000000       0x71 ..\obj\os_mutex.o
 .comment       0x00000000       0x71 ..\obj\bsp.o
 .comment       0x00000000       0x71 ..\obj\os_tmr.o

.debug_line     0x00000000     0x6191
 .debug_line    0x00000000       0x9f ..\obj\cpu_a.o
 .debug_line    0x0000009f      0x237 ..\obj\os_time.o
 .debug_line    0x000002d6       0xd5 ..\obj\os_cpu_a.o
 .debug_line    0x000003ab      0x802 ..\obj\bsp_int.o
 .debug_line    0x00000bad      0x5fc ..\obj\lib_mem.o
 .debug_line    0x000011a9      0x26d ..\obj\os_cpu_c.o
 .debug_line    0x00001416      0x2a8 ..\obj\cpu_core.o
 .debug_line    0x000016be      0x3a6 ..\obj\os_flag.o
 .debug_line    0x00001a64      0x28b ..\obj\os_tick.o
 .debug_line    0x00001cef      0x2cd ..\obj\sorting.o
 .debug_line    0x00001fbc      0x10b ..\obj\os_var.o
 .debug_line    0x000020c7      0x1f7 ..\obj\os_msg.o
 .debug_line    0x000022be      0x398 ..\obj\main.o
 .debug_line    0x00002656      0x68e ..\obj\stm32f4xx_rcc.o
 .debug_line    0x00002ce4      0x16f ..\obj\os_dbg.o
 .debug_line    0x00002e53      0x301 ..\obj\os_sem.o
 .debug_line    0x00003154      0x133 ..\obj\os_prio.o
 .debug_line    0x00003287      0x5ea ..\obj\os_core.o
 .debug_line    0x00003871      0x23d ..\obj\os_stat.o
 .debug_line    0x00003aae      0x196 ..\obj\os_mem.o
 .debug_line    0x00003c44      0x244 ..\obj\bsp_periph.o
 .debug_line    0x00003e88      0x392 ..\obj\stm32f4xx_gpio.o
 .debug_line    0x0000421a      0x5c6 ..\obj\stm32f4xx_flash.o
 .debug_line    0x000047e0      0x116 ..\obj\lib_math.o
 .debug_line    0x000048f6      0x284 ..\obj\system_stm32f4xx.o
 .debug_line    0x00004b7a      0x12e ..\obj\os_cfg_app.o
 .debug_line    0x00004ca8      0x2fd ..\obj\os_q.o
 .debug_line    0x00004fa5      0x5f1 ..\obj\os_task.o
 .debug_line    0x00005596      0x101 ..\obj\cstartup.o
 .debug_line    0x00005697      0x2f6 ..\obj\os_mutex.o
 .debug_line    0x0000598d      0x44f ..\obj\bsp.o
 .debug_line    0x00005ddc      0x3b5 ..\obj\os_tmr.o

.debug_info     0x00000000    0x16344
 .debug_info    0x00000000       0xb8 ..\obj\cpu_a.o
 .debug_info    0x000000b8      0xe6d ..\obj\os_time.o
 .debug_info    0x00000f25       0xc8 ..\obj\os_cpu_a.o
 .debug_info    0x00000fed      0x853 ..\obj\bsp_int.o
 .debug_info    0x00001840      0xe4d ..\obj\lib_mem.o
 .debug_info    0x0000268d      0x94b ..\obj\os_cpu_c.o
 .debug_info    0x00002fd8      0x522 ..\obj\cpu_core.o
 .debug_info    0x000034fa     0x120b ..\obj\os_flag.o
 .debug_info    0x00004705      0xedc ..\obj\os_tick.o
 .debug_info    0x000055e1      0xdfd ..\obj\sorting.o
 .debug_info    0x000063de      0xf0f ..\obj\os_var.o
 .debug_info    0x000072ed      0x8f4 ..\obj\os_msg.o
 .debug_info    0x00007be1     0x1008 ..\obj\main.o
 .debug_info    0x00008be9      0xe02 ..\obj\stm32f4xx_rcc.o
 .debug_info    0x000099eb     0x1351 ..\obj\os_dbg.o
 .debug_info    0x0000ad3c     0x110a ..\obj\os_sem.o
 .debug_info    0x0000be46      0x1bb ..\obj\os_prio.o
 .debug_info    0x0000c001     0x1711 ..\obj\os_core.o
 .debug_info    0x0000d712      0xfae ..\obj\os_stat.o
 .debug_info    0x0000e6c0      0x896 ..\obj\os_mem.o
 .debug_info    0x0000ef56      0x163 ..\obj\bsp_periph.o
 .debug_info    0x0000f0b9      0x605 ..\obj\stm32f4xx_gpio.o
 .debug_info    0x0000f6be      0x92e ..\obj\stm32f4xx_flash.o
 .debug_info    0x0000ffec      0x162 ..\obj\lib_math.o
 .debug_info    0x0001014e      0x5b9 ..\obj\system_stm32f4xx.o
 .debug_info    0x00010707      0xbd1 ..\obj\os_cfg_app.o
 .debug_info    0x000112d8     0x112d ..\obj\os_q.o
 .debug_info    0x00012405     0x161d ..\obj\os_task.o
 .debug_info    0x00013a22       0xa9 ..\obj\cstartup.o
 .debug_info    0x00013acb     0x1025 ..\obj\os_mutex.o
 .debug_info    0x00014af0      0x51e ..\obj\bsp.o
 .debug_info    0x0001500e     0x1336 ..\obj\os_tmr.o

.debug_abbrev   0x00000000     0x2a07
 .debug_abbrev  0x00000000       0x14 ..\obj\cpu_a.o
 .debug_abbrev  0x00000014      0x17b ..\obj\os_time.o
 .debug_abbrev  0x0000018f       0x14 ..\obj\os_cpu_a.o
 .debug_abbrev  0x000001a3      0x184 ..\obj\bsp_int.o
 .debug_abbrev  0x00000327      0x1bc ..\obj\lib_mem.o
 .debug_abbrev  0x000004e3      0x1e4 ..\obj\os_cpu_c.o
 .debug_abbrev  0x000006c7      0x1a2 ..\obj\cpu_core.o
 .debug_abbrev  0x00000869      0x1c8 ..\obj\os_flag.o
 .debug_abbrev  0x00000a31      0x1a7 ..\obj\os_tick.o
 .debug_abbrev  0x00000bd8      0x11a ..\obj\sorting.o
 .debug_abbrev  0x00000cf2       0xb5 ..\obj\os_var.o
 .debug_abbrev  0x00000da7      0x14a ..\obj\os_msg.o
 .debug_abbrev  0x00000ef1      0x1a9 ..\obj\main.o
 .debug_abbrev  0x0000109a      0x1ba ..\obj\stm32f4xx_rcc.o
 .debug_abbrev  0x00001254       0xfa ..\obj\os_dbg.o
 .debug_abbrev  0x0000134e      0x1c8 ..\obj\os_sem.o
 .debug_abbrev  0x00001516       0xc4 ..\obj\os_prio.o
 .debug_abbrev  0x000015da      0x1b4 ..\obj\os_core.o
 .debug_abbrev  0x0000178e      0x15f ..\obj\os_stat.o
 .debug_abbrev  0x000018ed      0x125 ..\obj\os_mem.o
 .debug_abbrev  0x00001a12       0xcc ..\obj\bsp_periph.o
 .debug_abbrev  0x00001ade      0x1a3 ..\obj\stm32f4xx_gpio.o
 .debug_abbrev  0x00001c81      0x196 ..\obj\stm32f4xx_flash.o
 .debug_abbrev  0x00001e17       0xf9 ..\obj\lib_math.o
 .debug_abbrev  0x00001f10      0x136 ..\obj\system_stm32f4xx.o
 .debug_abbrev  0x00002046       0xda ..\obj\os_cfg_app.o
 .debug_abbrev  0x00002120      0x1c8 ..\obj\os_q.o
 .debug_abbrev  0x000022e8      0x195 ..\obj\os_task.o
 .debug_abbrev  0x0000247d       0x12 ..\obj\cstartup.o
 .debug_abbrev  0x0000248f      0x1c8 ..\obj\os_mutex.o
 .debug_abbrev  0x00002657      0x1dc ..\obj\bsp.o
 .debug_abbrev  0x00002833      0x1d4 ..\obj\os_tmr.o

.debug_aranges  0x00000000     0x10a0
 .debug_aranges
                0x00000000       0x20 ..\obj\cpu_a.o
 .debug_aranges
                0x00000020       0x48 ..\obj\os_time.o
 .debug_aranges
                0x00000068       0x20 ..\obj\os_cpu_a.o
 .debug_aranges
                0x00000088      0x2f0 ..\obj\bsp_int.o
 .debug_aranges
                0x00000378       0xa8 ..\obj\lib_mem.o
 .debug_aranges
                0x00000420       0x70 ..\obj\os_cpu_c.o
 .debug_aranges
                0x00000490       0xb0 ..\obj\cpu_core.o
 .debug_aranges
                0x00000540       0x80 ..\obj\os_flag.o
 .debug_aranges
                0x000005c0       0x50 ..\obj\os_tick.o
 .debug_aranges
                0x00000610       0x48 ..\obj\sorting.o
 .debug_aranges
                0x00000658       0x18 ..\obj\os_var.o
 .debug_aranges
                0x00000670       0x40 ..\obj\os_msg.o
 .debug_aranges
                0x000006b0       0x38 ..\obj\main.o
 .debug_aranges
                0x000006e8      0x1b8 ..\obj\stm32f4xx_rcc.o
 .debug_aranges
                0x000008a0       0x20 ..\obj\os_dbg.o
 .debug_aranges
                0x000008c0       0x70 ..\obj\os_sem.o
 .debug_aranges
                0x00000930       0x38 ..\obj\os_prio.o
 .debug_aranges
                0x00000968      0x128 ..\obj\os_core.o
 .debug_aranges
                0x00000a90       0x38 ..\obj\os_stat.o
 .debug_aranges
                0x00000ac8       0x40 ..\obj\os_mem.o
 .debug_aranges
                0x00000b08       0x30 ..\obj\bsp_periph.o
 .debug_aranges
                0x00000b38       0x88 ..\obj\stm32f4xx_gpio.o
 .debug_aranges
                0x00000bc0      0x158 ..\obj\stm32f4xx_flash.o
 .debug_aranges
                0x00000d18       0x38 ..\obj\lib_math.o
 .debug_aranges
                0x00000d50       0x30 ..\obj\system_stm32f4xx.o
 .debug_aranges
                0x00000d80       0x20 ..\obj\os_cfg_app.o
 .debug_aranges
                0x00000da0       0x70 ..\obj\os_q.o
 .debug_aranges
                0x00000e10       0xe8 ..\obj\os_task.o
 .debug_aranges
                0x00000ef8       0x58 ..\obj\cstartup.o
 .debug_aranges
                0x00000f50       0x60 ..\obj\os_mutex.o
 .debug_aranges
                0x00000fb0       0x68 ..\obj\bsp.o
 .debug_aranges
                0x00001018       0x88 ..\obj\os_tmr.o

.debug_ranges   0x00000000      0xe80
 .debug_ranges  0x00000000       0x38 ..\obj\os_time.o
 .debug_ranges  0x00000038      0x2e0 ..\obj\bsp_int.o
 .debug_ranges  0x00000318       0x98 ..\obj\lib_mem.o
 .debug_ranges  0x000003b0       0x60 ..\obj\os_cpu_c.o
 .debug_ranges  0x00000410       0xa0 ..\obj\cpu_core.o
 .debug_ranges  0x000004b0       0x70 ..\obj\os_flag.o
 .debug_ranges  0x00000520       0x40 ..\obj\os_tick.o
 .debug_ranges  0x00000560       0x38 ..\obj\sorting.o
 .debug_ranges  0x00000598       0x30 ..\obj\os_msg.o
 .debug_ranges  0x000005c8       0x28 ..\obj\main.o
 .debug_ranges  0x000005f0      0x1a8 ..\obj\stm32f4xx_rcc.o
 .debug_ranges  0x00000798       0x10 ..\obj\os_dbg.o
 .debug_ranges  0x000007a8       0x60 ..\obj\os_sem.o
 .debug_ranges  0x00000808       0x28 ..\obj\os_prio.o
 .debug_ranges  0x00000830      0x118 ..\obj\os_core.o
 .debug_ranges  0x00000948       0x28 ..\obj\os_stat.o
 .debug_ranges  0x00000970       0x30 ..\obj\os_mem.o
 .debug_ranges  0x000009a0       0x20 ..\obj\bsp_periph.o
 .debug_ranges  0x000009c0       0x78 ..\obj\stm32f4xx_gpio.o
 .debug_ranges  0x00000a38      0x148 ..\obj\stm32f4xx_flash.o
 .debug_ranges  0x00000b80       0x28 ..\obj\lib_math.o
 .debug_ranges  0x00000ba8       0x20 ..\obj\system_stm32f4xx.o
 .debug_ranges  0x00000bc8       0x10 ..\obj\os_cfg_app.o
 .debug_ranges  0x00000bd8       0x60 ..\obj\os_q.o
 .debug_ranges  0x00000c38       0xd8 ..\obj\os_task.o
 .debug_ranges  0x00000d10       0x50 ..\obj\cstartup.o
 .debug_ranges  0x00000d60       0x50 ..\obj\os_mutex.o
 .debug_ranges  0x00000db0       0x58 ..\obj\bsp.o
 .debug_ranges  0x00000e08       0x78 ..\obj\os_tmr.o

.debug_str      0x00000000     0x591e
 .debug_str     0x00000000     0x12c6 ..\obj\os_time.o
                               0x1365 (size before relaxing)
 .debug_str     0x000012c6      0x87a ..\obj\bsp_int.o
                                0x9ed (size before relaxing)
 .debug_str     0x00001b40      0x839 ..\obj\lib_mem.o
                                0x9fd (size before relaxing)
 .debug_str     0x00002379      0x24f ..\obj\os_cpu_c.o
                                0x7f8 (size before relaxing)
 .debug_str     0x000025c8      0x254 ..\obj\cpu_core.o
                                0x3e4 (size before relaxing)
 .debug_str     0x0000281c      0x1bf ..\obj\os_flag.o
                               0x13ed (size before relaxing)
 .debug_str     0x000029db      0x1ce ..\obj\os_tick.o
                               0x13e2 (size before relaxing)
 .debug_str     0x00002ba9      0x125 ..\obj\sorting.o
                               0x1376 (size before relaxing)
 .debug_str     0x00002cce      0x34b ..\obj\os_var.o
                                0xa7e (size before relaxing)
 .debug_str     0x00003019       0xed ..\obj\os_msg.o
                                0xf7b (size before relaxing)
 .debug_str     0x00003106      0x275 ..\obj\main.o
                               0x157f (size before relaxing)
 .debug_str     0x0000337b      0x7f2 ..\obj\stm32f4xx_rcc.o
                                0x9c9 (size before relaxing)
 .debug_str     0x00003b6d      0x523 ..\obj\os_dbg.o
                                0xf61 (size before relaxing)
 .debug_str     0x00004090       0xeb ..\obj\os_sem.o
                               0x1374 (size before relaxing)
 .debug_str     0x0000417b       0x92 ..\obj\os_prio.o
                                0x1f4 (size before relaxing)
 .debug_str     0x0000420d      0x2e9 ..\obj\os_core.o
                               0x171d (size before relaxing)
 .debug_str     0x000044f6      0x146 ..\obj\os_stat.o
                               0x14b1 (size before relaxing)
 .debug_str     0x0000463c       0xa7 ..\obj\os_mem.o
                                0xf58 (size before relaxing)
 .debug_str     0x000046e3       0x8a ..\obj\bsp_periph.o
                                0x257 (size before relaxing)
 .debug_str     0x0000476d      0x1ab ..\obj\stm32f4xx_gpio.o
                                0x4d7 (size before relaxing)
 .debug_str     0x00004918      0x4e8 ..\obj\stm32f4xx_flash.o
                                0x6d3 (size before relaxing)
 .debug_str     0x00004e00       0xa0 ..\obj\lib_math.o
                                0x1dc (size before relaxing)
 .debug_str     0x00004ea0      0x11d ..\obj\system_stm32f4xx.o
                                0x411 (size before relaxing)
 .debug_str     0x00004fbd      0x2cf ..\obj\os_cfg_app.o
                                0xa41 (size before relaxing)
 .debug_str     0x0000528c       0xe5 ..\obj\os_q.o
                               0x1381 (size before relaxing)
 .debug_str     0x00005371      0x218 ..\obj\os_task.o
                               0x153c (size before relaxing)
 .debug_str     0x00005589       0xfd ..\obj\os_mutex.o
                               0x13b5 (size before relaxing)
 .debug_str     0x00005686      0x11d ..\obj\bsp.o
                                0x54f (size before relaxing)
 .debug_str     0x000057a3      0x17b ..\obj\os_tmr.o
                               0x1534 (size before relaxing)

.debug_frame    0x00000000     0x33a0
 .debug_frame   0x00000000       0xd0 ..\obj\os_time.o
 .debug_frame   0x000000d0      0xa18 ..\obj\bsp_int.o
 .debug_frame   0x00000ae8      0x238 ..\obj\lib_mem.o
 .debug_frame   0x00000d20      0x154 ..\obj\os_cpu_c.o
 .debug_frame   0x00000e74      0x258 ..\obj\cpu_core.o
 .debug_frame   0x000010cc      0x1a4 ..\obj\os_flag.o
 .debug_frame   0x00001270       0xe0 ..\obj\os_tick.o
 .debug_frame   0x00001350       0xb8 ..\obj\sorting.o
 .debug_frame   0x00001408       0x9c ..\obj\os_msg.o
 .debug_frame   0x000014a4       0x8c ..\obj\main.o
 .debug_frame   0x00001530      0x5b8 ..\obj\stm32f4xx_rcc.o
 .debug_frame   0x00001ae8       0x2c ..\obj\os_dbg.o
 .debug_frame   0x00001b14      0x164 ..\obj\os_sem.o
 .debug_frame   0x00001c78       0x84 ..\obj\os_prio.o
 .debug_frame   0x00001cfc      0x40c ..\obj\os_core.o
 .debug_frame   0x00002108       0x90 ..\obj\os_stat.o
 .debug_frame   0x00002198       0xa8 ..\obj\os_mem.o
 .debug_frame   0x00002240       0x68 ..\obj\bsp_periph.o
 .debug_frame   0x000022a8      0x19c ..\obj\stm32f4xx_gpio.o
 .debug_frame   0x00002444      0x480 ..\obj\stm32f4xx_flash.o
 .debug_frame   0x000028c4       0x88 ..\obj\lib_math.o
 .debug_frame   0x0000294c       0x64 ..\obj\system_stm32f4xx.o
 .debug_frame   0x000029b0       0x28 ..\obj\os_cfg_app.o
 .debug_frame   0x000029d8      0x164 ..\obj\os_q.o
 .debug_frame   0x00002b3c      0x344 ..\obj\os_task.o
 .debug_frame   0x00002e80      0x124 ..\obj\os_mutex.o
 .debug_frame   0x00002fa4      0x150 ..\obj\bsp.o
 .debug_frame   0x000030f4      0x1b8 ..\obj\os_tmr.o
 .debug_frame   0x000032ac       0x2c ..\..\..\..\..\..\..\..\..\Program Files (x86)\GNU Tools ARM Embedded\4.6 2012q2\arm-none-eabi\lib\armv7e-m\fpu\libg.a(lib_a-init.o)
 .debug_frame   0x000032d8       0x48 ..\..\..\..\..\..\..\..\..\Program Files (x86)\GNU Tools ARM Embedded\4.6 2012q2\arm-none-eabi\lib\armv7e-m\fpu\libg.a(lib_a-__call_atexit.o)
 .debug_frame   0x00003320       0x20 ..\..\..\..\..\..\..\..\..\Program Files (x86)\GNU Tools ARM Embedded\4.6 2012q2\arm-none-eabi\lib\armv7e-m\fpu\libg.a(lib_a-atexit.o)
 .debug_frame   0x00003340       0x2c ..\..\..\..\..\..\..\..\..\Program Files (x86)\GNU Tools ARM Embedded\4.6 2012q2\arm-none-eabi\lib\armv7e-m\fpu\libg.a(lib_a-fini.o)
 .debug_frame   0x0000336c       0x34 ..\..\..\..\..\..\..\..\..\Program Files (x86)\GNU Tools ARM Embedded\4.6 2012q2\arm-none-eabi\lib\armv7e-m\fpu\libg.a(lib_a-__atexit.o)
