Archive member included because of file (symbol)

c:/program files (x86)/gnu tools arm embedded/4.6 2012q2/bin/../lib/gcc/arm-none-eabi/4.6.2/armv7e-m/fpu\libgcc.a(_aeabi_uldivmod.o)
                              ..\obj\bsp.o (__aeabi_uldivmod)
c:/program files (x86)/gnu tools arm embedded/4.6 2012q2/bin/../lib/gcc/arm-none-eabi/4.6.2/armv7e-m/fpu\libgcc.a(bpabi.o)
                              c:/program files (x86)/gnu tools arm embedded/4.6 2012q2/bin/../lib/gcc/arm-none-eabi/4.6.2/armv7e-m/fpu\libgcc.a(_aeabi_uldivmod.o) (__gnu_uldivmod_helper)
c:/program files (x86)/gnu tools arm embedded/4.6 2012q2/bin/../lib/gcc/arm-none-eabi/4.6.2/armv7e-m/fpu\libgcc.a(unwind-arm.o)
                              c:/program files (x86)/gnu tools arm embedded/4.6 2012q2/bin/../lib/gcc/arm-none-eabi/4.6.2/armv7e-m/fpu\libgcc.a(bpabi.o) (__aeabi_unwind_cpp_pr0)
c:/program files (x86)/gnu tools arm embedded/4.6 2012q2/bin/../lib/gcc/arm-none-eabi/4.6.2/armv7e-m/fpu\libgcc.a(libunwind.o)
                              c:/program files (x86)/gnu tools arm embedded/4.6 2012q2/bin/../lib/gcc/arm-none-eabi/4.6.2/armv7e-m/fpu\libgcc.a(unwind-arm.o) (restore_core_regs)
c:/program files (x86)/gnu tools arm embedded/4.6 2012q2/bin/../lib/gcc/arm-none-eabi/4.6.2/armv7e-m/fpu\libgcc.a(pr-support.o)
                              c:/program files (x86)/gnu tools arm embedded/4.6 2012q2/bin/../lib/gcc/arm-none-eabi/4.6.2/armv7e-m/fpu\libgcc.a(unwind-arm.o) (__gnu_unwind_execute)
c:/program files (x86)/gnu tools arm embedded/4.6 2012q2/bin/../lib/gcc/arm-none-eabi/4.6.2/armv7e-m/fpu\libgcc.a(_dvmd_tls.o)
                              c:/program files (x86)/gnu tools arm embedded/4.6 2012q2/bin/../lib/gcc/arm-none-eabi/4.6.2/armv7e-m/fpu\libgcc.a(_aeabi_uldivmod.o) (__aeabi_ldiv0)
c:/program files (x86)/gnu tools arm embedded/4.6 2012q2/bin/../lib/gcc/arm-none-eabi/4.6.2/armv7e-m/fpu\libgcc.a(_divdi3.o)
                              c:/program files (x86)/gnu tools arm embedded/4.6 2012q2/bin/../lib/gcc/arm-none-eabi/4.6.2/armv7e-m/fpu\libgcc.a(bpabi.o) (__divdi3)
c:/program files (x86)/gnu tools arm embedded/4.6 2012q2/bin/../lib/gcc/arm-none-eabi/4.6.2/armv7e-m/fpu\libgcc.a(_udivdi3.o)
                              c:/program files (x86)/gnu tools arm embedded/4.6 2012q2/bin/../lib/gcc/arm-none-eabi/4.6.2/armv7e-m/fpu\libgcc.a(bpabi.o) (__udivdi3)
..\..\..\..\..\..\..\..\..\Program Files (x86)\GNU Tools ARM Embedded\4.6 2012q2\arm-none-eabi\lib\armv7e-m\fpu\libg.a(lib_a-atexit.o)
                              c:/program files (x86)/gnu tools arm embedded/4.6 2012q2/bin/../lib/gcc/arm-none-eabi/4.6.2/../../../../arm-none-eabi/lib/armv7e-m/fpu/crt0.o (atexit)
..\..\..\..\..\..\..\..\..\Program Files (x86)\GNU Tools ARM Embedded\4.6 2012q2\arm-none-eabi\lib\armv7e-m\fpu\libg.a(lib_a-exit.o)
                              c:/program files (x86)/gnu tools arm embedded/4.6 2012q2/bin/../lib/gcc/arm-none-eabi/4.6.2/../../../../arm-none-eabi/lib/armv7e-m/fpu/crt0.o (exit)
..\..\..\..\..\..\..\..\..\Program Files (x86)\GNU Tools ARM Embedded\4.6 2012q2\arm-none-eabi\lib\armv7e-m\fpu\libg.a(lib_a-fini.o)
                              c:/program files (x86)/gnu tools arm embedded/4.6 2012q2/bin/../lib/gcc/arm-none-eabi/4.6.2/../../../../arm-none-eabi/lib/armv7e-m/fpu/crt0.o (__libc_fini_array)
..\..\..\..\..\..\..\..\..\Program Files (x86)\GNU Tools ARM Embedded\4.6 2012q2\arm-none-eabi\lib\armv7e-m\fpu\libg.a(lib_a-impure.o)
                              ..\..\..\..\..\..\..\..\..\Program Files (x86)\GNU Tools ARM Embedded\4.6 2012q2\arm-none-eabi\lib\armv7e-m\fpu\libg.a(lib_a-exit.o) (_global_impure_ptr)
..\..\..\..\..\..\..\..\..\Program Files (x86)\GNU Tools ARM Embedded\4.6 2012q2\arm-none-eabi\lib\armv7e-m\fpu\libg.a(lib_a-init.o)
                              c:/program files (x86)/gnu tools arm embedded/4.6 2012q2/bin/../lib/gcc/arm-none-eabi/4.6.2/../../../../arm-none-eabi/lib/armv7e-m/fpu/crt0.o (__libc_init_array)
..\..\..\..\..\..\..\..\..\Program Files (x86)\GNU Tools ARM Embedded\4.6 2012q2\arm-none-eabi\lib\armv7e-m\fpu\libg.a(lib_a-memcpy.o)
                              c:/program files (x86)/gnu tools arm embedded/4.6 2012q2/bin/../lib/gcc/arm-none-eabi/4.6.2/armv7e-m/fpu\libgcc.a(unwind-arm.o) (memcpy)
..\..\..\..\..\..\..\..\..\Program Files (x86)\GNU Tools ARM Embedded\4.6 2012q2\arm-none-eabi\lib\armv7e-m\fpu\libg.a(lib_a-memset.o)
                              c:/program files (x86)/gnu tools arm embedded/4.6 2012q2/bin/../lib/gcc/arm-none-eabi/4.6.2/../../../../arm-none-eabi/lib/armv7e-m/fpu/crt0.o (memset)
..\..\..\..\..\..\..\..\..\Program Files (x86)\GNU Tools ARM Embedded\4.6 2012q2\arm-none-eabi\lib\armv7e-m\fpu\libg.a(lib_a-__atexit.o)
                              ..\..\..\..\..\..\..\..\..\Program Files (x86)\GNU Tools ARM Embedded\4.6 2012q2\arm-none-eabi\lib\armv7e-m\fpu\libg.a(lib_a-atexit.o) (__register_exitproc)
[...]
Memory Configuration

Name             Origin             Length             Attributes
rom              0x08000000         0x00100000         xr
ram              0x20000000         0x00020000         xrw
ram1             0x10000000         0x00010000         xrw
*default*        0x00000000         0xffffffff

Linker script and memory map

LOAD c:/program files (x86)/gnu tools arm embedded/4.6 2012q2/bin/../lib/gcc/arm-none-eabi/4.6.2/armv7e-m/fpu/crti.o
LOAD c:/program files (x86)/gnu tools arm embedded/4.6 2012q2/bin/../lib/gcc/arm-none-eabi/4.6.2/armv7e-m/fpu/crtbegin.o
LOAD c:/program files (x86)/gnu tools arm embedded/4.6 2012q2/bin/../lib/gcc/arm-none-eabi/4.6.2/../../../../arm-none-eabi/lib/armv7e-m/fpu/crt0.o
                0x20020000                _eram = 0x20020000

.text           0x08000000     0x651c
 *(.isr_vector .isr_vector.*)
 .isr_vector    0x08000000      0x188 ..\obj\cstartup.o
                0x08000000                g_pfnVectors
 *(.text .text.* .gnu.linkonce.t.*)
 .text          0x08000188       0x34 ..\obj\cpu_a.o
                0x08000188                CPU_IntDis
                0x0800018c                CPU_IntEn
                0x08000190                CPU_SR_Save
                0x08000198                CPU_SR_Restore
                0x0800019e                CPU_WaitForInt
                0x080001a2                CPU_WaitForExcept
                0x080001a6                CPU_CntLeadZeros
                0x080001ac                CPU_CntTrailZeros
                0x080001b6                CPU_RevBits
 .text.OSTimeDly
                0x080001bc      0x100 ..\obj\os_time.o
                0x080001bc                OSTimeDly
 .text.OSTimeDlyHMSM
                0x080002bc      0x234 ..\obj\os_time.o
                0x080002bc                OSTimeDlyHMSM
 .text.OSTimeTick
                0x080004f0       0x78 ..\obj\os_time.o
                0x080004f0                OSTimeTick
 .text          0x08000568       0x98 ..\obj\os_cpu_a.o
                0x08000568                OSStartHighRdy
                0x08000586                OSCtxSw
                0x0800058e                OSIntCtxSw
                0x08000596                OS_CPU_PendSVHandler
 .text.BSP_IntDisAll
                0x08000600        0xc ..\obj\bsp_int.o
                0x08000600                BSP_IntDisAll
 .text.BSP_IntVectSet
                0x0800060c       0x3c ..\obj\bsp_int.o
                0x0800060c                BSP_IntVectSet
 .text.BSP_IntInit
                0x08000648       0x34 ..\obj\bsp_int.o
                0x08000648                BSP_IntInit
 .text.BSP_IntHandlerWWDG
                0x0800067c       0x10 ..\obj\bsp_int.o
                0x0800067c                BSP_IntHandlerWWDG
 .text.BSP_IntHandlerPVD
                0x0800068c       0x10 ..\obj\bsp_int.o
                0x0800068c                BSP_IntHandlerPVD
 .text.BSP_IntHandlerTAMP_STAMP
                0x0800069c       0x10 ..\obj\bsp_int.o
                0x0800069c                BSP_IntHandlerTAMP_STAMP
 .text.BSP_IntHandlerRTC_WKUP
                0x080006ac       0x10 ..\obj\bsp_int.o
                0x080006ac                BSP_IntHandlerRTC_WKUP
 .text.BSP_IntHandlerFLASH
                0x080006bc       0x10 ..\obj\bsp_int.o
                0x080006bc                BSP_IntHandlerFLASH
 .text.BSP_IntHandlerRCC
                0x080006cc       0x10 ..\obj\bsp_int.o
                0x080006cc                BSP_IntHandlerRCC
 .text.BSP_IntHandlerEXTI0
                0x080006dc       0x10 ..\obj\bsp_int.o
                0x080006dc                BSP_IntHandlerEXTI0
 .text.BSP_IntHandlerEXTI1
                0x080006ec       0x10 ..\obj\bsp_int.o
                0x080006ec                BSP_IntHandlerEXTI1
 .text.BSP_IntHandlerEXTI2
                0x080006fc       0x10 ..\obj\bsp_int.o
                0x080006fc                BSP_IntHandlerEXTI2
 .text.BSP_IntHandlerEXTI3
                0x0800070c       0x10 ..\obj\bsp_int.o
                0x0800070c                BSP_IntHandlerEXTI3
 .text.BSP_IntHandlerEXTI4
                0x0800071c       0x10 ..\obj\bsp_int.o
                0x0800071c                BSP_IntHandlerEXTI4
 .text.BSP_IntHandlerDMA1_CH0
                0x0800072c       0x10 ..\obj\bsp_int.o
                0x0800072c                BSP_IntHandlerDMA1_CH0
 .text.BSP_IntHandlerDMA1_CH1
                0x0800073c       0x10 ..\obj\bsp_int.o
                0x0800073c                BSP_IntHandlerDMA1_CH1
 .text.BSP_IntHandlerDMA1_CH2
                0x0800074c       0x10 ..\obj\bsp_int.o
                0x0800074c                BSP_IntHandlerDMA1_CH2
 .text.BSP_IntHandlerDMA1_CH3
                0x0800075c       0x10 ..\obj\bsp_int.o
                0x0800075c                BSP_IntHandlerDMA1_CH3
 .text.BSP_IntHandlerDMA1_CH4
                0x0800076c       0x10 ..\obj\bsp_int.o
                0x0800076c                BSP_IntHandlerDMA1_CH4
 .text.BSP_IntHandlerDMA1_CH5
                0x0800077c       0x10 ..\obj\bsp_int.o
                0x0800077c                BSP_IntHandlerDMA1_CH5
 .text.BSP_IntHandlerDMA1_CH6
                0x0800078c       0x10 ..\obj\bsp_int.o
                0x0800078c                BSP_IntHandlerDMA1_CH6
 .text.BSP_IntHandlerADC
                0x0800079c       0x10 ..\obj\bsp_int.o
                0x0800079c                BSP_IntHandlerADC
 .text.BSP_IntHandlerCAN1_TX
                0x080007ac       0x10 ..\obj\bsp_int.o
                0x080007ac                BSP_IntHandlerCAN1_TX
 .text.BSP_IntHandlerCAN1_RX0
                0x080007bc       0x10 ..\obj\bsp_int.o
                0x080007bc                BSP_IntHandlerCAN1_RX0
 .text.BSP_IntHandlerCAN1_RX1
                0x080007cc       0x10 ..\obj\bsp_int.o
                0x080007cc                BSP_IntHandlerCAN1_RX1
 .text.BSP_IntHandlerCAN1_SCE
                0x080007dc       0x10 ..\obj\bsp_int.o
                0x080007dc                BSP_IntHandlerCAN1_SCE
 .text.BSP_IntHandlerEXTI9_5
                0x080007ec       0x10 ..\obj\bsp_int.o
                0x080007ec                BSP_IntHandlerEXTI9_5
 .text.BSP_IntHandlerTIM1_BRK_TIM9
                0x080007fc       0x10 ..\obj\bsp_int.o
                0x080007fc                BSP_IntHandlerTIM1_BRK_TIM9
 .text.BSP_IntHandlerTIM1_UP_TIM10
                0x0800080c       0x10 ..\obj\bsp_int.o
                0x0800080c                BSP_IntHandlerTIM1_UP_TIM10
 .text.BSP_IntHandlerTIM1_TRG_COM_TIM11
                0x0800081c       0x10 ..\obj\bsp_int.o
                0x0800081c                BSP_IntHandlerTIM1_TRG_COM_TIM11
 .text.BSP_IntHandlerTIM1_CC
                0x0800082c       0x10 ..\obj\bsp_int.o
                0x0800082c                BSP_IntHandlerTIM1_CC
 .text.BSP_IntHandlerTIM2
                0x0800083c       0x10 ..\obj\bsp_int.o
                0x0800083c                BSP_IntHandlerTIM2
 .text.BSP_IntHandlerTIM3
                0x0800084c       0x10 ..\obj\bsp_int.o
                0x0800084c                BSP_IntHandlerTIM3
 .text.BSP_IntHandlerTIM4
                0x0800085c       0x10 ..\obj\bsp_int.o
                0x0800085c                BSP_IntHandlerTIM4
 .text.BSP_IntHandlerI2C1_EV
                0x0800086c       0x10 ..\obj\bsp_int.o
                0x0800086c                BSP_IntHandlerI2C1_EV
 .text.BSP_IntHandlerI2C1_ER
                0x0800087c       0x10 ..\obj\bsp_int.o
                0x0800087c                BSP_IntHandlerI2C1_ER
 .text.BSP_IntHandlerI2C2_EV
                0x0800088c       0x10 ..\obj\bsp_int.o
                0x0800088c                BSP_IntHandlerI2C2_EV
 .text.BSP_IntHandlerI2C2_ER
                0x0800089c       0x10 ..\obj\bsp_int.o
                0x0800089c                BSP_IntHandlerI2C2_ER
 .text.BSP_IntHandlerSPI1
                0x080008ac       0x10 ..\obj\bsp_int.o
                0x080008ac                BSP_IntHandlerSPI1
 .text.BSP_IntHandlerSPI2
                0x080008bc       0x10 ..\obj\bsp_int.o
                0x080008bc                BSP_IntHandlerSPI2
 .text.BSP_IntHandlerUSART1
                0x080008cc       0x10 ..\obj\bsp_int.o
                0x080008cc                BSP_IntHandlerUSART1
 .text.BSP_IntHandlerUSART2
                0x080008dc       0x10 ..\obj\bsp_int.o
                0x080008dc                BSP_IntHandlerUSART2
 .text.BSP_IntHandlerUSART3
                0x080008ec       0x10 ..\obj\bsp_int.o
                0x080008ec                BSP_IntHandlerUSART3
 .text.BSP_IntHandlerEXTI15_10
                0x080008fc       0x10 ..\obj\bsp_int.o
                0x080008fc                BSP_IntHandlerEXTI15_10
 .text.BSP_IntHandlerRTCAlarm
                0x0800090c       0x10 ..\obj\bsp_int.o
                0x0800090c                BSP_IntHandlerRTCAlarm
 .text.BSP_IntHandlerOTG_FS_WKUP
                0x0800091c       0x10 ..\obj\bsp_int.o
                0x0800091c                BSP_IntHandlerOTG_FS_WKUP
 .text.BSP_IntHandlerTIM8_BRK_TIM12
                0x0800092c       0x10 ..\obj\bsp_int.o
                0x0800092c                BSP_IntHandlerTIM8_BRK_TIM12
 .text.BSP_IntHandlerTIM8_UP_TIM13
                0x0800093c       0x10 ..\obj\bsp_int.o
                0x0800093c                BSP_IntHandlerTIM8_UP_TIM13
 .text.BSP_IntHandlerTIM8_TRG_COM_TIM14
                0x0800094c       0x10 ..\obj\bsp_int.o
                0x0800094c                BSP_IntHandlerTIM8_TRG_COM_TIM14
 .text.BSP_IntHandlerTIM8_CC
                0x0800095c       0x10 ..\obj\bsp_int.o
                0x0800095c                BSP_IntHandlerTIM8_CC
 .text.BSP_IntHandlerDMA1_STREAM7
                0x0800096c       0x10 ..\obj\bsp_int.o
                0x0800096c                BSP_IntHandlerDMA1_STREAM7
 .text.BSP_IntHandlerFSMC
                0x0800097c       0x10 ..\obj\bsp_int.o
                0x0800097c                BSP_IntHandlerFSMC
 .text.BSP_IntHandlerSDIO
                0x0800098c       0x10 ..\obj\bsp_int.o
                0x0800098c                BSP_IntHandlerSDIO
 .text.BSP_IntHandlerTIM5
                0x0800099c       0x10 ..\obj\bsp_int.o
                0x0800099c                BSP_IntHandlerTIM5
 .text.BSP_IntHandlerSPI3
                0x080009ac       0x10 ..\obj\bsp_int.o
                0x080009ac                BSP_IntHandlerSPI3
 .text.BSP_IntHandlerUSART4
                0x080009bc       0x10 ..\obj\bsp_int.o
                0x080009bc                BSP_IntHandlerUSART4
 .text.BSP_IntHandlerUSART5
                0x080009cc       0x10 ..\obj\bsp_int.o
                0x080009cc                BSP_IntHandlerUSART5
 .text.BSP_IntHandlerTIM6_DAC
                0x080009dc       0x10 ..\obj\bsp_int.o
                0x080009dc                BSP_IntHandlerTIM6_DAC
 .text.BSP_IntHandlerTIM7
                0x080009ec       0x10 ..\obj\bsp_int.o
                0x080009ec                BSP_IntHandlerTIM7
 .text.BSP_IntHandlerDMA2_CH0
                0x080009fc       0x10 ..\obj\bsp_int.o
                0x080009fc                BSP_IntHandlerDMA2_CH0
 .text.BSP_IntHandlerDMA2_CH1
                0x08000a0c       0x10 ..\obj\bsp_int.o
                0x08000a0c                BSP_IntHandlerDMA2_CH1
 .text.BSP_IntHandlerDMA2_CH2
                0x08000a1c       0x10 ..\obj\bsp_int.o
                0x08000a1c                BSP_IntHandlerDMA2_CH2
 .text.BSP_IntHandlerDMA2_CH3
                0x08000a2c       0x10 ..\obj\bsp_int.o
                0x08000a2c                BSP_IntHandlerDMA2_CH3
 .text.BSP_IntHandlerDMA2_CH4
                0x08000a3c       0x10 ..\obj\bsp_int.o
                0x08000a3c                BSP_IntHandlerDMA2_CH4
 .text.BSP_IntHandlerETH
                0x08000a4c       0x10 ..\obj\bsp_int.o
                0x08000a4c                BSP_IntHandlerETH
 .text.BSP_IntHandlerETHWakeup
                0x08000a5c       0x10 ..\obj\bsp_int.o
                0x08000a5c                BSP_IntHandlerETHWakeup
 .text.BSP_IntHandlerCAN2_TX
                0x08000a6c       0x10 ..\obj\bsp_int.o
                0x08000a6c                BSP_IntHandlerCAN2_TX
 .text.BSP_IntHandlerCAN2_RX0
                0x08000a7c       0x10 ..\obj\bsp_int.o
                0x08000a7c                BSP_IntHandlerCAN2_RX0
 .text.BSP_IntHandlerCAN2_RX1
                0x08000a8c       0x10 ..\obj\bsp_int.o
                0x08000a8c                BSP_IntHandlerCAN2_RX1
 .text.BSP_IntHandlerCAN2_SCE
                0x08000a9c       0x10 ..\obj\bsp_int.o
                0x08000a9c                BSP_IntHandlerCAN2_SCE
 .text.BSP_IntHandlerOTG_FS
                0x08000aac       0x10 ..\obj\bsp_int.o
                0x08000aac                BSP_IntHandlerOTG_FS
 .text.BSP_IntHandlerDMA2_CH5
                0x08000abc       0x10 ..\obj\bsp_int.o
                0x08000abc                BSP_IntHandlerDMA2_CH5
 .text.BSP_IntHandlerDMA2_CH6
                0x08000acc       0x10 ..\obj\bsp_int.o
                0x08000acc                BSP_IntHandlerDMA2_CH6
 .text.BSP_IntHandlerDMA2_CH7
                0x08000adc       0x10 ..\obj\bsp_int.o
                0x08000adc                BSP_IntHandlerDMA2_CH7
 .text.BSP_IntHandlerUSART6
                0x08000aec       0x10 ..\obj\bsp_int.o
                0x08000aec                BSP_IntHandlerUSART6
 .text.BSP_IntHandlerI2C3_EV
                0x08000afc       0x10 ..\obj\bsp_int.o
                0x08000afc                BSP_IntHandlerI2C3_EV
 .text.BSP_IntHandlerI2C3_ER
                0x08000b0c       0x10 ..\obj\bsp_int.o
                0x08000b0c                BSP_IntHandlerI2C3_ER
 .text.BSP_IntHandlerOTG_HS_EP1_OUT
                0x08000b1c       0x10 ..\obj\bsp_int.o
                0x08000b1c                BSP_IntHandlerOTG_HS_EP1_OUT
 .text.BSP_IntHandlerOTG_HS_EP1_IN
                0x08000b2c       0x10 ..\obj\bsp_int.o
                0x08000b2c                BSP_IntHandlerOTG_HS_EP1_IN
 .text.BSP_IntHandlerOTG_HS_WKUP
                0x08000b3c       0x10 ..\obj\bsp_int.o
                0x08000b3c                BSP_IntHandlerOTG_HS_WKUP
 .text.BSP_IntHandlerOTG_HS
                0x08000b4c       0x10 ..\obj\bsp_int.o
                0x08000b4c                BSP_IntHandlerOTG_HS
 .text.BSP_IntHandlerDCMI
                0x08000b5c       0x10 ..\obj\bsp_int.o
                0x08000b5c                BSP_IntHandlerDCMI
 .text.BSP_IntHandlerCRYP
                0x08000b6c       0x10 ..\obj\bsp_int.o
                0x08000b6c                BSP_IntHandlerCRYP
 .text.BSP_IntHandlerHASH_RNG
                0x08000b7c       0x10 ..\obj\bsp_int.o
                0x08000b7c                BSP_IntHandlerHASH_RNG
 .text.BSP_IntHandlerFPU
                0x08000b8c       0x10 ..\obj\bsp_int.o
                0x08000b8c                BSP_IntHandlerFPU
 .text.BSP_IntHandler
                0x08000b9c       0x4c ..\obj\bsp_int.o
 .text.BSP_IntHandlerDummy
                0x08000be8        0xc ..\obj\bsp_int.o
 .text.Mem_Init
                0x08000bf4       0xbc ..\obj\lib_mem.o
                0x08000bf4                Mem_Init
 .text.Mem_Clr  0x08000cb0       0x20 ..\obj\lib_mem.o
                0x08000cb0                Mem_Clr
 .text.Mem_Set  0x08000cd0       0xe4 ..\obj\lib_mem.o
                0x08000cd0                Mem_Set
 .text.OSIdleTaskHook
                0x08000db4       0x20 ..\obj\os_cpu_c.o
                0x08000db4                OSIdleTaskHook
 .text.OSInitHook
                0x08000dd4       0x48 ..\obj\os_cpu_c.o
                0x08000dd4                OSInitHook
 .text.OSStatTaskHook
                0x08000e1c       0x20 ..\obj\os_cpu_c.o
                0x08000e1c                OSStatTaskHook
 .text.OSTaskCreateHook
                0x08000e3c       0x2c ..\obj\os_cpu_c.o
                0x08000e3c                OSTaskCreateHook
 .text.OSTaskDelHook
                0x08000e68       0x2c ..\obj\os_cpu_c.o
                0x08000e68                OSTaskDelHook
 .text.OSTaskReturnHook
                0x08000e94       0x2c ..\obj\os_cpu_c.o
                0x08000e94                OSTaskReturnHook
 .text.OSTaskStkInit
                0x08000ec0      0x130 ..\obj\os_cpu_c.o
                0x08000ec0                OSTaskStkInit
 .text.OSTaskSwHook
                0x08000ff0       0xa4 ..\obj\os_cpu_c.o
                0x08000ff0                OSTaskSwHook
 .text.OSTimeTickHook
                0x08001094       0x20 ..\obj\os_cpu_c.o
                0x08001094                OSTimeTickHook
 .text.OS_CPU_SysTickHandler
                0x080010b4       0x44 ..\obj\os_cpu_c.o
                0x080010b4                OS_CPU_SysTickHandler
 .text.OS_CPU_SysTickInit
                0x080010f8       0x74 ..\obj\os_cpu_c.o
                0x080010f8                OS_CPU_SysTickInit
 .text.CPU_Init
                0x0800116c       0x10 ..\obj\cpu_core.o
                0x0800116c                CPU_Init
 .text.CPU_NameClr
                0x0800117c       0x34 ..\obj\cpu_core.o
                0x0800117c                CPU_NameClr
 .text.CPU_TS_TmrFreqSet
                0x080011b0       0x20 ..\obj\cpu_core.o
                0x080011b0                CPU_TS_TmrFreqSet
 .text.CPU_NameInit
                0x080011d0        0xc ..\obj\cpu_core.o
 .text.CPU_TS_Init
                0x080011dc       0x18 ..\obj\cpu_core.o
 .text.OS_FlagInit
                0x080011f4       0x38 ..\obj\os_flag.o
                0x080011f4                OS_FlagInit
 .text.OS_TickTask
                0x0800122c       0x3c ..\obj\os_tick.o
                0x0800122c                OS_TickTask
 .text.OS_TickTaskInit
                0x08001268       0xf0 ..\obj\os_tick.o
                0x08001268                OS_TickTaskInit
 .text.OS_TickListInit
                0x08001358       0x5c ..\obj\os_tick.o
                0x08001358                OS_TickListInit
 .text.OS_TickListInsert
                0x080013b4      0x23c ..\obj\os_tick.o
                0x080013b4                OS_TickListInsert
 .text.OS_TickListRemove
                0x080015f0       0x98 ..\obj\os_tick.o
                0x080015f0                OS_TickListRemove
 .text.OS_TickListResetPeak
                0x08001688       0x4c ..\obj\os_tick.o
                0x08001688                OS_TickListResetPeak
 .text.OS_TickListUpdate
                0x080016d4      0x26c ..\obj\os_tick.o
                0x080016d4                OS_TickListUpdate
 .text.OS_MsgPoolInit
                0x08001940      0x124 ..\obj\os_msg.o
                0x08001940                OS_MsgPoolInit
 .text.OS_MsgQFreeAll
                0x08001a64       0xa0 ..\obj\os_msg.o
                0x08001a64                OS_MsgQFreeAll
 .text.OS_MsgQInit
                0x08001b04       0x3c ..\obj\os_msg.o
                0x08001b04                OS_MsgQInit
 .text.main     0x08001b40       0xc8 ..\obj\main.o
                0x08001b40                main
 .text.AppTaskStart
                0x08001c08       0x60 ..\obj\main.o
 .text.assert_failed
                0x08001c68       0x50 ..\obj\main.o
                0x08001c68                assert_failed
 .text.RCC_DeInit
                0x08001cb8       0xbc ..\obj\stm32f4xx_rcc.o
                0x08001cb8                RCC_DeInit
 .text.RCC_HSEConfig
                0x08001d74       0x50 ..\obj\stm32f4xx_rcc.o
                0x08001d74                RCC_HSEConfig
 .text.RCC_WaitForHSEStartUp
                0x08001dc4       0x64 ..\obj\stm32f4xx_rcc.o
                0x08001dc4                RCC_WaitForHSEStartUp
 .text.RCC_PLLConfig
                0x08001e28       0xdc ..\obj\stm32f4xx_rcc.o
                0x08001e28                RCC_PLLConfig
 .text.RCC_PLLCmd
                0x08001f04       0x3c ..\obj\stm32f4xx_rcc.o
                0x08001f04                RCC_PLLCmd
 .text.RCC_SYSCLKConfig
                0x08001f40       0x60 ..\obj\stm32f4xx_rcc.o
                0x08001f40                RCC_SYSCLKConfig
 .text.RCC_GetSYSCLKSource
                0x08001fa0       0x20 ..\obj\stm32f4xx_rcc.o
                0x08001fa0                RCC_GetSYSCLKSource
 .text.RCC_HCLKConfig
                0x08001fc0       0x84 ..\obj\stm32f4xx_rcc.o
                0x08001fc0                RCC_HCLKConfig
 .text.RCC_PCLK1Config
                0x08002044       0x74 ..\obj\stm32f4xx_rcc.o
                0x08002044                RCC_PCLK1Config
 .text.RCC_PCLK2Config
                0x080020b8       0x78 ..\obj\stm32f4xx_rcc.o
                0x080020b8                RCC_PCLK2Config
 .text.RCC_GetClocksFreq
                0x08002130      0x1d0 ..\obj\stm32f4xx_rcc.o
                0x08002130                RCC_GetClocksFreq
 .text.RCC_AHB1PeriphClockCmd
                0x08002300       0x98 ..\obj\stm32f4xx_rcc.o
                0x08002300                RCC_AHB1PeriphClockCmd
 .text.RCC_GetFlagStatus
                0x08002398       0xf4 ..\obj\stm32f4xx_rcc.o
                0x08002398                RCC_GetFlagStatus
 .text.OS_Dbg_Init
                0x0800248c      0x2cc ..\obj\os_dbg.o
                0x0800248c                OS_Dbg_Init
 .text.OS_SemInit
                0x08002758       0x38 ..\obj\os_sem.o
                0x08002758                OS_SemInit
 .text.OS_PrioInit
                0x08002790       0x38 ..\obj\os_prio.o
                0x08002790                OS_PrioInit
 .text.OS_PrioGetHighest
                0x080027c8       0x50 ..\obj\os_prio.o
                0x080027c8                OS_PrioGetHighest
 .text.OS_PrioInsert
                0x08002818       0x58 ..\obj\os_prio.o
                0x08002818                OS_PrioInsert
 .text.OS_PrioRemove
                0x08002870       0x5c ..\obj\os_prio.o
                0x08002870                OS_PrioRemove
 .text.OSInit   0x080028cc      0x218 ..\obj\os_core.o
                0x080028cc                OSInit
 .text.OSIntEnter
                0x08002ae4       0x48 ..\obj\os_core.o
                0x08002ae4                OSIntEnter
 .text.OSIntExit
                0x08002b2c      0x124 ..\obj\os_core.o
                0x08002b2c                OSIntExit
 .text.OSSched  0x08002c50       0xd8 ..\obj\os_core.o
                0x08002c50                OSSched
 .text.OSSchedLock
                0x08002d28       0x90 ..\obj\os_core.o
                0x08002d28                OSSchedLock
 .text.OSSchedUnlock
                0x08002db8       0xb0 ..\obj\os_core.o
                0x08002db8                OSSchedUnlock
 .text.OSStart  0x08002e68       0xac ..\obj\os_core.o
                0x08002e68                OSStart
 .text.OS_IdleTask
                0x08002f14       0x54 ..\obj\os_core.o
                0x08002f14                OS_IdleTask
 .text.OS_IdleTaskInit
                0x08002f68       0x84 ..\obj\os_core.o
                0x08002f68                OS_IdleTaskInit
 .text.OS_Pend  0x08002fec       0xb4 ..\obj\os_core.o
                0x08002fec                OS_Pend
 .text.OS_PendDataInit
                0x080030a0       0x7c ..\obj\os_core.o
                0x080030a0                OS_PendDataInit
 .text.OS_PendDbgNameAdd
                0x0800311c       0x84 ..\obj\os_core.o
                0x0800311c                OS_PendDbgNameAdd
 .text.OS_PendDbgNameRemove
                0x080031a0       0x54 ..\obj\os_core.o
                0x080031a0                OS_PendDbgNameRemove
 .text.OS_PendListInsertPrio
                0x080031f4       0xf4 ..\obj\os_core.o
                0x080031f4                OS_PendListInsertPrio
 .text.OS_PendListRemove
                0x080032e8       0x5c ..\obj\os_core.o
                0x080032e8                OS_PendListRemove
 .text.OS_PendListRemove1
                0x08003344       0xa0 ..\obj\os_core.o
                0x08003344                OS_PendListRemove1
 .text.OS_Post  0x080033e4      0x11c ..\obj\os_core.o
                0x080033e4                OS_Post
 .text.OS_Post1
                0x08003500       0x60 ..\obj\os_core.o
                0x08003500                OS_Post1
 .text.OS_RdyListInit
                0x08003560       0x5c ..\obj\os_core.o
                0x08003560                OS_RdyListInit
 .text.OS_RdyListInsert
                0x080035bc       0x40 ..\obj\os_core.o
                0x080035bc                OS_RdyListInsert
 .text.OS_RdyListInsertHead
                0x080035fc       0x94 ..\obj\os_core.o
                0x080035fc                OS_RdyListInsertHead
 .text.OS_RdyListInsertTail
                0x08003690       0x90 ..\obj\os_core.o
                0x08003690                OS_RdyListInsertTail
 .text.OS_RdyListRemove
                0x08003720       0xc8 ..\obj\os_core.o
                0x08003720                OS_RdyListRemove
 .text.OS_TaskBlock
                0x080037e8       0x58 ..\obj\os_core.o
                0x080037e8                OS_TaskBlock
 .text.OS_TaskRdy
                0x08003840       0x2c ..\obj\os_core.o
                0x08003840                OS_TaskRdy
 .text.OSStatReset
                0x0800386c      0x158 ..\obj\os_stat.o
                0x0800386c                OSStatReset
 .text.OSStatTaskCPUUsageInit
                0x080039c4      0x144 ..\obj\os_stat.o
                0x080039c4                OSStatTaskCPUUsageInit
 .text.OS_StatTask
                0x08003b08      0x404 ..\obj\os_stat.o
                0x08003b08                OS_StatTask
 .text.OS_StatTaskInit
                0x08003f0c      0x114 ..\obj\os_stat.o
                0x08003f0c                OS_StatTaskInit
 .text.OS_MemInit
                0x08004020       0x38 ..\obj\os_mem.o
                0x08004020                OS_MemInit
 .text.BSP_PeriphEn
                0x08004058      0x328 ..\obj\bsp_periph.o
                0x08004058                BSP_PeriphEn
 .text.GPIO_Init
                0x08004380      0x2c0 ..\obj\stm32f4xx_gpio.o
                0x08004380                GPIO_Init
 .text.FLASH_SetLatency
                0x08004640       0x90 ..\obj\stm32f4xx_flash.o
                0x08004640                FLASH_SetLatency
 .text.FLASH_PrefetchBufferCmd
                0x080046d0       0x68 ..\obj\stm32f4xx_flash.o
                0x080046d0                FLASH_PrefetchBufferCmd
 .text.Math_Init
                0x08004738       0x10 ..\obj\lib_math.o
                0x08004738                Math_Init
 .text.Math_RandSetSeed
                0x08004748       0x30 ..\obj\lib_math.o
                0x08004748                Math_RandSetSeed
 .text.SystemInit
                0x08004778       0xb0 ..\obj\system_stm32f4xx.o
                0x08004778                SystemInit
 .text.SetSysClock
                0x08004828      0x1e0 ..\obj\system_stm32f4xx.o
 .text.OSCfg_Init
                0x08004a08        0xc ..\obj\os_cfg_app.o
                0x08004a08                OSCfg_Init
 .text.OS_QInit
                0x08004a14       0x38 ..\obj\os_q.o
                0x08004a14                OS_QInit
 .text.OSTaskCreate
                0x08004a4c      0x22c ..\obj\os_task.o
                0x08004a4c                OSTaskCreate
 .text.OSTaskDel
                0x08004c78      0x150 ..\obj\os_task.o
                0x08004c78                OSTaskDel
 .text.OSTaskResume
                0x08004dc8       0x6c ..\obj\os_task.o
                0x08004dc8                OSTaskResume
 .text.OSTaskSemPend
                0x08004e34      0x278 ..\obj\os_task.o
                0x08004e34                OSTaskSemPend
 .text.OSTaskSemPost
                0x080050ac       0x50 ..\obj\os_task.o
                0x080050ac                OSTaskSemPost
 .text.OSTaskStkChk
                0x080050fc      0x108 ..\obj\os_task.o
                0x080050fc                OSTaskStkChk
 .text.OSTaskSuspend
                0x08005204       0x4c ..\obj\os_task.o
                0x08005204                OSTaskSuspend
 .text.OS_TaskDbgListAdd
                0x08005250       0x64 ..\obj\os_task.o
                0x08005250                OS_TaskDbgListAdd
 .text.OS_TaskDbgListRemove
                0x080052b4       0x90 ..\obj\os_task.o
                0x080052b4                OS_TaskDbgListRemove
 .text.OS_TaskInit
                0x08005344       0x44 ..\obj\os_task.o
                0x08005344                OS_TaskInit
 .text.OS_TaskInitTCB
                0x08005388      0x204 ..\obj\os_task.o
                0x08005388                OS_TaskInitTCB
 .text.OS_TaskResume
                0x0800558c      0x13c ..\obj\os_task.o
                0x0800558c                OS_TaskResume
 .text.OS_TaskReturn
                0x080056c8       0x2c ..\obj\os_task.o
                0x080056c8                OS_TaskReturn
 .text.OS_TaskSemPost
                0x080056f4      0x134 ..\obj\os_task.o
                0x080056f4                OS_TaskSemPost
 .text.OS_TaskSuspend
                0x08005828      0x13c ..\obj\os_task.o
                0x08005828                OS_TaskSuspend
 .text.Reset_Handler
                0x08005964       0x48 ..\obj\cstartup.o
                0x08005964                Reset_Handler
 .text.App_NMI_ISR
                0x080059ac        0x2 ..\obj\cstartup.o
 .text.App_Fault_ISR
                0x080059ae        0x2 ..\obj\cstartup.o
 .text.App_MemFault_ISR
                0x080059b0        0x2 ..\obj\cstartup.o
 .text.App_BusFault_ISR
                0x080059b2        0x2 ..\obj\cstartup.o
 .text.App_UsageFault_ISR
                0x080059b4        0x2 ..\obj\cstartup.o
 .text.App_Spurious_ISR
                0x080059b6        0x2 ..\obj\cstartup.o
 .text.OS_MutexInit
                0x080059b8       0x38 ..\obj\os_mutex.o
                0x080059b8                OS_MutexInit
 .text.BSP_Init
                0x080059f0       0x90 ..\obj\bsp.o
                0x080059f0                BSP_Init
 .text.BSP_CPU_ClkFreq
                0x08005a80       0x1c ..\obj\bsp.o
                0x08005a80                BSP_CPU_ClkFreq
 .text.BSP_Tick_Init
                0x08005a9c       0x30 ..\obj\bsp.o
                0x08005a9c                BSP_Tick_Init
 .text.BSP_LED_Init
                0x08005acc       0x80 ..\obj\bsp.o
 .text.CPU_TS_TmrInit
                0x08005b4c       0x5c ..\obj\bsp.o
                0x08005b4c                CPU_TS_TmrInit
 .text.CPU_TS_TmrRd
                0x08005ba8       0x20 ..\obj\bsp.o
                0x08005ba8                CPU_TS_TmrRd
 .text.OS_TmrInit
                0x08005bc8      0x1ac ..\obj\os_tmr.o
                0x08005bc8                OS_TmrInit
 .text.OS_TmrLink
                0x08005d74      0x19c ..\obj\os_tmr.o
                0x08005d74                OS_TmrLink
 .text.OS_TmrResetPeak
                0x08005f10       0x4c ..\obj\os_tmr.o
                0x08005f10                OS_TmrResetPeak
 .text.OS_TmrUnlink
                0x08005f5c       0xac ..\obj\os_tmr.o
                0x08005f5c                OS_TmrUnlink
 .text.OS_TmrTask
                0x08006008      0x13c ..\obj\os_tmr.o
                0x08006008                OS_TmrTask
 .text.__libc_init_array
                0x08006144       0x48 ..\..\..\..\..\..\..\..\..\Program Files (x86)\GNU Tools ARM Embedded\4.6 2012q2\arm-none-eabi\lib\armv7e-m\fpu\libg.a(lib_a-init.o)
                0x08006144                __libc_init_array
 *(.glue_7t)
 .glue_7t       0x00000000        0x0 linker stubs
 *(.glue_7)
 .glue_7        0x00000000        0x0 linker stubs
 *(.rodata .rodata* .gnu.linkonce.r.*)
 .rodata        0x0800618c       0x14 ..\obj\os_tick.o
 .rodata        0x080061a0       0x10 ..\obj\main.o
 .rodata        0x080061b0       0x50 ..\obj\stm32f4xx_rcc.o
 .rodata        0x08006200      0x16c ..\obj\os_dbg.o
                0x08006200                OSDbg_DbgEn
                0x08006201                OSDbg_ArgChkEn
                0x08006202                OSDbg_AppHooksEn
                0x08006204                OSDbg_EndiannessTest
                0x08006208                OSDbg_CalledFromISRChkEn
                0x08006209                OSDbg_FlagEn
                0x0800620c                OSDbg_FlagGrp
                0x08006234                OSDbg_FlagDelEn
                0x08006235                OSDbg_FlagModeClrEn
                0x08006236                OSDbg_FlagPendAbortEn
                0x08006238                OSDbg_FlagGrpSize
                0x0800623a                OSDbg_FlagWidth
                0x0800623c                OSDbg_IntQ
                0x0800623e                OSDbg_ISRPostDeferredEn
                0x08006240                OSDbg_Mem
                0x08006260                OSDbg_MemEn
                0x08006262                OSDbg_MemSize
                0x08006264                OSDbg_MsgEn
                0x08006266                OSDbg_MsgSize
                0x08006268                OSDbg_MsgPoolSize
                0x0800626a                OSDbg_MsgQSize
                0x0800626c                OSDbg_Mutex
                0x08006298                OSDbg_MutexEn
                0x08006299                OSDbg_MutexDelEn
                0x0800629a                OSDbg_MutexPendAbortEn
                0x0800629c                OSDbg_MutexSize
                0x0800629e                OSDbg_ObjTypeChkEn
                0x0800629f                OSDbg_PendMultiEn
                0x080062a0                OSDbg_PendDataSize
                0x080062a2                OSDbg_PendListSize
                0x080062a4                OSDbg_PendObjSize
                0x080062a6                OSDbg_PrioMax
                0x080062a8                OSDbg_PrioTblSize
                0x080062aa                OSDbg_PtrSize
                0x080062ac                OSDbg_Q
                0x080062dc                OSDbg_QEn
                0x080062dd                OSDbg_QDelEn
                0x080062de                OSDbg_QFlushEn
                0x080062df                OSDbg_QPendAbortEn
                0x080062e0                OSDbg_QSize
                0x080062e2                OSDbg_SchedRoundRobinEn
                0x080062e4                OSDbg_Sem
                0x0800630c                OSDbg_SemEn
                0x0800630d                OSDbg_SemDelEn
                0x0800630e                OSDbg_SemPendAbortEn
                0x0800630f                OSDbg_SemSetEn
                0x08006310                OSDbg_SemSize
                0x08006312                OSDbg_RdyList
                0x08006314                OSDbg_RdyListSize
                0x08006318                OSDbg_StkWidth
                0x08006319                OSDbg_StatTaskEn
                0x0800631a                OSDbg_StatTaskStkChkEn
                0x0800631b                OSDbg_TaskChangePrioEn
                0x0800631c                OSDbg_TaskDelEn
                0x0800631d                OSDbg_TaskQEn
                0x0800631e                OSDbg_TaskQPendAbortEn
                0x0800631f                OSDbg_TaskProfileEn
                0x08006320                OSDbg_TaskRegTblSize
                0x08006322                OSDbg_TaskSemPendAbortEn
                0x08006323                OSDbg_TaskSuspendEn
                0x08006324                OSDbg_TCBSize
                0x08006326                OSDbg_TickSpokeSize
                0x08006328                OSDbg_TimeDlyHMSMEn
                0x08006329                OSDbg_TimeDlyResumeEn
                0x0800632a                OSDbg_TLS_TblSize
                0x0800632c                OSDbg_Tmr
                0x08006360                OSDbg_TmrEn
                0x08006361                OSDbg_TmrDelEn
                0x08006362                OSDbg_TmrSize
                0x08006364                OSDbg_TmrSpokeSize
                0x08006366                OSDbg_VersionNbr
                0x08006368                OSDbg_DataSize
 .rodata        0x0800636c       0x2c ..\obj\os_core.o
 .rodata        0x08006398       0x14 ..\obj\os_stat.o
 .rodata        0x080063ac       0x50 ..\obj\stm32f4xx_gpio.o
 .rodata        0x080063fc       0x50 ..\obj\stm32f4xx_flash.o
 .rodata        0x0800644c       0xa4 ..\obj\os_cfg_app.o
                0x0800644c                OSCfg_IdleTaskStkBasePtr
                0x08006450                OSCfg_IdleTaskStkLimit
                0x08006454                OSCfg_IdleTaskStkSize
                0x08006458                OSCfg_IdleTaskStkSizeRAM
                0x0800645c                OSCfg_IntQBasePtr
                0x08006460                OSCfg_IntQSize
                0x08006464                OSCfg_IntQSizeRAM
                0x08006468                OSCfg_IntQTaskStkBasePtr
                0x0800646c                OSCfg_IntQTaskStkLimit
                0x08006470                OSCfg_IntQTaskStkSize
                0x08006474                OSCfg_IntQTaskStkSizeRAM
                0x08006478                OSCfg_ISRStkBasePtr
                0x0800647c                OSCfg_ISRStkSize
                0x08006480                OSCfg_ISRStkSizeRAM
                0x08006484                OSCfg_MsgPoolSize
                0x08006488                OSCfg_MsgPoolSizeRAM
                0x0800648c                OSCfg_MsgPoolBasePtr
                0x08006490                OSCfg_StatTaskPrio
                0x08006494                OSCfg_StatTaskRate_Hz
                0x08006498                OSCfg_StatTaskStkBasePtr
                0x0800649c                OSCfg_StatTaskStkLimit
                0x080064a0                OSCfg_StatTaskStkSize
                0x080064a4                OSCfg_StatTaskStkSizeRAM
                0x080064a8                OSCfg_StkSizeMin
                0x080064ac                OSCfg_TickRate_Hz
                0x080064b0                OSCfg_TickTaskPrio
                0x080064b4                OSCfg_TickTaskStkBasePtr
                0x080064b8                OSCfg_TickTaskStkLimit
                0x080064bc                OSCfg_TickTaskStkSize
                0x080064c0                OSCfg_TickTaskStkSizeRAM
                0x080064c4                OSCfg_TickWheelSize
                0x080064c8                OSCfg_TickWheelSizeRAM
                0x080064cc                OSCfg_TmrTaskPrio
                0x080064d0                OSCfg_TmrTaskRate_Hz
                0x080064d4                OSCfg_TmrTaskStkBasePtr
                0x080064d8                OSCfg_TmrTaskStkLimit
                0x080064dc                OSCfg_TmrTaskStkSize
                0x080064e0                OSCfg_TmrTaskStkSizeRAM
                0x080064e4                OSCfg_TmrWheelSize
                0x080064e8                OSCfg_TmrWheelSizeRAM
                0x080064ec                OSCfg_DataSizeRAM
 .rodata        0x080064f0        0xc ..\obj\os_task.o
 .rodata        0x080064fc       0x20 ..\obj\os_tmr.o

.vfp11_veneer   0x0800651c        0x0
 .vfp11_veneer  0x00000000        0x0 linker stubs

.v4_bx          0x0800651c        0x0
 .v4_bx         0x00000000        0x0 linker stubs

.init           0x0800651c        0x4
 .init          0x0800651c        0x4 c:/program files (x86)/gnu tools arm embedded/4.6 2012q2/bin/../lib/gcc/arm-none-eabi/4.6.2/armv7e-m/fpu/crti.o
                0x0800651c                _init

.ARM.extab
 *(.ARM.extab* .gnu.linkonce.armextab.*)
                0x08006520                __exidx_start = .

.ARM.exidx
 *(.ARM.exidx* .gnu.linkonce.armexidx.*)
                0x08006520                __exidx_end = .
                0x08006520                . = ALIGN (0x4)
                0x08006520                _etext = .
                0x08006520                _sidata = .

.data           0x20000000       0x10 load address 0x08006520
                0x20000000                _sdata = .
 *(.data .data.*)
 .data          0x20000000       0x10 ..\obj\stm32f4xx_rcc.o
                0x20000010                . = ALIGN (0x4)
                0x20000010                _edata = .

.bss            0x20000010     0x7c70 load address 0x08006530
                0x20000010                _sbss = .
 *(.bss .bss.*)
 .bss           0x20000010      0x148 ..\obj\bsp_int.o
 .bss           0x20000158      0x4c0 ..\obj\main.o
 *(COMMON)
 COMMON         0x20000618     0x5c4c ..\obj\lib_mem.o
                0x20000618                Mem_PoolHeap
                0x20000660                Mem_Heap
                0x20006260                Mem_PoolTbl
 COMMON         0x20006264        0x4 ..\obj\os_cpu_c.o
                0x20006264                OS_CPU_ExceptStkBase
 COMMON         0x20006268       0x14 ..\obj\cpu_core.o
                0x20006268                CPU_TS_TmrFreq_Hz
                0x2000626c                CPU_Name
 COMMON         0x2000627c      0x6b0 ..\obj\os_var.o
                0x2000627c                OSSchedLockNestingCtr
                0x20006280                OS_AppTaskReturnHookPtr
                0x20006284                OSStatTaskTimeMax
                0x20006288                OSStatTaskCtr
                0x2000628c                OSTaskRegNextAvailID
                0x2000628d                OSRunning
                0x20006290                OSRdyList
                0x20006590                OSPrioHighRdy
                0x20006591                OSStatTaskRdy
                0x20006594                OSSemDbgListPtr
                0x20006598                OS_AppTaskCreateHookPtr
                0x2000659c                OSPrioCur
                0x200065a0                OSTickTaskTCB
                0x20006660                OSTmrTickCtr
                0x20006664                OSTCBCurPtr
                0x20006668                OSQQty
                0x2000666a                OSStatTaskCPUUsageMax
                0x2000666c                OSPrioSaved
                0x20006670                OSTCBHighRdyPtr
                0x20006674                OSTaskDbgListPtr
                0x20006678                OSTmrTaskTimeMax
                0x2000667c                OS_AppTaskDelHookPtr
                0x20006680                OS_AppTimeTickHookPtr
                0x20006684                OSTaskCtxSwCtr
                0x20006688                OSStatTaskCPUUsage
                0x2000668a                OSIntNestingCtr
                0x2000668c                OSTaskQty
                0x20006690                OSTmrTaskTCB
                0x20006750                OSMsgPool
                0x2000675c                OSIdleTaskTCB
                0x2000681c                OSQDbgListPtr
                0x20006820                OSSemQty
                0x20006824                OSMemDbgListPtr
                0x20006828                OS_AppIdleTaskHookPtr
                0x2000682c                OSStatTaskCtrMax
                0x20006830                OSTickCtr
                0x20006834                OS_AppTaskSwHookPtr
                0x20006838                OSTmrQty
                0x2000683c                OSIdleTaskCtr
                0x20006840                OSStatTaskCtrRun
                0x20006844                OS_AppStatTaskHookPtr
                0x20006848                OSFlagQty
                0x2000684c                OSFlagDbgListPtr
                0x20006850                OSStatResetFlag
                0x20006852                OSMemQty
                0x20006854                OSMutexQty
                0x20006858                OSStatTaskTCB
                0x20006918                OSTmrDbgListPtr
                0x2000691c                OSTickTaskTimeMax
                0x20006920                OSTmrUpdateCnt
                0x20006924                OSMutexDbgListPtr
                0x20006928                OSTmrUpdateCtr
 COMMON         0x2000692c        0x8 ..\obj\os_prio.o
                0x2000692c                OSPrioTbl
 COMMON         0x20006934        0x4 ..\obj\lib_math.o
                0x20006934                Math_RandSeedCur
 COMMON         0x20006938     0x1348 ..\obj\os_cfg_app.o
                0x20006938                OSCfg_StatTaskStk
                0x20006b38                OSCfg_TickWheel
                0x20006bb8                OSCfg_MsgPool
                0x200071f8                OSCfg_TmrTaskStk
                0x200073f8                OSCfg_TmrWheel
                0x20007480                OSCfg_ISRStk
                0x20007880                OSCfg_TickTaskStk
                0x20007a80                OSCfg_IdleTaskStk
                0x20007c80                . = ALIGN (0x4)
                0x20007c80                _ebss = .

.co_stack       0x20007c80        0x0
                0x20007c80                . = ALIGN (0x8)
 *(.co_stack .co_stack.*)
                0x20007c80                . = ALIGN (0x4)
                0x20007c80                _end = .
LOAD ..\obj\os_pend_multi.o
LOAD ..\obj\stm32f4xx_syscfg.o
LOAD ..\obj\cpu_a.o
LOAD ..\obj\os_time.o
LOAD ..\obj\os_cpu_a.o
LOAD ..\obj\stm32f4xx_sdio.o
LOAD ..\obj\bsp_int.o
LOAD ..\obj\stm32f4xx_cryp_aes.o
LOAD ..\obj\cpu_c.o
LOAD ..\obj\stm32f4xx_hash.o
LOAD ..\obj\stm32f4xx_dma2d.o
LOAD ..\obj\lib_mem.o
LOAD ..\obj\stm32f4xx_hash_sha1.o
LOAD ..\obj\os_cpu_c.o
LOAD ..\obj\cpu_core.o
LOAD ..\obj\stm32f4xx_usart.o
LOAD ..\obj\stm32f4xx_pwr.o
LOAD ..\obj\os_flag.o
LOAD ..\obj\stm32f4xx_can.o
LOAD ..\obj\os_tick.o
LOAD ..\obj\stm32f4xx_wwdg.o
LOAD ..\obj\stm32f4xx_hash_md5.o
LOAD ..\obj\stm32f4xx_dac.o
LOAD ..\obj\stm32f4xx_ltdc.o
LOAD ..\obj\os_var.o
LOAD ..\obj\os_msg.o
LOAD ..\obj\lib_str.o
LOAD ..\obj\stm32f4xx_crc.o
LOAD ..\obj\stm32f4xx_iwdg.o
LOAD ..\obj\main.o
LOAD ..\obj\stm32f4xx_rcc.o
LOAD ..\obj\serial_drv_stm32.o
LOAD ..\obj\lib_ascii.o
LOAD ..\obj\stm32f4xx_adc.o
LOAD ..\obj\os_dbg.o
LOAD ..\obj\stm32f4xx_dcmi.o
LOAD ..\obj\serial_line_tty.o
LOAD ..\obj\os_sem.o
LOAD ..\obj\serial_buf.o
LOAD ..\obj\os_prio.o
LOAD ..\obj\bsp_os.o
LOAD ..\obj\os_core.o
LOAD ..\obj\stm32f4xx_cryp_des.o
LOAD ..\obj\os_stat.o
LOAD ..\obj\stm32f4xx_cryp.o
LOAD ..\obj\stm32f4xx_fsmc.o
LOAD ..\obj\serial_os.o
LOAD ..\obj\os_mem.o
LOAD ..\obj\bsp_periph.o
LOAD ..\obj\stm32f4xx_gpio.o
LOAD ..\obj\stm32f4xx_flash.o
LOAD ..\obj\lib_math.o
LOAD ..\obj\stm32f4xx_sai.o
LOAD ..\obj\system_stm32f4xx.o
LOAD ..\obj\syscalls.o
LOAD ..\obj\stm32f4xx_dma.o
LOAD ..\obj\serial_line_probe.o
LOAD ..\obj\os_cfg_app.o
LOAD ..\obj\os_q.o
LOAD ..\obj\os_task.o
LOAD ..\obj\os_app_hooks.o
LOAD ..\obj\cstartup.o
LOAD ..\obj\os_mutex.o
LOAD ..\obj\stm32f4xx_spi.o
LOAD ..\obj\bsp.o
LOAD ..\obj\stm32f4xx_i2c.o
LOAD ..\obj\serial_bsp_stm3240x.o
LOAD ..\obj\stm32f4xx_rng.o
LOAD ..\obj\stm32f4xx_exti.o
LOAD ..\obj\os_tmr.o
LOAD ..\obj\misc.o
LOAD ..\obj\serial.o
LOAD ..\obj\os_int.o
LOAD ..\obj\serial_line_dflt.o
LOAD ..\obj\stm32f4xx_rtc.o
LOAD ..\obj\lib_mem_a.o
LOAD ..\obj\stm32f4xx_cryp_tdes.o
LOAD ..\obj\stm32f4xx_tim.o
LOAD ..\obj\stm32f4xx_dbgmcu.o
LOAD ..\..\..\..\..\..\..\..\..\Program Files (x86)\GNU Tools ARM Embedded\4.6 2012q2\arm-none-eabi\lib\armv7e-m\fpu\libm.a
START GROUP
LOAD c:/program files (x86)/gnu tools arm embedded/4.6 2012q2/bin/../lib/gcc/arm-none-eabi/4.6.2/armv7e-m/fpu\libgcc.a
LOAD ..\..\..\..\..\..\..\..\..\Program Files (x86)\GNU Tools ARM Embedded\4.6 2012q2\arm-none-eabi\lib\armv7e-m\fpu\libg.a
LOAD ..\..\..\..\..\..\..\..\..\Program Files (x86)\GNU Tools ARM Embedded\4.6 2012q2\arm-none-eabi\lib\armv7e-m\fpu\libc.a
END GROUP
LOAD c:/program files (x86)/gnu tools arm embedded/4.6 2012q2/bin/../lib/gcc/arm-none-eabi/4.6.2/armv7e-m/fpu/crtend.o
LOAD c:/program files (x86)/gnu tools arm embedded/4.6 2012q2/bin/../lib/gcc/arm-none-eabi/4.6.2/armv7e-m/fpu/crtn.o
OUTPUT(Project.elf elf32-littlearm)

.ARM.attributes
                0x00000000       0x32
 .ARM.attributes
                0x00000000       0x24 c:/program files (x86)/gnu tools arm embedded/4.6 2012q2/bin/../lib/gcc/arm-none-eabi/4.6.2/armv7e-m/fpu/crti.o
 .ARM.attributes
                0x00000024       0x36 c:/program files (x86)/gnu tools arm embedded/4.6 2012q2/bin/../lib/gcc/arm-none-eabi/4.6.2/armv7e-m/fpu/crtbegin.o
 .ARM.attributes
                0x0000005a       0x22 c:/program files (x86)/gnu tools arm embedded/4.6 2012q2/bin/../lib/gcc/arm-none-eabi/4.6.2/../../../../arm-none-eabi/lib/armv7e-m/fpu/crt0.o
 .ARM.attributes
                0x0000007c       0x3b ..\obj\os_pend_multi.o
 .ARM.attributes
                0x000000b7       0x3b ..\obj\stm32f4xx_syscfg.o
 .ARM.attributes
                0x000000f2       0x27 ..\obj\cpu_a.o
 .ARM.attributes
                0x00000119       0x3b ..\obj\os_time.o
 .ARM.attributes
                0x00000154       0x27 ..\obj\os_cpu_a.o
 .ARM.attributes
                0x0000017b       0x3b ..\obj\stm32f4xx_sdio.o
 .ARM.attributes
                0x000001b6       0x3b ..\obj\bsp_int.o
 .ARM.attributes
                0x000001f1       0x3b ..\obj\stm32f4xx_cryp_aes.o
 .ARM.attributes
                0x0000022c       0x3b ..\obj\cpu_c.o
 .ARM.attributes
                0x00000267       0x3b ..\obj\stm32f4xx_hash.o
 .ARM.attributes
                0x000002a2       0x3b ..\obj\stm32f4xx_dma2d.o
 .ARM.attributes
                0x000002dd       0x3b ..\obj\lib_mem.o
 .ARM.attributes
                0x00000318       0x3b ..\obj\stm32f4xx_hash_sha1.o
 .ARM.attributes
                0x00000353       0x3b ..\obj\os_cpu_c.o
 .ARM.attributes
                0x0000038e       0x3b ..\obj\cpu_core.o
 .ARM.attributes
                0x000003c9       0x3b ..\obj\stm32f4xx_usart.o
 .ARM.attributes
                0x00000404       0x3b ..\obj\stm32f4xx_pwr.o
 .ARM.attributes
                0x0000043f       0x3b ..\obj\os_flag.o
 .ARM.attributes
                0x0000047a       0x3b ..\obj\stm32f4xx_can.o
 .ARM.attributes
                0x000004b5       0x3b ..\obj\os_tick.o
 .ARM.attributes
                0x000004f0       0x3b ..\obj\stm32f4xx_wwdg.o
 .ARM.attributes
                0x0000052b       0x3b ..\obj\stm32f4xx_hash_md5.o
 .ARM.attributes
                0x00000566       0x3b ..\obj\stm32f4xx_dac.o
 .ARM.attributes
                0x000005a1       0x3b ..\obj\stm32f4xx_ltdc.o
 .ARM.attributes
                0x000005dc       0x3b ..\obj\os_var.o
 .ARM.attributes
                0x00000617       0x3b ..\obj\os_msg.o
 .ARM.attributes
                0x00000652       0x3b ..\obj\lib_str.o
 .ARM.attributes
                0x0000068d       0x3b ..\obj\stm32f4xx_crc.o
 .ARM.attributes
                0x000006c8       0x3b ..\obj\stm32f4xx_iwdg.o
 .ARM.attributes
                0x00000703       0x3b ..\obj\main.o
 .ARM.attributes
                0x0000073e       0x3b ..\obj\stm32f4xx_rcc.o
 .ARM.attributes
                0x00000779       0x3b ..\obj\serial_drv_stm32.o
 .ARM.attributes
                0x000007b4       0x3b ..\obj\lib_ascii.o
 .ARM.attributes
                0x000007ef       0x3b ..\obj\stm32f4xx_adc.o
 .ARM.attributes
                0x0000082a       0x3b ..\obj\os_dbg.o
 .ARM.attributes
                0x00000865       0x3b ..\obj\stm32f4xx_dcmi.o
 .ARM.attributes
                0x000008a0       0x3b ..\obj\serial_line_tty.o
 .ARM.attributes
                0x000008db       0x3b ..\obj\os_sem.o
 .ARM.attributes
                0x00000916       0x3b ..\obj\serial_buf.o
 .ARM.attributes
                0x00000951       0x3b ..\obj\os_prio.o
 .ARM.attributes
                0x0000098c       0x3b ..\obj\bsp_os.o
 .ARM.attributes
                0x000009c7       0x3b ..\obj\os_core.o
 .ARM.attributes
                0x00000a02       0x3b ..\obj\stm32f4xx_cryp_des.o
 .ARM.attributes
                0x00000a3d       0x3b ..\obj\os_stat.o
 .ARM.attributes
                0x00000a78       0x3b ..\obj\stm32f4xx_cryp.o
 .ARM.attributes
                0x00000ab3       0x3b ..\obj\stm32f4xx_fsmc.o
 .ARM.attributes
                0x00000aee       0x3b ..\obj\serial_os.o
 .ARM.attributes
                0x00000b29       0x3b ..\obj\os_mem.o
 .ARM.attributes
                0x00000b64       0x3b ..\obj\bsp_periph.o
 .ARM.attributes
                0x00000b9f       0x3b ..\obj\stm32f4xx_gpio.o
 .ARM.attributes
                0x00000bda       0x3b ..\obj\stm32f4xx_flash.o
 .ARM.attributes
                0x00000c15       0x3b ..\obj\lib_math.o
 .ARM.attributes
                0x00000c50       0x3b ..\obj\stm32f4xx_sai.o
 .ARM.attributes
                0x00000c8b       0x3b ..\obj\system_stm32f4xx.o
 .ARM.attributes
                0x00000cc6       0x3b ..\obj\syscalls.o
 .ARM.attributes
                0x00000d01       0x3b ..\obj\stm32f4xx_dma.o
 .ARM.attributes
                0x00000d3c       0x3b ..\obj\serial_line_probe.o
 .ARM.attributes
                0x00000d77       0x3b ..\obj\os_cfg_app.o
 .ARM.attributes
                0x00000db2       0x3b ..\obj\os_q.o
 .ARM.attributes
                0x00000ded       0x3b ..\obj\os_task.o
 .ARM.attributes
                0x00000e28       0x3b ..\obj\os_app_hooks.o
 .ARM.attributes
                0x00000e63       0x21 ..\obj\cstartup.o
 .ARM.attributes
                0x00000e84       0x3b ..\obj\os_mutex.o
 .ARM.attributes
                0x00000ebf       0x3b ..\obj\stm32f4xx_spi.o
 .ARM.attributes
                0x00000efa       0x3b ..\obj\bsp.o
 .ARM.attributes
                0x00000f35       0x3b ..\obj\stm32f4xx_i2c.o
 .ARM.attributes
                0x00000f70       0x3b ..\obj\serial_bsp_stm3240x.o
 .ARM.attributes
                0x00000fab       0x3b ..\obj\stm32f4xx_rng.o
 .ARM.attributes
                0x00000fe6       0x3b ..\obj\stm32f4xx_exti.o
 .ARM.attributes
                0x00001021       0x3b ..\obj\os_tmr.o
 .ARM.attributes
                0x0000105c       0x3b ..\obj\misc.o
 .ARM.attributes
                0x00001097       0x3b ..\obj\serial.o
 .ARM.attributes
                0x000010d2       0x3b ..\obj\os_int.o
 .ARM.attributes
                0x0000110d       0x3b ..\obj\serial_line_dflt.o
 .ARM.attributes
                0x00001148       0x3b ..\obj\stm32f4xx_rtc.o
 .ARM.attributes
                0x00001183       0x27 ..\obj\lib_mem_a.o
 .ARM.attributes
                0x000011aa       0x3b ..\obj\stm32f4xx_cryp_tdes.o
 .ARM.attributes
                0x000011e5       0x3b ..\obj\stm32f4xx_tim.o
 .ARM.attributes
                0x00001220       0x3b ..\obj\stm32f4xx_dbgmcu.o
 .ARM.attributes
                0x0000125b       0x24 c:/program files (x86)/gnu tools arm embedded/4.6 2012q2/bin/../lib/gcc/arm-none-eabi/4.6.2/armv7e-m/fpu\libgcc.a(_aeabi_uldivmod.o)
 .ARM.attributes
                0x0000127f       0x36 c:/program files (x86)/gnu tools arm embedded/4.6 2012q2/bin/../lib/gcc/arm-none-eabi/4.6.2/armv7e-m/fpu\libgcc.a(bpabi.o)
 .ARM.attributes
                0x000012b5       0x36 c:/program files (x86)/gnu tools arm embedded/4.6 2012q2/bin/../lib/gcc/arm-none-eabi/4.6.2/armv7e-m/fpu\libgcc.a(unwind-arm.o)
 .ARM.attributes
                0x000012eb       0x24 c:/program files (x86)/gnu tools arm embedded/4.6 2012q2/bin/../lib/gcc/arm-none-eabi/4.6.2/armv7e-m/fpu\libgcc.a(libunwind.o)
 .ARM.attributes
                0x0000130f       0x36 c:/program files (x86)/gnu tools arm embedded/4.6 2012q2/bin/../lib/gcc/arm-none-eabi/4.6.2/armv7e-m/fpu\libgcc.a(pr-support.o)
 .ARM.attributes
                0x00001345       0x24 c:/program files (x86)/gnu tools arm embedded/4.6 2012q2/bin/../lib/gcc/arm-none-eabi/4.6.2/armv7e-m/fpu\libgcc.a(_dvmd_tls.o)
 .ARM.attributes
                0x00001369       0x36 c:/program files (x86)/gnu tools arm embedded/4.6 2012q2/bin/../lib/gcc/arm-none-eabi/4.6.2/armv7e-m/fpu\libgcc.a(_divdi3.o)
 .ARM.attributes
                0x0000139f       0x36 c:/program files (x86)/gnu tools arm embedded/4.6 2012q2/bin/../lib/gcc/arm-none-eabi/4.6.2/armv7e-m/fpu\libgcc.a(_udivdi3.o)
 .ARM.attributes
                0x000013d5       0x36 ..\..\..\..\..\..\..\..\..\Program Files (x86)\GNU Tools ARM Embedded\4.6 2012q2\arm-none-eabi\lib\armv7e-m\fpu\libg.a(lib_a-atexit.o)
 .ARM.attributes
                0x0000140b       0x36 ..\..\..\..\..\..\..\..\..\Program Files (x86)\GNU Tools ARM Embedded\4.6 2012q2\arm-none-eabi\lib\armv7e-m\fpu\libg.a(lib_a-exit.o)
 .ARM.attributes
                0x00001441       0x36 ..\..\..\..\..\..\..\..\..\Program Files (x86)\GNU Tools ARM Embedded\4.6 2012q2\arm-none-eabi\lib\armv7e-m\fpu\libg.a(lib_a-fini.o)
 .ARM.attributes
                0x00001477       0x36 ..\..\..\..\..\..\..\..\..\Program Files (x86)\GNU Tools ARM Embedded\4.6 2012q2\arm-none-eabi\lib\armv7e-m\fpu\libg.a(lib_a-impure.o)
 .ARM.attributes
                0x000014ad       0x36 ..\..\..\..\..\..\..\..\..\Program Files (x86)\GNU Tools ARM Embedded\4.6 2012q2\arm-none-eabi\lib\armv7e-m\fpu\libg.a(lib_a-init.o)
 .ARM.attributes
                0x000014e3       0x36 ..\..\..\..\..\..\..\..\..\Program Files (x86)\GNU Tools ARM Embedded\4.6 2012q2\arm-none-eabi\lib\armv7e-m\fpu\libg.a(lib_a-memcpy.o)
 .ARM.attributes
                0x00001519       0x36 ..\..\..\..\..\..\..\..\..\Program Files (x86)\GNU Tools ARM Embedded\4.6 2012q2\arm-none-eabi\lib\armv7e-m\fpu\libg.a(lib_a-memset.o)
 .ARM.attributes
                0x0000154f       0x36 ..\..\..\..\..\..\..\..\..\Program Files (x86)\GNU Tools ARM Embedded\4.6 2012q2\arm-none-eabi\lib\armv7e-m\fpu\libg.a(lib_a-__atexit.o)
 .ARM.attributes
                0x00001585       0x36 ..\..\..\..\..\..\..\..\..\Program Files (x86)\GNU Tools ARM Embedded\4.6 2012q2\arm-none-eabi\lib\armv7e-m\fpu\libg.a(lib_a-__call_atexit.o)
 .ARM.attributes
                0x000015bb       0x36 c:/program files (x86)/gnu tools arm embedded/4.6 2012q2/bin/../lib/gcc/arm-none-eabi/4.6.2/armv7e-m/fpu/crtend.o
 .ARM.attributes
                0x000015f1       0x24 c:/program files (x86)/gnu tools arm embedded/4.6 2012q2/bin/../lib/gcc/arm-none-eabi/4.6.2/armv7e-m/fpu/crtn.o

.comment        0x00000000       0x70
 .comment       0x00000000       0x70 ..\obj\os_pend_multi.o
                                 0x71 (size before relaxing)
 .comment       0x00000000       0x71 ..\obj\stm32f4xx_syscfg.o
 .comment       0x00000000       0x71 ..\obj\os_time.o
 .comment       0x00000000       0x71 ..\obj\stm32f4xx_sdio.o
 .comment       0x00000000       0x71 ..\obj\bsp_int.o
 .comment       0x00000000       0x71 ..\obj\stm32f4xx_cryp_aes.o
 .comment       0x00000000       0x71 ..\obj\cpu_c.o
 .comment       0x00000000       0x71 ..\obj\stm32f4xx_hash.o
 .comment       0x00000000       0x71 ..\obj\stm32f4xx_dma2d.o
 .comment       0x00000000       0x71 ..\obj\lib_mem.o
 .comment       0x00000000       0x71 ..\obj\stm32f4xx_hash_sha1.o
 .comment       0x00000000       0x71 ..\obj\os_cpu_c.o
 .comment       0x00000000       0x71 ..\obj\cpu_core.o
 .comment       0x00000000       0x71 ..\obj\stm32f4xx_usart.o
 .comment       0x00000000       0x71 ..\obj\stm32f4xx_pwr.o
 .comment       0x00000000       0x71 ..\obj\os_flag.o
 .comment       0x00000000       0x71 ..\obj\stm32f4xx_can.o
 .comment       0x00000000       0x71 ..\obj\os_tick.o
 .comment       0x00000000       0x71 ..\obj\stm32f4xx_wwdg.o
 .comment       0x00000000       0x71 ..\obj\stm32f4xx_hash_md5.o
 .comment       0x00000000       0x71 ..\obj\stm32f4xx_dac.o
 .comment       0x00000000       0x71 ..\obj\stm32f4xx_ltdc.o
 .comment       0x00000000       0x71 ..\obj\os_var.o
 .comment       0x00000000       0x71 ..\obj\os_msg.o
 .comment       0x00000000       0x71 ..\obj\lib_str.o
 .comment       0x00000000       0x71 ..\obj\stm32f4xx_crc.o
 .comment       0x00000000       0x71 ..\obj\stm32f4xx_iwdg.o
 .comment       0x00000000       0x71 ..\obj\main.o
 .comment       0x00000000       0x71 ..\obj\stm32f4xx_rcc.o
 .comment       0x00000000       0x71 ..\obj\serial_drv_stm32.o
 .comment       0x00000000       0x71 ..\obj\lib_ascii.o
 .comment       0x00000000       0x71 ..\obj\stm32f4xx_adc.o
 .comment       0x00000000       0x71 ..\obj\os_dbg.o
 .comment       0x00000000       0x71 ..\obj\stm32f4xx_dcmi.o
 .comment       0x00000000       0x71 ..\obj\serial_line_tty.o
 .comment       0x00000000       0x71 ..\obj\os_sem.o
 .comment       0x00000000       0x71 ..\obj\serial_buf.o
 .comment       0x00000000       0x71 ..\obj\os_prio.o
 .comment       0x00000000       0x71 ..\obj\bsp_os.o
 .comment       0x00000000       0x71 ..\obj\os_core.o
 .comment       0x00000000       0x71 ..\obj\stm32f4xx_cryp_des.o
 .comment       0x00000000       0x71 ..\obj\os_stat.o
 .comment       0x00000000       0x71 ..\obj\stm32f4xx_cryp.o
 .comment       0x00000000       0x71 ..\obj\stm32f4xx_fsmc.o
 .comment       0x00000000       0x71 ..\obj\serial_os.o
 .comment       0x00000000       0x71 ..\obj\os_mem.o
 .comment       0x00000000       0x71 ..\obj\bsp_periph.o
 .comment       0x00000000       0x71 ..\obj\stm32f4xx_gpio.o
 .comment       0x00000000       0x71 ..\obj\stm32f4xx_flash.o
 .comment       0x00000000       0x71 ..\obj\lib_math.o
 .comment       0x00000000       0x71 ..\obj\stm32f4xx_sai.o
 .comment       0x00000000       0x71 ..\obj\system_stm32f4xx.o
 .comment       0x00000000       0x71 ..\obj\syscalls.o
 .comment       0x00000000       0x71 ..\obj\stm32f4xx_dma.o
 .comment       0x00000000       0x71 ..\obj\serial_line_probe.o
 .comment       0x00000000       0x71 ..\obj\os_cfg_app.o
 .comment       0x00000000       0x71 ..\obj\os_q.o
 .comment       0x00000000       0x71 ..\obj\os_task.o
 .comment       0x00000000       0x71 ..\obj\os_app_hooks.o
 .comment       0x00000000       0x71 ..\obj\os_mutex.o
 .comment       0x00000000       0x71 ..\obj\stm32f4xx_spi.o
 .comment       0x00000000       0x71 ..\obj\bsp.o
 .comment       0x00000000       0x71 ..\obj\stm32f4xx_i2c.o
 .comment       0x00000000       0x71 ..\obj\serial_bsp_stm3240x.o
 .comment       0x00000000       0x71 ..\obj\stm32f4xx_rng.o
 .comment       0x00000000       0x71 ..\obj\stm32f4xx_exti.o
 .comment       0x00000000       0x71 ..\obj\os_tmr.o
 .comment       0x00000000       0x71 ..\obj\misc.o
 .comment       0x00000000       0x71 ..\obj\serial.o
 .comment       0x00000000       0x71 ..\obj\os_int.o
 .comment       0x00000000       0x71 ..\obj\serial_line_dflt.o
 .comment       0x00000000       0x71 ..\obj\stm32f4xx_rtc.o
 .comment       0x00000000       0x71 ..\obj\stm32f4xx_cryp_tdes.o
 .comment       0x00000000       0x71 ..\obj\stm32f4xx_tim.o
 .comment       0x00000000       0x71 ..\obj\stm32f4xx_dbgmcu.o

.debug_info     0x00000000    0x32750
 .debug_info    0x00000000     0x1044 ..\obj\os_pend_multi.o
 .debug_info    0x00001044      0x2a2 ..\obj\stm32f4xx_syscfg.o
 .debug_info    0x000012e6       0xb2 ..\obj\cpu_a.o
 .debug_info    0x00001398      0xfc5 ..\obj\os_time.o
 .debug_info    0x0000235d       0xc2 ..\obj\os_cpu_a.o
 .debug_info    0x0000241f      0x8a4 ..\obj\stm32f4xx_sdio.o
 .debug_info    0x00002cc3      0x9c0 ..\obj\bsp_int.o
 .debug_info    0x00003683     0x16a6 ..\obj\stm32f4xx_cryp_aes.o
 .debug_info    0x00004d29      0x3b1 ..\obj\cpu_c.o
 .debug_info    0x000050da      0x5e9 ..\obj\stm32f4xx_hash.o
 .debug_info    0x000056c3      0x8d5 ..\obj\stm32f4xx_dma2d.o
 .debug_info    0x00005f98      0xedd ..\obj\lib_mem.o
 .debug_info    0x00006e75      0x482 ..\obj\stm32f4xx_hash_sha1.o
 .debug_info    0x000072f7      0xaf7 ..\obj\os_cpu_c.o
 .debug_info    0x00007dee      0x585 ..\obj\cpu_core.o
 .debug_info    0x00008373      0xa4f ..\obj\stm32f4xx_usart.o
 .debug_info    0x00008dc2      0x62a ..\obj\stm32f4xx_pwr.o
 .debug_info    0x000093ec     0x134f ..\obj\os_flag.o
 .debug_info    0x0000a73b      0xc62 ..\obj\stm32f4xx_can.o
 .debug_info    0x0000b39d     0x1058 ..\obj\os_tick.o
 .debug_info    0x0000c3f5      0x256 ..\obj\stm32f4xx_wwdg.o
 .debug_info    0x0000c64b      0x448 ..\obj\stm32f4xx_hash_md5.o
 .debug_info    0x0000ca93      0x686 ..\obj\stm32f4xx_dac.o
 .debug_info    0x0000d119      0xde5 ..\obj\stm32f4xx_ltdc.o
 .debug_info    0x0000defe     0x1078 ..\obj\os_var.o
 .debug_info    0x0000ef76      0x94f ..\obj\os_msg.o
 .debug_info    0x0000f8c5      0xda5 ..\obj\lib_str.o
 .debug_info    0x0001066a      0x20b ..\obj\stm32f4xx_crc.o
 .debug_info    0x00010875      0x20b ..\obj\stm32f4xx_iwdg.o
 .debug_info    0x00010a80      0xfa9 ..\obj\main.o
 .debug_info    0x00011a29      0xeff ..\obj\stm32f4xx_rcc.o
 .debug_info    0x00012928      0x9e8 ..\obj\serial_drv_stm32.o
 .debug_info    0x00013310      0x461 ..\obj\lib_ascii.o
 .debug_info    0x00013771      0xcf5 ..\obj\stm32f4xx_adc.o
 .debug_info    0x00014466     0x1bac ..\obj\os_dbg.o
 .debug_info    0x00016012      0x59d ..\obj\stm32f4xx_dcmi.o
 .debug_info    0x000165af      0x897 ..\obj\serial_line_tty.o
 .debug_info    0x00016e46     0x1246 ..\obj\os_sem.o
 .debug_info    0x0001808c      0x4a2 ..\obj\serial_buf.o
 .debug_info    0x0001852e      0x1d7 ..\obj\os_prio.o
 .debug_info    0x00018705      0xf12 ..\obj\bsp_os.o
 .debug_info    0x00019617     0x19f1 ..\obj\os_core.o
 .debug_info    0x0001b008      0x4e5 ..\obj\stm32f4xx_cryp_des.o
 .debug_info    0x0001b4ed     0x11e4 ..\obj\os_stat.o
 .debug_info    0x0001c6d1      0x925 ..\obj\stm32f4xx_cryp.o
 .debug_info    0x0001cff6      0x9b0 ..\obj\stm32f4xx_fsmc.o
 .debug_info    0x0001d9a6     0x113f ..\obj\serial_os.o
 .debug_info    0x0001eae5      0x8e9 ..\obj\os_mem.o
 .debug_info    0x0001f3ce      0x171 ..\obj\bsp_periph.o
 .debug_info    0x0001f53f      0x63c ..\obj\stm32f4xx_gpio.o
 .debug_info    0x0001fb7b      0x9b2 ..\obj\stm32f4xx_flash.o
 .debug_info    0x0002052d      0x184 ..\obj\lib_math.o
 .debug_info    0x000206b1      0x8c6 ..\obj\stm32f4xx_sai.o
 .debug_info    0x00020f77      0x64c ..\obj\system_stm32f4xx.o
 .debug_info    0x000215c3      0x440 ..\obj\syscalls.o
 .debug_info    0x00021a03      0x7ae ..\obj\stm32f4xx_dma.o
 .debug_info    0x000221b1      0x841 ..\obj\serial_line_probe.o
 .debug_info    0x000229f2      0xf24 ..\obj\os_cfg_app.o
 .debug_info    0x00023916     0x1267 ..\obj\os_q.o
 .debug_info    0x00024b7d     0x17d5 ..\obj\os_task.o
 .debug_info    0x00026352      0x98a ..\obj\os_app_hooks.o
 .debug_info    0x00026cdc       0xa3 ..\obj\cstartup.o
 .debug_info    0x00026d7f     0x116d ..\obj\os_mutex.o
 .debug_info    0x00027eec      0xbec ..\obj\stm32f4xx_spi.o
 .debug_info    0x00028ad8      0x55c ..\obj\bsp.o
 .debug_info    0x00029034      0xc30 ..\obj\stm32f4xx_i2c.o
 .debug_info    0x00029c64      0xf5f ..\obj\serial_bsp_stm3240x.o
 .debug_info    0x0002abc3      0x291 ..\obj\stm32f4xx_rng.o
 .debug_info    0x0002ae54      0x379 ..\obj\stm32f4xx_exti.o
 .debug_info    0x0002b1cd     0x1551 ..\obj\os_tmr.o
 .debug_info    0x0002c71e      0x594 ..\obj\misc.o
 .debug_info    0x0002ccb2     0x1b28 ..\obj\serial.o
 .debug_info    0x0002e7da       0x6f ..\obj\os_int.o
 .debug_info    0x0002e849      0x63c ..\obj\serial_line_dflt.o
 .debug_info    0x0002ee85     0x1223 ..\obj\stm32f4xx_rtc.o
 .debug_info    0x000300a8       0xbc ..\obj\lib_mem_a.o
 .debug_info    0x00030164      0x5ca ..\obj\stm32f4xx_cryp_tdes.o
 .debug_info    0x0003072e     0x1e28 ..\obj\stm32f4xx_tim.o
 .debug_info    0x00032556      0x1fa ..\obj\stm32f4xx_dbgmcu.o

.debug_abbrev   0x00000000     0x63fe
 .debug_abbrev  0x00000000      0x16f ..\obj\os_pend_multi.o
 .debug_abbrev  0x0000016f      0x12a ..\obj\stm32f4xx_syscfg.o
 .debug_abbrev  0x00000299       0x14 ..\obj\cpu_a.o
 .debug_abbrev  0x000002ad      0x174 ..\obj\os_time.o
 .debug_abbrev  0x00000421       0x14 ..\obj\os_cpu_a.o
 .debug_abbrev  0x00000435      0x16d ..\obj\stm32f4xx_sdio.o
 .debug_abbrev  0x000005a2      0x15a ..\obj\bsp_int.o
 .debug_abbrev  0x000006fc      0x1c5 ..\obj\stm32f4xx_cryp_aes.o
 .debug_abbrev  0x000008c1      0x108 ..\obj\cpu_c.o
 .debug_abbrev  0x000009c9      0x1ae ..\obj\stm32f4xx_hash.o
 .debug_abbrev  0x00000b77      0x175 ..\obj\stm32f4xx_dma2d.o
 .debug_abbrev  0x00000cec      0x173 ..\obj\lib_mem.o
 .debug_abbrev  0x00000e5f      0x170 ..\obj\stm32f4xx_hash_sha1.o
 .debug_abbrev  0x00000fcf      0x1b6 ..\obj\os_cpu_c.o
 .debug_abbrev  0x00001185      0x158 ..\obj\cpu_core.o
 .debug_abbrev  0x000012dd      0x14e ..\obj\stm32f4xx_usart.o
 .debug_abbrev  0x0000142b      0x175 ..\obj\stm32f4xx_pwr.o
 .debug_abbrev  0x000015a0      0x1a4 ..\obj\os_flag.o
 .debug_abbrev  0x00001744      0x1ac ..\obj\stm32f4xx_can.o
 .debug_abbrev  0x000018f0      0x16f ..\obj\os_tick.o
 .debug_abbrev  0x00001a5f      0x11e ..\obj\stm32f4xx_wwdg.o
 .debug_abbrev  0x00001b7d      0x170 ..\obj\stm32f4xx_hash_md5.o
 .debug_abbrev  0x00001ced      0x172 ..\obj\stm32f4xx_dac.o
 .debug_abbrev  0x00001e5f      0x184 ..\obj\stm32f4xx_ltdc.o
 .debug_abbrev  0x00001fe3       0xb9 ..\obj\os_var.o
 .debug_abbrev  0x0000209c      0x143 ..\obj\os_msg.o
 .debug_abbrev  0x000021df      0x10b ..\obj\lib_str.o
 .debug_abbrev  0x000022ea      0x10a ..\obj\stm32f4xx_crc.o
 .debug_abbrev  0x000023f4       0xfa ..\obj\stm32f4xx_iwdg.o
 .debug_abbrev  0x000024ee      0x193 ..\obj\main.o
 .debug_abbrev  0x00002681      0x191 ..\obj\stm32f4xx_rcc.o
 .debug_abbrev  0x00002812      0x157 ..\obj\serial_drv_stm32.o
 .debug_abbrev  0x00002969       0xcb ..\obj\lib_ascii.o
 .debug_abbrev  0x00002a34      0x189 ..\obj\stm32f4xx_adc.o
 .debug_abbrev  0x00002bbd      0x10a ..\obj\os_dbg.o
 .debug_abbrev  0x00002cc7      0x17a ..\obj\stm32f4xx_dcmi.o
 .debug_abbrev  0x00002e41      0x1a1 ..\obj\serial_line_tty.o
 .debug_abbrev  0x00002fe2      0x1a4 ..\obj\os_sem.o
 .debug_abbrev  0x00003186      0x143 ..\obj\serial_buf.o
 .debug_abbrev  0x000032c9       0xd1 ..\obj\os_prio.o
 .debug_abbrev  0x0000339a      0x16e ..\obj\bsp_os.o
 .debug_abbrev  0x00003508      0x190 ..\obj\os_core.o
 .debug_abbrev  0x00003698      0x13e ..\obj\stm32f4xx_cryp_des.o
 .debug_abbrev  0x000037d6      0x15b ..\obj\os_stat.o
 .debug_abbrev  0x00003931      0x192 ..\obj\stm32f4xx_cryp.o
 .debug_abbrev  0x00003ac3      0x166 ..\obj\stm32f4xx_fsmc.o
 .debug_abbrev  0x00003c29      0x167 ..\obj\serial_os.o
 .debug_abbrev  0x00003d90      0x11e ..\obj\os_mem.o
 .debug_abbrev  0x00003eae       0xc5 ..\obj\bsp_periph.o
 .debug_abbrev  0x00003f73      0x182 ..\obj\stm32f4xx_gpio.o
 .debug_abbrev  0x000040f5      0x153 ..\obj\stm32f4xx_flash.o
 .debug_abbrev  0x00004248      0x100 ..\obj\lib_math.o
 .debug_abbrev  0x00004348      0x14e ..\obj\stm32f4xx_sai.o
 .debug_abbrev  0x00004496      0x140 ..\obj\system_stm32f4xx.o
 .debug_abbrev  0x000045d6       0xde ..\obj\syscalls.o
 .debug_abbrev  0x000046b4      0x14e ..\obj\stm32f4xx_dma.o
 .debug_abbrev  0x00004802      0x16a ..\obj\serial_line_probe.o
 .debug_abbrev  0x0000496c       0xfb ..\obj\os_cfg_app.o
 .debug_abbrev  0x00004a67      0x1a4 ..\obj\os_q.o
 .debug_abbrev  0x00004c0b      0x174 ..\obj\os_task.o
 .debug_abbrev  0x00004d7f      0x105 ..\obj\os_app_hooks.o
 .debug_abbrev  0x00004e84       0x12 ..\obj\cstartup.o
 .debug_abbrev  0x00004e96      0x1a4 ..\obj\os_mutex.o
 .debug_abbrev  0x0000503a      0x160 ..\obj\stm32f4xx_spi.o
 .debug_abbrev  0x0000519a      0x1b0 ..\obj\bsp.o
 .debug_abbrev  0x0000534a      0x15d ..\obj\stm32f4xx_i2c.o
 .debug_abbrev  0x000054a7      0x1b0 ..\obj\serial_bsp_stm3240x.o
 .debug_abbrev  0x00005657      0x137 ..\obj\stm32f4xx_rng.o
 .debug_abbrev  0x0000578e      0x198 ..\obj\stm32f4xx_exti.o
 .debug_abbrev  0x00005926      0x1b0 ..\obj\os_tmr.o
 .debug_abbrev  0x00005ad6      0x126 ..\obj\misc.o
 .debug_abbrev  0x00005bfc      0x1ac ..\obj\serial.o
 .debug_abbrev  0x00005da8       0x28 ..\obj\os_int.o
 .debug_abbrev  0x00005dd0      0x125 ..\obj\serial_line_dflt.o
 .debug_abbrev  0x00005ef5      0x16b ..\obj\stm32f4xx_rtc.o
 .debug_abbrev  0x00006060       0x14 ..\obj\lib_mem_a.o
 .debug_abbrev  0x00006074      0x14d ..\obj\stm32f4xx_cryp_tdes.o
 .debug_abbrev  0x000061c1      0x163 ..\obj\stm32f4xx_tim.o
 .debug_abbrev  0x00006324       0xda ..\obj\stm32f4xx_dbgmcu.o

.debug_loc      0x00000000     0xfe5f
 .debug_loc     0x00000000       0xe0 ..\obj\os_pend_multi.o
 .debug_loc     0x000000e0      0x17c ..\obj\stm32f4xx_syscfg.o
 .debug_loc     0x0000025c      0x150 ..\obj\os_time.o
 .debug_loc     0x000003ac      0x648 ..\obj\stm32f4xx_sdio.o
 .debug_loc     0x000009f4      0xff8 ..\obj\bsp_int.o
 .debug_loc     0x000019ec      0x122 ..\obj\stm32f4xx_cryp_aes.o
 .debug_loc     0x00001b0e      0x188 ..\obj\cpu_c.o
 .debug_loc     0x00001c96      0x3c0 ..\obj\stm32f4xx_hash.o
 .debug_loc     0x00002056      0x404 ..\obj\stm32f4xx_dma2d.o
 .debug_loc     0x0000245a      0x3f8 ..\obj\lib_mem.o
 .debug_loc     0x00002852       0x74 ..\obj\stm32f4xx_hash_sha1.o
 .debug_loc     0x000028c6      0x238 ..\obj\os_cpu_c.o
 .debug_loc     0x00002afe      0x3ee ..\obj\cpu_core.o
 .debug_loc     0x00002eec      0x658 ..\obj\stm32f4xx_usart.o
 .debug_loc     0x00003544      0x368 ..\obj\stm32f4xx_pwr.o
 .debug_loc     0x000038ac      0x2da ..\obj\os_flag.o
 .debug_loc     0x00003b86      0x578 ..\obj\stm32f4xx_can.o
 .debug_loc     0x000040fe      0x188 ..\obj\os_tick.o
 .debug_loc     0x00004286      0x19c ..\obj\stm32f4xx_wwdg.o
 .debug_loc     0x00004422       0x74 ..\obj\stm32f4xx_hash_md5.o
 .debug_loc     0x00004496      0x3ac ..\obj\stm32f4xx_dac.o
 .debug_loc     0x00004842      0x684 ..\obj\stm32f4xx_ltdc.o
 .debug_loc     0x00004ec6      0x118 ..\obj\os_msg.o
 .debug_loc     0x00004fde      0x544 ..\obj\lib_str.o
 .debug_loc     0x00005522      0x12c ..\obj\stm32f4xx_crc.o
 .debug_loc     0x0000564e      0x138 ..\obj\stm32f4xx_iwdg.o
 .debug_loc     0x00005786       0xa9 ..\obj\main.o
 .debug_loc     0x0000582f      0xb3c ..\obj\stm32f4xx_rcc.o
 .debug_loc     0x0000636b      0x232 ..\obj\serial_drv_stm32.o
 .debug_loc     0x0000659d      0x380 ..\obj\lib_ascii.o
 .debug_loc     0x0000691d      0x838 ..\obj\stm32f4xx_adc.o
 .debug_loc     0x00007155       0x38 ..\obj\os_dbg.o
 .debug_loc     0x0000718d      0x330 ..\obj\stm32f4xx_dcmi.o
 .debug_loc     0x000074bd      0x150 ..\obj\serial_line_tty.o
 .debug_loc     0x0000760d      0x26b ..\obj\os_sem.o
 .debug_loc     0x00007878      0x232 ..\obj\serial_buf.o
 .debug_loc     0x00007aaa       0xe0 ..\obj\os_prio.o
 .debug_loc     0x00007b8a      0x118 ..\obj\bsp_os.o
 .debug_loc     0x00007ca2      0x764 ..\obj\os_core.o
 .debug_loc     0x00008406       0x74 ..\obj\stm32f4xx_cryp_des.o
 .debug_loc     0x0000847a       0xe2 ..\obj\os_stat.o
 .debug_loc     0x0000855c      0x404 ..\obj\stm32f4xx_cryp.o
 .debug_loc     0x00008960      0x41c ..\obj\stm32f4xx_fsmc.o
 .debug_loc     0x00008d7c      0x150 ..\obj\serial_os.o
 .debug_loc     0x00008ecc      0x118 ..\obj\os_mem.o
 .debug_loc     0x00008fe4       0xa8 ..\obj\bsp_periph.o
 .debug_loc     0x0000908c      0x310 ..\obj\stm32f4xx_gpio.o
 .debug_loc     0x0000939c      0x830 ..\obj\stm32f4xx_flash.o
 .debug_loc     0x00009bcc       0xd4 ..\obj\lib_math.o
 .debug_loc     0x00009ca0      0x578 ..\obj\stm32f4xx_sai.o
 .debug_loc     0x0000a218       0x9c ..\obj\system_stm32f4xx.o
 .debug_loc     0x0000a2b4      0x1ec ..\obj\syscalls.o
 .debug_loc     0x0000a4a0      0x428 ..\obj\stm32f4xx_dma.o
 .debug_loc     0x0000a8c8       0xe0 ..\obj\serial_line_probe.o
 .debug_loc     0x0000a9a8       0x2c ..\obj\os_cfg_app.o
 .debug_loc     0x0000a9d4      0x26a ..\obj\os_q.o
 .debug_loc     0x0000ac3e      0x5b0 ..\obj\os_task.o
 .debug_loc     0x0000b1ee      0x1f4 ..\obj\os_app_hooks.o
 .debug_loc     0x0000b3e2      0x1fa ..\obj\os_mutex.o
 .debug_loc     0x0000b5dc      0x578 ..\obj\stm32f4xx_spi.o
 .debug_loc     0x0000bb54      0x230 ..\obj\bsp.o
 .debug_loc     0x0000bd84      0x7a8 ..\obj\stm32f4xx_i2c.o
 .debug_loc     0x0000c52c      0x7e0 ..\obj\serial_bsp_stm3240x.o
 .debug_loc     0x0000cd0c      0x1a8 ..\obj\stm32f4xx_rng.o
 .debug_loc     0x0000ceb4      0x1b4 ..\obj\stm32f4xx_exti.o
 .debug_loc     0x0000d068      0x311 ..\obj\os_tmr.o
 .debug_loc     0x0000d379      0x118 ..\obj\misc.o
 .debug_loc     0x0000d491      0x712 ..\obj\serial.o
 .debug_loc     0x0000dba3       0xe0 ..\obj\serial_line_dflt.o
 .debug_loc     0x0000dc83      0xc48 ..\obj\stm32f4xx_rtc.o
 .debug_loc     0x0000e8cb       0x74 ..\obj\stm32f4xx_cryp_tdes.o
 .debug_loc     0x0000e93f     0x1420 ..\obj\stm32f4xx_tim.o
 .debug_loc     0x0000fd5f      0x100 ..\obj\stm32f4xx_dbgmcu.o

.debug_aranges  0x00000000     0x2cf0
 .debug_aranges
                0x00000000       0x38 ..\obj\os_pend_multi.o
 .debug_aranges
                0x00000038       0x50 ..\obj\stm32f4xx_syscfg.o
 .debug_aranges
                0x00000088       0x20 ..\obj\cpu_a.o
 .debug_aranges
                0x000000a8       0x48 ..\obj\os_time.o
 .debug_aranges
                0x000000f0       0x20 ..\obj\os_cpu_a.o
 .debug_aranges
                0x00000110      0x108 ..\obj\stm32f4xx_sdio.o
 .debug_aranges
                0x00000218      0x2f0 ..\obj\bsp_int.o
 .debug_aranges
                0x00000508       0x40 ..\obj\stm32f4xx_cryp_aes.o
 .debug_aranges
                0x00000548       0x50 ..\obj\cpu_c.o
 .debug_aranges
                0x00000598       0xa8 ..\obj\stm32f4xx_hash.o
 .debug_aranges
                0x00000640       0xb0 ..\obj\stm32f4xx_dma2d.o
 .debug_aranges
                0x000006f0       0xa8 ..\obj\lib_mem.o
 .debug_aranges
                0x00000798       0x28 ..\obj\stm32f4xx_hash_sha1.o
 .debug_aranges
                0x000007c0       0x70 ..\obj\os_cpu_c.o
 .debug_aranges
                0x00000830       0xb0 ..\obj\cpu_core.o
 .debug_aranges
                0x000008e0      0x100 ..\obj\stm32f4xx_usart.o
 .debug_aranges
                0x000009e0       0x98 ..\obj\stm32f4xx_pwr.o
 .debug_aranges
                0x00000a78       0x80 ..\obj\os_flag.o
 .debug_aranges
                0x00000af8       0xe0 ..\obj\stm32f4xx_can.o
 .debug_aranges
                0x00000bd8       0x50 ..\obj\os_tick.o
 .debug_aranges
                0x00000c28       0x58 ..\obj\stm32f4xx_wwdg.o
 .debug_aranges
                0x00000c80       0x28 ..\obj\stm32f4xx_hash_md5.o
 .debug_aranges
                0x00000ca8       0xa0 ..\obj\stm32f4xx_dac.o
 .debug_aranges
                0x00000d48      0x108 ..\obj\stm32f4xx_ltdc.o
 .debug_aranges
                0x00000e50       0x40 ..\obj\os_msg.o
 .debug_aranges
                0x00000e90       0xd8 ..\obj\lib_str.o
 .debug_aranges
                0x00000f68       0x48 ..\obj\stm32f4xx_crc.o
 .debug_aranges
                0x00000fb0       0x48 ..\obj\stm32f4xx_iwdg.o
 .debug_aranges
                0x00000ff8       0x30 ..\obj\main.o
 .debug_aranges
                0x00001028      0x1b8 ..\obj\stm32f4xx_rcc.o
 .debug_aranges
                0x000011e0       0x68 ..\obj\serial_drv_stm32.o
 .debug_aranges
                0x00001248       0x98 ..\obj\lib_ascii.o
 .debug_aranges
                0x000012e0      0x148 ..\obj\stm32f4xx_adc.o
 .debug_aranges
                0x00001428       0x20 ..\obj\os_dbg.o
 .debug_aranges
                0x00001448       0x90 ..\obj\stm32f4xx_dcmi.o
 .debug_aranges
                0x000014d8       0x48 ..\obj\serial_line_tty.o
 .debug_aranges
                0x00001520       0x70 ..\obj\os_sem.o
 .debug_aranges
                0x00001590       0x68 ..\obj\serial_buf.o
 .debug_aranges
                0x000015f8       0x38 ..\obj\os_prio.o
 .debug_aranges
                0x00001630       0x40 ..\obj\bsp_os.o
 .debug_aranges
                0x00001670      0x128 ..\obj\os_core.o
 .debug_aranges
                0x00001798       0x28 ..\obj\stm32f4xx_cryp_des.o
 .debug_aranges
                0x000017c0       0x38 ..\obj\os_stat.o
 .debug_aranges
                0x000017f8       0xb0 ..\obj\stm32f4xx_cryp.o
 .debug_aranges
                0x000018a8       0xb0 ..\obj\stm32f4xx_fsmc.o
 .debug_aranges
                0x00001958       0x48 ..\obj\serial_os.o
 .debug_aranges
                0x000019a0       0x40 ..\obj\os_mem.o
 .debug_aranges
                0x000019e0       0x30 ..\obj\bsp_periph.o
 .debug_aranges
                0x00001a10       0x88 ..\obj\stm32f4xx_gpio.o
 .debug_aranges
                0x00001a98      0x158 ..\obj\stm32f4xx_flash.o
 .debug_aranges
                0x00001bf0       0x38 ..\obj\lib_math.o
 .debug_aranges
                0x00001c28       0xe0 ..\obj\stm32f4xx_sai.o
 .debug_aranges
                0x00001d08       0x30 ..\obj\system_stm32f4xx.o
 .debug_aranges
                0x00001d38       0x60 ..\obj\syscalls.o
 .debug_aranges
                0x00001d98       0xb0 ..\obj\stm32f4xx_dma.o
 .debug_aranges
                0x00001e48       0x38 ..\obj\serial_line_probe.o
 .debug_aranges
                0x00001e80       0x20 ..\obj\os_cfg_app.o
 .debug_aranges
                0x00001ea0       0x70 ..\obj\os_q.o
 .debug_aranges
                0x00001f10       0xe8 ..\obj\os_task.o
 .debug_aranges
                0x00001ff8       0x68 ..\obj\os_app_hooks.o
 .debug_aranges
                0x00002060       0x58 ..\obj\cstartup.o
 .debug_aranges
                0x000020b8       0x60 ..\obj\os_mutex.o
 .debug_aranges
                0x00002118       0xe0 ..\obj\stm32f4xx_spi.o
 .debug_aranges
                0x000021f8       0x68 ..\obj\bsp.o
 .debug_aranges
                0x00002260      0x130 ..\obj\stm32f4xx_i2c.o
 .debug_aranges
                0x00002390      0x138 ..\obj\serial_bsp_stm3240x.o
 .debug_aranges
                0x000024c8       0x58 ..\obj\stm32f4xx_rng.o
 .debug_aranges
                0x00002520       0x58 ..\obj\stm32f4xx_exti.o
 .debug_aranges
                0x00002578       0x88 ..\obj\os_tmr.o
 .debug_aranges
                0x00002600       0x40 ..\obj\misc.o
 .debug_aranges
                0x00002640      0x118 ..\obj\serial.o
 .debug_aranges
                0x00002758       0x38 ..\obj\serial_line_dflt.o
 .debug_aranges
                0x00002790      0x1e0 ..\obj\stm32f4xx_rtc.o
 .debug_aranges
                0x00002970       0x20 ..\obj\lib_mem_a.o
 .debug_aranges
                0x00002990       0x28 ..\obj\stm32f4xx_cryp_tdes.o
 .debug_aranges
                0x000029b8      0x2f8 ..\obj\stm32f4xx_tim.o
 .debug_aranges
                0x00002cb0       0x40 ..\obj\stm32f4xx_dbgmcu.o

.debug_ranges   0x00000000     0x27f8
 .debug_ranges  0x00000000       0x28 ..\obj\os_pend_multi.o
 .debug_ranges  0x00000028       0x40 ..\obj\stm32f4xx_syscfg.o
 .debug_ranges  0x00000068       0x38 ..\obj\os_time.o
 .debug_ranges  0x000000a0       0xf8 ..\obj\stm32f4xx_sdio.o
 .debug_ranges  0x00000198      0x2e0 ..\obj\bsp_int.o
 .debug_ranges  0x00000478       0x30 ..\obj\stm32f4xx_cryp_aes.o
 .debug_ranges  0x000004a8       0x40 ..\obj\cpu_c.o
 .debug_ranges  0x000004e8       0x98 ..\obj\stm32f4xx_hash.o
 .debug_ranges  0x00000580       0xa0 ..\obj\stm32f4xx_dma2d.o
 .debug_ranges  0x00000620       0x98 ..\obj\lib_mem.o
 .debug_ranges  0x000006b8       0x18 ..\obj\stm32f4xx_hash_sha1.o
 .debug_ranges  0x000006d0       0x60 ..\obj\os_cpu_c.o
 .debug_ranges  0x00000730       0xa0 ..\obj\cpu_core.o
 .debug_ranges  0x000007d0       0xf0 ..\obj\stm32f4xx_usart.o
 .debug_ranges  0x000008c0       0x88 ..\obj\stm32f4xx_pwr.o
 .debug_ranges  0x00000948       0x70 ..\obj\os_flag.o
 .debug_ranges  0x000009b8       0xd0 ..\obj\stm32f4xx_can.o
 .debug_ranges  0x00000a88       0x40 ..\obj\os_tick.o
 .debug_ranges  0x00000ac8       0x48 ..\obj\stm32f4xx_wwdg.o
 .debug_ranges  0x00000b10       0x18 ..\obj\stm32f4xx_hash_md5.o
 .debug_ranges  0x00000b28       0x90 ..\obj\stm32f4xx_dac.o
 .debug_ranges  0x00000bb8       0xf8 ..\obj\stm32f4xx_ltdc.o
 .debug_ranges  0x00000cb0       0x30 ..\obj\os_msg.o
 .debug_ranges  0x00000ce0       0xc8 ..\obj\lib_str.o
 .debug_ranges  0x00000da8       0x38 ..\obj\stm32f4xx_crc.o
 .debug_ranges  0x00000de0       0x38 ..\obj\stm32f4xx_iwdg.o
 .debug_ranges  0x00000e18       0x20 ..\obj\main.o
 .debug_ranges  0x00000e38      0x1a8 ..\obj\stm32f4xx_rcc.o
 .debug_ranges  0x00000fe0       0x58 ..\obj\serial_drv_stm32.o
 .debug_ranges  0x00001038       0x88 ..\obj\lib_ascii.o
 .debug_ranges  0x000010c0      0x138 ..\obj\stm32f4xx_adc.o
 .debug_ranges  0x000011f8       0x10 ..\obj\os_dbg.o
 .debug_ranges  0x00001208       0x80 ..\obj\stm32f4xx_dcmi.o
 .debug_ranges  0x00001288       0x38 ..\obj\serial_line_tty.o
 .debug_ranges  0x000012c0       0x60 ..\obj\os_sem.o
 .debug_ranges  0x00001320       0x58 ..\obj\serial_buf.o
 .debug_ranges  0x00001378       0x28 ..\obj\os_prio.o
 .debug_ranges  0x000013a0       0x30 ..\obj\bsp_os.o
 .debug_ranges  0x000013d0      0x118 ..\obj\os_core.o
 .debug_ranges  0x000014e8       0x18 ..\obj\stm32f4xx_cryp_des.o
 .debug_ranges  0x00001500       0x28 ..\obj\os_stat.o
 .debug_ranges  0x00001528       0xa0 ..\obj\stm32f4xx_cryp.o
 .debug_ranges  0x000015c8       0xa0 ..\obj\stm32f4xx_fsmc.o
 .debug_ranges  0x00001668       0x38 ..\obj\serial_os.o
 .debug_ranges  0x000016a0       0x30 ..\obj\os_mem.o
 .debug_ranges  0x000016d0       0x20 ..\obj\bsp_periph.o
 .debug_ranges  0x000016f0       0x78 ..\obj\stm32f4xx_gpio.o
 .debug_ranges  0x00001768      0x148 ..\obj\stm32f4xx_flash.o
 .debug_ranges  0x000018b0       0x28 ..\obj\lib_math.o
 .debug_ranges  0x000018d8       0xd0 ..\obj\stm32f4xx_sai.o
 .debug_ranges  0x000019a8       0x20 ..\obj\system_stm32f4xx.o
 .debug_ranges  0x000019c8       0x50 ..\obj\syscalls.o
 .debug_ranges  0x00001a18       0xa0 ..\obj\stm32f4xx_dma.o
 .debug_ranges  0x00001ab8       0x28 ..\obj\serial_line_probe.o
 .debug_ranges  0x00001ae0       0x10 ..\obj\os_cfg_app.o
 .debug_ranges  0x00001af0       0x60 ..\obj\os_q.o
 .debug_ranges  0x00001b50       0xd8 ..\obj\os_task.o
 .debug_ranges  0x00001c28       0x58 ..\obj\os_app_hooks.o
 .debug_ranges  0x00001c80       0x50 ..\obj\cstartup.o
 .debug_ranges  0x00001cd0       0x50 ..\obj\os_mutex.o
 .debug_ranges  0x00001d20       0xd0 ..\obj\stm32f4xx_spi.o
 .debug_ranges  0x00001df0       0x58 ..\obj\bsp.o
 .debug_ranges  0x00001e48      0x120 ..\obj\stm32f4xx_i2c.o
 .debug_ranges  0x00001f68      0x128 ..\obj\serial_bsp_stm3240x.o
 .debug_ranges  0x00002090       0x48 ..\obj\stm32f4xx_rng.o
 .debug_ranges  0x000020d8       0x48 ..\obj\stm32f4xx_exti.o
 .debug_ranges  0x00002120       0x78 ..\obj\os_tmr.o
 .debug_ranges  0x00002198       0x30 ..\obj\misc.o
 .debug_ranges  0x000021c8      0x108 ..\obj\serial.o
 .debug_ranges  0x000022d0       0x28 ..\obj\serial_line_dflt.o
 .debug_ranges  0x000022f8      0x1d0 ..\obj\stm32f4xx_rtc.o
 .debug_ranges  0x000024c8       0x18 ..\obj\stm32f4xx_cryp_tdes.o
 .debug_ranges  0x000024e0      0x2e8 ..\obj\stm32f4xx_tim.o
 .debug_ranges  0x000027c8       0x30 ..\obj\stm32f4xx_dbgmcu.o

.debug_line     0x00000000    0x1768d
 .debug_line    0x00000000      0x1f1 ..\obj\os_pend_multi.o
 .debug_line    0x000001f1      0x2f5 ..\obj\stm32f4xx_syscfg.o
 .debug_line    0x000004e6       0x9c ..\obj\cpu_a.o
 .debug_line    0x00000582      0x236 ..\obj\os_time.o
 .debug_line    0x000007b8       0xc2 ..\obj\os_cpu_a.o
 .debug_line    0x0000087a      0x70f ..\obj\stm32f4xx_sdio.o
 .debug_line    0x00000f89      0x7bd ..\obj\bsp_int.o
 .debug_line    0x00001746      0xcf2 ..\obj\stm32f4xx_cryp_aes.o
 .debug_line    0x00002438      0x20a ..\obj\cpu_c.o
 .debug_line    0x00002642      0x453 ..\obj\stm32f4xx_hash.o
 .debug_line    0x00002a95      0x64b ..\obj\stm32f4xx_dma2d.o
 .debug_line    0x000030e0      0x5d6 ..\obj\lib_mem.o
 .debug_line    0x000036b6      0x384 ..\obj\stm32f4xx_hash_sha1.o
 .debug_line    0x00003a3a      0x263 ..\obj\os_cpu_c.o
 .debug_line    0x00003c9d      0x2a2 ..\obj\cpu_core.o
 .debug_line    0x00003f3f      0xb9b ..\obj\stm32f4xx_usart.o
 .debug_line    0x00004ada      0x42e ..\obj\stm32f4xx_pwr.o
 .debug_line    0x00004f08      0x3aa ..\obj\os_flag.o
 .debug_line    0x000052b2      0x94a ..\obj\stm32f4xx_can.o
 .debug_line    0x00005bfc      0x280 ..\obj\os_tick.o
 .debug_line    0x00005e7c      0x273 ..\obj\stm32f4xx_wwdg.o
 .debug_line    0x000060ef      0x367 ..\obj\stm32f4xx_hash_md5.o
 .debug_line    0x00006456      0x58a ..\obj\stm32f4xx_dac.o
 .debug_line    0x000069e0      0x733 ..\obj\stm32f4xx_ltdc.o
 .debug_line    0x00007113      0x102 ..\obj\os_var.o
 .debug_line    0x00007215      0x1ee ..\obj\os_msg.o
 .debug_line    0x00007403      0x569 ..\obj\lib_str.o
 .debug_line    0x0000796c      0x21d ..\obj\stm32f4xx_crc.o
 .debug_line    0x00007b89      0x257 ..\obj\stm32f4xx_iwdg.o
 .debug_line    0x00007de0      0x321 ..\obj\main.o
 .debug_line    0x00008101      0xb65 ..\obj\stm32f4xx_rcc.o
 .debug_line    0x00008c66      0x274 ..\obj\serial_drv_stm32.o
 .debug_line    0x00008eda      0x3ff ..\obj\lib_ascii.o
 .debug_line    0x000092d9      0xc82 ..\obj\stm32f4xx_adc.o
 .debug_line    0x00009f5b      0x165 ..\obj\os_dbg.o
 .debug_line    0x0000a0c0      0x467 ..\obj\stm32f4xx_dcmi.o
 .debug_line    0x0000a527      0x238 ..\obj\serial_line_tty.o
 .debug_line    0x0000a75f      0x2f8 ..\obj\os_sem.o
 .debug_line    0x0000aa57      0x224 ..\obj\serial_buf.o
 .debug_line    0x0000ac7b      0x136 ..\obj\os_prio.o
 .debug_line    0x0000adb1      0x29d ..\obj\bsp_os.o
 .debug_line    0x0000b04e      0x60b ..\obj\os_core.o
 .debug_line    0x0000b659      0x2ff ..\obj\stm32f4xx_cryp_des.o
 .debug_line    0x0000b958      0x231 ..\obj\os_stat.o
 .debug_line    0x0000bb89      0x4db ..\obj\stm32f4xx_cryp.o
 .debug_line    0x0000c064      0x802 ..\obj\stm32f4xx_fsmc.o
 .debug_line    0x0000c866      0x280 ..\obj\serial_os.o
 .debug_line    0x0000cae6      0x190 ..\obj\os_mem.o
 .debug_line    0x0000cc76      0x208 ..\obj\bsp_periph.o
 .debug_line    0x0000ce7e      0x8b7 ..\obj\stm32f4xx_gpio.o
 .debug_line    0x0000d735      0x84e ..\obj\stm32f4xx_flash.o
 .debug_line    0x0000df83      0x110 ..\obj\lib_math.o
 .debug_line    0x0000e093      0x77a ..\obj\stm32f4xx_sai.o
 .debug_line    0x0000e80d      0x257 ..\obj\system_stm32f4xx.o
 .debug_line    0x0000ea64      0x1aa ..\obj\syscalls.o
 .debug_line    0x0000ec0e      0xcdf ..\obj\stm32f4xx_dma.o
 .debug_line    0x0000f8ed      0x24b ..\obj\serial_line_probe.o
 .debug_line    0x0000fb38      0x125 ..\obj\os_cfg_app.o
 .debug_line    0x0000fc5d      0x2f4 ..\obj\os_q.o
 .debug_line    0x0000ff51      0x5f3 ..\obj\os_task.o
 .debug_line    0x00010544      0x1fc ..\obj\os_app_hooks.o
 .debug_line    0x00010740       0xf7 ..\obj\cstartup.o
 .debug_line    0x00010837      0x2ee ..\obj\os_mutex.o
 .debug_line    0x00010b25      0x9ea ..\obj\stm32f4xx_spi.o
 .debug_line    0x0001150f      0x3fe ..\obj\bsp.o
 .debug_line    0x0001190d      0xa3a ..\obj\stm32f4xx_i2c.o
 .debug_line    0x00012347      0x5e7 ..\obj\serial_bsp_stm3240x.o
 .debug_line    0x0001292e      0x28e ..\obj\stm32f4xx_rng.o
 .debug_line    0x00012bbc      0x3ed ..\obj\stm32f4xx_exti.o
 .debug_line    0x00012fa9      0x3b6 ..\obj\os_tmr.o
 .debug_line    0x0001335f      0x2c4 ..\obj\misc.o
 .debug_line    0x00013623      0x73d ..\obj\serial.o
 .debug_line    0x00013d60       0x1d ..\obj\os_int.o
 .debug_line    0x00013d7d      0x17f ..\obj\serial_line_dflt.o
 .debug_line    0x00013efc      0xe35 ..\obj\stm32f4xx_rtc.o
 .debug_line    0x00014d31      0x124 ..\obj\lib_mem_a.o
 .debug_line    0x00014e55      0x370 ..\obj\stm32f4xx_cryp_tdes.o
 .debug_line    0x000151c5     0x227a ..\obj\stm32f4xx_tim.o
 .debug_line    0x0001743f      0x24e ..\obj\stm32f4xx_dbgmcu.o

.debug_str      0x00000000     0xdca3
 .debug_str     0x00000000     0x11f9 ..\obj\os_pend_multi.o
                               0x12ae (size before relaxing)
 .debug_str     0x000011f9      0x1c8 ..\obj\stm32f4xx_syscfg.o
                                0x2b8 (size before relaxing)
 .debug_str     0x000013c1      0x145 ..\obj\os_time.o
                               0x12fa (size before relaxing)
 .debug_str     0x00001506      0x4a1 ..\obj\stm32f4xx_sdio.o
                                0x5ea (size before relaxing)
 .debug_str     0x000019a7      0x85d ..\obj\bsp_int.o
                                0x975 (size before relaxing)
 .debug_str     0x00002204      0x324 ..\obj\stm32f4xx_cryp_aes.o
                                0x44d (size before relaxing)
 .debug_str     0x00002528      0x10f ..\obj\cpu_c.o
                                0x20a (size before relaxing)
 .debug_str     0x00002637      0x29d ..\obj\stm32f4xx_hash.o
                                0x3fa (size before relaxing)
 .debug_str     0x000028d4      0x58e ..\obj\stm32f4xx_dma2d.o
                                0x6f2 (size before relaxing)
 .debug_str     0x00002e62      0x831 ..\obj\lib_mem.o
                                0x992 (size before relaxing)
 .debug_str     0x00003693       0xbe ..\obj\stm32f4xx_hash_sha1.o
                                0x28f (size before relaxing)
 .debug_str     0x00003751      0x242 ..\obj\os_cpu_c.o
                                0x78d (size before relaxing)
 .debug_str     0x00003993      0x251 ..\obj\cpu_core.o
                                0x379 (size before relaxing)
 .debug_str     0x00003be4      0x4c0 ..\obj\stm32f4xx_usart.o
                                0x62e (size before relaxing)
 .debug_str     0x000040a4      0x232 ..\obj\stm32f4xx_pwr.o
                                0x379 (size before relaxing)
 .debug_str     0x000042d6      0x1a3 ..\obj\os_flag.o
                               0x1382 (size before relaxing)
 .debug_str     0x00004479      0x527 ..\obj\stm32f4xx_can.o
                                0x6dd (size before relaxing)
 .debug_str     0x000049a0      0x1c6 ..\obj\os_tick.o
                               0x1377 (size before relaxing)
 .debug_str     0x00004b66       0xe9 ..\obj\stm32f4xx_wwdg.o
                                0x221 (size before relaxing)
 .debug_str     0x00004c4f       0x8e ..\obj\stm32f4xx_hash_md5.o
                                0x28a (size before relaxing)
 .debug_str     0x00004cdd      0x2a0 ..\obj\stm32f4xx_dac.o
                                0x3f2 (size before relaxing)
 .debug_str     0x00004f7d      0x80e ..\obj\stm32f4xx_ltdc.o
                                0x9c7 (size before relaxing)
 .debug_str     0x0000578b      0x329 ..\obj\os_var.o
                                0xa13 (size before relaxing)
 .debug_str     0x00005ab4       0xe3 ..\obj\os_msg.o
                                0xf10 (size before relaxing)
 .debug_str     0x00005b97      0x497 ..\obj\lib_str.o
                                0x5e6 (size before relaxing)
 .debug_str     0x0000602e       0xd5 ..\obj\stm32f4xx_crc.o
                                0x1ea (size before relaxing)
 .debug_str     0x00006103       0xed ..\obj\stm32f4xx_iwdg.o
                                0x20b (size before relaxing)
 .debug_str     0x000061f0      0x213 ..\obj\main.o
                               0x1422 (size before relaxing)
 .debug_str     0x00006403      0x713 ..\obj\stm32f4xx_rcc.o
                                0x934 (size before relaxing)
 .debug_str     0x00006b16      0x285 ..\obj\serial_drv_stm32.o
                                0x4b3 (size before relaxing)
 .debug_str     0x00006d9b      0x165 ..\obj\lib_ascii.o
                                0x266 (size before relaxing)
 .debug_str     0x00006f00      0x61b ..\obj\stm32f4xx_adc.o
                                0x7a3 (size before relaxing)
 .debug_str     0x0000751b      0x520 ..\obj\os_dbg.o