Archive member included because of file (symbol)

c:/program files (x86)/gnu tools arm embedded/4.8 2014q2/bin/../lib/gcc/arm-none-eabi/4.8.4/armv7e-m/fpu\libgcc.a(_aeabi_uldivmod.o)
                              ..\obj\bsp.o (__aeabi_uldivmod)
c:/program files (x86)/gnu tools arm embedded/4.8 2014q2/bin/../lib/gcc/arm-none-eabi/4.8.4/armv7e-m/fpu\libgcc.a(bpabi.o)
                              c:/program files (x86)/gnu tools arm embedded/4.8 2014q2/bin/../lib/gcc/arm-none-eabi/4.8.4/armv7e-m/fpu\libgcc.a(_aeabi_uldivmod.o) (__gnu_uldivmod_helper)
c:/program files (x86)/gnu tools arm embedded/4.8 2014q2/bin/../lib/gcc/arm-none-eabi/4.8.4/armv7e-m/fpu\libgcc.a(_dvmd_tls.o)
                              c:/program files (x86)/gnu tools arm embedded/4.8 2014q2/bin/../lib/gcc/arm-none-eabi/4.8.4/armv7e-m/fpu\libgcc.a(_aeabi_uldivmod.o) (__aeabi_ldiv0)
c:/program files (x86)/gnu tools arm embedded/4.8 2014q2/bin/../lib/gcc/arm-none-eabi/4.8.4/armv7e-m/fpu\libgcc.a(_divdi3.o)
                              c:/program files (x86)/gnu tools arm embedded/4.8 2014q2/bin/../lib/gcc/arm-none-eabi/4.8.4/armv7e-m/fpu\libgcc.a(bpabi.o) (__divdi3)
c:/program files (x86)/gnu tools arm embedded/4.8 2014q2/bin/../lib/gcc/arm-none-eabi/4.8.4/armv7e-m/fpu\libgcc.a(_udivdi3.o)
                              c:/program files (x86)/gnu tools arm embedded/4.8 2014q2/bin/../lib/gcc/arm-none-eabi/4.8.4/armv7e-m/fpu\libgcc.a(bpabi.o) (__udivdi3)
..\..\..\..\..\..\..\..\..\Program Files (x86)\GNU Tools ARM Embedded\4.6 2012q2\arm-none-eabi\lib\armv7e-m\fpu\libg.a(lib_a-exit.o)
                              c:/program files (x86)/gnu tools arm embedded/4.8 2014q2/bin/../lib/gcc/arm-none-eabi/4.8.4/../../../../arm-none-eabi/lib/armv7e-m/fpu/crt0.o (exit)
..\..\..\..\..\..\..\..\..\Program Files (x86)\GNU Tools ARM Embedded\4.6 2012q2\arm-none-eabi\lib\armv7e-m\fpu\libg.a(lib_a-impure.o)
                              ..\..\..\..\..\..\..\..\..\Program Files (x86)\GNU Tools ARM Embedded\4.6 2012q2\arm-none-eabi\lib\armv7e-m\fpu\libg.a(lib_a-exit.o) (_global_impure_ptr)
..\..\..\..\..\..\..\..\..\Program Files (x86)\GNU Tools ARM Embedded\4.6 2012q2\arm-none-eabi\lib\armv7e-m\fpu\libg.a(lib_a-init.o)
                              c:/program files (x86)/gnu tools arm embedded/4.8 2014q2/bin/../lib/gcc/arm-none-eabi/4.8.4/../../../../arm-none-eabi/lib/armv7e-m/fpu/crt0.o (__libc_init_array)
..\..\..\..\..\..\..\..\..\Program Files (x86)\GNU Tools ARM Embedded\4.6 2012q2\arm-none-eabi\lib\armv7e-m\fpu\libg.a(lib_a-memset.o)
                              c:/program files (x86)/gnu tools arm embedded/4.8 2014q2/bin/../lib/gcc/arm-none-eabi/4.8.4/../../../../arm-none-eabi/lib/armv7e-m/fpu/crt0.o (memset)
..\..\..\..\..\..\..\..\..\Program Files (x86)\GNU Tools ARM Embedded\4.6 2012q2\arm-none-eabi\lib\armv7e-m\fpu\libg.a(lib_a-__call_atexit.o)
                              ..\..\..\..\..\..\..\..\..\Program Files (x86)\GNU Tools ARM Embedded\4.6 2012q2\arm-none-eabi\lib\armv7e-m\fpu\libg.a(lib_a-exit.o) (__call_exitprocs)
..\..\..\..\..\..\..\..\..\Program Files (x86)\GNU Tools ARM Embedded\4.6 2012q2\arm-none-eabi\lib\armv7e-m\fpu\libg.a(lib_a-atexit.o)
                              ..\..\..\..\..\..\..\..\..\Program Files (x86)\GNU Tools ARM Embedded\4.6 2012q2\arm-none-eabi\lib\armv7e-m\fpu\libg.a(lib_a-__call_atexit.o) (atexit)
..\..\..\..\..\..\..\..\..\Program Files (x86)\GNU Tools ARM Embedded\4.6 2012q2\arm-none-eabi\lib\armv7e-m\fpu\libg.a(lib_a-fini.o)
                              ..\..\..\..\..\..\..\..\..\Program Files (x86)\GNU Tools ARM Embedded\4.6 2012q2\arm-none-eabi\lib\armv7e-m\fpu\libg.a(lib_a-__call_atexit.o) (__libc_fini_array)
..\..\..\..\..\..\..\..\..\Program Files (x86)\GNU Tools ARM Embedded\4.6 2012q2\arm-none-eabi\lib\armv7e-m\fpu\libg.a(lib_a-__atexit.o)
                              ..\..\..\..\..\..\..\..\..\Program Files (x86)\GNU Tools ARM Embedded\4.6 2012q2\arm-none-eabi\lib\armv7e-m\fpu\libg.a(lib_a-atexit.o) (__register_exitproc)

Allocating common symbols
Common symbol       size              file

Sem1to3             0x28              ..\obj\sorting.o
OSSchedLockNestingCtr
                    0x1               ..\obj\os_var.o
OS_AppTaskReturnHookPtr
                    0x4               ..\obj\os_var.o
OSStatTaskTimeMax   0x4               ..\obj\os_var.o
Sem3to6             0x28              ..\obj\sorting.o
OSStatTaskCtr       0x4               ..\obj\os_var.o
OSTaskRegNextAvailID
                    0x1               ..\obj\os_var.o
OSRunning           0x1               ..\obj\os_var.o
OSRdyList           0x300             ..\obj\os_var.o
OSPrioHighRdy       0x1               ..\obj\os_var.o
rotorTCB            0xc0              ..\obj\sorting.o
OSStatTaskRdy       0x1               ..\obj\os_var.o
OSSemDbgListPtr     0x4               ..\obj\os_var.o
OS_AppTaskCreateHookPtr
                    0x4               ..\obj\os_var.o
OSCfg_StatTaskStk   0x200             ..\obj\os_cfg_app.o
[...]
Memory Configuration

Name             Origin             Length             Attributes
rom              0x08000000         0x00100000         xr
ram              0x20000000         0x00020000         xrw
ram1             0x10000000         0x00010000         xrw
*default*        0x00000000         0xffffffff

Linker script and memory map

LOAD c:/program files (x86)/gnu tools arm embedded/4.8 2014q2/bin/../lib/gcc/arm-none-eabi/4.8.4/armv7e-m/fpu/crti.o
LOAD c:/program files (x86)/gnu tools arm embedded/4.8 2014q2/bin/../lib/gcc/arm-none-eabi/4.8.4/armv7e-m/fpu/crtbegin.o
LOAD c:/program files (x86)/gnu tools arm embedded/4.8 2014q2/bin/../lib/gcc/arm-none-eabi/4.8.4/../../../../arm-none-eabi/lib/armv7e-m/fpu/crt0.o
                0x20020000                _eram = 0x20020000

.text           0x08000000     0x71dc
 *(.isr_vector)
 .isr_vector    0x08000000      0x188 ..\obj\cstartup.o
                0x08000000                g_pfnVectors
 *(.text*)
 .text          0x08000188       0x54 c:/program files (x86)/gnu tools arm embedded/4.8 2014q2/bin/../lib/gcc/arm-none-eabi/4.8.4/armv7e-m/fpu/crtbegin.o
 .text          0x080001dc       0x34 ..\obj\cpu_a.o
                0x080001dc                CPU_IntDis
                0x080001e0                CPU_IntEn
                0x080001e4                CPU_SR_Save
                0x080001ec                CPU_SR_Restore
                0x080001f2                CPU_WaitForInt
                0x080001f6                CPU_WaitForExcept
                0x080001fa                CPU_CntLeadZeros
                0x08000200                CPU_CntTrailZeros
                0x0800020a                CPU_RevBits
 .text.OSTimeDly
                0x08000210       0xe4 ..\obj\os_time.o
                0x08000210                OSTimeDly
 .text.OSTimeDlyHMSM
                0x080002f4      0x204 ..\obj\os_time.o
                0x080002f4                OSTimeDlyHMSM
 .text.OSTimeTick
                0x080004f8       0x54 ..\obj\os_time.o
                0x080004f8                OSTimeTick
 .text          0x0800054c       0x9c ..\obj\os_cpu_a.o
                0x0800054c                OSStartHighRdy
                0x0800056c                OSCtxSw
                0x08000574                OSIntCtxSw
                0x0800057c                OS_CPU_PendSVHandler
 .text.BSP_IntDisAll
                0x080005e8        0xc ..\obj\bsp_int.o
                0x080005e8                BSP_IntDisAll
 .text.BSP_IntVectSet
                0x080005f4       0x34 ..\obj\bsp_int.o
                0x080005f4                BSP_IntVectSet
 .text.BSP_IntInit
                0x08000628       0x2c ..\obj\bsp_int.o
                0x08000628                BSP_IntInit
 .text.BSP_IntHandlerWWDG
                0x08000654        0xc ..\obj\bsp_int.o
                0x08000654                BSP_IntHandlerWWDG
 .text.BSP_IntHandlerPVD
                0x08000660        0xc ..\obj\bsp_int.o
                0x08000660                BSP_IntHandlerPVD
 .text.BSP_IntHandlerTAMP_STAMP
                0x0800066c        0xc ..\obj\bsp_int.o
                0x0800066c                BSP_IntHandlerTAMP_STAMP
 .text.BSP_IntHandlerRTC_WKUP
                0x08000678        0xc ..\obj\bsp_int.o
                0x08000678                BSP_IntHandlerRTC_WKUP
 .text.BSP_IntHandlerFLASH
                0x08000684        0xc ..\obj\bsp_int.o
                0x08000684                BSP_IntHandlerFLASH
 .text.BSP_IntHandlerRCC
                0x08000690        0xc ..\obj\bsp_int.o
                0x08000690                BSP_IntHandlerRCC
 .text.BSP_IntHandlerEXTI0
                0x0800069c        0xc ..\obj\bsp_int.o
                0x0800069c                BSP_IntHandlerEXTI0
 .text.BSP_IntHandlerEXTI1
                0x080006a8        0xc ..\obj\bsp_int.o
                0x080006a8                BSP_IntHandlerEXTI1
 .text.BSP_IntHandlerEXTI2
                0x080006b4        0xc ..\obj\bsp_int.o
                0x080006b4                BSP_IntHandlerEXTI2
 .text.BSP_IntHandlerEXTI3
                0x080006c0        0xc ..\obj\bsp_int.o
                0x080006c0                BSP_IntHandlerEXTI3
 .text.BSP_IntHandlerEXTI4
                0x080006cc        0xc ..\obj\bsp_int.o
                0x080006cc                BSP_IntHandlerEXTI4
 .text.BSP_IntHandlerDMA1_CH0
                0x080006d8        0xc ..\obj\bsp_int.o
                0x080006d8                BSP_IntHandlerDMA1_CH0
 .text.BSP_IntHandlerDMA1_CH1
                0x080006e4        0xc ..\obj\bsp_int.o
                0x080006e4                BSP_IntHandlerDMA1_CH1
 .text.BSP_IntHandlerDMA1_CH2
                0x080006f0        0xc ..\obj\bsp_int.o
                0x080006f0                BSP_IntHandlerDMA1_CH2
 .text.BSP_IntHandlerDMA1_CH3
                0x080006fc        0xc ..\obj\bsp_int.o
                0x080006fc                BSP_IntHandlerDMA1_CH3
 .text.BSP_IntHandlerDMA1_CH4
                0x08000708        0xc ..\obj\bsp_int.o
                0x08000708                BSP_IntHandlerDMA1_CH4
 .text.BSP_IntHandlerDMA1_CH5
                0x08000714        0xc ..\obj\bsp_int.o
                0x08000714                BSP_IntHandlerDMA1_CH5
 .text.BSP_IntHandlerDMA1_CH6
                0x08000720        0xc ..\obj\bsp_int.o
                0x08000720                BSP_IntHandlerDMA1_CH6
 .text.BSP_IntHandlerADC
                0x0800072c        0xc ..\obj\bsp_int.o
                0x0800072c                BSP_IntHandlerADC
 .text.BSP_IntHandlerCAN1_TX
                0x08000738        0xc ..\obj\bsp_int.o
                0x08000738                BSP_IntHandlerCAN1_TX
 .text.BSP_IntHandlerCAN1_RX0
                0x08000744        0xc ..\obj\bsp_int.o
                0x08000744                BSP_IntHandlerCAN1_RX0
 .text.BSP_IntHandlerCAN1_RX1
                0x08000750        0xc ..\obj\bsp_int.o
                0x08000750                BSP_IntHandlerCAN1_RX1
 .text.BSP_IntHandlerCAN1_SCE
                0x0800075c        0xc ..\obj\bsp_int.o
                0x0800075c                BSP_IntHandlerCAN1_SCE
 .text.BSP_IntHandlerEXTI9_5
                0x08000768        0xc ..\obj\bsp_int.o
                0x08000768                BSP_IntHandlerEXTI9_5
 .text.BSP_IntHandlerTIM1_BRK_TIM9
                0x08000774        0xc ..\obj\bsp_int.o
                0x08000774                BSP_IntHandlerTIM1_BRK_TIM9
 .text.BSP_IntHandlerTIM1_UP_TIM10
                0x08000780        0xc ..\obj\bsp_int.o
                0x08000780                BSP_IntHandlerTIM1_UP_TIM10
 .text.BSP_IntHandlerTIM1_TRG_COM_TIM11
                0x0800078c        0xc ..\obj\bsp_int.o
                0x0800078c                BSP_IntHandlerTIM1_TRG_COM_TIM11
 .text.BSP_IntHandlerTIM1_CC
                0x08000798        0xc ..\obj\bsp_int.o
                0x08000798                BSP_IntHandlerTIM1_CC
 .text.BSP_IntHandlerTIM2
                0x080007a4        0xc ..\obj\bsp_int.o
                0x080007a4                BSP_IntHandlerTIM2
 .text.BSP_IntHandlerTIM3
                0x080007b0        0xc ..\obj\bsp_int.o
                0x080007b0                BSP_IntHandlerTIM3
 .text.BSP_IntHandlerTIM4
                0x080007bc        0xc ..\obj\bsp_int.o
                0x080007bc                BSP_IntHandlerTIM4
 .text.BSP_IntHandlerI2C1_EV
                0x080007c8        0xc ..\obj\bsp_int.o
                0x080007c8                BSP_IntHandlerI2C1_EV
 .text.BSP_IntHandlerI2C1_ER
                0x080007d4        0xc ..\obj\bsp_int.o
                0x080007d4                BSP_IntHandlerI2C1_ER
 .text.BSP_IntHandlerI2C2_EV
                0x080007e0        0xc ..\obj\bsp_int.o
                0x080007e0                BSP_IntHandlerI2C2_EV
 .text.BSP_IntHandlerI2C2_ER
                0x080007ec        0xc ..\obj\bsp_int.o
                0x080007ec                BSP_IntHandlerI2C2_ER
 .text.BSP_IntHandlerSPI1
                0x080007f8        0xc ..\obj\bsp_int.o
                0x080007f8                BSP_IntHandlerSPI1
 .text.BSP_IntHandlerSPI2
                0x08000804        0xc ..\obj\bsp_int.o
                0x08000804                BSP_IntHandlerSPI2
 .text.BSP_IntHandlerUSART1
                0x08000810        0xc ..\obj\bsp_int.o
                0x08000810                BSP_IntHandlerUSART1
 .text.BSP_IntHandlerUSART2
                0x0800081c        0xc ..\obj\bsp_int.o
                0x0800081c                BSP_IntHandlerUSART2
 .text.BSP_IntHandlerUSART3
                0x08000828        0xc ..\obj\bsp_int.o
                0x08000828                BSP_IntHandlerUSART3
 .text.BSP_IntHandlerEXTI15_10
                0x08000834        0xc ..\obj\bsp_int.o
                0x08000834                BSP_IntHandlerEXTI15_10
 .text.BSP_IntHandlerRTCAlarm
                0x08000840        0xc ..\obj\bsp_int.o
                0x08000840                BSP_IntHandlerRTCAlarm
 .text.BSP_IntHandlerOTG_FS_WKUP
                0x0800084c        0xc ..\obj\bsp_int.o
                0x0800084c                BSP_IntHandlerOTG_FS_WKUP
 .text.BSP_IntHandlerTIM8_BRK_TIM12
                0x08000858        0xc ..\obj\bsp_int.o
                0x08000858                BSP_IntHandlerTIM8_BRK_TIM12
 .text.BSP_IntHandlerTIM8_UP_TIM13
                0x08000864        0xc ..\obj\bsp_int.o
                0x08000864                BSP_IntHandlerTIM8_UP_TIM13
 .text.BSP_IntHandlerTIM8_TRG_COM_TIM14
                0x08000870        0xc ..\obj\bsp_int.o
                0x08000870                BSP_IntHandlerTIM8_TRG_COM_TIM14
 .text.BSP_IntHandlerTIM8_CC
                0x0800087c        0xc ..\obj\bsp_int.o
                0x0800087c                BSP_IntHandlerTIM8_CC
 .text.BSP_IntHandlerDMA1_STREAM7
                0x08000888        0xc ..\obj\bsp_int.o
                0x08000888                BSP_IntHandlerDMA1_STREAM7
 .text.BSP_IntHandlerFSMC
                0x08000894        0xc ..\obj\bsp_int.o
                0x08000894                BSP_IntHandlerFSMC
 .text.BSP_IntHandlerSDIO
                0x080008a0        0xc ..\obj\bsp_int.o
                0x080008a0                BSP_IntHandlerSDIO
 .text.BSP_IntHandlerTIM5
                0x080008ac        0xc ..\obj\bsp_int.o
                0x080008ac                BSP_IntHandlerTIM5
 .text.BSP_IntHandlerSPI3
                0x080008b8        0xc ..\obj\bsp_int.o
                0x080008b8                BSP_IntHandlerSPI3
 .text.BSP_IntHandlerUSART4
                0x080008c4        0xc ..\obj\bsp_int.o
                0x080008c4                BSP_IntHandlerUSART4
 .text.BSP_IntHandlerUSART5
                0x080008d0        0xc ..\obj\bsp_int.o
                0x080008d0                BSP_IntHandlerUSART5
 .text.BSP_IntHandlerTIM6_DAC
                0x080008dc        0xc ..\obj\bsp_int.o
                0x080008dc                BSP_IntHandlerTIM6_DAC
 .text.BSP_IntHandlerTIM7
                0x080008e8        0xc ..\obj\bsp_int.o
                0x080008e8                BSP_IntHandlerTIM7
 .text.BSP_IntHandlerDMA2_CH0
                0x080008f4        0xc ..\obj\bsp_int.o
                0x080008f4                BSP_IntHandlerDMA2_CH0
 .text.BSP_IntHandlerDMA2_CH1
                0x08000900        0xc ..\obj\bsp_int.o
                0x08000900                BSP_IntHandlerDMA2_CH1
 .text.BSP_IntHandlerDMA2_CH2
                0x0800090c        0xc ..\obj\bsp_int.o
                0x0800090c                BSP_IntHandlerDMA2_CH2
 .text.BSP_IntHandlerDMA2_CH3
                0x08000918        0xc ..\obj\bsp_int.o
                0x08000918                BSP_IntHandlerDMA2_CH3
 .text.BSP_IntHandlerDMA2_CH4
                0x08000924        0xc ..\obj\bsp_int.o
                0x08000924                BSP_IntHandlerDMA2_CH4
 .text.BSP_IntHandlerETH
                0x08000930        0xc ..\obj\bsp_int.o
                0x08000930                BSP_IntHandlerETH
 .text.BSP_IntHandlerETHWakeup
                0x0800093c        0xc ..\obj\bsp_int.o
                0x0800093c                BSP_IntHandlerETHWakeup
 .text.BSP_IntHandlerCAN2_TX
                0x08000948        0xc ..\obj\bsp_int.o
                0x08000948                BSP_IntHandlerCAN2_TX
 .text.BSP_IntHandlerCAN2_RX0
                0x08000954        0xc ..\obj\bsp_int.o
                0x08000954                BSP_IntHandlerCAN2_RX0
 .text.BSP_IntHandlerCAN2_RX1
                0x08000960        0xc ..\obj\bsp_int.o
                0x08000960                BSP_IntHandlerCAN2_RX1
 .text.BSP_IntHandlerCAN2_SCE
                0x0800096c        0xc ..\obj\bsp_int.o
                0x0800096c                BSP_IntHandlerCAN2_SCE
 .text.BSP_IntHandlerOTG_FS
                0x08000978        0xc ..\obj\bsp_int.o
                0x08000978                BSP_IntHandlerOTG_FS
 .text.BSP_IntHandlerDMA2_CH5
                0x08000984        0xc ..\obj\bsp_int.o
                0x08000984                BSP_IntHandlerDMA2_CH5
 .text.BSP_IntHandlerDMA2_CH6
                0x08000990        0xc ..\obj\bsp_int.o
                0x08000990                BSP_IntHandlerDMA2_CH6
 .text.BSP_IntHandlerDMA2_CH7
                0x0800099c        0xc ..\obj\bsp_int.o
                0x0800099c                BSP_IntHandlerDMA2_CH7
 .text.BSP_IntHandlerUSART6
                0x080009a8        0xc ..\obj\bsp_int.o
                0x080009a8                BSP_IntHandlerUSART6
 .text.BSP_IntHandlerI2C3_EV
                0x080009b4        0xc ..\obj\bsp_int.o
                0x080009b4                BSP_IntHandlerI2C3_EV
 .text.BSP_IntHandlerI2C3_ER
                0x080009c0        0xc ..\obj\bsp_int.o
                0x080009c0                BSP_IntHandlerI2C3_ER
 .text.BSP_IntHandlerOTG_HS_EP1_OUT
                0x080009cc        0xc ..\obj\bsp_int.o
                0x080009cc                BSP_IntHandlerOTG_HS_EP1_OUT
 .text.BSP_IntHandlerOTG_HS_EP1_IN
                0x080009d8        0xc ..\obj\bsp_int.o
                0x080009d8                BSP_IntHandlerOTG_HS_EP1_IN
 .text.BSP_IntHandlerOTG_HS_WKUP
                0x080009e4        0xc ..\obj\bsp_int.o
                0x080009e4                BSP_IntHandlerOTG_HS_WKUP
 .text.BSP_IntHandlerOTG_HS
                0x080009f0        0xc ..\obj\bsp_int.o
                0x080009f0                BSP_IntHandlerOTG_HS
 .text.BSP_IntHandlerDCMI
                0x080009fc        0xc ..\obj\bsp_int.o
                0x080009fc                BSP_IntHandlerDCMI
 .text.BSP_IntHandlerCRYP
                0x08000a08        0xc ..\obj\bsp_int.o
                0x08000a08                BSP_IntHandlerCRYP
 .text.BSP_IntHandlerHASH_RNG
                0x08000a14        0xc ..\obj\bsp_int.o
                0x08000a14                BSP_IntHandlerHASH_RNG
 .text.BSP_IntHandlerFPU
                0x08000a20        0xc ..\obj\bsp_int.o
                0x08000a20                BSP_IntHandlerFPU
 .text.BSP_IntHandler
                0x08000a2c       0x44 ..\obj\bsp_int.o
 .text.BSP_IntHandlerDummy
                0x08000a70        0xc ..\obj\bsp_int.o
 .text.Mem_Init
                0x08000a7c       0x90 ..\obj\lib_mem.o
                0x08000a7c                Mem_Init
 .text.Mem_Clr  0x08000b0c       0x1c ..\obj\lib_mem.o
                0x08000b0c                Mem_Clr
 .text.Mem_Set  0x08000b28       0xc4 ..\obj\lib_mem.o
                0x08000b28                Mem_Set
 .text.OSIdleTaskHook
                0x08000bec       0x18 ..\obj\os_cpu_c.o
                0x08000bec                OSIdleTaskHook
 .text.OSInitHook
                0x08000c04       0x38 ..\obj\os_cpu_c.o
                0x08000c04                OSInitHook
 .text.OSStatTaskHook
                0x08000c3c       0x18 ..\obj\os_cpu_c.o
                0x08000c3c                OSStatTaskHook
 .text.OSTaskCreateHook
                0x08000c54       0x24 ..\obj\os_cpu_c.o
                0x08000c54                OSTaskCreateHook
 .text.OSTaskDelHook
                0x08000c78       0x24 ..\obj\os_cpu_c.o
                0x08000c78                OSTaskDelHook
 .text.OSTaskReturnHook
                0x08000c9c       0x24 ..\obj\os_cpu_c.o
                0x08000c9c                OSTaskReturnHook
 .text.OSTaskStkInit
                0x08000cc0      0x10c ..\obj\os_cpu_c.o
                0x08000cc0                OSTaskStkInit
 .text.OSTaskSwHook
                0x08000dcc       0x70 ..\obj\os_cpu_c.o
                0x08000dcc                OSTaskSwHook
 .text.OSTimeTickHook
                0x08000e3c       0x18 ..\obj\os_cpu_c.o
                0x08000e3c                OSTimeTickHook
 .text.OS_CPU_SysTickHandler
                0x08000e54       0x34 ..\obj\os_cpu_c.o
                0x08000e54                OS_CPU_SysTickHandler
 .text.OS_CPU_SysTickInit
                0x08000e88       0x54 ..\obj\os_cpu_c.o
                0x08000e88                OS_CPU_SysTickInit
 .text.CPU_Init
                0x08000edc       0x10 ..\obj\cpu_core.o
                0x08000edc                CPU_Init
 .text.CPU_NameClr
                0x08000eec       0x28 ..\obj\cpu_core.o
                0x08000eec                CPU_NameClr
 .text.CPU_TS_TmrFreqSet
                0x08000f14       0x1c ..\obj\cpu_core.o
                0x08000f14                CPU_TS_TmrFreqSet
 .text.CPU_NameInit
                0x08000f30        0xc ..\obj\cpu_core.o
 .text.CPU_TS_Init
                0x08000f3c       0x14 ..\obj\cpu_core.o
 .text.OSFlagCreate
                0x08000f50       0x8c ..\obj\os_flag.o
                0x08000f50                OSFlagCreate
 .text.OSFlagPend
                0x08000fdc      0x530 ..\obj\os_flag.o
                0x08000fdc                OSFlagPend
 .text.OSFlagPost
                0x0800150c       0x80 ..\obj\os_flag.o
                0x0800150c                OSFlagPost
 .text.OS_FlagBlock
                0x0800158c       0x44 ..\obj\os_flag.o
                0x0800158c                OS_FlagBlock
 .text.OS_FlagInit
                0x080015d0       0x2c ..\obj\os_flag.o
                0x080015d0                OS_FlagInit
 .text.OS_FlagDbgListAdd
                0x080015fc       0x4c ..\obj\os_flag.o
                0x080015fc                OS_FlagDbgListAdd
 .text.OS_FlagPost
                0x08001648      0x1dc ..\obj\os_flag.o
                0x08001648                OS_FlagPost
 .text.OS_FlagTaskRdy
                0x08001824       0x84 ..\obj\os_flag.o
                0x08001824                OS_FlagTaskRdy
 .text.OS_TickTask
                0x080018a8       0x34 ..\obj\os_tick.o
                0x080018a8                OS_TickTask
 .text.OS_TickTaskInit
                0x080018dc       0xb8 ..\obj\os_tick.o
                0x080018dc                OS_TickTaskInit
 .text.OS_TickListInit
                0x08001994       0x4c ..\obj\os_tick.o
                0x08001994                OS_TickListInit
 .text.OS_TickListInsert
                0x080019e0      0x1f4 ..\obj\os_tick.o
                0x080019e0                OS_TickListInsert
 .text.OS_TickListRemove
                0x08001bd4       0x8c ..\obj\os_tick.o
                0x08001bd4                OS_TickListRemove
 .text.OS_TickListResetPeak
                0x08001c60       0x40 ..\obj\os_tick.o
                0x08001c60                OS_TickListResetPeak
 .text.OS_TickListUpdate
                0x08001ca0      0x1f4 ..\obj\os_tick.o
                0x08001ca0                OS_TickListUpdate
 .text.tapisEntreeTask
                0x08001e94       0xac ..\obj\sorting.o
                0x08001e94                tapisEntreeTask
 .text.tapisTransfertTask
                0x08001f40      0x138 ..\obj\sorting.o
                0x08001f40                tapisTransfertTask
 .text.triTask  0x08002078      0x1fc ..\obj\sorting.o
                0x08002078                triTask
 .text.rotorTask
                0x08002274       0xb0 ..\obj\sorting.o
                0x08002274                rotorTask
 .text.evacGaucheTask
                0x08002324       0xb4 ..\obj\sorting.o
                0x08002324                evacGaucheTask
 .text.evacDroiteTask
                0x080023d8       0xc0 ..\obj\sorting.o
                0x080023d8                evacDroiteTask
 .text.inputScrutationTask
                0x08002498      0x234 ..\obj\sorting.o
                0x08002498                inputScrutationTask
 .text.OS_MsgPoolInit
                0x080026cc       0xd0 ..\obj\os_msg.o
                0x080026cc                OS_MsgPoolInit
 .text.OS_MsgQFreeAll
                0x0800279c       0x78 ..\obj\os_msg.o
                0x0800279c                OS_MsgQFreeAll
 .text.OS_MsgQInit
                0x08002814       0x34 ..\obj\os_msg.o
                0x08002814                OS_MsgQInit
 .text.OS_MsgQGet
                0x08002848       0xc0 ..\obj\os_msg.o
                0x08002848                OS_MsgQGet
 .text.OS_MsgQPut
                0x08002908      0x10c ..\obj\os_msg.o
                0x08002908                OS_MsgQPut
 .text.main     0x08002a14      0x328 ..\obj\main.o
                0x08002a14                main
 .text.AppTaskStart
                0x08002d3c       0x2c ..\obj\main.o
 .text.initPinmap
                0x08002d68       0xd0 ..\obj\main.o
 .text.RCC_DeInit
                0x08002e38       0x70 ..\obj\stm32f4xx_rcc.o
                0x08002e38                RCC_DeInit
 .text.RCC_HSEConfig
                0x08002ea8       0x24 ..\obj\stm32f4xx_rcc.o
                0x08002ea8                RCC_HSEConfig
 .text.RCC_WaitForHSEStartUp
                0x08002ecc       0x50 ..\obj\stm32f4xx_rcc.o
                0x08002ecc                RCC_WaitForHSEStartUp
 .text.RCC_PLLConfig
                0x08002f1c       0x3c ..\obj\stm32f4xx_rcc.o
                0x08002f1c                RCC_PLLConfig
 .text.RCC_PLLCmd
                0x08002f58       0x20 ..\obj\stm32f4xx_rcc.o
                0x08002f58                RCC_PLLCmd
 .text.RCC_SYSCLKConfig
                0x08002f78       0x38 ..\obj\stm32f4xx_rcc.o
                0x08002f78                RCC_SYSCLKConfig
 .text.RCC_GetSYSCLKSource
                0x08002fb0       0x20 ..\obj\stm32f4xx_rcc.o
                0x08002fb0                RCC_GetSYSCLKSource
 .text.RCC_HCLKConfig
                0x08002fd0       0x38 ..\obj\stm32f4xx_rcc.o
                0x08002fd0                RCC_HCLKConfig
 .text.RCC_PCLK1Config
                0x08003008       0x38 ..\obj\stm32f4xx_rcc.o
                0x08003008                RCC_PCLK1Config
 .text.RCC_PCLK2Config
                0x08003040       0x38 ..\obj\stm32f4xx_rcc.o
                0x08003040                RCC_PCLK2Config
 .text.RCC_GetClocksFreq
                0x08003078      0x154 ..\obj\stm32f4xx_rcc.o
                0x08003078                RCC_GetClocksFreq
 .text.RCC_AHB1PeriphClockCmd
                0x080031cc       0x3c ..\obj\stm32f4xx_rcc.o
                0x080031cc                RCC_AHB1PeriphClockCmd
 .text.RCC_GetFlagStatus
                0x08003208       0x74 ..\obj\stm32f4xx_rcc.o
                0x08003208                RCC_GetFlagStatus
 .text.OS_Dbg_Init
                0x0800327c      0x240 ..\obj\os_dbg.o
                0x0800327c                OS_Dbg_Init
 .text.OSSemCreate
                0x080034bc       0x8c ..\obj\os_sem.o
                0x080034bc                OSSemCreate
 .text.OSSemPend
                0x08003548      0x1cc ..\obj\os_sem.o
                0x08003548                OSSemPend
 .text.OSSemPost
                0x08003714       0x88 ..\obj\os_sem.o
                0x08003714                OSSemPost
 .text.OS_SemDbgListAdd
                0x0800379c       0x4c ..\obj\os_sem.o
                0x0800379c                OS_SemDbgListAdd
 .text.OS_SemInit
                0x080037e8       0x2c ..\obj\os_sem.o
                0x080037e8                OS_SemInit
 .text.OS_SemPost
                0x08003814       0xe0 ..\obj\os_sem.o
                0x08003814                OS_SemPost
 .text.OS_PrioInit
                0x080038f4       0x30 ..\obj\os_prio.o
                0x080038f4                OS_PrioInit
 .text.OS_PrioGetHighest
                0x08003924       0x48 ..\obj\os_prio.o
                0x08003924                OS_PrioGetHighest
 .text.OS_PrioInsert
                0x0800396c       0x4c ..\obj\os_prio.o
                0x0800396c                OS_PrioInsert
 .text.OS_PrioRemove
                0x080039b8       0x50 ..\obj\os_prio.o
                0x080039b8                OS_PrioRemove
 .text.OSInit   0x08003a08      0x1b0 ..\obj\os_core.o
                0x08003a08                OSInit
 .text.OSIntEnter
                0x08003bb8       0x34 ..\obj\os_core.o
                0x08003bb8                OSIntEnter
 .text.OSIntExit
                0x08003bec       0xd8 ..\obj\os_core.o
                0x08003bec                OSIntExit
 .text.OSSched  0x08003cc4       0xa0 ..\obj\os_core.o
                0x08003cc4                OSSched
 .text.OSSchedLock
                0x08003d64       0x74 ..\obj\os_core.o
                0x08003d64                OSSchedLock
 .text.OSSchedUnlock
                0x08003dd8       0x90 ..\obj\os_core.o
                0x08003dd8                OSSchedUnlock
 .text.OSStart  0x08003e68       0x80 ..\obj\os_core.o
                0x08003e68                OSStart
 .text.OS_IdleTask
                0x08003ee8       0x3c ..\obj\os_core.o
                0x08003ee8                OS_IdleTask
 .text.OS_IdleTaskInit
                0x08003f24       0x68 ..\obj\os_core.o
                0x08003f24                OS_IdleTaskInit
 .text.OS_Pend  0x08003f8c       0x80 ..\obj\os_core.o
                0x08003f8c                OS_Pend
 .text.OS_PendDataInit
                0x0800400c       0x68 ..\obj\os_core.o
                0x0800400c                OS_PendDataInit
 .text.OS_PendDbgNameAdd
                0x08004074       0x7c ..\obj\os_core.o
                0x08004074                OS_PendDbgNameAdd
 .text.OS_PendDbgNameRemove
                0x080040f0       0x48 ..\obj\os_core.o
                0x080040f0                OS_PendDbgNameRemove
 .text.OS_PendListInit
                0x08004138       0x24 ..\obj\os_core.o
                0x08004138                OS_PendListInit
 .text.OS_PendListInsertPrio
                0x0800415c       0xe4 ..\obj\os_core.o
                0x0800415c                OS_PendListInsertPrio
 .text.OS_PendListRemove
                0x08004240       0x50 ..\obj\os_core.o
                0x08004240                OS_PendListRemove
 .text.OS_PendListRemove1
                0x08004290       0x94 ..\obj\os_core.o
                0x08004290                OS_PendListRemove1
 .text.OS_Post  0x08004324      0x110 ..\obj\os_core.o
                0x08004324                OS_Post
 .text.OS_Post1
                0x08004434       0x5c ..\obj\os_core.o
                0x08004434                OS_Post1
 .text.OS_RdyListInit
                0x08004490       0x48 ..\obj\os_core.o
                0x08004490                OS_RdyListInit
 .text.OS_RdyListInsert
                0x080044d8       0x3c ..\obj\os_core.o
                0x080044d8                OS_RdyListInsert
 .text.OS_RdyListInsertHead
                0x08004514       0x80 ..\obj\os_core.o
                0x08004514                OS_RdyListInsertHead
 .text.OS_RdyListInsertTail
                0x08004594       0x80 ..\obj\os_core.o
                0x08004594                OS_RdyListInsertTail
 .text.OS_RdyListRemove
                0x08004614       0xac ..\obj\os_core.o
                0x08004614                OS_RdyListRemove
 .text.OS_TaskBlock
                0x080046c0       0x4c ..\obj\os_core.o
                0x080046c0                OS_TaskBlock
 .text.OS_TaskRdy
                0x0800470c       0x28 ..\obj\os_core.o
                0x0800470c                OS_TaskRdy
 .text.OSStatReset
                0x08004734      0x11c ..\obj\os_stat.o
                0x08004734                OSStatReset
 .text.OSStatTaskCPUUsageInit
                0x08004850       0xfc ..\obj\os_stat.o
                0x08004850                OSStatTaskCPUUsageInit
 .text.OS_StatTask
                0x0800494c      0x318 ..\obj\os_stat.o
                0x0800494c                OS_StatTask
 .text.OS_StatTaskInit
                0x08004c64       0xd4 ..\obj\os_stat.o
                0x08004c64                OS_StatTaskInit
 .text.OS_MemInit
                0x08004d38       0x2c ..\obj\os_mem.o
                0x08004d38                OS_MemInit
 .text.BSP_PeriphEn
                0x08004d64      0x2f0 ..\obj\bsp_periph.o
                0x08004d64                BSP_PeriphEn
 .text.GPIO_Init
                0x08005054      0x11c ..\obj\stm32f4xx_gpio.o
                0x08005054                GPIO_Init
 .text.GPIO_ReadInputDataBit
                0x08005170       0x34 ..\obj\stm32f4xx_gpio.o
                0x08005170                GPIO_ReadInputDataBit
 .text.GPIO_SetBits
                0x080051a4       0x1c ..\obj\stm32f4xx_gpio.o
                0x080051a4                GPIO_SetBits
 .text.GPIO_ResetBits
                0x080051c0       0x1c ..\obj\stm32f4xx_gpio.o
                0x080051c0                GPIO_ResetBits
 .text.FLASH_SetLatency
                0x080051dc       0x20 ..\obj\stm32f4xx_flash.o
                0x080051dc                FLASH_SetLatency
 .text.FLASH_PrefetchBufferCmd
                0x080051fc       0x38 ..\obj\stm32f4xx_flash.o
                0x080051fc                FLASH_PrefetchBufferCmd
 .text.Math_Init
                0x08005234        0xc ..\obj\lib_math.o
                0x08005234                Math_Init
 .text.Math_RandSetSeed
                0x08005240       0x28 ..\obj\lib_math.o
                0x08005240                Math_RandSetSeed
 .text.SystemInit
                0x08005268       0x68 ..\obj\system_stm32f4xx.o
                0x08005268                SystemInit
 .text.SetSysClock
                0x080052d0      0x128 ..\obj\system_stm32f4xx.o
 .text.OSCfg_Init
                0x080053f8        0xc ..\obj\os_cfg_app.o
                0x080053f8                OSCfg_Init
 .text.OSQCreate
                0x08005404       0xa4 ..\obj\os_q.o
                0x08005404                OSQCreate
 .text.OSQPend  0x080054a8      0x1f0 ..\obj\os_q.o
                0x080054a8                OSQPend
 .text.OSQPost  0x08005698       0xa8 ..\obj\os_q.o
                0x08005698                OSQPost
 .text.OS_QDbgListAdd
                0x08005740       0x4c ..\obj\os_q.o
                0x08005740                OS_QDbgListAdd
 .text.OS_QInit
                0x0800578c       0x2c ..\obj\os_q.o
                0x0800578c                OS_QInit
 .text.OS_QPost
                0x080057b8       0xc4 ..\obj\os_q.o
                0x080057b8                OS_QPost
 .text.OSTaskCreate
                0x0800587c      0x1f8 ..\obj\os_task.o
                0x0800587c                OSTaskCreate
 .text.OSTaskDel
                0x08005a74      0x13c ..\obj\os_task.o
                0x08005a74                OSTaskDel
 .text.OSTaskResume
                0x08005bb0       0x64 ..\obj\os_task.o
                0x08005bb0                OSTaskResume
 .text.OSTaskSemPend
                0x08005c14      0x1e0 ..\obj\os_task.o
                0x08005c14                OSTaskSemPend
 .text.OSTaskSemPost
                0x08005df4       0x48 ..\obj\os_task.o
                0x08005df4                OSTaskSemPost
 .text.OSTaskStkChk
                0x08005e3c       0xf0 ..\obj\os_task.o
                0x08005e3c                OSTaskStkChk
 .text.OSTaskSuspend
                0x08005f2c       0x44 ..\obj\os_task.o
                0x08005f2c                OSTaskSuspend
 .text.OS_TaskDbgListAdd
                0x08005f70       0x4c ..\obj\os_task.o
                0x08005f70                OS_TaskDbgListAdd
 .text.OS_TaskDbgListRemove
                0x08005fbc       0x84 ..\obj\os_task.o
                0x08005fbc                OS_TaskDbgListRemove
 .text.OS_TaskInit
                0x08006040       0x38 ..\obj\os_task.o
                0x08006040                OS_TaskInit
 .text.OS_TaskInitTCB
                0x08006078      0x198 ..\obj\os_task.o
                0x08006078                OS_TaskInitTCB
 .text.OS_TaskResume
                0x08006210      0x124 ..\obj\os_task.o
                0x08006210                OS_TaskResume
 .text.OS_TaskReturn
                0x08006334       0x24 ..\obj\os_task.o
                0x08006334                OS_TaskReturn
 .text.OS_TaskSemPost
                0x08006358      0x128 ..\obj\os_task.o
                0x08006358                OS_TaskSemPost
 .text.OS_TaskSuspend
                0x08006480      0x118 ..\obj\os_task.o
                0x08006480                OS_TaskSuspend
 .text.Reset_Handler
                0x08006598       0x50 ..\obj\cstartup.o
                0x08006598                Reset_Handler
 .text.App_NMI_ISR
                0x080065e8        0x4 ..\obj\cstartup.o
 .text.App_Fault_ISR
                0x080065ec        0x4 ..\obj\cstartup.o
 .text.App_MemFault_ISR
                0x080065f0        0x4 ..\obj\cstartup.o
 .text.App_BusFault_ISR
                0x080065f4        0x4 ..\obj\cstartup.o
 .text.App_UsageFault_ISR
                0x080065f8        0x4 ..\obj\cstartup.o
 .text.App_Spurious_ISR
                0x080065fc        0x4 ..\obj\cstartup.o
 .text.OS_MutexInit
                0x08006600       0x2c ..\obj\os_mutex.o
                0x08006600                OS_MutexInit
 .text.BSP_Init
                0x0800662c       0x7c ..\obj\bsp.o
                0x0800662c                BSP_Init
 .text.BSP_CPU_ClkFreq
                0x080066a8       0x18 ..\obj\bsp.o
                0x080066a8                BSP_CPU_ClkFreq
 .text.BSP_Tick_Init
                0x080066c0       0x28 ..\obj\bsp.o
                0x080066c0                BSP_Tick_Init
 .text.BSP_LED_Init
                0x080066e8       0x68 ..\obj\bsp.o
 .text.CPU_TS_TmrInit
                0x08006750       0x44 ..\obj\bsp.o
                0x08006750                CPU_TS_TmrInit
 .text.CPU_TS_TmrRd
                0x08006794       0x20 ..\obj\bsp.o
                0x08006794                CPU_TS_TmrRd
 .text.OS_TmrInit
                0x080067b4      0x140 ..\obj\os_tmr.o
                0x080067b4                OS_TmrInit
 .text.OS_TmrLink
                0x080068f4      0x168 ..\obj\os_tmr.o
                0x080068f4                OS_TmrLink
 .text.OS_TmrResetPeak
                0x08006a5c       0x40 ..\obj\os_tmr.o
                0x08006a5c                OS_TmrResetPeak
 .text.OS_TmrUnlink
                0x08006a9c       0x9c ..\obj\os_tmr.o
                0x08006a9c                OS_TmrUnlink
 .text.OS_TmrTask
                0x08006b38      0x104 ..\obj\os_tmr.o
                0x08006b38                OS_TmrTask
 .text.__libc_init_array
                0x08006c3c       0x48 ..\..\..\..\..\..\..\..\..\Program Files (x86)\GNU Tools ARM Embedded\4.6 2012q2\arm-none-eabi\lib\armv7e-m\fpu\libg.a(lib_a-init.o)
                0x08006c3c                __libc_init_array
 .text.startup.register_fini
                0x08006c84       0x14 ..\..\..\..\..\..\..\..\..\Program Files (x86)\GNU Tools ARM Embedded\4.6 2012q2\arm-none-eabi\lib\armv7e-m\fpu\libg.a(lib_a-__call_atexit.o)
 .text.atexit   0x08006c98        0xc ..\..\..\..\..\..\..\..\..\Program Files (x86)\GNU Tools ARM Embedded\4.6 2012q2\arm-none-eabi\lib\armv7e-m\fpu\libg.a(lib_a-atexit.o)
                0x08006c98                atexit
 .text.__libc_fini_array
                0x08006ca4       0x2c ..\..\..\..\..\..\..\..\..\Program Files (x86)\GNU Tools ARM Embedded\4.6 2012q2\arm-none-eabi\lib\armv7e-m\fpu\libg.a(lib_a-fini.o)
                0x08006ca4                __libc_fini_array
 .text.__register_exitproc
                0x08006cd0       0xac ..\..\..\..\..\..\..\..\..\Program Files (x86)\GNU Tools ARM Embedded\4.6 2012q2\arm-none-eabi\lib\armv7e-m\fpu\libg.a(lib_a-__atexit.o)
                0x08006cd0                __register_exitproc
 *(.init)
 .init          0x08006d7c        0x4 c:/program files (x86)/gnu tools arm embedded/4.8 2014q2/bin/../lib/gcc/arm-none-eabi/4.8.4/armv7e-m/fpu/crti.o
                0x08006d7c                _init
 .init          0x08006d80        0x8 c:/program files (x86)/gnu tools arm embedded/4.8 2014q2/bin/../lib/gcc/arm-none-eabi/4.8.4/armv7e-m/fpu/crtn.o
 *(.fini)
 .fini          0x08006d88        0x4 c:/program files (x86)/gnu tools arm embedded/4.8 2014q2/bin/../lib/gcc/arm-none-eabi/4.8.4/armv7e-m/fpu/crti.o
                0x08006d88                _fini
 .fini          0x08006d8c        0x8 c:/program files (x86)/gnu tools arm embedded/4.8 2014q2/bin/../lib/gcc/arm-none-eabi/4.8.4/armv7e-m/fpu/crtn.o
 *crtbegin.o(.ctors)
 *crtbegin?.o(.ctors)
 *(EXCLUDE_FILE(*crtend.o *crtend?.o) .ctors)
 *(SORT(.ctors.*))
 *(.ctors)
 *crtbegin.o(.dtors)
 *crtbegin?.o(.dtors)
 *(EXCLUDE_FILE(*crtend.o *crtend?.o) .dtors)
 *(SORT(.dtors.*))
 *(.dtors)
 *(.rodata*)
 .rodata        0x08006d94        0xc ..\obj\os_flag.o
 .rodata        0x08006da0       0x14 ..\obj\os_tick.o
 .rodata        0x08006db4      0x190 ..\obj\main.o
 .rodata        0x08006f44      0x16c ..\obj\os_dbg.o
                0x08006f44                OSDbg_DbgEn
                0x08006f45                OSDbg_ArgChkEn
                0x08006f46                OSDbg_AppHooksEn
                0x08006f48                OSDbg_EndiannessTest
                0x08006f4c                OSDbg_CalledFromISRChkEn
                0x08006f4d                OSDbg_FlagEn
                0x08006f50                OSDbg_FlagGrp
                0x08006f78                OSDbg_FlagDelEn
                0x08006f79                OSDbg_FlagModeClrEn
                0x08006f7a                OSDbg_FlagPendAbortEn
                0x08006f7c                OSDbg_FlagGrpSize
                0x08006f7e                OSDbg_FlagWidth
                0x08006f80                OSDbg_IntQ
                0x08006f82                OSDbg_ISRPostDeferredEn
                0x08006f84                OSDbg_Mem
                0x08006fa4                OSDbg_MemEn
                0x08006fa6                OSDbg_MemSize
                0x08006fa8                OSDbg_MsgEn
                0x08006faa                OSDbg_MsgSize
                0x08006fac                OSDbg_MsgPoolSize
                0x08006fae                OSDbg_MsgQSize
                0x08006fb0                OSDbg_Mutex
                0x08006fdc                OSDbg_MutexEn
                0x08006fdd                OSDbg_MutexDelEn
                0x08006fde                OSDbg_MutexPendAbortEn
                0x08006fe0                OSDbg_MutexSize
                0x08006fe2                OSDbg_ObjTypeChkEn
                0x08006fe3                OSDbg_PendMultiEn
                0x08006fe4                OSDbg_PendDataSize
                0x08006fe6                OSDbg_PendListSize
                0x08006fe8                OSDbg_PendObjSize
                0x08006fea                OSDbg_PrioMax
                0x08006fec                OSDbg_PrioTblSize
                0x08006fee                OSDbg_PtrSize
                0x08006ff0                OSDbg_Q
                0x08007020                OSDbg_QEn
                0x08007021                OSDbg_QDelEn
                0x08007022                OSDbg_QFlushEn
                0x08007023                OSDbg_QPendAbortEn
                0x08007024                OSDbg_QSize
                0x08007026                OSDbg_SchedRoundRobinEn
                0x08007028                OSDbg_Sem
                0x08007050                OSDbg_SemEn
                0x08007051                OSDbg_SemDelEn
                0x08007052                OSDbg_SemPendAbortEn
                0x08007053                OSDbg_SemSetEn
                0x08007054                OSDbg_SemSize
                0x08007056                OSDbg_RdyList
                0x08007058                OSDbg_RdyListSize
                0x0800705c                OSDbg_StkWidth
                0x0800705d                OSDbg_StatTaskEn
                0x0800705e                OSDbg_StatTaskStkChkEn
                0x0800705f                OSDbg_TaskChangePrioEn
                0x08007060                OSDbg_TaskDelEn
                0x08007061                OSDbg_TaskQEn
                0x08007062                OSDbg_TaskQPendAbortEn
                0x08007063                OSDbg_TaskProfileEn
                0x08007064                OSDbg_TaskRegTblSize
                0x08007066                OSDbg_TaskSemPendAbortEn
                0x08007067                OSDbg_TaskSuspendEn
                0x08007068                OSDbg_TCBSize
                0x0800706a                OSDbg_TickSpokeSize
                0x0800706c                OSDbg_TimeDlyHMSMEn
                0x0800706d                OSDbg_TimeDlyResumeEn
                0x0800706e                OSDbg_TLS_TblSize
                0x08007070                OSDbg_Tmr
                0x080070a4                OSDbg_TmrEn
                0x080070a5                OSDbg_TmrDelEn
                0x080070a6                OSDbg_TmrSize
                0x080070a8                OSDbg_TmrSpokeSize
                0x080070aa                OSDbg_VersionNbr
                0x080070ac                OSDbg_DataSize
 .rodata        0x080070b0        0xc ..\obj\os_sem.o
 .rodata        0x080070bc       0x2c ..\obj\os_core.o
 .rodata        0x080070e8       0x14 ..\obj\os_stat.o
 .rodata        0x080070fc       0xa4 ..\obj\os_cfg_app.o
                0x080070fc                OSCfg_IdleTaskStkBasePtr
                0x08007100                OSCfg_IdleTaskStkLimit
                0x08007104                OSCfg_IdleTaskStkSize
                0x08007108                OSCfg_IdleTaskStkSizeRAM
                0x0800710c                OSCfg_IntQBasePtr
                0x08007110                OSCfg_IntQSize
                0x08007114                OSCfg_IntQSizeRAM
                0x08007118                OSCfg_IntQTaskStkBasePtr
                0x0800711c                OSCfg_IntQTaskStkLimit
                0x08007120                OSCfg_IntQTaskStkSize
                0x08007124                OSCfg_IntQTaskStkSizeRAM
                0x08007128                OSCfg_ISRStkBasePtr
                0x0800712c                OSCfg_ISRStkSize
                0x08007130                OSCfg_ISRStkSizeRAM
                0x08007134                OSCfg_MsgPoolSize
                0x08007138                OSCfg_MsgPoolSizeRAM
                0x0800713c                OSCfg_MsgPoolBasePtr
                0x08007140                OSCfg_StatTaskPrio
                0x08007144                OSCfg_StatTaskRate_Hz
                0x08007148                OSCfg_StatTaskStkBasePtr
                0x0800714c                OSCfg_StatTaskStkLimit
                0x08007150                OSCfg_StatTaskStkSize
                0x08007154                OSCfg_StatTaskStkSizeRAM
                0x08007158                OSCfg_StkSizeMin
                0x0800715c                OSCfg_TickRate_Hz
                0x08007160                OSCfg_TickTaskPrio
                0x08007164                OSCfg_TickTaskStkBasePtr
                0x08007168                OSCfg_TickTaskStkLimit
                0x0800716c                OSCfg_TickTaskStkSize
                0x08007170                OSCfg_TickTaskStkSizeRAM
                0x08007174                OSCfg_TickWheelSize
                0x08007178                OSCfg_TickWheelSizeRAM
                0x0800717c                OSCfg_TmrTaskPrio
                0x08007180                OSCfg_TmrTaskRate_Hz
                0x08007184                OSCfg_TmrTaskStkBasePtr
                0x08007188                OSCfg_TmrTaskStkLimit
                0x0800718c                OSCfg_TmrTaskStkSize
                0x08007190                OSCfg_TmrTaskStkSizeRAM
                0x08007194                OSCfg_TmrWheelSize
                0x08007198                OSCfg_TmrWheelSizeRAM
                0x0800719c                OSCfg_DataSizeRAM
 .rodata        0x080071a0        0x8 ..\obj\os_q.o
 .rodata        0x080071a8        0xc ..\obj\os_task.o
 .rodata        0x080071b4       0x20 ..\obj\os_tmr.o
 .rodata.str1.4
                0x080071d4        0x4 ..\..\..\..\..\..\..\..\..\Program Files (x86)\GNU Tools ARM Embedded\4.6 2012q2\arm-none-eabi\lib\armv7e-m\fpu\libg.a(lib_a-impure.o)
 .rodata._global_impure_ptr
                0x080071d8        0x4 ..\..\..\..\..\..\..\..\..\Program Files (x86)\GNU Tools ARM Embedded\4.6 2012q2\arm-none-eabi\lib\armv7e-m\fpu\libg.a(lib_a-impure.o)
                0x080071d8                _global_impure_ptr
 *(.eh_fram e*)

.eh_frame       0x080071dc        0x0
 .eh_frame      0x080071dc        0x0 c:/program files (x86)/gnu tools arm embedded/4.8 2014q2/bin/../lib/gcc/arm-none-eabi/4.8.4/armv7e-m/fpu/crtbegin.o

.glue_7         0x080071dc        0x0
 .glue_7        0x00000000        0x0 linker stubs

.glue_7t        0x080071dc        0x0
 .glue_7t       0x00000000        0x0 linker stubs

.vfp11_veneer   0x080071dc        0x0
 .vfp11_veneer  0x00000000        0x0 linker stubs

.v4_bx          0x080071dc        0x0
 .v4_bx         0x00000000        0x0 linker stubs

.iplt           0x080071dc        0x0
 .iplt          0x00000000        0x0 c:/program files (x86)/gnu tools arm embedded/4.8 2014q2/bin/../lib/gcc/arm-none-eabi/4.8.4/armv7e-m/fpu/crtbegin.o

.rel.dyn        0x080071dc        0x0
 .rel.iplt      0x00000000        0x0 c:/program files (x86)/gnu tools arm embedded/4.8 2014q2/bin/../lib/gcc/arm-none-eabi/4.8.4/armv7e-m/fpu/crtbegin.o

.ARM.extab
 *(.ARM.extab* .gnu.linkonce.armextab.*)
                0x080071dc                __exidx_start = .

.ARM.exidx
 *(.ARM.exidx* .gnu.linkonce.armexidx.*)
                0x080071dc                __exidx_end = .
                0x080071dc                __etext = .
                0x080071dc                _sidata = __etext

.data           0x20000000      0x448 load address 0x080071dc
                0x20000000                __data_start__ = .
                0x20000000                _sdata = __data_start__
 *(vtable)
 *(.data*)
 .data          0x20000000       0x10 ..\obj\stm32f4xx_rcc.o
 .data.impure_data
                0x20000010      0x428 ..\..\..\..\..\..\..\..\..\Program Files (x86)\GNU Tools ARM Embedded\4.6 2012q2\arm-none-eabi\lib\armv7e-m\fpu\libg.a(lib_a-impure.o)
                0x20000438                . = ALIGN (0x4)
                0x20000438                PROVIDE (__preinit_array_start, .)
 *(.preinit_array)
                0x20000438                PROVIDE (__preinit_array_end, .)
                0x20000438                . = ALIGN (0x4)
                0x20000438                PROVIDE (__init_array_start, .)
 *(SORT(.init_array.*))
 .init_array.00000
                0x20000438        0x4 ..\..\..\..\..\..\..\..\..\Program Files (x86)\GNU Tools ARM Embedded\4.6 2012q2\arm-none-eabi\lib\armv7e-m\fpu\libg.a(lib_a-__call_atexit.o)
 *(.init_array)
 .init_array    0x2000043c        0x4 c:/program files (x86)/gnu tools arm embedded/4.8 2014q2/bin/../lib/gcc/arm-none-eabi/4.8.4/armv7e-m/fpu/crtbegin.o
                0x20000440                PROVIDE (__init_array_end, .)
                0x20000440                . = ALIGN (0x4)
                0x20000440                PROVIDE (__fini_array_start, .)
 *(SORT(.fini_array.*))
 *(.fini_array)
 .fini_array    0x20000440        0x4 c:/program files (x86)/gnu tools arm embedded/4.8 2014q2/bin/../lib/gcc/arm-none-eabi/4.8.4/armv7e-m/fpu/crtbegin.o
                0x20000444                PROVIDE (__fini_array_end, .)
 *(.jcr*)
 .jcr           0x20000444        0x0 c:/program files (x86)/gnu tools arm embedded/4.8 2014q2/bin/../lib/gcc/arm-none-eabi/4.8.4/armv7e-m/fpu/crtbegin.o
 .jcr           0x20000444        0x4 c:/program files (x86)/gnu tools arm embedded/4.8 2014q2/bin/../lib/gcc/arm-none-eabi/4.8.4/armv7e-m/fpu/crtend.o
                0x20000448                . = ALIGN (0x4)
                0x20000448                __data_end__ = .
                0x20000448                _edata = __data_end__

.igot.plt       0x20000448        0x0 load address 0x08007624
 .igot.plt      0x00000000        0x0 c:/program files (x86)/gnu tools arm embedded/4.8 2014q2/bin/../lib/gcc/arm-none-eabi/4.8.4/armv7e-m/fpu/crtbegin.o

.bss            0x20000448     0x91b8 load address 0x08007624
                0x20000448                . = ALIGN (0x4)
                0x20000448                __bss_start__ = .
                0x20000448                _sbss = __bss_start__
 *(.bss*)
 .bss           0x20000448       0x1c c:/program files (x86)/gnu tools arm embedded/4.8 2014q2/bin/../lib/gcc/arm-none-eabi/4.8.4/armv7e-m/fpu/crtbegin.o
 .bss           0x20000464      0x148 ..\obj\bsp_int.o
 .bss           0x200005ac      0x4c0 ..\obj\main.o
 *(COMMON)
 COMMON         0x20000a6c     0x5c4c ..\obj\lib_mem.o
                0x20000a6c                Mem_PoolHeap
                0x20000ab4                Mem_Heap
                0x200066b4                Mem_PoolTbl
 COMMON         0x200066b8        0x4 ..\obj\os_cpu_c.o
                0x200066b8                OS_CPU_ExceptStkBase
 COMMON         0x200066bc       0x14 ..\obj\cpu_core.o
                0x200066bc                CPU_TS_TmrFreq_Hz
                0x200066c0                CPU_Name
 COMMON         0x200066d0     0x152c ..\obj\sorting.o
                0x200066d0                Sem1to3
                0x200066f8                Sem3to6
                0x20006720                rotorTCB
                0x200067e0                triTCB
                0x200068a0                flag
                0x200068a4                Sem4to2
                0x200068cc                tapisEntreeSTK
                0x20006acc                evacGaucheTCB
                0x20006b8c                inputScrutTCB
                0x20006c4c                tapisTransfertTCB
                0x20006d0c                Sem2to4
                0x20006d34                SemFinLigne
                0x20006d5c                Sem2to5
                0x20006d84                SemtoA4
                0x20006dac                evacDroiteTCB
                0x20006e6c                Sem2to6
                0x20006e94                triSTK
                0x20007094                Sem0to1
                0x200070bc                rotorSTK
                0x200072bc                evacDroiteSTK
                0x200074bc                tapis1totri
                0x200074ec                tapisEntreeTCB
                0x200075ac                inputScrutSTK
                0x200077ac                evacGaucheSTK
                0x200079ac                inputs
                0x200079d4                tapisTransfertSTK
                0x20007bd4                Sem1to2
 COMMON         0x20007bfc      0x6b0 ..\obj\os_var.o
                0x20007bfc                OSSchedLockNestingCtr
                0x20007c00                OS_AppTaskReturnHookPtr
                0x20007c04                OSStatTaskTimeMax
                0x20007c08                OSStatTaskCtr
                0x20007c0c                OSTaskRegNextAvailID
                0x20007c0d                OSRunning
                0x20007c10                OSRdyList
                0x20007f10                OSPrioHighRdy
                0x20007f11                OSStatTaskRdy
                0x20007f14                OSSemDbgListPtr
                0x20007f18                OS_AppTaskCreateHookPtr
                0x20007f1c                OSPrioCur
                0x20007f20                OSTickTaskTCB
                0x20007fe0                OSTmrTickCtr
                0x20007fe4                OSTCBCurPtr
                0x20007fe8                OSQQty
                0x20007fea                OSStatTaskCPUUsageMax
                0x20007fec                OSPrioSaved
                0x20007ff0                OSTCBHighRdyPtr
                0x20007ff4                OSTaskDbgListPtr
                0x20007ff8                OSTmrTaskTimeMax
                0x20007ffc                OS_AppTaskDelHookPtr
                0x20008000                OS_AppTimeTickHookPtr
                0x20008004                OSTaskCtxSwCtr
                0x20008008                OSStatTaskCPUUsage
                0x2000800a                OSIntNestingCtr
                0x2000800c                OSTaskQty
                0x20008010                OSTmrTaskTCB
                0x200080d0                OSMsgPool
                0x200080dc                OSIdleTaskTCB
                0x2000819c                OSQDbgListPtr
                0x200081a0                OSSemQty
                0x200081a4                OSMemDbgListPtr
                0x200081a8                OS_AppIdleTaskHookPtr
                0x200081ac                OSStatTaskCtrMax
                0x200081b0                OSTickCtr
                0x200081b4                OS_AppTaskSwHookPtr
                0x200081b8                OSTmrQty
                0x200081bc                OSIdleTaskCtr
                0x200081c0                OSStatTaskCtrRun
                0x200081c4                OS_AppStatTaskHookPtr
                0x200081c8                OSFlagQty
                0x200081cc                OSFlagDbgListPtr
                0x200081d0                OSStatResetFlag
                0x200081d2                OSMemQty
                0x200081d4                OSMutexQty
                0x200081d8                OSStatTaskTCB
                0x20008298                OSTmrDbgListPtr
                0x2000829c                OSTickTaskTimeMax
                0x200082a0                OSTmrUpdateCnt
                0x200082a4                OSMutexDbgListPtr
                0x200082a8                OSTmrUpdateCtr
 COMMON         0x200082ac        0x8 ..\obj\os_prio.o
                0x200082ac                OSPrioTbl
 COMMON         0x200082b4        0x4 ..\obj\lib_math.o
                0x200082b4                Math_RandSeedCur
 COMMON         0x200082b8     0x1348 ..\obj\os_cfg_app.o
                0x200082b8                OSCfg_StatTaskStk
                0x200084b8                OSCfg_TickWheel
                0x20008538                OSCfg_MsgPool
                0x20008b78                OSCfg_TmrTaskStk
                0x20008d78                OSCfg_TmrWheel
                0x20008e00                OSCfg_ISRStk
                0x20009200                OSCfg_TickTaskStk
                0x20009400                OSCfg_IdleTaskStk
                0x20009600                . = ALIGN (0x4)
                0x20009600                __bss_end__ = .
                0x20009600                _ebss = __bss_end__

.heap           0x20009600        0x0
                0x20009600                __end__ = .
                0x20009600                _end = __end__
                0x20009600                end = __end__
 *(.heap*)
                0x20009600                __HeapLimit = .

.co_stack       0x20009600        0x0
                0x20009600                . = ALIGN (0x8)
 *(.co_stack .co_stack.*)
                0x20020000                __StackTop = (ORIGIN (ram) + 0x20000)
                0x20020000                __StackLimit = (__StackTop - SIZEOF (.co_stack))
                0x20020000                PROVIDE (__stack, __StackTop)
                0x00000001                ASSERT ((__StackLimit >= __HeapLimit), region ram  overflowed with stack)
LOAD ..\obj\os_pend_multi.o
LOAD ..\obj\stm32f4xx_syscfg.o
LOAD ..\obj\cpu_a.o
LOAD ..\obj\os_time.o
LOAD ..\obj\os_cpu_a.o
LOAD ..\obj\stm32f4xx_sdio.o
LOAD ..\obj\bsp_int.o
LOAD ..\obj\stm32f4xx_cryp_aes.o
LOAD ..\obj\cpu_c.o
LOAD ..\obj\stm32f4xx_hash.o
LOAD ..\obj\stm32f4xx_dma2d.o
LOAD ..\obj\lib_mem.o
LOAD ..\obj\stm32f4xx_hash_sha1.o
LOAD ..\obj\os_cpu_c.o
LOAD ..\obj\cpu_core.o
LOAD ..\obj\stm32f4xx_usart.o
LOAD ..\obj\stm32f4xx_pwr.o
LOAD ..\obj\os_flag.o
LOAD ..\obj\stm32f4xx_can.o
LOAD ..\obj\os_tick.o
LOAD ..\obj\stm32f4xx_wwdg.o
LOAD ..\obj\stm32f4xx_hash_md5.o
LOAD ..\obj\stm32f4xx_dac.o
LOAD ..\obj\sorting.o
LOAD ..\obj\stm32f4xx_ltdc.o
LOAD ..\obj\os_var.o
LOAD ..\obj\os_msg.o
LOAD ..\obj\lib_str.o
LOAD ..\obj\stm32f4xx_crc.o
LOAD ..\obj\stm32f4xx_iwdg.o
LOAD ..\obj\main.o
LOAD ..\obj\stm32f4xx_rcc.o
LOAD ..\obj\serial_drv_stm32.o
LOAD ..\obj\lib_ascii.o
LOAD ..\obj\stm32f4xx_adc.o
LOAD ..\obj\os_dbg.o
LOAD ..\obj\stm32f4xx_dcmi.o
LOAD ..\obj\serial_line_tty.o
LOAD ..\obj\os_sem.o
LOAD ..\obj\serial_buf.o
LOAD ..\obj\os_prio.o
LOAD ..\obj\bsp_os.o
LOAD ..\obj\os_core.o
LOAD ..\obj\stm32f4xx_cryp_des.o
LOAD ..\obj\os_stat.o
LOAD ..\obj\stm32f4xx_cryp.o
LOAD ..\obj\stm32f4xx_fsmc.o
LOAD ..\obj\serial_os.o
LOAD ..\obj\os_mem.o
LOAD ..\obj\bsp_periph.o
LOAD ..\obj\stm32f4xx_gpio.o
LOAD ..\obj\stm32f4xx_flash.o
LOAD ..\obj\lib_math.o
LOAD ..\obj\stm32f4xx_sai.o
LOAD ..\obj\system_stm32f4xx.o
LOAD ..\obj\syscalls.o
LOAD ..\obj\stm32f4xx_dma.o
LOAD ..\obj\serial_line_probe.o
LOAD ..\obj\os_cfg_app.o
LOAD ..\obj\os_q.o
LOAD ..\obj\os_task.o
LOAD ..\obj\os_app_hooks.o
LOAD ..\obj\cstartup.o
LOAD ..\obj\os_mutex.o
LOAD ..\obj\stm32f4xx_spi.o
LOAD ..\obj\bsp.o
LOAD ..\obj\stm32f4xx_i2c.o
LOAD ..\obj\serial_bsp_stm3240x.o
LOAD ..\obj\stm32f4xx_rng.o
LOAD ..\obj\stm32f4xx_exti.o
LOAD ..\obj\os_tmr.o
LOAD ..\obj\misc.o
LOAD ..\obj\serial.o
LOAD ..\obj\os_int.o
LOAD ..\obj\serial_line_dflt.o
LOAD ..\obj\stm32f4xx_rtc.o
LOAD ..\obj\lib_mem_a.o
LOAD ..\obj\stm32f4xx_cryp_tdes.o
LOAD ..\obj\stm32f4xx_tim.o
LOAD ..\obj\stm32f4xx_dbgmcu.o
LOAD ..\..\..\..\..\..\..\..\..\Program Files (x86)\GNU Tools ARM Embedded\4.6 2012q2\arm-none-eabi\lib\armv7e-m\fpu\libm.a
START GROUP
LOAD c:/program files (x86)/gnu tools arm embedded/4.8 2014q2/bin/../lib/gcc/arm-none-eabi/4.8.4/armv7e-m/fpu\libgcc.a
LOAD ..\..\..\..\..\..\..\..\..\Program Files (x86)\GNU Tools ARM Embedded\4.6 2012q2\arm-none-eabi\lib\armv7e-m\fpu\libg.a
LOAD ..\..\..\..\..\..\..\..\..\Program Files (x86)\GNU Tools ARM Embedded\4.6 2012q2\arm-none-eabi\lib\armv7e-m\fpu\libc.a
END GROUP
LOAD c:/program files (x86)/gnu tools arm embedded/4.8 2014q2/bin/../lib/gcc/arm-none-eabi/4.8.4/armv7e-m/fpu/crtend.o
LOAD c:/program files (x86)/gnu tools arm embedded/4.8 2014q2/bin/../lib/gcc/arm-none-eabi/4.8.4/armv7e-m/fpu/crtn.o
OUTPUT(Project.elf elf32-littlearm)

.ARM.attributes
                0x00000000       0x32
 .ARM.attributes
                0x00000000       0x22 c:/program files (x86)/gnu tools arm embedded/4.8 2014q2/bin/../lib/gcc/arm-none-eabi/4.8.4/armv7e-m/fpu/crti.o
 .ARM.attributes
                0x00000022       0x34 c:/program files (x86)/gnu tools arm embedded/4.8 2014q2/bin/../lib/gcc/arm-none-eabi/4.8.4/armv7e-m/fpu/crtbegin.o
 .ARM.attributes
                0x00000056       0x25 ..\obj\cpu_a.o
 .ARM.attributes
                0x0000007b       0x39 ..\obj\os_time.o
 .ARM.attributes
                0x000000b4       0x25 ..\obj\os_cpu_a.o
 .ARM.attributes
                0x000000d9       0x39 ..\obj\bsp_int.o
 .ARM.attributes
                0x00000112       0x39 ..\obj\lib_mem.o
 .ARM.attributes
                0x0000014b       0x39 ..\obj\os_cpu_c.o
 .ARM.attributes
                0x00000184       0x39 ..\obj\cpu_core.o
 .ARM.attributes
                0x000001bd       0x39 ..\obj\os_flag.o
 .ARM.attributes
                0x000001f6       0x39 ..\obj\os_tick.o
 .ARM.attributes
                0x0000022f       0x39 ..\obj\sorting.o
 .ARM.attributes
                0x00000268       0x39 ..\obj\os_var.o
 .ARM.attributes
                0x000002a1       0x39 ..\obj\os_msg.o
 .ARM.attributes
                0x000002da       0x39 ..\obj\main.o
 .ARM.attributes
                0x00000313       0x39 ..\obj\stm32f4xx_rcc.o
 .ARM.attributes
                0x0000034c       0x39 ..\obj\os_dbg.o
 .ARM.attributes
                0x00000385       0x39 ..\obj\os_sem.o
 .ARM.attributes
                0x000003be       0x39 ..\obj\os_prio.o
 .ARM.attributes
                0x000003f7       0x39 ..\obj\os_core.o
 .ARM.attributes
                0x00000430       0x39 ..\obj\os_stat.o
 .ARM.attributes
                0x00000469       0x39 ..\obj\os_mem.o
 .ARM.attributes
                0x000004a2       0x39 ..\obj\bsp_periph.o
 .ARM.attributes
                0x000004db       0x39 ..\obj\stm32f4xx_gpio.o
 .ARM.attributes
                0x00000514       0x39 ..\obj\stm32f4xx_flash.o
 .ARM.attributes
                0x0000054d       0x39 ..\obj\lib_math.o
 .ARM.attributes
                0x00000586       0x39 ..\obj\system_stm32f4xx.o
 .ARM.attributes
                0x000005bf       0x39 ..\obj\os_cfg_app.o
 .ARM.attributes
                0x000005f8       0x39 ..\obj\os_q.o
 .ARM.attributes
                0x00000631       0x39 ..\obj\os_task.o
 .ARM.attributes
                0x0000066a       0x21 ..\obj\cstartup.o
 .ARM.attributes
                0x0000068b       0x39 ..\obj\os_mutex.o
 .ARM.attributes
                0x000006c4       0x39 ..\obj\bsp.o
 .ARM.attributes
                0x000006fd       0x39 ..\obj\os_tmr.o
 .ARM.attributes
                0x00000736       0x36 ..\..\..\..\..\..\..\..\..\Program Files (x86)\GNU Tools ARM Embedded\4.6 2012q2\arm-none-eabi\lib\armv7e-m\fpu\libg.a(lib_a-impure.o)
 .ARM.attributes
                0x0000076c       0x36 ..\..\..\..\..\..\..\..\..\Program Files (x86)\GNU Tools ARM Embedded\4.6 2012q2\arm-none-eabi\lib\armv7e-m\fpu\libg.a(lib_a-init.o)
 .ARM.attributes
                0x000007a2       0x36 ..\..\..\..\..\..\..\..\..\Program Files (x86)\GNU Tools ARM Embedded\4.6 2012q2\arm-none-eabi\lib\armv7e-m\fpu\libg.a(lib_a-__call_atexit.o)
 .ARM.attributes
                0x000007d8       0x36 ..\..\..\..\..\..\..\..\..\Program Files (x86)\GNU Tools ARM Embedded\4.6 2012q2\arm-none-eabi\lib\armv7e-m\fpu\libg.a(lib_a-atexit.o)
 .ARM.attributes
                0x0000080e       0x36 ..\..\..\..\..\..\..\..\..\Program Files (x86)\GNU Tools ARM Embedded\4.6 2012q2\arm-none-eabi\lib\armv7e-m\fpu\libg.a(lib_a-fini.o)
 .ARM.attributes
                0x00000844       0x36 ..\..\..\..\..\..\..\..\..\Program Files (x86)\GNU Tools ARM Embedded\4.6 2012q2\arm-none-eabi\lib\armv7e-m\fpu\libg.a(lib_a-__atexit.o)
 .ARM.attributes
                0x0000087a       0x34 c:/program files (x86)/gnu tools arm embedded/4.8 2014q2/bin/../lib/gcc/arm-none-eabi/4.8.4/armv7e-m/fpu/crtend.o
 .ARM.attributes
                0x000008ae       0x22 c:/program files (x86)/gnu tools arm embedded/4.8 2014q2/bin/../lib/gcc/arm-none-eabi/4.8.4/armv7e-m/fpu/crtn.o

.comment        0x00000000       0x70
 .comment       0x00000000       0x70 ..\obj\os_time.o
                                 0x71 (size before relaxing)
 .comment       0x00000000       0x71 ..\obj\bsp_int.o
 .comment       0x00000000       0x71 ..\obj\lib_mem.o
 .comment       0x00000000       0x71 ..\obj\os_cpu_c.o
 .comment       0x00000000       0x71 ..\obj\cpu_core.o
 .comment       0x00000000       0x71 ..\obj\os_flag.o
 .comment       0x00000000       0x71 ..\obj\os_tick.o
 .comment       0x00000000       0x71 ..\obj\sorting.o
 .comment       0x00000000       0x71 ..\obj\os_var.o
 .comment       0x00000000       0x71 ..\obj\os_msg.o
 .comment       0x00000000       0x71 ..\obj\main.o
 .comment       0x00000000       0x71 ..\obj\stm32f4xx_rcc.o
 .comment       0x00000000       0x71 ..\obj\os_dbg.o
 .comment       0x00000000       0x71 ..\obj\os_sem.o
 .comment       0x00000000       0x71 ..\obj\os_prio.o
 .comment       0x00000000       0x71 ..\obj\os_core.o
 .comment       0x00000000       0x71 ..\obj\os_stat.o
 .comment       0x00000000       0x71 ..\obj\os_mem.o
 .comment       0x00000000       0x71 ..\obj\bsp_periph.o
 .comment       0x00000000       0x71 ..\obj\stm32f4xx_gpio.o
 .comment       0x00000000       0x71 ..\obj\stm32f4xx_flash.o
 .comment       0x00000000       0x71 ..\obj\lib_math.o
 .comment       0x00000000       0x71 ..\obj\system_stm32f4xx.o
 .comment       0x00000000       0x71 ..\obj\os_cfg_app.o
 .comment       0x00000000       0x71 ..\obj\os_q.o
 .comment       0x00000000       0x71 ..\obj\os_task.o
 .comment       0x00000000       0x71 ..\obj\os_mutex.o
 .comment       0x00000000       0x71 ..\obj\bsp.o
 .comment       0x00000000       0x71 ..\obj\os_tmr.o

.debug_line     0x00000000     0x62e8
 .debug_line    0x00000000       0x9f ..\obj\cpu_a.o
 .debug_line    0x0000009f      0x237 ..\obj\os_time.o
 .debug_line    0x000002d6       0xd5 ..\obj\os_cpu_a.o
 .debug_line    0x000003ab      0x802 ..\obj\bsp_int.o
 .debug_line    0x00000bad      0x5fc ..\obj\lib_mem.o
 .debug_line    0x000011a9      0x26d ..\obj\os_cpu_c.o
 .debug_line    0x00001416      0x2a8 ..\obj\cpu_core.o
 .debug_line    0x000016be      0x3a6 ..\obj\os_flag.o
 .debug_line    0x00001a64      0x28b ..\obj\os_tick.o
 .debug_line    0x00001cef      0x408 ..\obj\sorting.o
 .debug_line    0x000020f7      0x10b ..\obj\os_var.o
 .debug_line    0x00002202      0x1f7 ..\obj\os_msg.o
 .debug_line    0x000023f9      0x3b4 ..\obj\main.o
 .debug_line    0x000027ad      0x68e ..\obj\stm32f4xx_rcc.o
 .debug_line    0x00002e3b      0x16f ..\obj\os_dbg.o
 .debug_line    0x00002faa      0x301 ..\obj\os_sem.o
 .debug_line    0x000032ab      0x133 ..\obj\os_prio.o
 .debug_line    0x000033de      0x5ea ..\obj\os_core.o
 .debug_line    0x000039c8      0x23d ..\obj\os_stat.o
 .debug_line    0x00003c05      0x196 ..\obj\os_mem.o
 .debug_line    0x00003d9b      0x244 ..\obj\bsp_periph.o
 .debug_line    0x00003fdf      0x392 ..\obj\stm32f4xx_gpio.o
 .debug_line    0x00004371      0x5c6 ..\obj\stm32f4xx_flash.o
 .debug_line    0x00004937      0x116 ..\obj\lib_math.o
 .debug_line    0x00004a4d      0x284 ..\obj\system_stm32f4xx.o
 .debug_line    0x00004cd1      0x12e ..\obj\os_cfg_app.o
 .debug_line    0x00004dff      0x2fd ..\obj\os_q.o
 .debug_line    0x000050fc      0x5f1 ..\obj\os_task.o
 .debug_line    0x000056ed      0x101 ..\obj\cstartup.o
 .debug_line    0x000057ee      0x2f6 ..\obj\os_mutex.o
 .debug_line    0x00005ae4      0x44f ..\obj\bsp.o
 .debug_line    0x00005f33      0x3b5 ..\obj\os_tmr.o

.debug_info     0x00000000    0x16a1e
 .debug_info    0x00000000       0xb8 ..\obj\cpu_a.o
 .debug_info    0x000000b8      0xe6d ..\obj\os_time.o
 .debug_info    0x00000f25       0xc8 ..\obj\os_cpu_a.o
 .debug_info    0x00000fed      0x853 ..\obj\bsp_int.o
 .debug_info    0x00001840      0xe4d ..\obj\lib_mem.o
 .debug_info    0x0000268d      0x94b ..\obj\os_cpu_c.o
 .debug_info    0x00002fd8      0x522 ..\obj\cpu_core.o
 .debug_info    0x000034fa     0x120b ..\obj\os_flag.o
 .debug_info    0x00004705      0xedc ..\obj\os_tick.o
 .debug_info    0x000055e1     0x128c ..\obj\sorting.o
 .debug_info    0x0000686d      0xf0f ..\obj\os_var.o
 .debug_info    0x0000777c      0x8f4 ..\obj\os_msg.o
 .debug_info    0x00008070     0x1253 ..\obj\main.o
 .debug_info    0x000092c3      0xe02 ..\obj\stm32f4xx_rcc.o
 .debug_info    0x0000a0c5     0x1351 ..\obj\os_dbg.o
 .debug_info    0x0000b416     0x110a ..\obj\os_sem.o
 .debug_info    0x0000c520      0x1bb ..\obj\os_prio.o
 .debug_info    0x0000c6db     0x1711 ..\obj\os_core.o
 .debug_info    0x0000ddec      0xfae ..\obj\os_stat.o
 .debug_info    0x0000ed9a      0x896 ..\obj\os_mem.o
 .debug_info    0x0000f630      0x163 ..\obj\bsp_periph.o
 .debug_info    0x0000f793      0x605 ..\obj\stm32f4xx_gpio.o
 .debug_info    0x0000fd98      0x92e ..\obj\stm32f4xx_flash.o
 .debug_info    0x000106c6      0x162 ..\obj\lib_math.o
 .debug_info    0x00010828      0x5b9 ..\obj\system_stm32f4xx.o
 .debug_info    0x00010de1      0xbd1 ..\obj\os_cfg_app.o
 .debug_info    0x000119b2     0x112d ..\obj\os_q.o
 .debug_info    0x00012adf     0x161d ..\obj\os_task.o
 .debug_info    0x000140fc       0xa9 ..\obj\cstartup.o
 .debug_info    0x000141a5     0x1025 ..\obj\os_mutex.o
 .debug_info    0x000151ca      0x51e ..\obj\bsp.o
 .debug_info    0x000156e8     0x1336 ..\obj\os_tmr.o

.debug_abbrev   0x00000000     0x2a86
 .debug_abbrev  0x00000000       0x14 ..\obj\cpu_a.o
 .debug_abbrev  0x00000014      0x17b ..\obj\os_time.o
 .debug_abbrev  0x0000018f       0x14 ..\obj\os_cpu_a.o
 .debug_abbrev  0x000001a3      0x184 ..\obj\bsp_int.o
 .debug_abbrev  0x00000327      0x1bc ..\obj\lib_mem.o
 .debug_abbrev  0x000004e3      0x1e4 ..\obj\os_cpu_c.o
 .debug_abbrev  0x000006c7      0x1a2 ..\obj\cpu_core.o
 .debug_abbrev  0x00000869      0x1c8 ..\obj\os_flag.o
 .debug_abbrev  0x00000a31      0x1a7 ..\obj\os_tick.o
 .debug_abbrev  0x00000bd8      0x18a ..\obj\sorting.o
 .debug_abbrev  0x00000d62       0xb5 ..\obj\os_var.o
 .debug_abbrev  0x00000e17      0x14a ..\obj\os_msg.o
 .debug_abbrev  0x00000f61      0x1b8 ..\obj\main.o
 .debug_abbrev  0x00001119      0x1ba ..\obj\stm32f4xx_rcc.o
 .debug_abbrev  0x000012d3       0xfa ..\obj\os_dbg.o
 .debug_abbrev  0x000013cd      0x1c8 ..\obj\os_sem.o
 .debug_abbrev  0x00001595       0xc4 ..\obj\os_prio.o
 .debug_abbrev  0x00001659      0x1b4 ..\obj\os_core.o
 .debug_abbrev  0x0000180d      0x15f ..\obj\os_stat.o
 .debug_abbrev  0x0000196c      0x125 ..\obj\os_mem.o
 .debug_abbrev  0x00001a91       0xcc ..\obj\bsp_periph.o
 .debug_abbrev  0x00001b5d      0x1a3 ..\obj\stm32f4xx_gpio.o
 .debug_abbrev  0x00001d00      0x196 ..\obj\stm32f4xx_flash.o
 .debug_abbrev  0x00001e96       0xf9 ..\obj\lib_math.o
 .debug_abbrev  0x00001f8f      0x136 ..\obj\system_stm32f4xx.o
 .debug_abbrev  0x000020c5       0xda ..\obj\os_cfg_app.o
 .debug_abbrev  0x0000219f      0x1c8 ..\obj\os_q.o
 .debug_abbrev  0x00002367      0x195 ..\obj\os_task.o
 .debug_abbrev  0x000024fc       0x12 ..\obj\cstartup.o
 .debug_abbrev  0x0000250e      0x1c8 ..\obj\os_mutex.o
 .debug_abbrev  0x000026d6      0x1dc ..\obj\bsp.o
 .debug_abbrev  0x000028b2      0x1d4 ..\obj\os_tmr.o

.debug_aranges  0x00000000     0x10a8
 .debug_aranges
                0x00000000       0x20 ..\obj\cpu_a.o
 .debug_aranges
                0x00000020       0x48 ..\obj\os_time.o
 .debug_aranges
                0x00000068       0x20 ..\obj\os_cpu_a.o
 .debug_aranges
                0x00000088      0x2f0 ..\obj\bsp_int.o
 .debug_aranges
                0x00000378       0xa8 ..\obj\lib_mem.o
 .debug_aranges
                0x00000420       0x70 ..\obj\os_cpu_c.o
 .debug_aranges
                0x00000490       0xb0 ..\obj\cpu_core.o
 .debug_aranges
                0x00000540       0x80 ..\obj\os_flag.o
 .debug_aranges
                0x000005c0       0x50 ..\obj\os_tick.o
 .debug_aranges
                0x00000610       0x50 ..\obj\sorting.o
 .debug_aranges
                0x00000660       0x18 ..\obj\os_var.o
 .debug_aranges
                0x00000678       0x40 ..\obj\os_msg.o
 .debug_aranges
                0x000006b8       0x38 ..\obj\main.o
 .debug_aranges
                0x000006f0      0x1b8 ..\obj\stm32f4xx_rcc.o
 .debug_aranges
                0x000008a8       0x20 ..\obj\os_dbg.o
 .debug_aranges
                0x000008c8       0x70 ..\obj\os_sem.o
 .debug_aranges
                0x00000938       0x38 ..\obj\os_prio.o
 .debug_aranges
                0x00000970      0x128 ..\obj\os_core.o
 .debug_aranges
                0x00000a98       0x38 ..\obj\os_stat.o
 .debug_aranges
                0x00000ad0       0x40 ..\obj\os_mem.o
 .debug_aranges
                0x00000b10       0x30 ..\obj\bsp_periph.o
 .debug_aranges
                0x00000b40       0x88 ..\obj\stm32f4xx_gpio.o
 .debug_aranges
                0x00000bc8      0x158 ..\obj\stm32f4xx_flash.o
 .debug_aranges
                0x00000d20       0x38 ..\obj\lib_math.o
 .debug_aranges
                0x00000d58       0x30 ..\obj\system_stm32f4xx.o
 .debug_aranges
                0x00000d88       0x20 ..\obj\os_cfg_app.o
 .debug_aranges
                0x00000da8       0x70 ..\obj\os_q.o
 .debug_aranges
                0x00000e18       0xe8 ..\obj\os_task.o
 .debug_aranges
                0x00000f00       0x58 ..\obj\cstartup.o
 .debug_aranges
                0x00000f58       0x60 ..\obj\os_mutex.o
 .debug_aranges
                0x00000fb8       0x68 ..\obj\bsp.o
 .debug_aranges
                0x00001020       0x88 ..\obj\os_tmr.o

.debug_ranges   0x00000000      0xe88
 .debug_ranges  0x00000000       0x38 ..\obj\os_time.o
 .debug_ranges  0x00000038      0x2e0 ..\obj\bsp_int.o
 .debug_ranges  0x00000318       0x98 ..\obj\lib_mem.o
 .debug_ranges  0x000003b0       0x60 ..\obj\os_cpu_c.o
 .debug_ranges  0x00000410       0xa0 ..\obj\cpu_core.o
 .debug_ranges  0x000004b0       0x70 ..\obj\os_flag.o
 .debug_ranges  0x00000520       0x40 ..\obj\os_tick.o
 .debug_ranges  0x00000560       0x40 ..\obj\sorting.o
 .debug_ranges  0x000005a0       0x30 ..\obj\os_msg.o
 .debug_ranges  0x000005d0       0x28 ..\obj\main.o
 .debug_ranges  0x000005f8      0x1a8 ..\obj\stm32f4xx_rcc.o
 .debug_ranges  0x000007a0       0x10 ..\obj\os_dbg.o
 .debug_ranges  0x000007b0       0x60 ..\obj\os_sem.o
 .debug_ranges  0x00000810       0x28 ..\obj\os_prio.o
 .debug_ranges  0x00000838      0x118 ..\obj\os_core.o
 .debug_ranges  0x00000950       0x28 ..\obj\os_stat.o
 .debug_ranges  0x00000978       0x30 ..\obj\os_mem.o
 .debug_ranges  0x000009a8       0x20 ..\obj\bsp_periph.o
 .debug_ranges  0x000009c8       0x78 ..\obj\stm32f4xx_gpio.o
 .debug_ranges  0x00000a40      0x148 ..\obj\stm32f4xx_flash.o
 .debug_ranges  0x00000b88       0x28 ..\obj\lib_math.o
 .debug_ranges  0x00000bb0       0x20 ..\obj\system_stm32f4xx.o
 .debug_ranges  0x00000bd0       0x10 ..\obj\os_cfg_app.o
 .debug_ranges  0x00000be0       0x60 ..\obj\os_q.o
 .debug_ranges  0x00000c40       0xd8 ..\obj\os_task.o
 .debug_ranges  0x00000d18       0x50 ..\obj\cstartup.o
 .debug_ranges  0x00000d68       0x50 ..\obj\os_mutex.o
 .debug_ranges  0x00000db8       0x58 ..\obj\bsp.o
 .debug_ranges  0x00000e10       0x78 ..\obj\os_tmr.o

.debug_str      0x00000000     0x59da
 .debug_str     0x00000000     0x12c6 ..\obj\os_time.o
                               0x1365 (size before relaxing)
 .debug_str     0x000012c6      0x87a ..\obj\bsp_int.o
                                0x9ed (size before relaxing)
 .debug_str     0x00001b40      0x839 ..\obj\lib_mem.o
                                0x9fd (size before relaxing)
 .debug_str     0x00002379      0x24f ..\obj\os_cpu_c.o
                                0x7f8 (size before relaxing)
 .debug_str     0x000025c8      0x254 ..\obj\cpu_core.o
                                0x3e4 (size before relaxing)
 .debug_str     0x0000281c      0x1bf ..\obj\os_flag.o
                               0x13ed (size before relaxing)
 .debug_str     0x000029db      0x1ce ..\obj\os_tick.o
                               0x13e2 (size before relaxing)
 .debug_str     0x00002ba9      0x268 ..\obj\sorting.o
                               0x14ee (size before relaxing)
 .debug_str     0x00002e11      0x333 ..\obj\os_var.o
                                0xa7e (size before relaxing)
 .debug_str     0x00003144       0xed ..\obj\os_msg.o
                                0xf7b (size before relaxing)
 .debug_str     0x00003231      0x206 ..\obj\main.o
                               0x161d (size before relaxing)
 .debug_str     0x00003437      0x7f2 ..\obj\stm32f4xx_rcc.o
                                0x9c9 (size before relaxing)
 .debug_str     0x00003c29      0x523 ..\obj\os_dbg.o
                                0xf61 (size before relaxing)
 .debug_str     0x0000414c       0xeb ..\obj\os_sem.o
                               0x1374 (size before relaxing)
 .debug_str     0x00004237       0x92 ..\obj\os_prio.o
                                0x1f4 (size before relaxing)
 .debug_str     0x000042c9      0x2e9 ..\obj\os_core.o
                               0x171d (size before relaxing)
 .debug_str     0x000045b2      0x146 ..\obj\os_stat.o
                               0x14b1 (size before relaxing)
 .debug_str     0x000046f8       0xa7 ..\obj\os_mem.o
                                0xf58 (size before relaxing)
 .debug_str     0x0000479f       0x8a ..\obj\bsp_periph.o
                                0x257 (size before relaxing)
 .debug_str     0x00004829      0x1ab ..\obj\stm32f4xx_gpio.o
                                0x4d7 (size before relaxing)
 .debug_str     0x000049d4      0x4e8 ..\obj\stm32f4xx_flash.o
                                0x6d3 (size before relaxing)
 .debug_str     0x00004ebc       0xa0 ..\obj\lib_math.o
                                0x1dc (size before relaxing)
 .debug_str     0x00004f5c      0x11d ..\obj\system_stm32f4xx.o
                                0x411 (size before relaxing)
 .debug_str     0x00005079      0x2cf ..\obj\os_cfg_app.o
                                0xa41 (size before relaxing)
 .debug_str     0x00005348       0xe5 ..\obj\os_q.o
                               0x1381 (size before relaxing)
 .debug_str     0x0000542d      0x218 ..\obj\os_task.o
                               0x153c (size before relaxing)
 .debug_str     0x00005645       0xfd ..\obj\os_mutex.o
                               0x13b5 (size before relaxing)
 .debug_str     0x00005742      0x11d ..\obj\bsp.o
                                0x54f (size before relaxing)
 .debug_str     0x0000585f      0x17b ..\obj\os_tmr.o
                               0x1534 (size before relaxing)

.debug_frame    0x00000000     0x33d8
 .debug_frame   0x00000000       0xd0 ..\obj\os_time.o
 .debug_frame   0x000000d0      0xa18 ..\obj\bsp_int.o
 .debug_frame   0x00000ae8      0x238 ..\obj\lib_mem.o
 .debug_frame   0x00000d20      0x154 ..\obj\os_cpu_c.o
 .debug_frame   0x00000e74      0x258 ..\obj\cpu_core.o
 .debug_frame   0x000010cc      0x1a4 ..\obj\os_flag.o
 .debug_frame   0x00001270       0xe0 ..\obj\os_tick.o
 .debug_frame   0x00001350       0xf0 ..\obj\sorting.o
 .debug_frame   0x00001440       0x9c ..\obj\os_msg.o
 .debug_frame   0x000014dc       0x8c ..\obj\main.o
 .debug_frame   0x00001568      0x5b8 ..\obj\stm32f4xx_rcc.o
 .debug_frame   0x00001b20       0x2c ..\obj\os_dbg.o
 .debug_frame   0x00001b4c      0x164 ..\obj\os_sem.o
 .debug_frame   0x00001cb0       0x84 ..\obj\os_prio.o
 .debug_frame   0x00001d34      0x40c ..\obj\os_core.o
 .debug_frame   0x00002140       0x90 ..\obj\os_stat.o
 .debug_frame   0x000021d0       0xa8 ..\obj\os_mem.o
 .debug_frame   0x00002278       0x68 ..\obj\bsp_periph.o
 .debug_frame   0x000022e0      0x19c ..\obj\stm32f4xx_gpio.o
 .debug_frame   0x0000247c      0x480 ..\obj\stm32f4xx_flash.o
 .debug_frame   0x000028fc       0x88 ..\obj\lib_math.o
 .debug_frame   0x00002984       0x64 ..\obj\system_stm32f4xx.o
 .debug_frame   0x000029e8       0x28 ..\obj\os_cfg_app.o
 .debug_frame   0x00002a10      0x164 ..\obj\os_q.o
 .debug_frame   0x00002b74      0x344 ..\obj\os_task.o
 .debug_frame   0x00002eb8      0x124 ..\obj\os_mutex.o
 .debug_frame   0x00002fdc      0x150 ..\obj\bsp.o
 .debug_frame   0x0000312c      0x1b8 ..\obj\os_tmr.o
 .debug_frame   0x000032e4       0x2c ..\..\..\..\..\..\..\..\..\Program Files (x86)\GNU Tools ARM Embedded\4.6 2012q2\arm-none-eabi\lib\armv7e-m\fpu\libg.a(lib_a-init.o)
 .debug_frame   0x00003310       0x48 ..\..\..\..\..\..\..\..\..\Program Files (x86)\GNU Tools ARM Embedded\4.6 2012q2\arm-none-eabi\lib\armv7e-m\fpu\libg.a(lib_a-__call_atexit.o)
 .debug_frame   0x00003358       0x20 ..\..\..\..\..\..\..\..\..\Program Files (x86)\GNU Tools ARM Embedded\4.6 2012q2\arm-none-eabi\lib\armv7e-m\fpu\libg.a(lib_a-atexit.o)
 .debug_frame   0x00003378       0x2c ..\..\..\..\..\..\..\..\..\Program Files (x86)\GNU Tools ARM Embedded\4.6 2012q2\arm-none-eabi\lib\armv7e-m\fpu\libg.a(lib_a-fini.o)
 .debug_frame   0x000033a4       0x34 ..\..\..\..\..\..\..\..\..\Program Files (x86)\GNU Tools ARM Embedded\4.6 2012q2\arm-none-eabi\lib\armv7e-m\fpu\libg.a(lib_a-__atexit.o)
